# Logfile created on 2026-04-16 14:38:36 +0200 by logger.rb/v1.5.3
2026-04-16 14:38:36 +0200: Memory Usage (436972K) : Starting running IHP-SG13G2 KLayout DRC runset on /var/home/bleroux/Documents/stage_IEMN/analog-asic-design/designs/inverter/layout/inverter.klay.gds
2026-04-16 14:38:36 +0200: Memory Usage (436972K) : Ruby Version for klayout: 3.2.3
2026-04-16 14:38:36 +0200: Memory Usage (438364K) : Loading database to memory is complete.
2026-04-16 14:38:36 +0200: Memory Usage (438364K) : IHP-SG13G2 KLayout DRC runset output at: /var/home/bleroux/Documents/stage_IEMN/analog-asic-design/drc_run_TOP/inverter.klay_TOP_activ.lyrdb
2026-04-16 14:38:36 +0200: Memory Usage (438564K) : Evaluate switches.
2026-04-16 14:38:36 +0200: Memory Usage (438564K) : tables selected: activ
2026-04-16 14:38:36 +0200: Memory Usage (438564K) : KLayout will use 1 thread(s) in tiling mode.
2026-04-16 14:38:36 +0200: Memory Usage (438564K) : deep mode is enabled.
2026-04-16 14:38:36 +0200: Memory Usage (438564K) : FEOL enabled: false
2026-04-16 14:38:36 +0200: Memory Usage (438564K) : BEOL enabled: false
2026-04-16 14:38:36 +0200: Memory Usage (438564K) : OFFGRID enabled: true
2026-04-16 14:38:36 +0200: Memory Usage (438564K) : PIN enabled: false
2026-04-16 14:38:36 +0200: Memory Usage (438564K) : FORBIDDEN enabled: false
2026-04-16 14:38:36 +0200: Memory Usage (438564K) : RECOMMENDED enabled: true
2026-04-16 14:38:36 +0200: Memory Usage (438564K) : PreCheck DRC enabled: false
2026-04-16 14:38:36 +0200: Memory Usage (438564K) : CONNECTIVITY_RULES enabled: false.
2026-04-16 14:38:36 +0200: Memory Usage (438564K) : Read in polygons from layers.
2026-04-16 14:38:36 +0200: Memory Usage (439524K) : activ_drw has 8 polygons
2026-04-16 14:38:36 +0200: Memory Usage (439524K) : activ_pin has 0 polygons
2026-04-16 14:38:36 +0200: Memory Usage (439524K) : activ_mask has 0 polygons
2026-04-16 14:38:36 +0200: Memory Usage (439524K) : activ_filler has 0 polygons
2026-04-16 14:38:36 +0200: Memory Usage (439524K) : activ_nofill has 0 polygons
2026-04-16 14:38:36 +0200: Memory Usage (439524K) : activ_opc has 0 polygons
2026-04-16 14:38:36 +0200: Memory Usage (439524K) : activ_iopc has 0 polygons
2026-04-16 14:38:36 +0200: Memory Usage (439524K) : activ_noqrc has 0 polygons
2026-04-16 14:38:36 +0200: Memory Usage (439524K) : biwind_drw has 0 polygons
2026-04-16 14:38:36 +0200: Memory Usage (439524K) : biwind_opc has 0 polygons
2026-04-16 14:38:36 +0200: Memory Usage (439524K) : pemwind_drw has 0 polygons
2026-04-16 14:38:36 +0200: Memory Usage (439524K) : gatpoly_drw has 5 polygons
2026-04-16 14:38:36 +0200: Memory Usage (439524K) : gatpoly_pin has 1 polygons
2026-04-16 14:38:36 +0200: Memory Usage (439524K) : gatpoly_filler has 0 polygons
2026-04-16 14:38:36 +0200: Memory Usage (439524K) : gatpoly_nofill has 0 polygons
2026-04-16 14:38:36 +0200: Memory Usage (439524K) : gatpoly_opc has 0 polygons
2026-04-16 14:38:36 +0200: Memory Usage (439524K) : gatpoly_iopc has 0 polygons
2026-04-16 14:38:36 +0200: Memory Usage (439524K) : gatpoly_noqrc has 0 polygons
2026-04-16 14:38:36 +0200: Memory Usage (439524K) : cont_drw has 13 polygons
2026-04-16 14:38:36 +0200: Memory Usage (439524K) : cont_opc has 0 polygons
2026-04-16 14:38:36 +0200: Memory Usage (439524K) : nsd_drw has 0 polygons
2026-04-16 14:38:36 +0200: Memory Usage (439524K) : nsd_block has 0 polygons
2026-04-16 14:38:36 +0200: Memory Usage (439716K) : metal1_drw has 13 polygons
2026-04-16 14:38:36 +0200: Memory Usage (439716K) : metal1_pin has 7 polygons
2026-04-16 14:38:36 +0200: Memory Usage (439716K) : metal1_mask has 0 polygons
2026-04-16 14:38:36 +0200: Memory Usage (439716K) : metal1_filler has 0 polygons
2026-04-16 14:38:36 +0200: Memory Usage (439716K) : metal1_nofill has 0 polygons
2026-04-16 14:38:36 +0200: Memory Usage (439716K) : metal1_slit has 0 polygons
2026-04-16 14:38:36 +0200: Memory Usage (440292K) : metal1_text has 2 polygons
2026-04-16 14:38:36 +0200: Memory Usage (440292K) : metal1_opc has 0 polygons
2026-04-16 14:38:36 +0200: Memory Usage (440292K) : metal1_noqrc has 0 polygons
2026-04-16 14:38:36 +0200: Memory Usage (440484K) : metal1_res has 0 polygons
2026-04-16 14:38:36 +0200: Memory Usage (440484K) : metal1_iprobe has 0 polygons
2026-04-16 14:38:36 +0200: Memory Usage (440484K) : metal1_diffprb has 0 polygons
2026-04-16 14:38:36 +0200: Memory Usage (440484K) : passiv_drw has 0 polygons
2026-04-16 14:38:36 +0200: Memory Usage (440484K) : passiv_pin has 0 polygons
2026-04-16 14:38:36 +0200: Memory Usage (440676K) : passiv_sbump has 0 polygons
2026-04-16 14:38:36 +0200: Memory Usage (440676K) : passiv_pillar has 0 polygons
2026-04-16 14:38:36 +0200: Memory Usage (440676K) : passiv_pdl has 0 polygons
2026-04-16 14:38:36 +0200: Memory Usage (440868K) : metal2_drw has 0 polygons
2026-04-16 14:38:36 +0200: Memory Usage (440868K) : metal2_pin has 0 polygons
2026-04-16 14:38:36 +0200: Memory Usage (440868K) : metal2_mask has 0 polygons
2026-04-16 14:38:36 +0200: Memory Usage (440868K) : metal2_filler has 0 polygons
2026-04-16 14:38:36 +0200: Memory Usage (441060K) : metal2_nofill has 0 polygons
2026-04-16 14:38:36 +0200: Memory Usage (441060K) : metal2_slit has 0 polygons
2026-04-16 14:38:36 +0200: Memory Usage (441060K) : metal2_text has 0 polygons
2026-04-16 14:38:36 +0200: Memory Usage (441252K) : metal2_opc has 0 polygons
2026-04-16 14:38:36 +0200: Memory Usage (441252K) : metal2_noqrc has 0 polygons
2026-04-16 14:38:36 +0200: Memory Usage (441252K) : metal2_res has 0 polygons
2026-04-16 14:38:36 +0200: Memory Usage (441444K) : metal2_iprobe has 0 polygons
2026-04-16 14:38:36 +0200: Memory Usage (441444K) : metal2_diffprb has 0 polygons
2026-04-16 14:38:36 +0200: Memory Usage (441444K) : baspoly_drw has 0 polygons
2026-04-16 14:38:36 +0200: Memory Usage (441636K) : baspoly_pin has 0 polygons
2026-04-16 14:38:36 +0200: Memory Usage (441636K) : psd_drw has 2 polygons
2026-04-16 14:38:36 +0200: Memory Usage (441636K) : nldb_drw has 0 polygons
2026-04-16 14:38:36 +0200: Memory Usage (441636K) : digibnd_drw has 0 polygons
2026-04-16 14:38:36 +0200: Memory Usage (441828K) : via1_drw has 0 polygons
2026-04-16 14:38:36 +0200: Memory Usage (441828K) : backmetal1_drw has 0 polygons
2026-04-16 14:38:36 +0200: Memory Usage (441828K) : backmetal1_pin has 0 polygons
2026-04-16 14:38:36 +0200: Memory Usage (442020K) : backmetal1_mask has 0 polygons
2026-04-16 14:38:36 +0200: Memory Usage (442020K) : backmetal1_filler has 0 polygons
2026-04-16 14:38:36 +0200: Memory Usage (442020K) : backmetal1_nofill has 0 polygons
2026-04-16 14:38:36 +0200: Memory Usage (442020K) : backmetal1_slit has 0 polygons
2026-04-16 14:38:36 +0200: Memory Usage (442212K) : backmetal1_text has 0 polygons
2026-04-16 14:38:36 +0200: Memory Usage (442212K) : backmetal1_opc has 0 polygons
2026-04-16 14:38:36 +0200: Memory Usage (442212K) : backmetal1_noqrc has 0 polygons
2026-04-16 14:38:36 +0200: Memory Usage (442404K) : backmetal1_res has 0 polygons
2026-04-16 14:38:36 +0200: Memory Usage (442404K) : backmetal1_iprobe has 0 polygons
2026-04-16 14:38:36 +0200: Memory Usage (442404K) : backmetal1_diffprb has 0 polygons
2026-04-16 14:38:36 +0200: Memory Usage (442404K) : backpassiv_drw has 0 polygons
2026-04-16 14:38:36 +0200: Memory Usage (442596K) : res_drw has 0 polygons
2026-04-16 14:38:36 +0200: Memory Usage (442596K) : sram_drw has 0 polygons
2026-04-16 14:38:36 +0200: Memory Usage (442596K) : trans_drw has 0 polygons
2026-04-16 14:38:36 +0200: Memory Usage (442788K) : ind_drw has 0 polygons
2026-04-16 14:38:36 +0200: Memory Usage (442788K) : ind_pin has 0 polygons
2026-04-16 14:38:36 +0200: Memory Usage (442980K) : ind_text has 0 polygons
2026-04-16 14:38:36 +0200: Memory Usage (442980K) : salblock_drw has 0 polygons
2026-04-16 14:38:36 +0200: Memory Usage (442980K) : via2_drw has 0 polygons
2026-04-16 14:38:36 +0200: Memory Usage (443172K) : metal3_drw has 0 polygons
2026-04-16 14:38:36 +0200: Memory Usage (443172K) : metal3_pin has 0 polygons
2026-04-16 14:38:36 +0200: Memory Usage (443172K) : metal3_mask has 0 polygons
2026-04-16 14:38:36 +0200: Memory Usage (443364K) : metal3_filler has 0 polygons
2026-04-16 14:38:36 +0200: Memory Usage (443364K) : metal3_nofill has 0 polygons
2026-04-16 14:38:36 +0200: Memory Usage (443364K) : metal3_slit has 0 polygons
2026-04-16 14:38:36 +0200: Memory Usage (443364K) : metal3_text has 0 polygons
2026-04-16 14:38:36 +0200: Memory Usage (443556K) : metal3_opc has 0 polygons
2026-04-16 14:38:36 +0200: Memory Usage (443556K) : metal3_noqrc has 0 polygons
2026-04-16 14:38:36 +0200: Memory Usage (443556K) : metal3_res has 0 polygons
2026-04-16 14:38:36 +0200: Memory Usage (443748K) : metal3_iprobe has 0 polygons
2026-04-16 14:38:36 +0200: Memory Usage (443748K) : metal3_diffprb has 0 polygons
2026-04-16 14:38:36 +0200: Memory Usage (443748K) : nwell_drw has 3 polygons
2026-04-16 14:38:36 +0200: Memory Usage (443748K) : nwell_pin has 1 polygons
2026-04-16 14:38:36 +0200: Memory Usage (443940K) : nbulay_drw has 1 polygons
2026-04-16 14:38:36 +0200: Memory Usage (443940K) : nbulay_pin has 0 polygons
2026-04-16 14:38:36 +0200: Memory Usage (444132K) : nbulay_block has 0 polygons
2026-04-16 14:38:36 +0200: Memory Usage (444132K) : emwind_drw has 0 polygons
2026-04-16 14:38:36 +0200: Memory Usage (444132K) : emwind_opc has 0 polygons
2026-04-16 14:38:36 +0200: Memory Usage (444324K) : deepco_drw has 0 polygons
2026-04-16 14:38:36 +0200: Memory Usage (444324K) : deepco_drw has 0 polygons
2026-04-16 14:38:36 +0200: Memory Usage (444324K) : mim_drw has 0 polygons
2026-04-16 14:38:36 +0200: Memory Usage (444516K) : edgeseal_drw has 0 polygons
2026-04-16 14:38:36 +0200: Memory Usage (444516K) : edgeseal_bound has 0 polygons
2026-04-16 14:38:36 +0200: Memory Usage (444708K) : substrate_drw has 2 polygons
2026-04-16 14:38:36 +0200: Memory Usage (444708K) : substrate_text has 0 polygons
2026-04-16 14:38:36 +0200: Memory Usage (444708K) : dfpad_drw has 0 polygons
2026-04-16 14:38:36 +0200: Memory Usage (444708K) : dfpad_pillar has 0 polygons
2026-04-16 14:38:36 +0200: Memory Usage (444708K) : dfpad_sbump has 0 polygons
2026-04-16 14:38:36 +0200: Memory Usage (444708K) : thickgateox_drw has 0 polygons
2026-04-16 14:38:36 +0200: Memory Usage (444708K) : pldb_drw has 0 polygons
2026-04-16 14:38:36 +0200: Memory Usage (444900K) : pwell_drw has 0 polygons
2026-04-16 14:38:36 +0200: Memory Usage (444900K) : pwell_pin has 0 polygons
2026-04-16 14:38:36 +0200: Memory Usage (444900K) : pwell_block has 0 polygons
2026-04-16 14:38:36 +0200: Memory Usage (445092K) : ic_drw has 0 polygons
2026-04-16 14:38:36 +0200: Memory Usage (445092K) : via3_drw has 0 polygons
2026-04-16 14:38:36 +0200: Memory Usage (445092K) : metal4_drw has 0 polygons
2026-04-16 14:38:36 +0200: Memory Usage (445284K) : metal4_pin has 0 polygons
2026-04-16 14:38:36 +0200: Memory Usage (445284K) : metal4_mask has 0 polygons
2026-04-16 14:38:36 +0200: Memory Usage (445284K) : metal4_filler has 0 polygons
2026-04-16 14:38:36 +0200: Memory Usage (445476K) : metal4_nofill has 0 polygons
2026-04-16 14:38:36 +0200: Memory Usage (445476K) : metal4_slit has 0 polygons
2026-04-16 14:38:36 +0200: Memory Usage (445476K) : metal4_text has 0 polygons
2026-04-16 14:38:36 +0200: Memory Usage (445476K) : metal4_opc has 0 polygons
2026-04-16 14:38:36 +0200: Memory Usage (445668K) : metal4_noqrc has 0 polygons
2026-04-16 14:38:36 +0200: Memory Usage (445668K) : metal4_res has 0 polygons
2026-04-16 14:38:36 +0200: Memory Usage (445668K) : metal4_iprobe has 0 polygons
2026-04-16 14:38:36 +0200: Memory Usage (445860K) : metal4_diffprb has 0 polygons
2026-04-16 14:38:36 +0200: Memory Usage (445860K) : heattrans_drw has 2 polygons
2026-04-16 14:38:36 +0200: Memory Usage (445860K) : heatres_drw has 0 polygons
2026-04-16 14:38:36 +0200: Memory Usage (446052K) : pempoly_drw has 0 polygons
2026-04-16 14:38:36 +0200: Memory Usage (446052K) : fbe_drw has 0 polygons
2026-04-16 14:38:36 +0200: Memory Usage (446052K) : empoly_drw has 0 polygons
2026-04-16 14:38:36 +0200: Memory Usage (446244K) : ldmos_drw has 0 polygons
2026-04-16 14:38:36 +0200: Memory Usage (446244K) : pbiwind_drw has 0 polygons
2026-04-16 14:38:36 +0200: Memory Usage (446436K) : digisub_drw has 0 polygons
2026-04-16 14:38:36 +0200: Memory Usage (446436K) : nodrc_drw has 0 polygons
2026-04-16 14:38:36 +0200: Memory Usage (446436K) : text_drw has 4 polygons
2026-04-16 14:38:36 +0200: Memory Usage (446436K) : via4_drw has 0 polygons
2026-04-16 14:38:36 +0200: Memory Usage (446628K) : metal5_drw has 0 polygons
2026-04-16 14:38:36 +0200: Memory Usage (446628K) : metal5_pin has 0 polygons
2026-04-16 14:38:36 +0200: Memory Usage (446628K) : metal5_mask has 0 polygons
2026-04-16 14:38:36 +0200: Memory Usage (446628K) : metal5_filler has 0 polygons
2026-04-16 14:38:36 +0200: Memory Usage (446820K) : metal5_nofill has 0 polygons
2026-04-16 14:38:36 +0200: Memory Usage (446820K) : metal5_slit has 0 polygons
2026-04-16 14:38:36 +0200: Memory Usage (446820K) : metal5_text has 0 polygons
2026-04-16 14:38:36 +0200: Memory Usage (447012K) : metal5_opc has 0 polygons
2026-04-16 14:38:36 +0200: Memory Usage (447012K) : metal5_noqrc has 0 polygons
2026-04-16 14:38:36 +0200: Memory Usage (447012K) : metal5_res has 0 polygons
2026-04-16 14:38:36 +0200: Memory Usage (447012K) : metal5_iprobe has 0 polygons
2026-04-16 14:38:36 +0200: Memory Usage (447204K) : metal5_diffprb has 0 polygons
2026-04-16 14:38:36 +0200: Memory Usage (447204K) : radhard_drw has 0 polygons
2026-04-16 14:38:36 +0200: Memory Usage (447396K) : memcap_drw has 0 polygons
2026-04-16 14:38:36 +0200: Memory Usage (447396K) : varicap_drw has 0 polygons
2026-04-16 14:38:36 +0200: Memory Usage (447588K) : flash_drw has 0 polygons
2026-04-16 14:38:36 +0200: Memory Usage (447588K) : intbondvia_drw has 0 polygons
2026-04-16 14:38:36 +0200: Memory Usage (447588K) : intbondmet_drw has 0 polygons
2026-04-16 14:38:36 +0200: Memory Usage (447588K) : devbondvia_drw has 0 polygons
2026-04-16 14:38:36 +0200: Memory Usage (447780K) : devbondmet_drw has 0 polygons
2026-04-16 14:38:36 +0200: Memory Usage (447780K) : devtrench_drw has 0 polygons
2026-04-16 14:38:36 +0200: Memory Usage (447780K) : redist_drw has 0 polygons
2026-04-16 14:38:36 +0200: Memory Usage (447972K) : graphbot_drw has 0 polygons
2026-04-16 14:38:36 +0200: Memory Usage (447972K) : graphtop_drw has 0 polygons
2026-04-16 14:38:36 +0200: Memory Usage (447972K) : antvia1_drw has 0 polygons
2026-04-16 14:38:36 +0200: Memory Usage (447972K) : antmetal2_drw has 0 polygons
2026-04-16 14:38:36 +0200: Memory Usage (448164K) : graphcont_drw has 0 polygons
2026-04-16 14:38:36 +0200: Memory Usage (448164K) : siwg_drw has 0 polygons
2026-04-16 14:38:36 +0200: Memory Usage (448164K) : siwg_filler has 0 polygons
2026-04-16 14:38:36 +0200: Memory Usage (448356K) : siwg_nofill has 0 polygons
2026-04-16 14:38:36 +0200: Memory Usage (448356K) : sigrating_drw has 0 polygons
2026-04-16 14:38:36 +0200: Memory Usage (448356K) : singrating_drw has 0 polygons
2026-04-16 14:38:36 +0200: Memory Usage (448548K) : graphpas_drw has 0 polygons
2026-04-16 14:38:36 +0200: Memory Usage (448548K) : emwind3_drw has 0 polygons
2026-04-16 14:38:36 +0200: Memory Usage (448548K) : emwihv3_drw has 0 polygons
2026-04-16 14:38:36 +0200: Memory Usage (448740K) : redbulay_drw has 0 polygons
2026-04-16 14:38:36 +0200: Memory Usage (448740K) : smos_drw has 0 polygons
2026-04-16 14:38:36 +0200: Memory Usage (448740K) : graphpad_drw has 0 polygons
2026-04-16 14:38:36 +0200: Memory Usage (448740K) : polimide_drw has 0 polygons
2026-04-16 14:38:36 +0200: Memory Usage (448932K) : polimide_pin has 0 polygons
2026-04-16 14:38:36 +0200: Memory Usage (448932K) : recog_drw has 0 polygons
2026-04-16 14:38:36 +0200: Memory Usage (449124K) : recog_pin has 0 polygons
2026-04-16 14:38:36 +0200: Memory Usage (449124K) : recog_esd has 0 polygons
2026-04-16 14:38:36 +0200: Memory Usage (449124K) : recog_diode has 0 polygons
2026-04-16 14:38:36 +0200: Memory Usage (449316K) : recog_tsv has 0 polygons
2026-04-16 14:38:36 +0200: Memory Usage (449316K) : recog_iprobe has 0 polygons
2026-04-16 14:38:36 +0200: Memory Usage (449316K) : recog_diffprb has 0 polygons
2026-04-16 14:38:36 +0200: Memory Usage (449316K) : recog_pillar has 0 polygons
2026-04-16 14:38:36 +0200: Memory Usage (449508K) : recog_sbump has 0 polygons
2026-04-16 14:38:36 +0200: Memory Usage (449508K) : recog_otp has 0 polygons
2026-04-16 14:38:36 +0200: Memory Usage (449700K) : recog_pdiode has 0 polygons
2026-04-16 14:38:36 +0200: Memory Usage (449700K) : recog_mom has 0 polygons
2026-04-16 14:38:36 +0200: Memory Usage (449700K) : recog_pcm has 0 polygons
2026-04-16 14:38:36 +0200: Memory Usage (449700K) : colopen_drw has 0 polygons
2026-04-16 14:38:36 +0200: Memory Usage (449700K) : graphmetal1_drw has 0 polygons
2026-04-16 14:38:36 +0200: Memory Usage (449700K) : graphmetal1_filler has 0 polygons
2026-04-16 14:38:36 +0200: Memory Usage (449892K) : graphmetal1_nofill has 0 polygons
2026-04-16 14:38:36 +0200: Memory Usage (449892K) : graphmetal1_slit has 0 polygons
2026-04-16 14:38:36 +0200: Memory Usage (449892K) : graphmetal1_opc has 0 polygons
2026-04-16 14:38:36 +0200: Memory Usage (449892K) : graphmet1l_drw has 0 polygons
2026-04-16 14:38:36 +0200: Memory Usage (449892K) : graphmet1l_filler has 0 polygons
2026-04-16 14:38:36 +0200: Memory Usage (450084K) : graphmet1l_nofill has 0 polygons
2026-04-16 14:38:36 +0200: Memory Usage (450084K) : graphmet1l_slit has 0 polygons
2026-04-16 14:38:36 +0200: Memory Usage (450084K) : graphmet1l_opc has 0 polygons
2026-04-16 14:38:36 +0200: Memory Usage (450084K) : extblock_drw has 0 polygons
2026-04-16 14:38:36 +0200: Memory Usage (450084K) : nldd_drw has 0 polygons
2026-04-16 14:38:36 +0200: Memory Usage (450276K) : pldd_drw has 0 polygons
2026-04-16 14:38:36 +0200: Memory Usage (450276K) : next_drw has 0 polygons
2026-04-16 14:38:36 +0200: Memory Usage (450276K) : pext_drw has 0 polygons
2026-04-16 14:38:36 +0200: Memory Usage (450276K) : nexthv_drw has 0 polygons
2026-04-16 14:38:36 +0200: Memory Usage (450468K) : pexthv_drw has 0 polygons
2026-04-16 14:38:36 +0200: Memory Usage (450468K) : graphgate_drw has 0 polygons
2026-04-16 14:38:36 +0200: Memory Usage (450468K) : sinwg_drw has 0 polygons
2026-04-16 14:38:36 +0200: Memory Usage (450468K) : sinwg_filler has 0 polygons
2026-04-16 14:38:36 +0200: Memory Usage (450660K) : sinwg_nofill has 0 polygons
2026-04-16 14:38:36 +0200: Memory Usage (450660K) : mempad_drw has 0 polygons
2026-04-16 14:38:36 +0200: Memory Usage (450660K) : topvia1_drw has 0 polygons
2026-04-16 14:38:36 +0200: Memory Usage (450852K) : topmetal1_drw has 0 polygons
2026-04-16 14:38:36 +0200: Memory Usage (450852K) : topmetal1_pin has 0 polygons
2026-04-16 14:38:36 +0200: Memory Usage (450852K) : topmetal1_mask has 0 polygons
2026-04-16 14:38:36 +0200: Memory Usage (450852K) : topmetal1_filler has 0 polygons
2026-04-16 14:38:36 +0200: Memory Usage (451044K) : topmetal1_nofill has 0 polygons
2026-04-16 14:38:36 +0200: Memory Usage (451044K) : topmetal1_slit has 0 polygons
2026-04-16 14:38:36 +0200: Memory Usage (451044K) : topmetal1_text has 0 polygons
2026-04-16 14:38:36 +0200: Memory Usage (451044K) : topmetal1_noqrc has 0 polygons
2026-04-16 14:38:36 +0200: Memory Usage (451236K) : topmetal1_res has 0 polygons
2026-04-16 14:38:36 +0200: Memory Usage (451236K) : topmetal1_iprobe has 0 polygons
2026-04-16 14:38:36 +0200: Memory Usage (451236K) : topmetal1_diffprb has 0 polygons
2026-04-16 14:38:36 +0200: Memory Usage (451236K) : inldpwl_drw has 0 polygons
2026-04-16 14:38:36 +0200: Memory Usage (451236K) : polyres_drw has 0 polygons
2026-04-16 14:38:36 +0200: Memory Usage (451236K) : polyres_pin has 0 polygons
2026-04-16 14:38:36 +0200: Memory Usage (451428K) : vmim_drw has 0 polygons
2026-04-16 14:38:36 +0200: Memory Usage (451428K) : nbulaycut_drw has 0 polygons
2026-04-16 14:38:36 +0200: Memory Usage (451428K) : antmetal1_drw has 0 polygons
2026-04-16 14:38:36 +0200: Memory Usage (451620K) : topvia2_drw has 0 polygons
2026-04-16 14:38:36 +0200: Memory Usage (451620K) : topmetal2_drw has 0 polygons
2026-04-16 14:38:36 +0200: Memory Usage (451620K) : topmetal2_pin has 0 polygons
2026-04-16 14:38:36 +0200: Memory Usage (451620K) : topmetal2_mask has 0 polygons
2026-04-16 14:38:36 +0200: Memory Usage (451812K) : topmetal2_filler has 0 polygons
2026-04-16 14:38:36 +0200: Memory Usage (451812K) : topmetal2_nofill has 0 polygons
2026-04-16 14:38:36 +0200: Memory Usage (451812K) : topmetal2_slit has 0 polygons
2026-04-16 14:38:36 +0200: Memory Usage (451812K) : topmetal2_text has 0 polygons
2026-04-16 14:38:36 +0200: Memory Usage (452004K) : topmetal2_noqrc has 0 polygons
2026-04-16 14:38:36 +0200: Memory Usage (452004K) : topmetal2_res has 0 polygons
2026-04-16 14:38:36 +0200: Memory Usage (452004K) : topmetal2_iprobe has 0 polygons
2026-04-16 14:38:36 +0200: Memory Usage (452004K) : topmetal2_diffprb has 0 polygons
2026-04-16 14:38:36 +0200: Memory Usage (452004K) : snsring_drw has 0 polygons
2026-04-16 14:38:36 +0200: Memory Usage (452196K) : sensor_drw has 0 polygons
2026-04-16 14:38:36 +0200: Memory Usage (452196K) : snsarms_drw has 0 polygons
2026-04-16 14:38:36 +0200: Memory Usage (452196K) : snscmosvia_drw has 0 polygons
2026-04-16 14:38:36 +0200: Memory Usage (452196K) : colwind_drw has 0 polygons
2026-04-16 14:38:36 +0200: Memory Usage (452388K) : flm_drw has 0 polygons
2026-04-16 14:38:36 +0200: Memory Usage (452388K) : hafniumox_drw has 0 polygons
2026-04-16 14:38:36 +0200: Memory Usage (452388K) : memvia_drw has 0 polygons
2026-04-16 14:38:36 +0200: Memory Usage (452580K) : thinfilmres_drw has 0 polygons
2026-04-16 14:38:36 +0200: Memory Usage (452580K) : rfmem_drw has 0 polygons
2026-04-16 14:38:36 +0200: Memory Usage (452580K) : norcx_drw has 0 polygons
2026-04-16 14:38:36 +0200: Memory Usage (452580K) : norcx_m2m3 has 0 polygons
2026-04-16 14:38:36 +0200: Memory Usage (452772K) : norcx_m2m4 has 0 polygons
2026-04-16 14:38:36 +0200: Memory Usage (452772K) : norcx_m2m5 has 0 polygons
2026-04-16 14:38:36 +0200: Memory Usage (452772K) : norcx_m2tm1 has 0 polygons
2026-04-16 14:38:36 +0200: Memory Usage (452964K) : norcx_m2tm2 has 0 polygons
2026-04-16 14:38:36 +0200: Memory Usage (452964K) : norcx_m3m4 has 0 polygons
2026-04-16 14:38:36 +0200: Memory Usage (452964K) : norcx_m3m5 has 0 polygons
2026-04-16 14:38:36 +0200: Memory Usage (453156K) : norcx_m3tm1 has 0 polygons
2026-04-16 14:38:36 +0200: Memory Usage (453156K) : norcx_m3tm2 has 0 polygons
2026-04-16 14:38:36 +0200: Memory Usage (453156K) : norcx_m4m5 has 0 polygons
2026-04-16 14:38:36 +0200: Memory Usage (453156K) : norcx_m4tm1 has 0 polygons
2026-04-16 14:38:36 +0200: Memory Usage (453348K) : norcx_m4tm2 has 0 polygons
2026-04-16 14:38:36 +0200: Memory Usage (453348K) : norcx_m5tm1 has 0 polygons
2026-04-16 14:38:36 +0200: Memory Usage (453348K) : norcx_m5tm2 has 0 polygons
2026-04-16 14:38:36 +0200: Memory Usage (453348K) : norcx_tm1tm2 has 0 polygons
2026-04-16 14:38:36 +0200: Memory Usage (453348K) : norcx_m1sub has 0 polygons
2026-04-16 14:38:36 +0200: Memory Usage (453348K) : norcx_m2sub has 0 polygons
2026-04-16 14:38:36 +0200: Memory Usage (453348K) : norcx_m3sub has 0 polygons
2026-04-16 14:38:36 +0200: Memory Usage (453540K) : norcx_m4sub has 0 polygons
2026-04-16 14:38:36 +0200: Memory Usage (453540K) : norcx_m5sub has 0 polygons
2026-04-16 14:38:36 +0200: Memory Usage (453540K) : norcx_tm1sub has 0 polygons
2026-04-16 14:38:36 +0200: Memory Usage (453540K) : norcx_tm2sub has 0 polygons
2026-04-16 14:38:36 +0200: Memory Usage (453540K) : snsbotvia_drw has 0 polygons
2026-04-16 14:38:36 +0200: Memory Usage (453732K) : snstopvia_drw has 0 polygons
2026-04-16 14:38:36 +0200: Memory Usage (453732K) : deepvia_drw has 0 polygons
2026-04-16 14:38:36 +0200: Memory Usage (453732K) : fgetch_drw has 0 polygons
2026-04-16 14:38:36 +0200: Memory Usage (453732K) : ctrgat_drw has 0 polygons
2026-04-16 14:38:36 +0200: Memory Usage (453732K) : fgimp_drw has 0 polygons
2026-04-16 14:38:36 +0200: Memory Usage (453924K) : emwihv_drw has 0 polygons
2026-04-16 14:38:36 +0200: Memory Usage (453924K) : lbe_drw has 0 polygons
2026-04-16 14:38:36 +0200: Memory Usage (453924K) : alcustop_drw has 0 polygons
2026-04-16 14:38:36 +0200: Memory Usage (453924K) : nometfiller_drw has 0 polygons
2026-04-16 14:38:36 +0200: Memory Usage (453924K) : prboundary_drw has 0 polygons
2026-04-16 14:38:36 +0200: Memory Usage (454116K) : exchange0_drw has 0 polygons
2026-04-16 14:38:36 +0200: Memory Usage (454116K) : exchange0_pin has 0 polygons
2026-04-16 14:38:36 +0200: Memory Usage (454116K) : exchange0_text has 0 polygons
2026-04-16 14:38:36 +0200: Memory Usage (454116K) : exchange1_drw has 0 polygons
2026-04-16 14:38:36 +0200: Memory Usage (454116K) : exchange1_pin has 0 polygons
2026-04-16 14:38:36 +0200: Memory Usage (454308K) : exchange1_text has 0 polygons
2026-04-16 14:38:36 +0200: Memory Usage (454308K) : exchange2_drw has 0 polygons
2026-04-16 14:38:36 +0200: Memory Usage (454308K) : exchange2_pin has 0 polygons
2026-04-16 14:38:36 +0200: Memory Usage (454308K) : exchange2_text has 0 polygons
2026-04-16 14:38:36 +0200: Memory Usage (454308K) : exchange3_drw has 0 polygons
2026-04-16 14:38:36 +0200: Memory Usage (454500K) : exchange3_pin has 0 polygons
2026-04-16 14:38:36 +0200: Memory Usage (454500K) : exchange3_text has 0 polygons
2026-04-16 14:38:36 +0200: Memory Usage (454500K) : exchange4_drw has 0 polygons
2026-04-16 14:38:36 +0200: Memory Usage (454500K) : exchange4_pin has 0 polygons
2026-04-16 14:38:36 +0200: Memory Usage (454500K) : exchange4_text has 0 polygons
2026-04-16 14:38:36 +0200: Memory Usage (454692K) : isonwell_drw has 0 polygons
2026-04-16 14:38:36 +0200: Memory Usage (454692K) : Total no. of polygons in the design is 64
2026-04-16 14:38:36 +0200: Memory Usage (454692K) : Loaded TECH DRC rules values from /foss/pdks/ihp-sg13g2/libs.tech/klayout/python/sg13g2_pycell_lib/sg13g2_tech_mod.json
2026-04-16 14:38:36 +0200: Memory Usage (454692K) : Loaded default DRC rules values from /foss/pdks/ihp-sg13g2/libs.tech/klayout/tech/drc/rule_decks/sg13g2_tech_default.json
2026-04-16 14:38:36 +0200: Memory Usage (454692K) : The following rules values were missing in tech json and default values were used:
2026-04-16 14:38:36 +0200: Memory Usage (454692K) :   - Cnt_c_digibnd
2026-04-16 14:38:36 +0200: Memory Usage (455848K) : Total area of the design is 6.0196000000000005 um^2.
2026-04-16 14:38:36 +0200: Memory Usage (455848K) : The design dimensions are 1.49 µm * 4.04 µm.
2026-04-16 14:38:36 +0200: Memory Usage (455848K) : Starting general IHP-SG13G2 derivations.
2026-04-16 14:38:36 +0200: Memory Usage (455848K) : Starting Pwell derivations
2026-04-16 14:38:36 +0200: Memory Usage (457796K) : Starting IHP-SG13G2 DRC rules.
2026-04-16 14:38:36 +0200: Memory Usage (457796K) : Starting 5.5. Activ table
2026-04-16 14:38:36 +0200: Memory Usage (457796K) : Executing rule Act.a
2026-04-16 14:38:36 +0200: Memory Usage (458020K) : Executing rule Act.b
2026-04-16 14:38:36 +0200: Memory Usage (458596K) : KLayout DRC run for tables 'activ' completed in 0.26 seconds
