# Logfile created on 2026-04-16 14:38:40 +0200 by logger.rb/v1.5.3
2026-04-16 14:38:40 +0200: Memory Usage (438868K) : Starting running IHP-SG13G2 KLayout DRC runset on /var/home/bleroux/Documents/stage_IEMN/analog-asic-design/designs/inverter/layout/inverter.klay.gds
2026-04-16 14:38:40 +0200: Memory Usage (438868K) : Ruby Version for klayout: 3.2.3
2026-04-16 14:38:40 +0200: Memory Usage (440404K) : Loading database to memory is complete.
2026-04-16 14:38:40 +0200: Memory Usage (440404K) : IHP-SG13G2 KLayout DRC runset output at: /var/home/bleroux/Documents/stage_IEMN/analog-asic-design/drc_run_TOP/inverter.klay_TOP_topmetal2.lyrdb
2026-04-16 14:38:40 +0200: Memory Usage (440404K) : Evaluate switches.
2026-04-16 14:38:40 +0200: Memory Usage (440404K) : tables selected: topmetal2
2026-04-16 14:38:40 +0200: Memory Usage (440596K) : KLayout will use 1 thread(s) in tiling mode.
2026-04-16 14:38:40 +0200: Memory Usage (440596K) : deep mode is enabled.
2026-04-16 14:38:40 +0200: Memory Usage (440596K) : FEOL enabled: false
2026-04-16 14:38:40 +0200: Memory Usage (440596K) : BEOL enabled: false
2026-04-16 14:38:40 +0200: Memory Usage (440596K) : OFFGRID enabled: true
2026-04-16 14:38:40 +0200: Memory Usage (440596K) : PIN enabled: false
2026-04-16 14:38:40 +0200: Memory Usage (440596K) : FORBIDDEN enabled: false
2026-04-16 14:38:40 +0200: Memory Usage (440596K) : RECOMMENDED enabled: true
2026-04-16 14:38:40 +0200: Memory Usage (440596K) : PreCheck DRC enabled: false
2026-04-16 14:38:40 +0200: Memory Usage (440596K) : CONNECTIVITY_RULES enabled: false.
2026-04-16 14:38:40 +0200: Memory Usage (440596K) : Read in polygons from layers.
2026-04-16 14:38:40 +0200: Memory Usage (441412K) : activ_drw has 8 polygons
2026-04-16 14:38:40 +0200: Memory Usage (441412K) : activ_pin has 0 polygons
2026-04-16 14:38:40 +0200: Memory Usage (441412K) : activ_mask has 0 polygons
2026-04-16 14:38:40 +0200: Memory Usage (441412K) : activ_filler has 0 polygons
2026-04-16 14:38:40 +0200: Memory Usage (441412K) : activ_nofill has 0 polygons
2026-04-16 14:38:40 +0200: Memory Usage (441412K) : activ_opc has 0 polygons
2026-04-16 14:38:40 +0200: Memory Usage (441412K) : activ_iopc has 0 polygons
2026-04-16 14:38:40 +0200: Memory Usage (441412K) : activ_noqrc has 0 polygons
2026-04-16 14:38:40 +0200: Memory Usage (441412K) : biwind_drw has 0 polygons
2026-04-16 14:38:40 +0200: Memory Usage (441412K) : biwind_opc has 0 polygons
2026-04-16 14:38:40 +0200: Memory Usage (441412K) : pemwind_drw has 0 polygons
2026-04-16 14:38:40 +0200: Memory Usage (441412K) : gatpoly_drw has 5 polygons
2026-04-16 14:38:40 +0200: Memory Usage (441412K) : gatpoly_pin has 1 polygons
2026-04-16 14:38:40 +0200: Memory Usage (441412K) : gatpoly_filler has 0 polygons
2026-04-16 14:38:40 +0200: Memory Usage (441412K) : gatpoly_nofill has 0 polygons
2026-04-16 14:38:40 +0200: Memory Usage (441412K) : gatpoly_opc has 0 polygons
2026-04-16 14:38:40 +0200: Memory Usage (441412K) : gatpoly_iopc has 0 polygons
2026-04-16 14:38:40 +0200: Memory Usage (441412K) : gatpoly_noqrc has 0 polygons
2026-04-16 14:38:40 +0200: Memory Usage (441412K) : cont_drw has 13 polygons
2026-04-16 14:38:40 +0200: Memory Usage (441412K) : cont_opc has 0 polygons
2026-04-16 14:38:40 +0200: Memory Usage (441412K) : nsd_drw has 0 polygons
2026-04-16 14:38:40 +0200: Memory Usage (441412K) : nsd_block has 0 polygons
2026-04-16 14:38:40 +0200: Memory Usage (441604K) : metal1_drw has 13 polygons
2026-04-16 14:38:40 +0200: Memory Usage (441604K) : metal1_pin has 7 polygons
2026-04-16 14:38:40 +0200: Memory Usage (441604K) : metal1_mask has 0 polygons
2026-04-16 14:38:40 +0200: Memory Usage (441604K) : metal1_filler has 0 polygons
2026-04-16 14:38:40 +0200: Memory Usage (441604K) : metal1_nofill has 0 polygons
2026-04-16 14:38:40 +0200: Memory Usage (441796K) : metal1_slit has 0 polygons
2026-04-16 14:38:40 +0200: Memory Usage (442180K) : metal1_text has 2 polygons
2026-04-16 14:38:40 +0200: Memory Usage (442180K) : metal1_opc has 0 polygons
2026-04-16 14:38:40 +0200: Memory Usage (442180K) : metal1_noqrc has 0 polygons
2026-04-16 14:38:40 +0200: Memory Usage (442180K) : metal1_res has 0 polygons
2026-04-16 14:38:40 +0200: Memory Usage (442180K) : metal1_iprobe has 0 polygons
2026-04-16 14:38:40 +0200: Memory Usage (442180K) : metal1_diffprb has 0 polygons
2026-04-16 14:38:40 +0200: Memory Usage (442372K) : passiv_drw has 0 polygons
2026-04-16 14:38:40 +0200: Memory Usage (442372K) : passiv_pin has 0 polygons
2026-04-16 14:38:40 +0200: Memory Usage (442372K) : passiv_sbump has 0 polygons
2026-04-16 14:38:40 +0200: Memory Usage (442372K) : passiv_pillar has 0 polygons
2026-04-16 14:38:40 +0200: Memory Usage (442564K) : passiv_pdl has 0 polygons
2026-04-16 14:38:40 +0200: Memory Usage (442564K) : metal2_drw has 0 polygons
2026-04-16 14:38:40 +0200: Memory Usage (442564K) : metal2_pin has 0 polygons
2026-04-16 14:38:40 +0200: Memory Usage (442756K) : metal2_mask has 0 polygons
2026-04-16 14:38:40 +0200: Memory Usage (442756K) : metal2_filler has 0 polygons
2026-04-16 14:38:40 +0200: Memory Usage (442756K) : metal2_nofill has 0 polygons
2026-04-16 14:38:40 +0200: Memory Usage (442756K) : metal2_slit has 0 polygons
2026-04-16 14:38:40 +0200: Memory Usage (442948K) : metal2_text has 0 polygons
2026-04-16 14:38:40 +0200: Memory Usage (442948K) : metal2_opc has 0 polygons
2026-04-16 14:38:40 +0200: Memory Usage (442948K) : metal2_noqrc has 0 polygons
2026-04-16 14:38:40 +0200: Memory Usage (443140K) : metal2_res has 0 polygons
2026-04-16 14:38:40 +0200: Memory Usage (443140K) : metal2_iprobe has 0 polygons
2026-04-16 14:38:40 +0200: Memory Usage (443140K) : metal2_diffprb has 0 polygons
2026-04-16 14:38:40 +0200: Memory Usage (443332K) : baspoly_drw has 0 polygons
2026-04-16 14:38:40 +0200: Memory Usage (443332K) : baspoly_pin has 0 polygons
2026-04-16 14:38:40 +0200: Memory Usage (443332K) : psd_drw has 2 polygons
2026-04-16 14:38:40 +0200: Memory Usage (443524K) : nldb_drw has 0 polygons
2026-04-16 14:38:40 +0200: Memory Usage (443524K) : digibnd_drw has 0 polygons
2026-04-16 14:38:40 +0200: Memory Usage (443524K) : via1_drw has 0 polygons
2026-04-16 14:38:40 +0200: Memory Usage (443524K) : backmetal1_drw has 0 polygons
2026-04-16 14:38:40 +0200: Memory Usage (443716K) : backmetal1_pin has 0 polygons
2026-04-16 14:38:40 +0200: Memory Usage (443716K) : backmetal1_mask has 0 polygons
2026-04-16 14:38:40 +0200: Memory Usage (443716K) : backmetal1_filler has 0 polygons
2026-04-16 14:38:40 +0200: Memory Usage (443908K) : backmetal1_nofill has 0 polygons
2026-04-16 14:38:40 +0200: Memory Usage (443908K) : backmetal1_slit has 0 polygons
2026-04-16 14:38:40 +0200: Memory Usage (443908K) : backmetal1_text has 0 polygons
2026-04-16 14:38:40 +0200: Memory Usage (443908K) : backmetal1_opc has 0 polygons
2026-04-16 14:38:40 +0200: Memory Usage (444100K) : backmetal1_noqrc has 0 polygons
2026-04-16 14:38:40 +0200: Memory Usage (444100K) : backmetal1_res has 0 polygons
2026-04-16 14:38:40 +0200: Memory Usage (444100K) : backmetal1_iprobe has 0 polygons
2026-04-16 14:38:40 +0200: Memory Usage (444292K) : backmetal1_diffprb has 0 polygons
2026-04-16 14:38:40 +0200: Memory Usage (444292K) : backpassiv_drw has 0 polygons
2026-04-16 14:38:40 +0200: Memory Usage (444292K) : res_drw has 0 polygons
2026-04-16 14:38:40 +0200: Memory Usage (444292K) : sram_drw has 0 polygons
2026-04-16 14:38:40 +0200: Memory Usage (444484K) : trans_drw has 0 polygons
2026-04-16 14:38:40 +0200: Memory Usage (444484K) : ind_drw has 0 polygons
2026-04-16 14:38:40 +0200: Memory Usage (444676K) : ind_pin has 0 polygons
2026-04-16 14:38:40 +0200: Memory Usage (444676K) : ind_text has 0 polygons
2026-04-16 14:38:40 +0200: Memory Usage (444676K) : salblock_drw has 0 polygons
2026-04-16 14:38:40 +0200: Memory Usage (444868K) : via2_drw has 0 polygons
2026-04-16 14:38:40 +0200: Memory Usage (444868K) : metal3_drw has 0 polygons
2026-04-16 14:38:40 +0200: Memory Usage (444868K) : metal3_pin has 0 polygons
2026-04-16 14:38:40 +0200: Memory Usage (445060K) : metal3_mask has 0 polygons
2026-04-16 14:38:40 +0200: Memory Usage (445060K) : metal3_filler has 0 polygons
2026-04-16 14:38:40 +0200: Memory Usage (445060K) : metal3_nofill has 0 polygons
2026-04-16 14:38:40 +0200: Memory Usage (445060K) : metal3_slit has 0 polygons
2026-04-16 14:38:40 +0200: Memory Usage (445252K) : metal3_text has 0 polygons
2026-04-16 14:38:40 +0200: Memory Usage (445252K) : metal3_opc has 0 polygons
2026-04-16 14:38:40 +0200: Memory Usage (445252K) : metal3_noqrc has 0 polygons
2026-04-16 14:38:40 +0200: Memory Usage (445444K) : metal3_res has 0 polygons
2026-04-16 14:38:40 +0200: Memory Usage (445444K) : metal3_iprobe has 0 polygons
2026-04-16 14:38:40 +0200: Memory Usage (445636K) : metal3_diffprb has 0 polygons
2026-04-16 14:38:40 +0200: Memory Usage (445636K) : nwell_drw has 3 polygons
2026-04-16 14:38:40 +0200: Memory Usage (445636K) : nwell_pin has 1 polygons
2026-04-16 14:38:40 +0200: Memory Usage (445636K) : nbulay_drw has 1 polygons
2026-04-16 14:38:40 +0200: Memory Usage (445828K) : nbulay_pin has 0 polygons
2026-04-16 14:38:40 +0200: Memory Usage (445828K) : nbulay_block has 0 polygons
2026-04-16 14:38:40 +0200: Memory Usage (446020K) : emwind_drw has 0 polygons
2026-04-16 14:38:40 +0200: Memory Usage (446020K) : emwind_opc has 0 polygons
2026-04-16 14:38:40 +0200: Memory Usage (446020K) : deepco_drw has 0 polygons
2026-04-16 14:38:40 +0200: Memory Usage (446020K) : deepco_drw has 0 polygons
2026-04-16 14:38:40 +0200: Memory Usage (446212K) : mim_drw has 0 polygons
2026-04-16 14:38:40 +0200: Memory Usage (446212K) : edgeseal_drw has 0 polygons
2026-04-16 14:38:40 +0200: Memory Usage (446404K) : edgeseal_bound has 0 polygons
2026-04-16 14:38:40 +0200: Memory Usage (446404K) : substrate_drw has 2 polygons
2026-04-16 14:38:40 +0200: Memory Usage (446404K) : substrate_text has 0 polygons
2026-04-16 14:38:40 +0200: Memory Usage (446404K) : dfpad_drw has 0 polygons
2026-04-16 14:38:40 +0200: Memory Usage (446596K) : dfpad_pillar has 0 polygons
2026-04-16 14:38:40 +0200: Memory Usage (446596K) : dfpad_sbump has 0 polygons
2026-04-16 14:38:40 +0200: Memory Usage (446596K) : thickgateox_drw has 0 polygons
2026-04-16 14:38:40 +0200: Memory Usage (446788K) : pldb_drw has 0 polygons
2026-04-16 14:38:40 +0200: Memory Usage (446788K) : pwell_drw has 0 polygons
2026-04-16 14:38:40 +0200: Memory Usage (446788K) : pwell_pin has 0 polygons
2026-04-16 14:38:40 +0200: Memory Usage (446788K) : pwell_block has 0 polygons
2026-04-16 14:38:40 +0200: Memory Usage (446980K) : ic_drw has 0 polygons
2026-04-16 14:38:40 +0200: Memory Usage (446980K) : via3_drw has 0 polygons
2026-04-16 14:38:40 +0200: Memory Usage (447172K) : metal4_drw has 0 polygons
2026-04-16 14:38:40 +0200: Memory Usage (447172K) : metal4_pin has 0 polygons
2026-04-16 14:38:40 +0200: Memory Usage (447172K) : metal4_mask has 0 polygons
2026-04-16 14:38:40 +0200: Memory Usage (447364K) : metal4_filler has 0 polygons
2026-04-16 14:38:40 +0200: Memory Usage (447364K) : metal4_nofill has 0 polygons
2026-04-16 14:38:40 +0200: Memory Usage (447364K) : metal4_slit has 0 polygons
2026-04-16 14:38:40 +0200: Memory Usage (447364K) : metal4_text has 0 polygons
2026-04-16 14:38:40 +0200: Memory Usage (447556K) : metal4_opc has 0 polygons
2026-04-16 14:38:40 +0200: Memory Usage (447556K) : metal4_noqrc has 0 polygons
2026-04-16 14:38:40 +0200: Memory Usage (447556K) : metal4_res has 0 polygons
2026-04-16 14:38:40 +0200: Memory Usage (447556K) : metal4_iprobe has 0 polygons
2026-04-16 14:38:40 +0200: Memory Usage (447748K) : metal4_diffprb has 0 polygons
2026-04-16 14:38:40 +0200: Memory Usage (447748K) : heattrans_drw has 2 polygons
2026-04-16 14:38:40 +0200: Memory Usage (447940K) : heatres_drw has 0 polygons
2026-04-16 14:38:40 +0200: Memory Usage (447940K) : pempoly_drw has 0 polygons
2026-04-16 14:38:40 +0200: Memory Usage (447940K) : fbe_drw has 0 polygons
2026-04-16 14:38:40 +0200: Memory Usage (448132K) : empoly_drw has 0 polygons
2026-04-16 14:38:40 +0200: Memory Usage (448132K) : ldmos_drw has 0 polygons
2026-04-16 14:38:40 +0200: Memory Usage (448324K) : pbiwind_drw has 0 polygons
2026-04-16 14:38:40 +0200: Memory Usage (448324K) : digisub_drw has 0 polygons
2026-04-16 14:38:40 +0200: Memory Usage (448324K) : nodrc_drw has 0 polygons
2026-04-16 14:38:40 +0200: Memory Usage (448324K) : text_drw has 4 polygons
2026-04-16 14:38:40 +0200: Memory Usage (448516K) : via4_drw has 0 polygons
2026-04-16 14:38:40 +0200: Memory Usage (448516K) : metal5_drw has 0 polygons
2026-04-16 14:38:40 +0200: Memory Usage (448516K) : metal5_pin has 0 polygons
2026-04-16 14:38:40 +0200: Memory Usage (448516K) : metal5_mask has 0 polygons
2026-04-16 14:38:40 +0200: Memory Usage (448708K) : metal5_filler has 0 polygons
2026-04-16 14:38:40 +0200: Memory Usage (448708K) : metal5_nofill has 0 polygons
2026-04-16 14:38:40 +0200: Memory Usage (448708K) : metal5_slit has 0 polygons
2026-04-16 14:38:40 +0200: Memory Usage (448900K) : metal5_text has 0 polygons
2026-04-16 14:38:40 +0200: Memory Usage (448900K) : metal5_opc has 0 polygons
2026-04-16 14:38:40 +0200: Memory Usage (448900K) : metal5_noqrc has 0 polygons
2026-04-16 14:38:40 +0200: Memory Usage (448900K) : metal5_res has 0 polygons
2026-04-16 14:38:40 +0200: Memory Usage (449092K) : metal5_iprobe has 0 polygons
2026-04-16 14:38:40 +0200: Memory Usage (449092K) : metal5_diffprb has 0 polygons
2026-04-16 14:38:40 +0200: Memory Usage (449284K) : radhard_drw has 0 polygons
2026-04-16 14:38:40 +0200: Memory Usage (449284K) : memcap_drw has 0 polygons
2026-04-16 14:38:40 +0200: Memory Usage (449476K) : varicap_drw has 0 polygons
2026-04-16 14:38:40 +0200: Memory Usage (449476K) : flash_drw has 0 polygons
2026-04-16 14:38:40 +0200: Memory Usage (449476K) : intbondvia_drw has 0 polygons
2026-04-16 14:38:40 +0200: Memory Usage (449476K) : intbondmet_drw has 0 polygons
2026-04-16 14:38:40 +0200: Memory Usage (449668K) : devbondvia_drw has 0 polygons
2026-04-16 14:38:40 +0200: Memory Usage (449668K) : devbondmet_drw has 0 polygons
2026-04-16 14:38:40 +0200: Memory Usage (449668K) : devtrench_drw has 0 polygons
2026-04-16 14:38:40 +0200: Memory Usage (449860K) : redist_drw has 0 polygons
2026-04-16 14:38:40 +0200: Memory Usage (449860K) : graphbot_drw has 0 polygons
2026-04-16 14:38:40 +0200: Memory Usage (449860K) : graphtop_drw has 0 polygons
2026-04-16 14:38:40 +0200: Memory Usage (449860K) : antvia1_drw has 0 polygons
2026-04-16 14:38:40 +0200: Memory Usage (450052K) : antmetal2_drw has 0 polygons
2026-04-16 14:38:40 +0200: Memory Usage (450052K) : graphcont_drw has 0 polygons
2026-04-16 14:38:40 +0200: Memory Usage (450052K) : siwg_drw has 0 polygons
2026-04-16 14:38:40 +0200: Memory Usage (450244K) : siwg_filler has 0 polygons
2026-04-16 14:38:40 +0200: Memory Usage (450244K) : siwg_nofill has 0 polygons
2026-04-16 14:38:40 +0200: Memory Usage (450244K) : sigrating_drw has 0 polygons
2026-04-16 14:38:40 +0200: Memory Usage (450436K) : singrating_drw has 0 polygons
2026-04-16 14:38:40 +0200: Memory Usage (450436K) : graphpas_drw has 0 polygons
2026-04-16 14:38:40 +0200: Memory Usage (450436K) : emwind3_drw has 0 polygons
2026-04-16 14:38:40 +0200: Memory Usage (450628K) : emwihv3_drw has 0 polygons
2026-04-16 14:38:40 +0200: Memory Usage (450628K) : redbulay_drw has 0 polygons
2026-04-16 14:38:40 +0200: Memory Usage (450628K) : smos_drw has 0 polygons
2026-04-16 14:38:40 +0200: Memory Usage (450628K) : graphpad_drw has 0 polygons
2026-04-16 14:38:40 +0200: Memory Usage (450820K) : polimide_drw has 0 polygons
2026-04-16 14:38:40 +0200: Memory Usage (450820K) : polimide_pin has 0 polygons
2026-04-16 14:38:40 +0200: Memory Usage (451012K) : recog_drw has 0 polygons
2026-04-16 14:38:40 +0200: Memory Usage (451012K) : recog_pin has 0 polygons
2026-04-16 14:38:40 +0200: Memory Usage (451012K) : recog_esd has 0 polygons
2026-04-16 14:38:40 +0200: Memory Usage (451012K) : recog_diode has 0 polygons
2026-04-16 14:38:40 +0200: Memory Usage (451204K) : recog_tsv has 0 polygons
2026-04-16 14:38:40 +0200: Memory Usage (451204K) : recog_iprobe has 0 polygons
2026-04-16 14:38:40 +0200: Memory Usage (451204K) : recog_diffprb has 0 polygons
2026-04-16 14:38:40 +0200: Memory Usage (451396K) : recog_pillar has 0 polygons
2026-04-16 14:38:40 +0200: Memory Usage (451396K) : recog_sbump has 0 polygons
2026-04-16 14:38:40 +0200: Memory Usage (451396K) : recog_otp has 0 polygons
2026-04-16 14:38:40 +0200: Memory Usage (451396K) : recog_pdiode has 0 polygons
2026-04-16 14:38:40 +0200: Memory Usage (451396K) : recog_mom has 0 polygons
2026-04-16 14:38:40 +0200: Memory Usage (451588K) : recog_pcm has 0 polygons
2026-04-16 14:38:40 +0200: Memory Usage (451588K) : colopen_drw has 0 polygons
2026-04-16 14:38:40 +0200: Memory Usage (451588K) : graphmetal1_drw has 0 polygons
2026-04-16 14:38:40 +0200: Memory Usage (451588K) : graphmetal1_filler has 0 polygons
2026-04-16 14:38:40 +0200: Memory Usage (451588K) : graphmetal1_nofill has 0 polygons
2026-04-16 14:38:40 +0200: Memory Usage (451780K) : graphmetal1_slit has 0 polygons
2026-04-16 14:38:40 +0200: Memory Usage (451780K) : graphmetal1_opc has 0 polygons
2026-04-16 14:38:40 +0200: Memory Usage (451780K) : graphmet1l_drw has 0 polygons
2026-04-16 14:38:40 +0200: Memory Usage (451780K) : graphmet1l_filler has 0 polygons
2026-04-16 14:38:40 +0200: Memory Usage (451780K) : graphmet1l_nofill has 0 polygons
2026-04-16 14:38:40 +0200: Memory Usage (451780K) : graphmet1l_slit has 0 polygons
2026-04-16 14:38:40 +0200: Memory Usage (451972K) : graphmet1l_opc has 0 polygons
2026-04-16 14:38:40 +0200: Memory Usage (451972K) : extblock_drw has 0 polygons
2026-04-16 14:38:40 +0200: Memory Usage (451972K) : nldd_drw has 0 polygons
2026-04-16 14:38:40 +0200: Memory Usage (451972K) : pldd_drw has 0 polygons
2026-04-16 14:38:41 +0200: Memory Usage (452164K) : next_drw has 0 polygons
2026-04-16 14:38:41 +0200: Memory Usage (452164K) : pext_drw has 0 polygons
2026-04-16 14:38:41 +0200: Memory Usage (452164K) : nexthv_drw has 0 polygons
2026-04-16 14:38:41 +0200: Memory Usage (452356K) : pexthv_drw has 0 polygons
2026-04-16 14:38:41 +0200: Memory Usage (452356K) : graphgate_drw has 0 polygons
2026-04-16 14:38:41 +0200: Memory Usage (452356K) : sinwg_drw has 0 polygons
2026-04-16 14:38:41 +0200: Memory Usage (452356K) : sinwg_filler has 0 polygons
2026-04-16 14:38:41 +0200: Memory Usage (452548K) : sinwg_nofill has 0 polygons
2026-04-16 14:38:41 +0200: Memory Usage (452548K) : mempad_drw has 0 polygons
2026-04-16 14:38:41 +0200: Memory Usage (452548K) : topvia1_drw has 0 polygons
2026-04-16 14:38:41 +0200: Memory Usage (452740K) : topmetal1_drw has 0 polygons
2026-04-16 14:38:41 +0200: Memory Usage (452740K) : topmetal1_pin has 0 polygons
2026-04-16 14:38:41 +0200: Memory Usage (452740K) : topmetal1_mask has 0 polygons
2026-04-16 14:38:41 +0200: Memory Usage (452740K) : topmetal1_filler has 0 polygons
2026-04-16 14:38:41 +0200: Memory Usage (452740K) : topmetal1_nofill has 0 polygons
2026-04-16 14:38:41 +0200: Memory Usage (452932K) : topmetal1_slit has 0 polygons
2026-04-16 14:38:41 +0200: Memory Usage (452932K) : topmetal1_text has 0 polygons
2026-04-16 14:38:41 +0200: Memory Usage (452932K) : topmetal1_noqrc has 0 polygons
2026-04-16 14:38:41 +0200: Memory Usage (452932K) : topmetal1_res has 0 polygons
2026-04-16 14:38:41 +0200: Memory Usage (452932K) : topmetal1_iprobe has 0 polygons
2026-04-16 14:38:41 +0200: Memory Usage (452932K) : topmetal1_diffprb has 0 polygons
2026-04-16 14:38:41 +0200: Memory Usage (453124K) : inldpwl_drw has 0 polygons
2026-04-16 14:38:41 +0200: Memory Usage (453124K) : polyres_drw has 0 polygons
2026-04-16 14:38:41 +0200: Memory Usage (453124K) : polyres_pin has 0 polygons
2026-04-16 14:38:41 +0200: Memory Usage (453316K) : vmim_drw has 0 polygons
2026-04-16 14:38:41 +0200: Memory Usage (453316K) : nbulaycut_drw has 0 polygons
2026-04-16 14:38:41 +0200: Memory Usage (453316K) : antmetal1_drw has 0 polygons
2026-04-16 14:38:41 +0200: Memory Usage (453316K) : topvia2_drw has 0 polygons
2026-04-16 14:38:41 +0200: Memory Usage (453508K) : topmetal2_drw has 0 polygons
2026-04-16 14:38:41 +0200: Memory Usage (453508K) : topmetal2_pin has 0 polygons
2026-04-16 14:38:41 +0200: Memory Usage (453508K) : topmetal2_mask has 0 polygons
2026-04-16 14:38:41 +0200: Memory Usage (453700K) : topmetal2_filler has 0 polygons
2026-04-16 14:38:41 +0200: Memory Usage (453700K) : topmetal2_nofill has 0 polygons
2026-04-16 14:38:41 +0200: Memory Usage (453700K) : topmetal2_slit has 0 polygons
2026-04-16 14:38:41 +0200: Memory Usage (453700K) : topmetal2_text has 0 polygons
2026-04-16 14:38:41 +0200: Memory Usage (453892K) : topmetal2_noqrc has 0 polygons
2026-04-16 14:38:41 +0200: Memory Usage (453892K) : topmetal2_res has 0 polygons
2026-04-16 14:38:41 +0200: Memory Usage (453892K) : topmetal2_iprobe has 0 polygons
2026-04-16 14:38:41 +0200: Memory Usage (453892K) : topmetal2_diffprb has 0 polygons
2026-04-16 14:38:41 +0200: Memory Usage (454084K) : snsring_drw has 0 polygons
2026-04-16 14:38:41 +0200: Memory Usage (454084K) : sensor_drw has 0 polygons
2026-04-16 14:38:41 +0200: Memory Usage (454084K) : snsarms_drw has 0 polygons
2026-04-16 14:38:41 +0200: Memory Usage (454276K) : snscmosvia_drw has 0 polygons
2026-04-16 14:38:41 +0200: Memory Usage (454276K) : colwind_drw has 0 polygons
2026-04-16 14:38:41 +0200: Memory Usage (454276K) : flm_drw has 0 polygons
2026-04-16 14:38:41 +0200: Memory Usage (454276K) : hafniumox_drw has 0 polygons
2026-04-16 14:38:41 +0200: Memory Usage (454468K) : memvia_drw has 0 polygons
2026-04-16 14:38:41 +0200: Memory Usage (454468K) : thinfilmres_drw has 0 polygons
2026-04-16 14:38:41 +0200: Memory Usage (454468K) : rfmem_drw has 0 polygons
2026-04-16 14:38:41 +0200: Memory Usage (454660K) : norcx_drw has 0 polygons
2026-04-16 14:38:41 +0200: Memory Usage (454660K) : norcx_m2m3 has 0 polygons
2026-04-16 14:38:41 +0200: Memory Usage (454660K) : norcx_m2m4 has 0 polygons
2026-04-16 14:38:41 +0200: Memory Usage (454660K) : norcx_m2m5 has 0 polygons
2026-04-16 14:38:41 +0200: Memory Usage (454852K) : norcx_m2tm1 has 0 polygons
2026-04-16 14:38:41 +0200: Memory Usage (454852K) : norcx_m2tm2 has 0 polygons
2026-04-16 14:38:41 +0200: Memory Usage (454852K) : norcx_m3m4 has 0 polygons
2026-04-16 14:38:41 +0200: Memory Usage (455044K) : norcx_m3m5 has 0 polygons
2026-04-16 14:38:41 +0200: Memory Usage (455044K) : norcx_m3tm1 has 0 polygons
2026-04-16 14:38:41 +0200: Memory Usage (455044K) : norcx_m3tm2 has 0 polygons
2026-04-16 14:38:41 +0200: Memory Usage (455044K) : norcx_m4m5 has 0 polygons
2026-04-16 14:38:41 +0200: Memory Usage (455044K) : norcx_m4tm1 has 0 polygons
2026-04-16 14:38:41 +0200: Memory Usage (455044K) : norcx_m4tm2 has 0 polygons
2026-04-16 14:38:41 +0200: Memory Usage (455236K) : norcx_m5tm1 has 0 polygons
2026-04-16 14:38:41 +0200: Memory Usage (455236K) : norcx_m5tm2 has 0 polygons
2026-04-16 14:38:41 +0200: Memory Usage (455236K) : norcx_tm1tm2 has 0 polygons
2026-04-16 14:38:41 +0200: Memory Usage (455236K) : norcx_m1sub has 0 polygons
2026-04-16 14:38:41 +0200: Memory Usage (455236K) : norcx_m2sub has 0 polygons
2026-04-16 14:38:41 +0200: Memory Usage (455428K) : norcx_m3sub has 0 polygons
2026-04-16 14:38:41 +0200: Memory Usage (455428K) : norcx_m4sub has 0 polygons
2026-04-16 14:38:41 +0200: Memory Usage (455428K) : norcx_m5sub has 0 polygons
2026-04-16 14:38:41 +0200: Memory Usage (455428K) : norcx_tm1sub has 0 polygons
2026-04-16 14:38:41 +0200: Memory Usage (455428K) : norcx_tm2sub has 0 polygons
2026-04-16 14:38:41 +0200: Memory Usage (455620K) : snsbotvia_drw has 0 polygons
2026-04-16 14:38:41 +0200: Memory Usage (455620K) : snstopvia_drw has 0 polygons
2026-04-16 14:38:41 +0200: Memory Usage (455620K) : deepvia_drw has 0 polygons
2026-04-16 14:38:41 +0200: Memory Usage (455620K) : fgetch_drw has 0 polygons
2026-04-16 14:38:41 +0200: Memory Usage (455620K) : ctrgat_drw has 0 polygons
2026-04-16 14:38:41 +0200: Memory Usage (455812K) : fgimp_drw has 0 polygons
2026-04-16 14:38:41 +0200: Memory Usage (455812K) : emwihv_drw has 0 polygons
2026-04-16 14:38:41 +0200: Memory Usage (455812K) : lbe_drw has 0 polygons
2026-04-16 14:38:41 +0200: Memory Usage (455812K) : alcustop_drw has 0 polygons
2026-04-16 14:38:41 +0200: Memory Usage (455812K) : nometfiller_drw has 0 polygons
2026-04-16 14:38:41 +0200: Memory Usage (456004K) : prboundary_drw has 0 polygons
2026-04-16 14:38:41 +0200: Memory Usage (456004K) : exchange0_drw has 0 polygons
2026-04-16 14:38:41 +0200: Memory Usage (456004K) : exchange0_pin has 0 polygons
2026-04-16 14:38:41 +0200: Memory Usage (456004K) : exchange0_text has 0 polygons
2026-04-16 14:38:41 +0200: Memory Usage (456004K) : exchange1_drw has 0 polygons
2026-04-16 14:38:41 +0200: Memory Usage (456196K) : exchange1_pin has 0 polygons
2026-04-16 14:38:41 +0200: Memory Usage (456196K) : exchange1_text has 0 polygons
2026-04-16 14:38:41 +0200: Memory Usage (456196K) : exchange2_drw has 0 polygons
2026-04-16 14:38:41 +0200: Memory Usage (456196K) : exchange2_pin has 0 polygons
2026-04-16 14:38:41 +0200: Memory Usage (456196K) : exchange2_text has 0 polygons
2026-04-16 14:38:41 +0200: Memory Usage (456196K) : exchange3_drw has 0 polygons
2026-04-16 14:38:41 +0200: Memory Usage (456388K) : exchange3_pin has 0 polygons
2026-04-16 14:38:41 +0200: Memory Usage (456388K) : exchange3_text has 0 polygons
2026-04-16 14:38:41 +0200: Memory Usage (456388K) : exchange4_drw has 0 polygons
2026-04-16 14:38:41 +0200: Memory Usage (456580K) : exchange4_pin has 0 polygons
2026-04-16 14:38:41 +0200: Memory Usage (456580K) : exchange4_text has 0 polygons
2026-04-16 14:38:41 +0200: Memory Usage (456580K) : isonwell_drw has 0 polygons
2026-04-16 14:38:41 +0200: Memory Usage (456580K) : Total no. of polygons in the design is 64
2026-04-16 14:38:41 +0200: Memory Usage (456580K) : Loaded TECH DRC rules values from /foss/pdks/ihp-sg13g2/libs.tech/klayout/python/sg13g2_pycell_lib/sg13g2_tech_mod.json
2026-04-16 14:38:41 +0200: Memory Usage (456580K) : Loaded default DRC rules values from /foss/pdks/ihp-sg13g2/libs.tech/klayout/tech/drc/rule_decks/sg13g2_tech_default.json
2026-04-16 14:38:41 +0200: Memory Usage (456580K) : The following rules values were missing in tech json and default values were used:
2026-04-16 14:38:41 +0200: Memory Usage (456580K) :   - Cnt_c_digibnd
2026-04-16 14:38:41 +0200: Memory Usage (457732K) : Total area of the design is 6.0196000000000005 um^2.
2026-04-16 14:38:41 +0200: Memory Usage (457732K) : The design dimensions are 1.49 µm * 4.04 µm.
2026-04-16 14:38:41 +0200: Memory Usage (457732K) : Starting general IHP-SG13G2 derivations.
2026-04-16 14:38:41 +0200: Memory Usage (457732K) : Starting Pwell derivations
2026-04-16 14:38:41 +0200: Memory Usage (459512K) : Starting IHP-SG13G2 DRC rules.
2026-04-16 14:38:41 +0200: Memory Usage (459512K) : Starting 5.25. TopMetal2 table
2026-04-16 14:38:41 +0200: Memory Usage (459512K) : Executing rule TM2.a
2026-04-16 14:38:41 +0200: Memory Usage (460100K) : Executing rule TM2.b
2026-04-16 14:38:41 +0200: Memory Usage (460100K) : Executing rule TM2.bR
2026-04-16 14:38:41 +0200: Memory Usage (460484K) : KLayout DRC run for tables 'topmetal2' completed in 0.15 seconds
