# Logfile created on 2026-04-16 14:38:36 +0200 by logger.rb/v1.5.3
2026-04-16 14:38:36 +0200: Memory Usage (438392K) : Starting running IHP-SG13G2 KLayout DRC runset on /var/home/bleroux/Documents/stage_IEMN/analog-asic-design/designs/inverter/layout/inverter.klay.gds
2026-04-16 14:38:36 +0200: Memory Usage (438392K) : Ruby Version for klayout: 3.2.3
2026-04-16 14:38:36 +0200: Memory Usage (439788K) : Loading database to memory is complete.
2026-04-16 14:38:36 +0200: Memory Usage (439788K) : IHP-SG13G2 KLayout DRC runset output at: /var/home/bleroux/Documents/stage_IEMN/analog-asic-design/drc_run_TOP/inverter.klay_TOP_nwell.lyrdb
2026-04-16 14:38:36 +0200: Memory Usage (439980K) : Evaluate switches.
2026-04-16 14:38:36 +0200: Memory Usage (439980K) : tables selected: nwell
2026-04-16 14:38:36 +0200: Memory Usage (439980K) : KLayout will use 1 thread(s) in tiling mode.
2026-04-16 14:38:36 +0200: Memory Usage (439980K) : deep mode is enabled.
2026-04-16 14:38:36 +0200: Memory Usage (439980K) : FEOL enabled: false
2026-04-16 14:38:36 +0200: Memory Usage (440172K) : BEOL enabled: false
2026-04-16 14:38:36 +0200: Memory Usage (440172K) : OFFGRID enabled: true
2026-04-16 14:38:36 +0200: Memory Usage (440172K) : PIN enabled: false
2026-04-16 14:38:36 +0200: Memory Usage (440172K) : FORBIDDEN enabled: false
2026-04-16 14:38:36 +0200: Memory Usage (440172K) : RECOMMENDED enabled: true
2026-04-16 14:38:36 +0200: Memory Usage (440172K) : PreCheck DRC enabled: false
2026-04-16 14:38:36 +0200: Memory Usage (440172K) : CONNECTIVITY_RULES enabled: true.
2026-04-16 14:38:36 +0200: Memory Usage (440172K) : Read in polygons from layers.
2026-04-16 14:38:36 +0200: Memory Usage (440756K) : activ_drw has 8 polygons
2026-04-16 14:38:36 +0200: Memory Usage (440756K) : activ_pin has 0 polygons
2026-04-16 14:38:36 +0200: Memory Usage (440756K) : activ_mask has 0 polygons
2026-04-16 14:38:36 +0200: Memory Usage (440756K) : activ_filler has 0 polygons
2026-04-16 14:38:36 +0200: Memory Usage (440756K) : activ_nofill has 0 polygons
2026-04-16 14:38:36 +0200: Memory Usage (440756K) : activ_opc has 0 polygons
2026-04-16 14:38:36 +0200: Memory Usage (440756K) : activ_iopc has 0 polygons
2026-04-16 14:38:36 +0200: Memory Usage (440756K) : activ_noqrc has 0 polygons
2026-04-16 14:38:36 +0200: Memory Usage (440756K) : biwind_drw has 0 polygons
2026-04-16 14:38:36 +0200: Memory Usage (440756K) : biwind_opc has 0 polygons
2026-04-16 14:38:36 +0200: Memory Usage (440756K) : pemwind_drw has 0 polygons
2026-04-16 14:38:36 +0200: Memory Usage (440756K) : gatpoly_drw has 5 polygons
2026-04-16 14:38:36 +0200: Memory Usage (440756K) : gatpoly_pin has 1 polygons
2026-04-16 14:38:36 +0200: Memory Usage (440756K) : gatpoly_filler has 0 polygons
2026-04-16 14:38:36 +0200: Memory Usage (440756K) : gatpoly_nofill has 0 polygons
2026-04-16 14:38:36 +0200: Memory Usage (440756K) : gatpoly_opc has 0 polygons
2026-04-16 14:38:36 +0200: Memory Usage (440756K) : gatpoly_iopc has 0 polygons
2026-04-16 14:38:36 +0200: Memory Usage (440756K) : gatpoly_noqrc has 0 polygons
2026-04-16 14:38:36 +0200: Memory Usage (440756K) : cont_drw has 13 polygons
2026-04-16 14:38:36 +0200: Memory Usage (440756K) : cont_opc has 0 polygons
2026-04-16 14:38:36 +0200: Memory Usage (440756K) : nsd_drw has 0 polygons
2026-04-16 14:38:36 +0200: Memory Usage (440756K) : nsd_block has 0 polygons
2026-04-16 14:38:36 +0200: Memory Usage (441140K) : metal1_drw has 13 polygons
2026-04-16 14:38:36 +0200: Memory Usage (441332K) : metal1_pin has 7 polygons
2026-04-16 14:38:36 +0200: Memory Usage (441332K) : metal1_mask has 0 polygons
2026-04-16 14:38:36 +0200: Memory Usage (441332K) : metal1_filler has 0 polygons
2026-04-16 14:38:36 +0200: Memory Usage (441332K) : metal1_nofill has 0 polygons
2026-04-16 14:38:36 +0200: Memory Usage (441332K) : metal1_slit has 0 polygons
2026-04-16 14:38:36 +0200: Memory Usage (441716K) : metal1_text has 2 polygons
2026-04-16 14:38:36 +0200: Memory Usage (441716K) : metal1_opc has 0 polygons
2026-04-16 14:38:36 +0200: Memory Usage (441716K) : metal1_noqrc has 0 polygons
2026-04-16 14:38:36 +0200: Memory Usage (441716K) : metal1_res has 0 polygons
2026-04-16 14:38:36 +0200: Memory Usage (441716K) : metal1_iprobe has 0 polygons
2026-04-16 14:38:36 +0200: Memory Usage (441716K) : metal1_diffprb has 0 polygons
2026-04-16 14:38:36 +0200: Memory Usage (441908K) : passiv_drw has 0 polygons
2026-04-16 14:38:36 +0200: Memory Usage (441908K) : passiv_pin has 0 polygons
2026-04-16 14:38:36 +0200: Memory Usage (441908K) : passiv_sbump has 0 polygons
2026-04-16 14:38:36 +0200: Memory Usage (442100K) : passiv_pillar has 0 polygons
2026-04-16 14:38:36 +0200: Memory Usage (442100K) : passiv_pdl has 0 polygons
2026-04-16 14:38:36 +0200: Memory Usage (442100K) : metal2_drw has 0 polygons
2026-04-16 14:38:36 +0200: Memory Usage (442100K) : metal2_pin has 0 polygons
2026-04-16 14:38:36 +0200: Memory Usage (442292K) : metal2_mask has 0 polygons
2026-04-16 14:38:36 +0200: Memory Usage (442292K) : metal2_filler has 0 polygons
2026-04-16 14:38:36 +0200: Memory Usage (442292K) : metal2_nofill has 0 polygons
2026-04-16 14:38:36 +0200: Memory Usage (442484K) : metal2_slit has 0 polygons
2026-04-16 14:38:36 +0200: Memory Usage (442484K) : metal2_text has 0 polygons
2026-04-16 14:38:36 +0200: Memory Usage (442484K) : metal2_opc has 0 polygons
2026-04-16 14:38:36 +0200: Memory Usage (442484K) : metal2_noqrc has 0 polygons
2026-04-16 14:38:36 +0200: Memory Usage (442676K) : metal2_res has 0 polygons
2026-04-16 14:38:36 +0200: Memory Usage (442676K) : metal2_iprobe has 0 polygons
2026-04-16 14:38:36 +0200: Memory Usage (442868K) : metal2_diffprb has 0 polygons
2026-04-16 14:38:36 +0200: Memory Usage (442868K) : baspoly_drw has 0 polygons
2026-04-16 14:38:36 +0200: Memory Usage (442868K) : baspoly_pin has 0 polygons
2026-04-16 14:38:36 +0200: Memory Usage (442868K) : psd_drw has 2 polygons
2026-04-16 14:38:36 +0200: Memory Usage (443060K) : nldb_drw has 0 polygons
2026-04-16 14:38:36 +0200: Memory Usage (443060K) : digibnd_drw has 0 polygons
2026-04-16 14:38:36 +0200: Memory Usage (443060K) : via1_drw has 0 polygons
2026-04-16 14:38:36 +0200: Memory Usage (443060K) : backmetal1_drw has 0 polygons
2026-04-16 14:38:36 +0200: Memory Usage (443060K) : backmetal1_pin has 0 polygons
2026-04-16 14:38:36 +0200: Memory Usage (443252K) : backmetal1_mask has 0 polygons
2026-04-16 14:38:36 +0200: Memory Usage (443252K) : backmetal1_filler has 0 polygons
2026-04-16 14:38:36 +0200: Memory Usage (443252K) : backmetal1_nofill has 0 polygons
2026-04-16 14:38:36 +0200: Memory Usage (443252K) : backmetal1_slit has 0 polygons
2026-04-16 14:38:36 +0200: Memory Usage (443444K) : backmetal1_text has 0 polygons
2026-04-16 14:38:36 +0200: Memory Usage (443444K) : backmetal1_opc has 0 polygons
2026-04-16 14:38:36 +0200: Memory Usage (443444K) : backmetal1_noqrc has 0 polygons
2026-04-16 14:38:36 +0200: Memory Usage (443636K) : backmetal1_res has 0 polygons
2026-04-16 14:38:36 +0200: Memory Usage (443636K) : backmetal1_iprobe has 0 polygons
2026-04-16 14:38:36 +0200: Memory Usage (443636K) : backmetal1_diffprb has 0 polygons
2026-04-16 14:38:36 +0200: Memory Usage (443636K) : backpassiv_drw has 0 polygons
2026-04-16 14:38:36 +0200: Memory Usage (443828K) : res_drw has 0 polygons
2026-04-16 14:38:36 +0200: Memory Usage (443828K) : sram_drw has 0 polygons
2026-04-16 14:38:36 +0200: Memory Usage (443828K) : trans_drw has 0 polygons
2026-04-16 14:38:36 +0200: Memory Usage (444020K) : ind_drw has 0 polygons
2026-04-16 14:38:36 +0200: Memory Usage (444020K) : ind_pin has 0 polygons
2026-04-16 14:38:36 +0200: Memory Usage (444020K) : ind_text has 0 polygons
2026-04-16 14:38:36 +0200: Memory Usage (444212K) : salblock_drw has 0 polygons
2026-04-16 14:38:36 +0200: Memory Usage (444212K) : via2_drw has 0 polygons
2026-04-16 14:38:36 +0200: Memory Usage (444404K) : metal3_drw has 0 polygons
2026-04-16 14:38:36 +0200: Memory Usage (444404K) : metal3_pin has 0 polygons
2026-04-16 14:38:36 +0200: Memory Usage (444404K) : metal3_mask has 0 polygons
2026-04-16 14:38:36 +0200: Memory Usage (444404K) : metal3_filler has 0 polygons
2026-04-16 14:38:36 +0200: Memory Usage (444404K) : metal3_nofill has 0 polygons
2026-04-16 14:38:36 +0200: Memory Usage (444404K) : metal3_slit has 0 polygons
2026-04-16 14:38:36 +0200: Memory Usage (444404K) : metal3_text has 0 polygons
2026-04-16 14:38:36 +0200: Memory Usage (444596K) : metal3_opc has 0 polygons
2026-04-16 14:38:36 +0200: Memory Usage (444596K) : metal3_noqrc has 0 polygons
2026-04-16 14:38:36 +0200: Memory Usage (444596K) : metal3_res has 0 polygons
2026-04-16 14:38:36 +0200: Memory Usage (444596K) : metal3_iprobe has 0 polygons
2026-04-16 14:38:36 +0200: Memory Usage (444788K) : metal3_diffprb has 0 polygons
2026-04-16 14:38:36 +0200: Memory Usage (444788K) : nwell_drw has 3 polygons
2026-04-16 14:38:36 +0200: Memory Usage (444788K) : nwell_pin has 1 polygons
2026-04-16 14:38:36 +0200: Memory Usage (444980K) : nbulay_drw has 1 polygons
2026-04-16 14:38:36 +0200: Memory Usage (444980K) : nbulay_pin has 0 polygons
2026-04-16 14:38:36 +0200: Memory Usage (444980K) : nbulay_block has 0 polygons
2026-04-16 14:38:36 +0200: Memory Usage (445172K) : emwind_drw has 0 polygons
2026-04-16 14:38:36 +0200: Memory Usage (445172K) : emwind_opc has 0 polygons
2026-04-16 14:38:36 +0200: Memory Usage (445364K) : deepco_drw has 0 polygons
2026-04-16 14:38:36 +0200: Memory Usage (445364K) : deepco_drw has 0 polygons
2026-04-16 14:38:36 +0200: Memory Usage (445364K) : mim_drw has 0 polygons
2026-04-16 14:38:36 +0200: Memory Usage (445556K) : edgeseal_drw has 0 polygons
2026-04-16 14:38:36 +0200: Memory Usage (445556K) : edgeseal_bound has 0 polygons
2026-04-16 14:38:36 +0200: Memory Usage (445556K) : substrate_drw has 2 polygons
2026-04-16 14:38:36 +0200: Memory Usage (445748K) : substrate_text has 0 polygons
2026-04-16 14:38:36 +0200: Memory Usage (445748K) : dfpad_drw has 0 polygons
2026-04-16 14:38:36 +0200: Memory Usage (445748K) : dfpad_pillar has 0 polygons
2026-04-16 14:38:36 +0200: Memory Usage (445748K) : dfpad_sbump has 0 polygons
2026-04-16 14:38:36 +0200: Memory Usage (445940K) : thickgateox_drw has 0 polygons
2026-04-16 14:38:36 +0200: Memory Usage (445940K) : pldb_drw has 0 polygons
2026-04-16 14:38:36 +0200: Memory Usage (445940K) : pwell_drw has 0 polygons
2026-04-16 14:38:36 +0200: Memory Usage (445940K) : pwell_pin has 0 polygons
2026-04-16 14:38:36 +0200: Memory Usage (446132K) : pwell_block has 0 polygons
2026-04-16 14:38:36 +0200: Memory Usage (446132K) : ic_drw has 0 polygons
2026-04-16 14:38:36 +0200: Memory Usage (446132K) : via3_drw has 0 polygons
2026-04-16 14:38:36 +0200: Memory Usage (446324K) : metal4_drw has 0 polygons
2026-04-16 14:38:36 +0200: Memory Usage (446324K) : metal4_pin has 0 polygons
2026-04-16 14:38:36 +0200: Memory Usage (446324K) : metal4_mask has 0 polygons
2026-04-16 14:38:36 +0200: Memory Usage (446516K) : metal4_filler has 0 polygons
2026-04-16 14:38:36 +0200: Memory Usage (446516K) : metal4_nofill has 0 polygons
2026-04-16 14:38:36 +0200: Memory Usage (446516K) : metal4_slit has 0 polygons
2026-04-16 14:38:36 +0200: Memory Usage (446516K) : metal4_text has 0 polygons
2026-04-16 14:38:36 +0200: Memory Usage (446708K) : metal4_opc has 0 polygons
2026-04-16 14:38:36 +0200: Memory Usage (446708K) : metal4_noqrc has 0 polygons
2026-04-16 14:38:36 +0200: Memory Usage (446708K) : metal4_res has 0 polygons
2026-04-16 14:38:36 +0200: Memory Usage (446900K) : metal4_iprobe has 0 polygons
2026-04-16 14:38:36 +0200: Memory Usage (446900K) : metal4_diffprb has 0 polygons
2026-04-16 14:38:36 +0200: Memory Usage (446900K) : heattrans_drw has 2 polygons
2026-04-16 14:38:36 +0200: Memory Usage (447092K) : heatres_drw has 0 polygons
2026-04-16 14:38:36 +0200: Memory Usage (447092K) : pempoly_drw has 0 polygons
2026-04-16 14:38:36 +0200: Memory Usage (447092K) : fbe_drw has 0 polygons
2026-04-16 14:38:36 +0200: Memory Usage (447284K) : empoly_drw has 0 polygons
2026-04-16 14:38:36 +0200: Memory Usage (447284K) : ldmos_drw has 0 polygons
2026-04-16 14:38:36 +0200: Memory Usage (447476K) : pbiwind_drw has 0 polygons
2026-04-16 14:38:36 +0200: Memory Usage (447476K) : digisub_drw has 0 polygons
2026-04-16 14:38:36 +0200: Memory Usage (447476K) : nodrc_drw has 0 polygons
2026-04-16 14:38:36 +0200: Memory Usage (447476K) : text_drw has 4 polygons
2026-04-16 14:38:36 +0200: Memory Usage (447668K) : via4_drw has 0 polygons
2026-04-16 14:38:36 +0200: Memory Usage (447668K) : metal5_drw has 0 polygons
2026-04-16 14:38:36 +0200: Memory Usage (447668K) : metal5_pin has 0 polygons
2026-04-16 14:38:36 +0200: Memory Usage (447668K) : metal5_mask has 0 polygons
2026-04-16 14:38:36 +0200: Memory Usage (447860K) : metal5_filler has 0 polygons
2026-04-16 14:38:36 +0200: Memory Usage (447860K) : metal5_nofill has 0 polygons
2026-04-16 14:38:36 +0200: Memory Usage (447860K) : metal5_slit has 0 polygons
2026-04-16 14:38:36 +0200: Memory Usage (448052K) : metal5_text has 0 polygons
2026-04-16 14:38:36 +0200: Memory Usage (448052K) : metal5_opc has 0 polygons
2026-04-16 14:38:36 +0200: Memory Usage (448052K) : metal5_noqrc has 0 polygons
2026-04-16 14:38:36 +0200: Memory Usage (448052K) : metal5_res has 0 polygons
2026-04-16 14:38:36 +0200: Memory Usage (448244K) : metal5_iprobe has 0 polygons
2026-04-16 14:38:36 +0200: Memory Usage (448244K) : metal5_diffprb has 0 polygons
2026-04-16 14:38:36 +0200: Memory Usage (448436K) : radhard_drw has 0 polygons
2026-04-16 14:38:36 +0200: Memory Usage (448436K) : memcap_drw has 0 polygons
2026-04-16 14:38:36 +0200: Memory Usage (448436K) : varicap_drw has 0 polygons
2026-04-16 14:38:36 +0200: Memory Usage (448628K) : flash_drw has 0 polygons
2026-04-16 14:38:36 +0200: Memory Usage (448628K) : intbondvia_drw has 0 polygons
2026-04-16 14:38:36 +0200: Memory Usage (448628K) : intbondmet_drw has 0 polygons
2026-04-16 14:38:36 +0200: Memory Usage (448820K) : devbondvia_drw has 0 polygons
2026-04-16 14:38:36 +0200: Memory Usage (448820K) : devbondmet_drw has 0 polygons
2026-04-16 14:38:36 +0200: Memory Usage (448820K) : devtrench_drw has 0 polygons
2026-04-16 14:38:36 +0200: Memory Usage (449012K) : redist_drw has 0 polygons
2026-04-16 14:38:36 +0200: Memory Usage (449012K) : graphbot_drw has 0 polygons
2026-04-16 14:38:36 +0200: Memory Usage (449012K) : graphtop_drw has 0 polygons
2026-04-16 14:38:36 +0200: Memory Usage (449012K) : antvia1_drw has 0 polygons
2026-04-16 14:38:36 +0200: Memory Usage (449204K) : antmetal2_drw has 0 polygons
2026-04-16 14:38:36 +0200: Memory Usage (449204K) : graphcont_drw has 0 polygons
2026-04-16 14:38:36 +0200: Memory Usage (449204K) : siwg_drw has 0 polygons
2026-04-16 14:38:36 +0200: Memory Usage (449396K) : siwg_filler has 0 polygons
2026-04-16 14:38:36 +0200: Memory Usage (449396K) : siwg_nofill has 0 polygons
2026-04-16 14:38:36 +0200: Memory Usage (449396K) : sigrating_drw has 0 polygons
2026-04-16 14:38:36 +0200: Memory Usage (449588K) : singrating_drw has 0 polygons
2026-04-16 14:38:36 +0200: Memory Usage (449588K) : graphpas_drw has 0 polygons
2026-04-16 14:38:36 +0200: Memory Usage (449588K) : emwind3_drw has 0 polygons
2026-04-16 14:38:36 +0200: Memory Usage (449780K) : emwihv3_drw has 0 polygons
2026-04-16 14:38:36 +0200: Memory Usage (449780K) : redbulay_drw has 0 polygons
2026-04-16 14:38:36 +0200: Memory Usage (449780K) : smos_drw has 0 polygons
2026-04-16 14:38:36 +0200: Memory Usage (449780K) : graphpad_drw has 0 polygons
2026-04-16 14:38:36 +0200: Memory Usage (449972K) : polimide_drw has 0 polygons
2026-04-16 14:38:36 +0200: Memory Usage (449972K) : polimide_pin has 0 polygons
2026-04-16 14:38:36 +0200: Memory Usage (450164K) : recog_drw has 0 polygons
2026-04-16 14:38:36 +0200: Memory Usage (450164K) : recog_pin has 0 polygons
2026-04-16 14:38:36 +0200: Memory Usage (450164K) : recog_esd has 0 polygons
2026-04-16 14:38:36 +0200: Memory Usage (450356K) : recog_diode has 0 polygons
2026-04-16 14:38:36 +0200: Memory Usage (450356K) : recog_tsv has 0 polygons
2026-04-16 14:38:36 +0200: Memory Usage (450356K) : recog_iprobe has 0 polygons
2026-04-16 14:38:36 +0200: Memory Usage (450356K) : recog_diffprb has 0 polygons
2026-04-16 14:38:36 +0200: Memory Usage (450548K) : recog_pillar has 0 polygons
2026-04-16 14:38:36 +0200: Memory Usage (450548K) : recog_sbump has 0 polygons
2026-04-16 14:38:36 +0200: Memory Usage (450548K) : recog_otp has 0 polygons
2026-04-16 14:38:36 +0200: Memory Usage (450740K) : recog_pdiode has 0 polygons
2026-04-16 14:38:36 +0200: Memory Usage (450740K) : recog_mom has 0 polygons
2026-04-16 14:38:36 +0200: Memory Usage (450740K) : recog_pcm has 0 polygons
2026-04-16 14:38:36 +0200: Memory Usage (450740K) : colopen_drw has 0 polygons
2026-04-16 14:38:36 +0200: Memory Usage (450740K) : graphmetal1_drw has 0 polygons
2026-04-16 14:38:36 +0200: Memory Usage (450932K) : graphmetal1_filler has 0 polygons
2026-04-16 14:38:36 +0200: Memory Usage (450932K) : graphmetal1_nofill has 0 polygons
2026-04-16 14:38:36 +0200: Memory Usage (450932K) : graphmetal1_slit has 0 polygons
2026-04-16 14:38:36 +0200: Memory Usage (450932K) : graphmetal1_opc has 0 polygons
2026-04-16 14:38:36 +0200: Memory Usage (450932K) : graphmet1l_drw has 0 polygons
2026-04-16 14:38:36 +0200: Memory Usage (451124K) : graphmet1l_filler has 0 polygons
2026-04-16 14:38:36 +0200: Memory Usage (451124K) : graphmet1l_nofill has 0 polygons
2026-04-16 14:38:36 +0200: Memory Usage (451124K) : graphmet1l_slit has 0 polygons
2026-04-16 14:38:36 +0200: Memory Usage (451124K) : graphmet1l_opc has 0 polygons
2026-04-16 14:38:36 +0200: Memory Usage (451124K) : extblock_drw has 0 polygons
2026-04-16 14:38:36 +0200: Memory Usage (451316K) : nldd_drw has 0 polygons
2026-04-16 14:38:36 +0200: Memory Usage (451316K) : pldd_drw has 0 polygons
2026-04-16 14:38:36 +0200: Memory Usage (451316K) : next_drw has 0 polygons
2026-04-16 14:38:36 +0200: Memory Usage (451316K) : pext_drw has 0 polygons
2026-04-16 14:38:36 +0200: Memory Usage (451508K) : nexthv_drw has 0 polygons
2026-04-16 14:38:36 +0200: Memory Usage (451508K) : pexthv_drw has 0 polygons
2026-04-16 14:38:36 +0200: Memory Usage (451508K) : graphgate_drw has 0 polygons
2026-04-16 14:38:36 +0200: Memory Usage (451700K) : sinwg_drw has 0 polygons
2026-04-16 14:38:36 +0200: Memory Usage (451700K) : sinwg_filler has 0 polygons
2026-04-16 14:38:36 +0200: Memory Usage (451700K) : sinwg_nofill has 0 polygons
2026-04-16 14:38:36 +0200: Memory Usage (451700K) : mempad_drw has 0 polygons
2026-04-16 14:38:36 +0200: Memory Usage (451892K) : topvia1_drw has 0 polygons
2026-04-16 14:38:36 +0200: Memory Usage (451892K) : topmetal1_drw has 0 polygons
2026-04-16 14:38:36 +0200: Memory Usage (451892K) : topmetal1_pin has 0 polygons
2026-04-16 14:38:36 +0200: Memory Usage (452084K) : topmetal1_mask has 0 polygons
2026-04-16 14:38:36 +0200: Memory Usage (452084K) : topmetal1_filler has 0 polygons
2026-04-16 14:38:36 +0200: Memory Usage (452084K) : topmetal1_nofill has 0 polygons
2026-04-16 14:38:36 +0200: Memory Usage (452084K) : topmetal1_slit has 0 polygons
2026-04-16 14:38:36 +0200: Memory Usage (452084K) : topmetal1_text has 0 polygons
2026-04-16 14:38:36 +0200: Memory Usage (452276K) : topmetal1_noqrc has 0 polygons
2026-04-16 14:38:36 +0200: Memory Usage (452276K) : topmetal1_res has 0 polygons
2026-04-16 14:38:36 +0200: Memory Usage (452276K) : topmetal1_iprobe has 0 polygons
2026-04-16 14:38:36 +0200: Memory Usage (452276K) : topmetal1_diffprb has 0 polygons
2026-04-16 14:38:36 +0200: Memory Usage (452276K) : inldpwl_drw has 0 polygons
2026-04-16 14:38:36 +0200: Memory Usage (452468K) : polyres_drw has 0 polygons
2026-04-16 14:38:36 +0200: Memory Usage (452468K) : polyres_pin has 0 polygons
2026-04-16 14:38:36 +0200: Memory Usage (452468K) : vmim_drw has 0 polygons
2026-04-16 14:38:36 +0200: Memory Usage (452468K) : nbulaycut_drw has 0 polygons
2026-04-16 14:38:36 +0200: Memory Usage (452660K) : antmetal1_drw has 0 polygons
2026-04-16 14:38:36 +0200: Memory Usage (452660K) : topvia2_drw has 0 polygons
2026-04-16 14:38:36 +0200: Memory Usage (452660K) : topmetal2_drw has 0 polygons
2026-04-16 14:38:36 +0200: Memory Usage (452660K) : topmetal2_pin has 0 polygons
2026-04-16 14:38:36 +0200: Memory Usage (452852K) : topmetal2_mask has 0 polygons
2026-04-16 14:38:36 +0200: Memory Usage (452852K) : topmetal2_filler has 0 polygons
2026-04-16 14:38:36 +0200: Memory Usage (452852K) : topmetal2_nofill has 0 polygons
2026-04-16 14:38:36 +0200: Memory Usage (452852K) : topmetal2_slit has 0 polygons
2026-04-16 14:38:36 +0200: Memory Usage (453044K) : topmetal2_text has 0 polygons
2026-04-16 14:38:36 +0200: Memory Usage (453044K) : topmetal2_noqrc has 0 polygons
2026-04-16 14:38:36 +0200: Memory Usage (453044K) : topmetal2_res has 0 polygons
2026-04-16 14:38:36 +0200: Memory Usage (453236K) : topmetal2_iprobe has 0 polygons
2026-04-16 14:38:36 +0200: Memory Usage (453236K) : topmetal2_diffprb has 0 polygons
2026-04-16 14:38:36 +0200: Memory Usage (453236K) : snsring_drw has 0 polygons
2026-04-16 14:38:36 +0200: Memory Usage (453236K) : sensor_drw has 0 polygons
2026-04-16 14:38:36 +0200: Memory Usage (453428K) : snsarms_drw has 0 polygons
2026-04-16 14:38:36 +0200: Memory Usage (453428K) : snscmosvia_drw has 0 polygons
2026-04-16 14:38:36 +0200: Memory Usage (453428K) : colwind_drw has 0 polygons
2026-04-16 14:38:36 +0200: Memory Usage (453620K) : flm_drw has 0 polygons
2026-04-16 14:38:36 +0200: Memory Usage (453620K) : hafniumox_drw has 0 polygons
2026-04-16 14:38:36 +0200: Memory Usage (453620K) : memvia_drw has 0 polygons
2026-04-16 14:38:36 +0200: Memory Usage (453620K) : thinfilmres_drw has 0 polygons
2026-04-16 14:38:36 +0200: Memory Usage (453812K) : rfmem_drw has 0 polygons
2026-04-16 14:38:36 +0200: Memory Usage (453812K) : norcx_drw has 0 polygons
2026-04-16 14:38:36 +0200: Memory Usage (453812K) : norcx_m2m3 has 0 polygons
2026-04-16 14:38:36 +0200: Memory Usage (454004K) : norcx_m2m4 has 0 polygons
2026-04-16 14:38:36 +0200: Memory Usage (454004K) : norcx_m2m5 has 0 polygons
2026-04-16 14:38:36 +0200: Memory Usage (454004K) : norcx_m2tm1 has 0 polygons
2026-04-16 14:38:36 +0200: Memory Usage (454004K) : norcx_m2tm2 has 0 polygons
2026-04-16 14:38:36 +0200: Memory Usage (454196K) : norcx_m3m4 has 0 polygons
2026-04-16 14:38:36 +0200: Memory Usage (454196K) : norcx_m3m5 has 0 polygons
2026-04-16 14:38:36 +0200: Memory Usage (454196K) : norcx_m3tm1 has 0 polygons
2026-04-16 14:38:36 +0200: Memory Usage (454388K) : norcx_m3tm2 has 0 polygons
2026-04-16 14:38:36 +0200: Memory Usage (454388K) : norcx_m4m5 has 0 polygons
2026-04-16 14:38:36 +0200: Memory Usage (454388K) : norcx_m4tm1 has 0 polygons
2026-04-16 14:38:36 +0200: Memory Usage (454388K) : norcx_m4tm2 has 0 polygons
2026-04-16 14:38:36 +0200: Memory Usage (454388K) : norcx_m5tm1 has 0 polygons
2026-04-16 14:38:36 +0200: Memory Usage (454388K) : norcx_m5tm2 has 0 polygons
2026-04-16 14:38:36 +0200: Memory Usage (454388K) : norcx_tm1tm2 has 0 polygons
2026-04-16 14:38:36 +0200: Memory Usage (454580K) : norcx_m1sub has 0 polygons
2026-04-16 14:38:36 +0200: Memory Usage (454580K) : norcx_m2sub has 0 polygons
2026-04-16 14:38:36 +0200: Memory Usage (454580K) : norcx_m3sub has 0 polygons
2026-04-16 14:38:36 +0200: Memory Usage (454580K) : norcx_m4sub has 0 polygons
2026-04-16 14:38:36 +0200: Memory Usage (454580K) : norcx_m5sub has 0 polygons
2026-04-16 14:38:36 +0200: Memory Usage (454772K) : norcx_tm1sub has 0 polygons
2026-04-16 14:38:36 +0200: Memory Usage (454772K) : norcx_tm2sub has 0 polygons
2026-04-16 14:38:36 +0200: Memory Usage (454772K) : snsbotvia_drw has 0 polygons
2026-04-16 14:38:36 +0200: Memory Usage (454772K) : snstopvia_drw has 0 polygons
2026-04-16 14:38:36 +0200: Memory Usage (454772K) : deepvia_drw has 0 polygons
2026-04-16 14:38:36 +0200: Memory Usage (454964K) : fgetch_drw has 0 polygons
2026-04-16 14:38:36 +0200: Memory Usage (454964K) : ctrgat_drw has 0 polygons
2026-04-16 14:38:36 +0200: Memory Usage (454964K) : fgimp_drw has 0 polygons
2026-04-16 14:38:36 +0200: Memory Usage (454964K) : emwihv_drw has 0 polygons
2026-04-16 14:38:36 +0200: Memory Usage (454964K) : lbe_drw has 0 polygons
2026-04-16 14:38:36 +0200: Memory Usage (455156K) : alcustop_drw has 0 polygons
2026-04-16 14:38:36 +0200: Memory Usage (455156K) : nometfiller_drw has 0 polygons
2026-04-16 14:38:36 +0200: Memory Usage (455156K) : prboundary_drw has 0 polygons
2026-04-16 14:38:36 +0200: Memory Usage (455156K) : exchange0_drw has 0 polygons
2026-04-16 14:38:36 +0200: Memory Usage (455156K) : exchange0_pin has 0 polygons
2026-04-16 14:38:36 +0200: Memory Usage (455348K) : exchange0_text has 0 polygons
2026-04-16 14:38:36 +0200: Memory Usage (455348K) : exchange1_drw has 0 polygons
2026-04-16 14:38:36 +0200: Memory Usage (455348K) : exchange1_pin has 0 polygons
2026-04-16 14:38:36 +0200: Memory Usage (455348K) : exchange1_text has 0 polygons
2026-04-16 14:38:36 +0200: Memory Usage (455348K) : exchange2_drw has 0 polygons
2026-04-16 14:38:36 +0200: Memory Usage (455540K) : exchange2_pin has 0 polygons
2026-04-16 14:38:36 +0200: Memory Usage (455540K) : exchange2_text has 0 polygons
2026-04-16 14:38:36 +0200: Memory Usage (455540K) : exchange3_drw has 0 polygons
2026-04-16 14:38:36 +0200: Memory Usage (455540K) : exchange3_pin has 0 polygons
2026-04-16 14:38:36 +0200: Memory Usage (455540K) : exchange3_text has 0 polygons
2026-04-16 14:38:36 +0200: Memory Usage (455732K) : exchange4_drw has 0 polygons
2026-04-16 14:38:36 +0200: Memory Usage (455732K) : exchange4_pin has 0 polygons
2026-04-16 14:38:36 +0200: Memory Usage (455732K) : exchange4_text has 0 polygons
2026-04-16 14:38:36 +0200: Memory Usage (455732K) : isonwell_drw has 0 polygons
2026-04-16 14:38:36 +0200: Memory Usage (455732K) : Total no. of polygons in the design is 64
2026-04-16 14:38:36 +0200: Memory Usage (455924K) : Loaded TECH DRC rules values from /foss/pdks/ihp-sg13g2/libs.tech/klayout/python/sg13g2_pycell_lib/sg13g2_tech_mod.json
2026-04-16 14:38:36 +0200: Memory Usage (455924K) : Loaded default DRC rules values from /foss/pdks/ihp-sg13g2/libs.tech/klayout/tech/drc/rule_decks/sg13g2_tech_default.json
2026-04-16 14:38:36 +0200: Memory Usage (455924K) : The following rules values were missing in tech json and default values were used:
2026-04-16 14:38:36 +0200: Memory Usage (455924K) :   - Cnt_c_digibnd
2026-04-16 14:38:36 +0200: Memory Usage (457076K) : Total area of the design is 6.0196000000000005 um^2.
2026-04-16 14:38:36 +0200: Memory Usage (457076K) : The design dimensions are 1.49 µm * 4.04 µm.
2026-04-16 14:38:36 +0200: Memory Usage (457076K) : Starting general IHP-SG13G2 derivations.
2026-04-16 14:38:36 +0200: Memory Usage (457076K) : Starting Pwell derivations
2026-04-16 14:38:36 +0200: Memory Usage (459480K) : Starting n-Activ derivations
2026-04-16 14:38:36 +0200: Memory Usage (459480K) : Starting p-Activ derivations
2026-04-16 14:38:36 +0200: Memory Usage (459672K) : Starting ptap derivations
2026-04-16 14:38:36 +0200: Memory Usage (459672K) : Starting ntap derivations
2026-04-16 14:38:36 +0200: Memory Usage (459672K) : Starting pact FET derivations
2026-04-16 14:38:36 +0200: Memory Usage (459672K) : Starting nact FET derivations
2026-04-16 14:38:36 +0200: Memory Usage (459864K) : Starting Gate derivations
2026-04-16 14:38:36 +0200: Memory Usage (460056K) : Starting IHP-SG13G2 DRC connectivity related derivations.
2026-04-16 14:38:36 +0200: Memory Usage (460824K) : Starting IHP-SG13G2 DRC connectivity setup
2026-04-16 14:38:36 +0200: Memory Usage (461400K) : Starting IHP-SG13G2 DRC rules.
2026-04-16 14:38:36 +0200: Memory Usage (461400K) : Starting 5.1 NWell table
2026-04-16 14:38:36 +0200: Memory Usage (461400K) : Executing rule NW.b
2026-04-16 14:38:36 +0200: Memory Usage (461976K) : Executing rule NW.b1
2026-04-16 14:38:36 +0200: Memory Usage (462168K) : KLayout DRC run for tables 'nwell' completed in 0.3 seconds
