# Logfile created on 2026-04-16 14:38:41 +0200 by logger.rb/v1.5.3
2026-04-16 14:38:41 +0200: Memory Usage (439116K) : Starting running IHP-SG13G2 KLayout DRC runset on /var/home/bleroux/Documents/stage_IEMN/analog-asic-design/designs/inverter/layout/inverter.klay.gds
2026-04-16 14:38:41 +0200: Memory Usage (439116K) : Ruby Version for klayout: 3.2.3
2026-04-16 14:38:41 +0200: Memory Usage (440708K) : Loading database to memory is complete.
2026-04-16 14:38:41 +0200: Memory Usage (440708K) : IHP-SG13G2 KLayout DRC runset output at: /var/home/bleroux/Documents/stage_IEMN/analog-asic-design/drc_run_TOP/inverter.klay_TOP_sealring.lyrdb
2026-04-16 14:38:41 +0200: Memory Usage (440708K) : Evaluate switches.
2026-04-16 14:38:41 +0200: Memory Usage (440708K) : tables selected: sealring
2026-04-16 14:38:41 +0200: Memory Usage (440708K) : KLayout will use 1 thread(s) in tiling mode.
2026-04-16 14:38:41 +0200: Memory Usage (440708K) : deep mode is enabled.
2026-04-16 14:38:41 +0200: Memory Usage (440708K) : FEOL enabled: false
2026-04-16 14:38:41 +0200: Memory Usage (440900K) : BEOL enabled: false
2026-04-16 14:38:41 +0200: Memory Usage (440900K) : OFFGRID enabled: true
2026-04-16 14:38:41 +0200: Memory Usage (440900K) : PIN enabled: false
2026-04-16 14:38:41 +0200: Memory Usage (440900K) : FORBIDDEN enabled: false
2026-04-16 14:38:41 +0200: Memory Usage (440900K) : RECOMMENDED enabled: true
2026-04-16 14:38:41 +0200: Memory Usage (440900K) : PreCheck DRC enabled: false
2026-04-16 14:38:41 +0200: Memory Usage (440900K) : CONNECTIVITY_RULES enabled: false.
2026-04-16 14:38:41 +0200: Memory Usage (440900K) : Read in polygons from layers.
2026-04-16 14:38:41 +0200: Memory Usage (441860K) : activ_drw has 8 polygons
2026-04-16 14:38:41 +0200: Memory Usage (441860K) : activ_pin has 0 polygons
2026-04-16 14:38:41 +0200: Memory Usage (441860K) : activ_mask has 0 polygons
2026-04-16 14:38:41 +0200: Memory Usage (441860K) : activ_filler has 0 polygons
2026-04-16 14:38:41 +0200: Memory Usage (441860K) : activ_nofill has 0 polygons
2026-04-16 14:38:41 +0200: Memory Usage (441860K) : activ_opc has 0 polygons
2026-04-16 14:38:41 +0200: Memory Usage (441860K) : activ_iopc has 0 polygons
2026-04-16 14:38:41 +0200: Memory Usage (441860K) : activ_noqrc has 0 polygons
2026-04-16 14:38:41 +0200: Memory Usage (441860K) : biwind_drw has 0 polygons
2026-04-16 14:38:41 +0200: Memory Usage (441860K) : biwind_opc has 0 polygons
2026-04-16 14:38:41 +0200: Memory Usage (441860K) : pemwind_drw has 0 polygons
2026-04-16 14:38:41 +0200: Memory Usage (441860K) : gatpoly_drw has 5 polygons
2026-04-16 14:38:41 +0200: Memory Usage (441860K) : gatpoly_pin has 1 polygons
2026-04-16 14:38:41 +0200: Memory Usage (441860K) : gatpoly_filler has 0 polygons
2026-04-16 14:38:41 +0200: Memory Usage (441860K) : gatpoly_nofill has 0 polygons
2026-04-16 14:38:41 +0200: Memory Usage (441860K) : gatpoly_opc has 0 polygons
2026-04-16 14:38:41 +0200: Memory Usage (441860K) : gatpoly_iopc has 0 polygons
2026-04-16 14:38:41 +0200: Memory Usage (441860K) : gatpoly_noqrc has 0 polygons
2026-04-16 14:38:41 +0200: Memory Usage (441860K) : cont_drw has 13 polygons
2026-04-16 14:38:41 +0200: Memory Usage (441860K) : cont_opc has 0 polygons
2026-04-16 14:38:41 +0200: Memory Usage (441860K) : nsd_drw has 0 polygons
2026-04-16 14:38:41 +0200: Memory Usage (441860K) : nsd_block has 0 polygons
2026-04-16 14:38:41 +0200: Memory Usage (442052K) : metal1_drw has 13 polygons
2026-04-16 14:38:41 +0200: Memory Usage (442052K) : metal1_pin has 7 polygons
2026-04-16 14:38:41 +0200: Memory Usage (442052K) : metal1_mask has 0 polygons
2026-04-16 14:38:41 +0200: Memory Usage (442052K) : metal1_filler has 0 polygons
2026-04-16 14:38:41 +0200: Memory Usage (442052K) : metal1_nofill has 0 polygons
2026-04-16 14:38:41 +0200: Memory Usage (442244K) : metal1_slit has 0 polygons
2026-04-16 14:38:41 +0200: Memory Usage (442628K) : metal1_text has 2 polygons
2026-04-16 14:38:41 +0200: Memory Usage (442628K) : metal1_opc has 0 polygons
2026-04-16 14:38:41 +0200: Memory Usage (442628K) : metal1_noqrc has 0 polygons
2026-04-16 14:38:41 +0200: Memory Usage (442628K) : metal1_res has 0 polygons
2026-04-16 14:38:41 +0200: Memory Usage (442628K) : metal1_iprobe has 0 polygons
2026-04-16 14:38:41 +0200: Memory Usage (442628K) : metal1_diffprb has 0 polygons
2026-04-16 14:38:41 +0200: Memory Usage (442628K) : passiv_drw has 0 polygons
2026-04-16 14:38:41 +0200: Memory Usage (442820K) : passiv_pin has 0 polygons
2026-04-16 14:38:41 +0200: Memory Usage (442820K) : passiv_sbump has 0 polygons
2026-04-16 14:38:41 +0200: Memory Usage (442820K) : passiv_pillar has 0 polygons
2026-04-16 14:38:41 +0200: Memory Usage (443012K) : passiv_pdl has 0 polygons
2026-04-16 14:38:41 +0200: Memory Usage (443012K) : metal2_drw has 0 polygons
2026-04-16 14:38:41 +0200: Memory Usage (443012K) : metal2_pin has 0 polygons
2026-04-16 14:38:41 +0200: Memory Usage (443012K) : metal2_mask has 0 polygons
2026-04-16 14:38:41 +0200: Memory Usage (443204K) : metal2_filler has 0 polygons
2026-04-16 14:38:41 +0200: Memory Usage (443204K) : metal2_nofill has 0 polygons
2026-04-16 14:38:41 +0200: Memory Usage (443204K) : metal2_slit has 0 polygons
2026-04-16 14:38:41 +0200: Memory Usage (443396K) : metal2_text has 0 polygons
2026-04-16 14:38:41 +0200: Memory Usage (443396K) : metal2_opc has 0 polygons
2026-04-16 14:38:41 +0200: Memory Usage (443396K) : metal2_noqrc has 0 polygons
2026-04-16 14:38:41 +0200: Memory Usage (443588K) : metal2_res has 0 polygons
2026-04-16 14:38:41 +0200: Memory Usage (443588K) : metal2_iprobe has 0 polygons
2026-04-16 14:38:41 +0200: Memory Usage (443588K) : metal2_diffprb has 0 polygons
2026-04-16 14:38:41 +0200: Memory Usage (443780K) : baspoly_drw has 0 polygons
2026-04-16 14:38:41 +0200: Memory Usage (443780K) : baspoly_pin has 0 polygons
2026-04-16 14:38:41 +0200: Memory Usage (443780K) : psd_drw has 2 polygons
2026-04-16 14:38:41 +0200: Memory Usage (443972K) : nldb_drw has 0 polygons
2026-04-16 14:38:41 +0200: Memory Usage (443972K) : digibnd_drw has 0 polygons
2026-04-16 14:38:41 +0200: Memory Usage (443972K) : via1_drw has 0 polygons
2026-04-16 14:38:41 +0200: Memory Usage (443972K) : backmetal1_drw has 0 polygons
2026-04-16 14:38:41 +0200: Memory Usage (444164K) : backmetal1_pin has 0 polygons
2026-04-16 14:38:41 +0200: Memory Usage (444164K) : backmetal1_mask has 0 polygons
2026-04-16 14:38:41 +0200: Memory Usage (444164K) : backmetal1_filler has 0 polygons
2026-04-16 14:38:41 +0200: Memory Usage (444356K) : backmetal1_nofill has 0 polygons
2026-04-16 14:38:41 +0200: Memory Usage (444356K) : backmetal1_slit has 0 polygons
2026-04-16 14:38:41 +0200: Memory Usage (444356K) : backmetal1_text has 0 polygons
2026-04-16 14:38:41 +0200: Memory Usage (444356K) : backmetal1_opc has 0 polygons
2026-04-16 14:38:41 +0200: Memory Usage (444548K) : backmetal1_noqrc has 0 polygons
2026-04-16 14:38:41 +0200: Memory Usage (444548K) : backmetal1_res has 0 polygons
2026-04-16 14:38:41 +0200: Memory Usage (444548K) : backmetal1_iprobe has 0 polygons
2026-04-16 14:38:41 +0200: Memory Usage (444740K) : backmetal1_diffprb has 0 polygons
2026-04-16 14:38:41 +0200: Memory Usage (444740K) : backpassiv_drw has 0 polygons
2026-04-16 14:38:41 +0200: Memory Usage (444740K) : res_drw has 0 polygons
2026-04-16 14:38:41 +0200: Memory Usage (444740K) : sram_drw has 0 polygons
2026-04-16 14:38:41 +0200: Memory Usage (444932K) : trans_drw has 0 polygons
2026-04-16 14:38:41 +0200: Memory Usage (444932K) : ind_drw has 0 polygons
2026-04-16 14:38:41 +0200: Memory Usage (445124K) : ind_pin has 0 polygons
2026-04-16 14:38:41 +0200: Memory Usage (445124K) : ind_text has 0 polygons
2026-04-16 14:38:41 +0200: Memory Usage (445124K) : salblock_drw has 0 polygons
2026-04-16 14:38:41 +0200: Memory Usage (445124K) : via2_drw has 0 polygons
2026-04-16 14:38:41 +0200: Memory Usage (445316K) : metal3_drw has 0 polygons
2026-04-16 14:38:41 +0200: Memory Usage (445316K) : metal3_pin has 0 polygons
2026-04-16 14:38:41 +0200: Memory Usage (445508K) : metal3_mask has 0 polygons
2026-04-16 14:38:41 +0200: Memory Usage (445508K) : metal3_filler has 0 polygons
2026-04-16 14:38:41 +0200: Memory Usage (445508K) : metal3_nofill has 0 polygons
2026-04-16 14:38:41 +0200: Memory Usage (445508K) : metal3_slit has 0 polygons
2026-04-16 14:38:41 +0200: Memory Usage (445700K) : metal3_text has 0 polygons
2026-04-16 14:38:41 +0200: Memory Usage (445700K) : metal3_opc has 0 polygons
2026-04-16 14:38:41 +0200: Memory Usage (445700K) : metal3_noqrc has 0 polygons
2026-04-16 14:38:41 +0200: Memory Usage (445892K) : metal3_res has 0 polygons
2026-04-16 14:38:41 +0200: Memory Usage (445892K) : metal3_iprobe has 0 polygons
2026-04-16 14:38:41 +0200: Memory Usage (445892K) : metal3_diffprb has 0 polygons
2026-04-16 14:38:41 +0200: Memory Usage (446084K) : nwell_drw has 3 polygons
2026-04-16 14:38:41 +0200: Memory Usage (446084K) : nwell_pin has 1 polygons
2026-04-16 14:38:41 +0200: Memory Usage (446084K) : nbulay_drw has 1 polygons
2026-04-16 14:38:41 +0200: Memory Usage (446276K) : nbulay_pin has 0 polygons
2026-04-16 14:38:41 +0200: Memory Usage (446276K) : nbulay_block has 0 polygons
2026-04-16 14:38:41 +0200: Memory Usage (446468K) : emwind_drw has 0 polygons
2026-04-16 14:38:41 +0200: Memory Usage (446468K) : emwind_opc has 0 polygons
2026-04-16 14:38:41 +0200: Memory Usage (446468K) : deepco_drw has 0 polygons
2026-04-16 14:38:41 +0200: Memory Usage (446468K) : deepco_drw has 0 polygons
2026-04-16 14:38:41 +0200: Memory Usage (446660K) : mim_drw has 0 polygons
2026-04-16 14:38:41 +0200: Memory Usage (446660K) : edgeseal_drw has 0 polygons
2026-04-16 14:38:41 +0200: Memory Usage (446852K) : edgeseal_bound has 0 polygons
2026-04-16 14:38:41 +0200: Memory Usage (446852K) : substrate_drw has 2 polygons
2026-04-16 14:38:41 +0200: Memory Usage (446852K) : substrate_text has 0 polygons
2026-04-16 14:38:41 +0200: Memory Usage (446852K) : dfpad_drw has 0 polygons
2026-04-16 14:38:41 +0200: Memory Usage (447044K) : dfpad_pillar has 0 polygons
2026-04-16 14:38:41 +0200: Memory Usage (447044K) : dfpad_sbump has 0 polygons
2026-04-16 14:38:41 +0200: Memory Usage (447044K) : thickgateox_drw has 0 polygons
2026-04-16 14:38:41 +0200: Memory Usage (447236K) : pldb_drw has 0 polygons
2026-04-16 14:38:41 +0200: Memory Usage (447236K) : pwell_drw has 0 polygons
2026-04-16 14:38:41 +0200: Memory Usage (447236K) : pwell_pin has 0 polygons
2026-04-16 14:38:41 +0200: Memory Usage (447236K) : pwell_block has 0 polygons
2026-04-16 14:38:41 +0200: Memory Usage (447428K) : ic_drw has 0 polygons
2026-04-16 14:38:41 +0200: Memory Usage (447428K) : via3_drw has 0 polygons
2026-04-16 14:38:41 +0200: Memory Usage (447620K) : metal4_drw has 0 polygons
2026-04-16 14:38:41 +0200: Memory Usage (447620K) : metal4_pin has 0 polygons
2026-04-16 14:38:41 +0200: Memory Usage (447620K) : metal4_mask has 0 polygons
2026-04-16 14:38:41 +0200: Memory Usage (447620K) : metal4_filler has 0 polygons
2026-04-16 14:38:41 +0200: Memory Usage (447812K) : metal4_nofill has 0 polygons
2026-04-16 14:38:41 +0200: Memory Usage (447812K) : metal4_slit has 0 polygons
2026-04-16 14:38:41 +0200: Memory Usage (447812K) : metal4_text has 0 polygons
2026-04-16 14:38:41 +0200: Memory Usage (448004K) : metal4_opc has 0 polygons
2026-04-16 14:38:41 +0200: Memory Usage (448004K) : metal4_noqrc has 0 polygons
2026-04-16 14:38:41 +0200: Memory Usage (448004K) : metal4_res has 0 polygons
2026-04-16 14:38:41 +0200: Memory Usage (448004K) : metal4_iprobe has 0 polygons
2026-04-16 14:38:41 +0200: Memory Usage (448196K) : metal4_diffprb has 0 polygons
2026-04-16 14:38:41 +0200: Memory Usage (448196K) : heattrans_drw has 2 polygons
2026-04-16 14:38:41 +0200: Memory Usage (448388K) : heatres_drw has 0 polygons
2026-04-16 14:38:41 +0200: Memory Usage (448388K) : pempoly_drw has 0 polygons
2026-04-16 14:38:41 +0200: Memory Usage (448388K) : fbe_drw has 0 polygons
2026-04-16 14:38:41 +0200: Memory Usage (448580K) : empoly_drw has 0 polygons
2026-04-16 14:38:41 +0200: Memory Usage (448580K) : ldmos_drw has 0 polygons
2026-04-16 14:38:41 +0200: Memory Usage (448580K) : pbiwind_drw has 0 polygons
2026-04-16 14:38:41 +0200: Memory Usage (448772K) : digisub_drw has 0 polygons
2026-04-16 14:38:41 +0200: Memory Usage (448772K) : nodrc_drw has 0 polygons
2026-04-16 14:38:41 +0200: Memory Usage (448772K) : text_drw has 4 polygons
2026-04-16 14:38:41 +0200: Memory Usage (448964K) : via4_drw has 0 polygons
2026-04-16 14:38:41 +0200: Memory Usage (448964K) : metal5_drw has 0 polygons
2026-04-16 14:38:41 +0200: Memory Usage (448964K) : metal5_pin has 0 polygons
2026-04-16 14:38:41 +0200: Memory Usage (448964K) : metal5_mask has 0 polygons
2026-04-16 14:38:41 +0200: Memory Usage (449156K) : metal5_filler has 0 polygons
2026-04-16 14:38:41 +0200: Memory Usage (449156K) : metal5_nofill has 0 polygons
2026-04-16 14:38:41 +0200: Memory Usage (449156K) : metal5_slit has 0 polygons
2026-04-16 14:38:41 +0200: Memory Usage (449156K) : metal5_text has 0 polygons
2026-04-16 14:38:41 +0200: Memory Usage (449348K) : metal5_opc has 0 polygons
2026-04-16 14:38:41 +0200: Memory Usage (449348K) : metal5_noqrc has 0 polygons
2026-04-16 14:38:41 +0200: Memory Usage (449348K) : metal5_res has 0 polygons
2026-04-16 14:38:41 +0200: Memory Usage (449348K) : metal5_iprobe has 0 polygons
2026-04-16 14:38:41 +0200: Memory Usage (449540K) : metal5_diffprb has 0 polygons
2026-04-16 14:38:41 +0200: Memory Usage (449540K) : radhard_drw has 0 polygons
2026-04-16 14:38:41 +0200: Memory Usage (449732K) : memcap_drw has 0 polygons
2026-04-16 14:38:41 +0200: Memory Usage (449732K) : varicap_drw has 0 polygons
2026-04-16 14:38:41 +0200: Memory Usage (449924K) : flash_drw has 0 polygons
2026-04-16 14:38:41 +0200: Memory Usage (449924K) : intbondvia_drw has 0 polygons
2026-04-16 14:38:41 +0200: Memory Usage (449924K) : intbondmet_drw has 0 polygons
2026-04-16 14:38:41 +0200: Memory Usage (449924K) : devbondvia_drw has 0 polygons
2026-04-16 14:38:41 +0200: Memory Usage (450116K) : devbondmet_drw has 0 polygons
2026-04-16 14:38:41 +0200: Memory Usage (450116K) : devtrench_drw has 0 polygons
2026-04-16 14:38:41 +0200: Memory Usage (450116K) : redist_drw has 0 polygons
2026-04-16 14:38:41 +0200: Memory Usage (450308K) : graphbot_drw has 0 polygons
2026-04-16 14:38:41 +0200: Memory Usage (450308K) : graphtop_drw has 0 polygons
2026-04-16 14:38:41 +0200: Memory Usage (450308K) : antvia1_drw has 0 polygons
2026-04-16 14:38:41 +0200: Memory Usage (450308K) : antmetal2_drw has 0 polygons
2026-04-16 14:38:41 +0200: Memory Usage (450500K) : graphcont_drw has 0 polygons
2026-04-16 14:38:41 +0200: Memory Usage (450500K) : siwg_drw has 0 polygons
2026-04-16 14:38:41 +0200: Memory Usage (450500K) : siwg_filler has 0 polygons
2026-04-16 14:38:41 +0200: Memory Usage (450692K) : siwg_nofill has 0 polygons
2026-04-16 14:38:41 +0200: Memory Usage (450692K) : sigrating_drw has 0 polygons
2026-04-16 14:38:41 +0200: Memory Usage (450692K) : singrating_drw has 0 polygons
2026-04-16 14:38:41 +0200: Memory Usage (450884K) : graphpas_drw has 0 polygons
2026-04-16 14:38:41 +0200: Memory Usage (450884K) : emwind3_drw has 0 polygons
2026-04-16 14:38:41 +0200: Memory Usage (450884K) : emwihv3_drw has 0 polygons
2026-04-16 14:38:41 +0200: Memory Usage (451076K) : redbulay_drw has 0 polygons
2026-04-16 14:38:41 +0200: Memory Usage (451076K) : smos_drw has 0 polygons
2026-04-16 14:38:41 +0200: Memory Usage (451076K) : graphpad_drw has 0 polygons
2026-04-16 14:38:41 +0200: Memory Usage (451076K) : polimide_drw has 0 polygons
2026-04-16 14:38:41 +0200: Memory Usage (451268K) : polimide_pin has 0 polygons
2026-04-16 14:38:41 +0200: Memory Usage (451268K) : recog_drw has 0 polygons
2026-04-16 14:38:41 +0200: Memory Usage (451460K) : recog_pin has 0 polygons
2026-04-16 14:38:41 +0200: Memory Usage (451460K) : recog_esd has 0 polygons
2026-04-16 14:38:41 +0200: Memory Usage (451460K) : recog_diode has 0 polygons
2026-04-16 14:38:41 +0200: Memory Usage (451652K) : recog_tsv has 0 polygons
2026-04-16 14:38:41 +0200: Memory Usage (451652K) : recog_iprobe has 0 polygons
2026-04-16 14:38:41 +0200: Memory Usage (451652K) : recog_diffprb has 0 polygons
2026-04-16 14:38:41 +0200: Memory Usage (451652K) : recog_pillar has 0 polygons
2026-04-16 14:38:41 +0200: Memory Usage (451844K) : recog_sbump has 0 polygons
2026-04-16 14:38:41 +0200: Memory Usage (451844K) : recog_otp has 0 polygons
2026-04-16 14:38:41 +0200: Memory Usage (451844K) : recog_pdiode has 0 polygons
2026-04-16 14:38:41 +0200: Memory Usage (451844K) : recog_mom has 0 polygons
2026-04-16 14:38:41 +0200: Memory Usage (452036K) : recog_pcm has 0 polygons
2026-04-16 14:38:41 +0200: Memory Usage (452036K) : colopen_drw has 0 polygons
2026-04-16 14:38:41 +0200: Memory Usage (452036K) : graphmetal1_drw has 0 polygons
2026-04-16 14:38:41 +0200: Memory Usage (452036K) : graphmetal1_filler has 0 polygons
2026-04-16 14:38:41 +0200: Memory Usage (452036K) : graphmetal1_nofill has 0 polygons
2026-04-16 14:38:41 +0200: Memory Usage (452228K) : graphmetal1_slit has 0 polygons
2026-04-16 14:38:41 +0200: Memory Usage (452228K) : graphmetal1_opc has 0 polygons
2026-04-16 14:38:41 +0200: Memory Usage (452228K) : graphmet1l_drw has 0 polygons
2026-04-16 14:38:41 +0200: Memory Usage (452228K) : graphmet1l_filler has 0 polygons
2026-04-16 14:38:41 +0200: Memory Usage (452228K) : graphmet1l_nofill has 0 polygons
2026-04-16 14:38:41 +0200: Memory Usage (452420K) : graphmet1l_slit has 0 polygons
2026-04-16 14:38:41 +0200: Memory Usage (452420K) : graphmet1l_opc has 0 polygons
2026-04-16 14:38:41 +0200: Memory Usage (452420K) : extblock_drw has 0 polygons
2026-04-16 14:38:41 +0200: Memory Usage (452420K) : nldd_drw has 0 polygons
2026-04-16 14:38:41 +0200: Memory Usage (452420K) : pldd_drw has 0 polygons
2026-04-16 14:38:41 +0200: Memory Usage (452612K) : next_drw has 0 polygons
2026-04-16 14:38:41 +0200: Memory Usage (452612K) : pext_drw has 0 polygons
2026-04-16 14:38:41 +0200: Memory Usage (452612K) : nexthv_drw has 0 polygons
2026-04-16 14:38:41 +0200: Memory Usage (452804K) : pexthv_drw has 0 polygons
2026-04-16 14:38:41 +0200: Memory Usage (452804K) : graphgate_drw has 0 polygons
2026-04-16 14:38:41 +0200: Memory Usage (452804K) : sinwg_drw has 0 polygons
2026-04-16 14:38:41 +0200: Memory Usage (452804K) : sinwg_filler has 0 polygons
2026-04-16 14:38:41 +0200: Memory Usage (452996K) : sinwg_nofill has 0 polygons
2026-04-16 14:38:41 +0200: Memory Usage (452996K) : mempad_drw has 0 polygons
2026-04-16 14:38:41 +0200: Memory Usage (452996K) : topvia1_drw has 0 polygons
2026-04-16 14:38:41 +0200: Memory Usage (453188K) : topmetal1_drw has 0 polygons
2026-04-16 14:38:41 +0200: Memory Usage (453188K) : topmetal1_pin has 0 polygons
2026-04-16 14:38:41 +0200: Memory Usage (453188K) : topmetal1_mask has 0 polygons
2026-04-16 14:38:41 +0200: Memory Usage (453188K) : topmetal1_filler has 0 polygons
2026-04-16 14:38:41 +0200: Memory Usage (453380K) : topmetal1_nofill has 0 polygons
2026-04-16 14:38:41 +0200: Memory Usage (453380K) : topmetal1_slit has 0 polygons
2026-04-16 14:38:41 +0200: Memory Usage (453380K) : topmetal1_text has 0 polygons
2026-04-16 14:38:41 +0200: Memory Usage (453380K) : topmetal1_noqrc has 0 polygons
2026-04-16 14:38:41 +0200: Memory Usage (453380K) : topmetal1_res has 0 polygons
2026-04-16 14:38:41 +0200: Memory Usage (453572K) : topmetal1_iprobe has 0 polygons
2026-04-16 14:38:41 +0200: Memory Usage (453572K) : topmetal1_diffprb has 0 polygons
2026-04-16 14:38:41 +0200: Memory Usage (453572K) : inldpwl_drw has 0 polygons
2026-04-16 14:38:41 +0200: Memory Usage (453572K) : polyres_drw has 0 polygons
2026-04-16 14:38:41 +0200: Memory Usage (453572K) : polyres_pin has 0 polygons
2026-04-16 14:38:41 +0200: Memory Usage (453764K) : vmim_drw has 0 polygons
2026-04-16 14:38:41 +0200: Memory Usage (453764K) : nbulaycut_drw has 0 polygons
2026-04-16 14:38:41 +0200: Memory Usage (453764K) : antmetal1_drw has 0 polygons
2026-04-16 14:38:41 +0200: Memory Usage (453956K) : topvia2_drw has 0 polygons
2026-04-16 14:38:41 +0200: Memory Usage (453956K) : topmetal2_drw has 0 polygons
2026-04-16 14:38:41 +0200: Memory Usage (453956K) : topmetal2_pin has 0 polygons
2026-04-16 14:38:41 +0200: Memory Usage (453956K) : topmetal2_mask has 0 polygons
2026-04-16 14:38:41 +0200: Memory Usage (454148K) : topmetal2_filler has 0 polygons
2026-04-16 14:38:41 +0200: Memory Usage (454148K) : topmetal2_nofill has 0 polygons
2026-04-16 14:38:41 +0200: Memory Usage (454148K) : topmetal2_slit has 0 polygons
2026-04-16 14:38:41 +0200: Memory Usage (454148K) : topmetal2_text has 0 polygons
2026-04-16 14:38:41 +0200: Memory Usage (454340K) : topmetal2_noqrc has 0 polygons
2026-04-16 14:38:41 +0200: Memory Usage (454340K) : topmetal2_res has 0 polygons
2026-04-16 14:38:41 +0200: Memory Usage (454340K) : topmetal2_iprobe has 0 polygons
2026-04-16 14:38:41 +0200: Memory Usage (454340K) : topmetal2_diffprb has 0 polygons
2026-04-16 14:38:41 +0200: Memory Usage (454532K) : snsring_drw has 0 polygons
2026-04-16 14:38:41 +0200: Memory Usage (454532K) : sensor_drw has 0 polygons
2026-04-16 14:38:41 +0200: Memory Usage (454532K) : snsarms_drw has 0 polygons
2026-04-16 14:38:41 +0200: Memory Usage (454724K) : snscmosvia_drw has 0 polygons
2026-04-16 14:38:41 +0200: Memory Usage (454724K) : colwind_drw has 0 polygons
2026-04-16 14:38:41 +0200: Memory Usage (454724K) : flm_drw has 0 polygons
2026-04-16 14:38:41 +0200: Memory Usage (454724K) : hafniumox_drw has 0 polygons
2026-04-16 14:38:41 +0200: Memory Usage (454916K) : memvia_drw has 0 polygons
2026-04-16 14:38:41 +0200: Memory Usage (454916K) : thinfilmres_drw has 0 polygons
2026-04-16 14:38:41 +0200: Memory Usage (454916K) : rfmem_drw has 0 polygons
2026-04-16 14:38:41 +0200: Memory Usage (455108K) : norcx_drw has 0 polygons
2026-04-16 14:38:41 +0200: Memory Usage (455108K) : norcx_m2m3 has 0 polygons
2026-04-16 14:38:41 +0200: Memory Usage (455108K) : norcx_m2m4 has 0 polygons
2026-04-16 14:38:41 +0200: Memory Usage (455108K) : norcx_m2m5 has 0 polygons
2026-04-16 14:38:41 +0200: Memory Usage (455300K) : norcx_m2tm1 has 0 polygons
2026-04-16 14:38:41 +0200: Memory Usage (455300K) : norcx_m2tm2 has 0 polygons
2026-04-16 14:38:41 +0200: Memory Usage (455300K) : norcx_m3m4 has 0 polygons
2026-04-16 14:38:41 +0200: Memory Usage (455492K) : norcx_m3m5 has 0 polygons
2026-04-16 14:38:41 +0200: Memory Usage (455492K) : norcx_m3tm1 has 0 polygons
2026-04-16 14:38:41 +0200: Memory Usage (455492K) : norcx_m3tm2 has 0 polygons
2026-04-16 14:38:41 +0200: Memory Usage (455684K) : norcx_m4m5 has 0 polygons
2026-04-16 14:38:41 +0200: Memory Usage (455684K) : norcx_m4tm1 has 0 polygons
2026-04-16 14:38:41 +0200: Memory Usage (455684K) : norcx_m4tm2 has 0 polygons
2026-04-16 14:38:41 +0200: Memory Usage (455684K) : norcx_m5tm1 has 0 polygons
2026-04-16 14:38:41 +0200: Memory Usage (455684K) : norcx_m5tm2 has 0 polygons
2026-04-16 14:38:41 +0200: Memory Usage (455684K) : norcx_tm1tm2 has 0 polygons
2026-04-16 14:38:41 +0200: Memory Usage (455684K) : norcx_m1sub has 0 polygons
2026-04-16 14:38:41 +0200: Memory Usage (455876K) : norcx_m2sub has 0 polygons
2026-04-16 14:38:41 +0200: Memory Usage (455876K) : norcx_m3sub has 0 polygons
2026-04-16 14:38:41 +0200: Memory Usage (455876K) : norcx_m4sub has 0 polygons
2026-04-16 14:38:41 +0200: Memory Usage (455876K) : norcx_m5sub has 0 polygons
2026-04-16 14:38:41 +0200: Memory Usage (455876K) : norcx_tm1sub has 0 polygons
2026-04-16 14:38:41 +0200: Memory Usage (456068K) : norcx_tm2sub has 0 polygons
2026-04-16 14:38:41 +0200: Memory Usage (456068K) : snsbotvia_drw has 0 polygons
2026-04-16 14:38:41 +0200: Memory Usage (456068K) : snstopvia_drw has 0 polygons
2026-04-16 14:38:41 +0200: Memory Usage (456068K) : deepvia_drw has 0 polygons
2026-04-16 14:38:41 +0200: Memory Usage (456068K) : fgetch_drw has 0 polygons
2026-04-16 14:38:41 +0200: Memory Usage (456068K) : ctrgat_drw has 0 polygons
2026-04-16 14:38:41 +0200: Memory Usage (456260K) : fgimp_drw has 0 polygons
2026-04-16 14:38:41 +0200: Memory Usage (456260K) : emwihv_drw has 0 polygons
2026-04-16 14:38:41 +0200: Memory Usage (456260K) : lbe_drw has 0 polygons
2026-04-16 14:38:41 +0200: Memory Usage (456260K) : alcustop_drw has 0 polygons
2026-04-16 14:38:41 +0200: Memory Usage (456452K) : nometfiller_drw has 0 polygons
2026-04-16 14:38:41 +0200: Memory Usage (456452K) : prboundary_drw has 0 polygons
2026-04-16 14:38:41 +0200: Memory Usage (456452K) : exchange0_drw has 0 polygons
2026-04-16 14:38:41 +0200: Memory Usage (456452K) : exchange0_pin has 0 polygons
2026-04-16 14:38:41 +0200: Memory Usage (456452K) : exchange0_text has 0 polygons
2026-04-16 14:38:41 +0200: Memory Usage (456452K) : exchange1_drw has 0 polygons
2026-04-16 14:38:41 +0200: Memory Usage (456644K) : exchange1_pin has 0 polygons
2026-04-16 14:38:41 +0200: Memory Usage (456644K) : exchange1_text has 0 polygons
2026-04-16 14:38:41 +0200: Memory Usage (456644K) : exchange2_drw has 0 polygons
2026-04-16 14:38:41 +0200: Memory Usage (456644K) : exchange2_pin has 0 polygons
2026-04-16 14:38:41 +0200: Memory Usage (456644K) : exchange2_text has 0 polygons
2026-04-16 14:38:41 +0200: Memory Usage (456836K) : exchange3_drw has 0 polygons
2026-04-16 14:38:41 +0200: Memory Usage (456836K) : exchange3_pin has 0 polygons
2026-04-16 14:38:41 +0200: Memory Usage (456836K) : exchange3_text has 0 polygons
2026-04-16 14:38:41 +0200: Memory Usage (456836K) : exchange4_drw has 0 polygons
2026-04-16 14:38:41 +0200: Memory Usage (457028K) : exchange4_pin has 0 polygons
2026-04-16 14:38:41 +0200: Memory Usage (457028K) : exchange4_text has 0 polygons
2026-04-16 14:38:41 +0200: Memory Usage (457028K) : isonwell_drw has 0 polygons
2026-04-16 14:38:41 +0200: Memory Usage (457028K) : Total no. of polygons in the design is 64
2026-04-16 14:38:41 +0200: Memory Usage (457028K) : Loaded TECH DRC rules values from /foss/pdks/ihp-sg13g2/libs.tech/klayout/python/sg13g2_pycell_lib/sg13g2_tech_mod.json
2026-04-16 14:38:41 +0200: Memory Usage (457028K) : Loaded default DRC rules values from /foss/pdks/ihp-sg13g2/libs.tech/klayout/tech/drc/rule_decks/sg13g2_tech_default.json
2026-04-16 14:38:41 +0200: Memory Usage (457028K) : The following rules values were missing in tech json and default values were used:
2026-04-16 14:38:41 +0200: Memory Usage (457028K) :   - Cnt_c_digibnd
2026-04-16 14:38:41 +0200: Memory Usage (458376K) : Total area of the design is 6.0196000000000005 um^2.
2026-04-16 14:38:41 +0200: Memory Usage (458376K) : The design dimensions are 1.49 µm * 4.04 µm.
2026-04-16 14:38:41 +0200: Memory Usage (458376K) : Starting general IHP-SG13G2 derivations.
2026-04-16 14:38:41 +0200: Memory Usage (458376K) : Starting Pwell derivations
2026-04-16 14:38:41 +0200: Memory Usage (460188K) : Starting IHP-SG13G2 DRC rules.
2026-04-16 14:38:41 +0200: Memory Usage (460188K) : Starting 6.10 Sealring table
2026-04-16 14:38:41 +0200: Memory Usage (460188K) : Executing rule Seal.l
2026-04-16 14:38:41 +0200: Memory Usage (460380K) : Executing rule Seal.n
2026-04-16 14:38:41 +0200: Memory Usage (460572K) : Executing rule seal.b_metal1
2026-04-16 14:38:41 +0200: Memory Usage (460796K) : Executing rule seal.b_metal2
2026-04-16 14:38:41 +0200: Memory Usage (460988K) : Executing rule seal.b_metal3
2026-04-16 14:38:41 +0200: Memory Usage (461180K) : Executing rule seal.b_metal4
2026-04-16 14:38:41 +0200: Memory Usage (461372K) : Executing rule seal.b_metal5
2026-04-16 14:38:41 +0200: Memory Usage (461564K) : Executing rule seal.b_topmetal1
2026-04-16 14:38:41 +0200: Memory Usage (461756K) : Executing rule seal.b_topmetal2
2026-04-16 14:38:41 +0200: Memory Usage (461948K) : Executing rule seal.b_activ
2026-04-16 14:38:41 +0200: Memory Usage (462140K) : Executing rule seal.b_psd
2026-04-16 14:38:41 +0200: Memory Usage (462140K) : Executing rule Seal.k
2026-04-16 14:38:41 +0200: Memory Usage (462716K) : Executing rule Seal.m
2026-04-16 14:38:41 +0200: Memory Usage (462716K) : KLayout DRC run for tables 'sealring' completed in 0.23 seconds
