# Logfile created on 2026-04-16 14:38:42 +0200 by logger.rb/v1.5.3
2026-04-16 14:38:42 +0200: Memory Usage (438400K) : Starting running IHP-SG13G2 KLayout DRC runset on /var/home/bleroux/Documents/stage_IEMN/analog-asic-design/designs/inverter/layout/inverter.klay.gds
2026-04-16 14:38:42 +0200: Memory Usage (438400K) : Ruby Version for klayout: 3.2.3
2026-04-16 14:38:42 +0200: Memory Usage (439792K) : Loading database to memory is complete.
2026-04-16 14:38:42 +0200: Memory Usage (439792K) : IHP-SG13G2 KLayout DRC runset output at: /var/home/bleroux/Documents/stage_IEMN/analog-asic-design/drc_run_TOP/inverter.klay_TOP_pin.lyrdb
2026-04-16 14:38:42 +0200: Memory Usage (439984K) : Evaluate switches.
2026-04-16 14:38:42 +0200: Memory Usage (439984K) : tables selected: pin
2026-04-16 14:38:42 +0200: Memory Usage (439984K) : KLayout will use 1 thread(s) in tiling mode.
2026-04-16 14:38:42 +0200: Memory Usage (439984K) : deep mode is enabled.
2026-04-16 14:38:42 +0200: Memory Usage (439984K) : FEOL enabled: false
2026-04-16 14:38:42 +0200: Memory Usage (439984K) : BEOL enabled: false
2026-04-16 14:38:42 +0200: Memory Usage (439984K) : OFFGRID enabled: true
2026-04-16 14:38:42 +0200: Memory Usage (439984K) : PIN enabled: false
2026-04-16 14:38:42 +0200: Memory Usage (439984K) : FORBIDDEN enabled: false
2026-04-16 14:38:42 +0200: Memory Usage (439984K) : RECOMMENDED enabled: true
2026-04-16 14:38:42 +0200: Memory Usage (439984K) : PreCheck DRC enabled: false
2026-04-16 14:38:42 +0200: Memory Usage (439984K) : CONNECTIVITY_RULES enabled: false.
2026-04-16 14:38:42 +0200: Memory Usage (439984K) : Read in polygons from layers.
2026-04-16 14:38:42 +0200: Memory Usage (440944K) : activ_drw has 8 polygons
2026-04-16 14:38:42 +0200: Memory Usage (440944K) : activ_pin has 0 polygons
2026-04-16 14:38:42 +0200: Memory Usage (440944K) : activ_mask has 0 polygons
2026-04-16 14:38:42 +0200: Memory Usage (440944K) : activ_filler has 0 polygons
2026-04-16 14:38:42 +0200: Memory Usage (440944K) : activ_nofill has 0 polygons
2026-04-16 14:38:42 +0200: Memory Usage (440944K) : activ_opc has 0 polygons
2026-04-16 14:38:42 +0200: Memory Usage (440944K) : activ_iopc has 0 polygons
2026-04-16 14:38:42 +0200: Memory Usage (440944K) : activ_noqrc has 0 polygons
2026-04-16 14:38:42 +0200: Memory Usage (440944K) : biwind_drw has 0 polygons
2026-04-16 14:38:42 +0200: Memory Usage (440944K) : biwind_opc has 0 polygons
2026-04-16 14:38:42 +0200: Memory Usage (440944K) : pemwind_drw has 0 polygons
2026-04-16 14:38:42 +0200: Memory Usage (440944K) : gatpoly_drw has 5 polygons
2026-04-16 14:38:42 +0200: Memory Usage (440944K) : gatpoly_pin has 1 polygons
2026-04-16 14:38:42 +0200: Memory Usage (440944K) : gatpoly_filler has 0 polygons
2026-04-16 14:38:42 +0200: Memory Usage (440944K) : gatpoly_nofill has 0 polygons
2026-04-16 14:38:42 +0200: Memory Usage (440944K) : gatpoly_opc has 0 polygons
2026-04-16 14:38:42 +0200: Memory Usage (440944K) : gatpoly_iopc has 0 polygons
2026-04-16 14:38:42 +0200: Memory Usage (440944K) : gatpoly_noqrc has 0 polygons
2026-04-16 14:38:42 +0200: Memory Usage (440944K) : cont_drw has 13 polygons
2026-04-16 14:38:42 +0200: Memory Usage (440944K) : cont_opc has 0 polygons
2026-04-16 14:38:42 +0200: Memory Usage (440944K) : nsd_drw has 0 polygons
2026-04-16 14:38:42 +0200: Memory Usage (440944K) : nsd_block has 0 polygons
2026-04-16 14:38:42 +0200: Memory Usage (441136K) : metal1_drw has 13 polygons
2026-04-16 14:38:42 +0200: Memory Usage (441136K) : metal1_pin has 7 polygons
2026-04-16 14:38:42 +0200: Memory Usage (441136K) : metal1_mask has 0 polygons
2026-04-16 14:38:42 +0200: Memory Usage (441136K) : metal1_filler has 0 polygons
2026-04-16 14:38:42 +0200: Memory Usage (441136K) : metal1_nofill has 0 polygons
2026-04-16 14:38:42 +0200: Memory Usage (441136K) : metal1_slit has 0 polygons
2026-04-16 14:38:42 +0200: Memory Usage (441904K) : metal1_text has 2 polygons
2026-04-16 14:38:42 +0200: Memory Usage (441904K) : metal1_opc has 0 polygons
2026-04-16 14:38:42 +0200: Memory Usage (441904K) : metal1_noqrc has 0 polygons
2026-04-16 14:38:42 +0200: Memory Usage (441904K) : metal1_res has 0 polygons
2026-04-16 14:38:42 +0200: Memory Usage (441904K) : metal1_iprobe has 0 polygons
2026-04-16 14:38:42 +0200: Memory Usage (441904K) : metal1_diffprb has 0 polygons
2026-04-16 14:38:42 +0200: Memory Usage (441904K) : passiv_drw has 0 polygons
2026-04-16 14:38:42 +0200: Memory Usage (442096K) : passiv_pin has 0 polygons
2026-04-16 14:38:42 +0200: Memory Usage (442096K) : passiv_sbump has 0 polygons
2026-04-16 14:38:42 +0200: Memory Usage (442096K) : passiv_pillar has 0 polygons
2026-04-16 14:38:42 +0200: Memory Usage (442096K) : passiv_pdl has 0 polygons
2026-04-16 14:38:42 +0200: Memory Usage (442288K) : metal2_drw has 0 polygons
2026-04-16 14:38:42 +0200: Memory Usage (442288K) : metal2_pin has 0 polygons
2026-04-16 14:38:42 +0200: Memory Usage (442288K) : metal2_mask has 0 polygons
2026-04-16 14:38:42 +0200: Memory Usage (442480K) : metal2_filler has 0 polygons
2026-04-16 14:38:42 +0200: Memory Usage (442480K) : metal2_nofill has 0 polygons
2026-04-16 14:38:42 +0200: Memory Usage (442480K) : metal2_slit has 0 polygons
2026-04-16 14:38:42 +0200: Memory Usage (442480K) : metal2_text has 0 polygons
2026-04-16 14:38:42 +0200: Memory Usage (442672K) : metal2_opc has 0 polygons
2026-04-16 14:38:42 +0200: Memory Usage (442672K) : metal2_noqrc has 0 polygons
2026-04-16 14:38:42 +0200: Memory Usage (442864K) : metal2_res has 0 polygons
2026-04-16 14:38:42 +0200: Memory Usage (442864K) : metal2_iprobe has 0 polygons
2026-04-16 14:38:42 +0200: Memory Usage (442864K) : metal2_diffprb has 0 polygons
2026-04-16 14:38:42 +0200: Memory Usage (443056K) : baspoly_drw has 0 polygons
2026-04-16 14:38:42 +0200: Memory Usage (443056K) : baspoly_pin has 0 polygons
2026-04-16 14:38:42 +0200: Memory Usage (443056K) : psd_drw has 2 polygons
2026-04-16 14:38:42 +0200: Memory Usage (443056K) : nldb_drw has 0 polygons
2026-04-16 14:38:42 +0200: Memory Usage (443248K) : digibnd_drw has 0 polygons
2026-04-16 14:38:42 +0200: Memory Usage (443248K) : via1_drw has 0 polygons
2026-04-16 14:38:42 +0200: Memory Usage (443248K) : backmetal1_drw has 0 polygons
2026-04-16 14:38:42 +0200: Memory Usage (443440K) : backmetal1_pin has 0 polygons
2026-04-16 14:38:42 +0200: Memory Usage (443440K) : backmetal1_mask has 0 polygons
2026-04-16 14:38:42 +0200: Memory Usage (443440K) : backmetal1_filler has 0 polygons
2026-04-16 14:38:42 +0200: Memory Usage (443440K) : backmetal1_nofill has 0 polygons
2026-04-16 14:38:42 +0200: Memory Usage (443632K) : backmetal1_slit has 0 polygons
2026-04-16 14:38:42 +0200: Memory Usage (443632K) : backmetal1_text has 0 polygons
2026-04-16 14:38:42 +0200: Memory Usage (443632K) : backmetal1_opc has 0 polygons
2026-04-16 14:38:42 +0200: Memory Usage (443632K) : backmetal1_noqrc has 0 polygons
2026-04-16 14:38:42 +0200: Memory Usage (443824K) : backmetal1_res has 0 polygons
2026-04-16 14:38:42 +0200: Memory Usage (443824K) : backmetal1_iprobe has 0 polygons
2026-04-16 14:38:42 +0200: Memory Usage (443824K) : backmetal1_diffprb has 0 polygons
2026-04-16 14:38:42 +0200: Memory Usage (444016K) : backpassiv_drw has 0 polygons
2026-04-16 14:38:42 +0200: Memory Usage (444016K) : res_drw has 0 polygons
2026-04-16 14:38:42 +0200: Memory Usage (444016K) : sram_drw has 0 polygons
2026-04-16 14:38:42 +0200: Memory Usage (444016K) : trans_drw has 0 polygons
2026-04-16 14:38:42 +0200: Memory Usage (444208K) : ind_drw has 0 polygons
2026-04-16 14:38:42 +0200: Memory Usage (444208K) : ind_pin has 0 polygons
2026-04-16 14:38:42 +0200: Memory Usage (444400K) : ind_text has 0 polygons
2026-04-16 14:38:42 +0200: Memory Usage (444400K) : salblock_drw has 0 polygons
2026-04-16 14:38:42 +0200: Memory Usage (444400K) : via2_drw has 0 polygons
2026-04-16 14:38:42 +0200: Memory Usage (444592K) : metal3_drw has 0 polygons
2026-04-16 14:38:42 +0200: Memory Usage (444592K) : metal3_pin has 0 polygons
2026-04-16 14:38:42 +0200: Memory Usage (444592K) : metal3_mask has 0 polygons
2026-04-16 14:38:42 +0200: Memory Usage (444784K) : metal3_filler has 0 polygons
2026-04-16 14:38:42 +0200: Memory Usage (444784K) : metal3_nofill has 0 polygons
2026-04-16 14:38:42 +0200: Memory Usage (444784K) : metal3_slit has 0 polygons
2026-04-16 14:38:42 +0200: Memory Usage (444976K) : metal3_text has 0 polygons
2026-04-16 14:38:42 +0200: Memory Usage (444976K) : metal3_opc has 0 polygons
2026-04-16 14:38:42 +0200: Memory Usage (444976K) : metal3_noqrc has 0 polygons
2026-04-16 14:38:42 +0200: Memory Usage (444976K) : metal3_res has 0 polygons
2026-04-16 14:38:42 +0200: Memory Usage (445168K) : metal3_iprobe has 0 polygons
2026-04-16 14:38:42 +0200: Memory Usage (445168K) : metal3_diffprb has 0 polygons
2026-04-16 14:38:42 +0200: Memory Usage (445360K) : nwell_drw has 3 polygons
2026-04-16 14:38:42 +0200: Memory Usage (445360K) : nwell_pin has 1 polygons
2026-04-16 14:38:42 +0200: Memory Usage (445360K) : nbulay_drw has 1 polygons
2026-04-16 14:38:42 +0200: Memory Usage (445360K) : nbulay_pin has 0 polygons
2026-04-16 14:38:42 +0200: Memory Usage (445552K) : nbulay_block has 0 polygons
2026-04-16 14:38:42 +0200: Memory Usage (445552K) : emwind_drw has 0 polygons
2026-04-16 14:38:42 +0200: Memory Usage (445744K) : emwind_opc has 0 polygons
2026-04-16 14:38:42 +0200: Memory Usage (445744K) : deepco_drw has 0 polygons
2026-04-16 14:38:42 +0200: Memory Usage (445744K) : deepco_drw has 0 polygons
2026-04-16 14:38:42 +0200: Memory Usage (445936K) : mim_drw has 0 polygons
2026-04-16 14:38:42 +0200: Memory Usage (445936K) : edgeseal_drw has 0 polygons
2026-04-16 14:38:42 +0200: Memory Usage (445936K) : edgeseal_bound has 0 polygons
2026-04-16 14:38:42 +0200: Memory Usage (446128K) : substrate_drw has 2 polygons
2026-04-16 14:38:42 +0200: Memory Usage (446128K) : substrate_text has 0 polygons
2026-04-16 14:38:42 +0200: Memory Usage (446128K) : dfpad_drw has 0 polygons
2026-04-16 14:38:42 +0200: Memory Usage (446320K) : dfpad_pillar has 0 polygons
2026-04-16 14:38:42 +0200: Memory Usage (446320K) : dfpad_sbump has 0 polygons
2026-04-16 14:38:42 +0200: Memory Usage (446320K) : thickgateox_drw has 0 polygons
2026-04-16 14:38:42 +0200: Memory Usage (446320K) : pldb_drw has 0 polygons
2026-04-16 14:38:42 +0200: Memory Usage (446512K) : pwell_drw has 0 polygons
2026-04-16 14:38:42 +0200: Memory Usage (446512K) : pwell_pin has 0 polygons
2026-04-16 14:38:42 +0200: Memory Usage (446512K) : pwell_block has 0 polygons
2026-04-16 14:38:42 +0200: Memory Usage (446704K) : ic_drw has 0 polygons
2026-04-16 14:38:42 +0200: Memory Usage (446704K) : via3_drw has 0 polygons
2026-04-16 14:38:42 +0200: Memory Usage (446704K) : metal4_drw has 0 polygons
2026-04-16 14:38:42 +0200: Memory Usage (446896K) : metal4_pin has 0 polygons
2026-04-16 14:38:42 +0200: Memory Usage (446896K) : metal4_mask has 0 polygons
2026-04-16 14:38:42 +0200: Memory Usage (446896K) : metal4_filler has 0 polygons
2026-04-16 14:38:42 +0200: Memory Usage (447088K) : metal4_nofill has 0 polygons
2026-04-16 14:38:42 +0200: Memory Usage (447088K) : metal4_slit has 0 polygons
2026-04-16 14:38:42 +0200: Memory Usage (447088K) : metal4_text has 0 polygons
2026-04-16 14:38:42 +0200: Memory Usage (447088K) : metal4_opc has 0 polygons
2026-04-16 14:38:42 +0200: Memory Usage (447280K) : metal4_noqrc has 0 polygons
2026-04-16 14:38:42 +0200: Memory Usage (447280K) : metal4_res has 0 polygons
2026-04-16 14:38:42 +0200: Memory Usage (447280K) : metal4_iprobe has 0 polygons
2026-04-16 14:38:42 +0200: Memory Usage (447472K) : metal4_diffprb has 0 polygons
2026-04-16 14:38:42 +0200: Memory Usage (447472K) : heattrans_drw has 2 polygons
2026-04-16 14:38:42 +0200: Memory Usage (447664K) : heatres_drw has 0 polygons
2026-04-16 14:38:42 +0200: Memory Usage (447664K) : pempoly_drw has 0 polygons
2026-04-16 14:38:42 +0200: Memory Usage (447664K) : fbe_drw has 0 polygons
2026-04-16 14:38:42 +0200: Memory Usage (447664K) : empoly_drw has 0 polygons
2026-04-16 14:38:42 +0200: Memory Usage (447856K) : ldmos_drw has 0 polygons
2026-04-16 14:38:42 +0200: Memory Usage (447856K) : pbiwind_drw has 0 polygons
2026-04-16 14:38:42 +0200: Memory Usage (448048K) : digisub_drw has 0 polygons
2026-04-16 14:38:42 +0200: Memory Usage (448048K) : nodrc_drw has 0 polygons
2026-04-16 14:38:42 +0200: Memory Usage (448048K) : text_drw has 4 polygons
2026-04-16 14:38:42 +0200: Memory Usage (448048K) : via4_drw has 0 polygons
2026-04-16 14:38:42 +0200: Memory Usage (448240K) : metal5_drw has 0 polygons
2026-04-16 14:38:42 +0200: Memory Usage (448240K) : metal5_pin has 0 polygons
2026-04-16 14:38:42 +0200: Memory Usage (448240K) : metal5_mask has 0 polygons
2026-04-16 14:38:42 +0200: Memory Usage (448432K) : metal5_filler has 0 polygons
2026-04-16 14:38:42 +0200: Memory Usage (448432K) : metal5_nofill has 0 polygons
2026-04-16 14:38:42 +0200: Memory Usage (448432K) : metal5_slit has 0 polygons
2026-04-16 14:38:42 +0200: Memory Usage (448432K) : metal5_text has 0 polygons
2026-04-16 14:38:42 +0200: Memory Usage (448624K) : metal5_opc has 0 polygons
2026-04-16 14:38:42 +0200: Memory Usage (448624K) : metal5_noqrc has 0 polygons
2026-04-16 14:38:42 +0200: Memory Usage (448624K) : metal5_res has 0 polygons
2026-04-16 14:38:42 +0200: Memory Usage (448816K) : metal5_iprobe has 0 polygons
2026-04-16 14:38:42 +0200: Memory Usage (448816K) : metal5_diffprb has 0 polygons
2026-04-16 14:38:42 +0200: Memory Usage (448816K) : radhard_drw has 0 polygons
2026-04-16 14:38:42 +0200: Memory Usage (449008K) : memcap_drw has 0 polygons
2026-04-16 14:38:42 +0200: Memory Usage (449008K) : varicap_drw has 0 polygons
2026-04-16 14:38:42 +0200: Memory Usage (449200K) : flash_drw has 0 polygons
2026-04-16 14:38:42 +0200: Memory Usage (449200K) : intbondvia_drw has 0 polygons
2026-04-16 14:38:42 +0200: Memory Usage (449200K) : intbondmet_drw has 0 polygons
2026-04-16 14:38:42 +0200: Memory Usage (449200K) : devbondvia_drw has 0 polygons
2026-04-16 14:38:42 +0200: Memory Usage (449392K) : devbondmet_drw has 0 polygons
2026-04-16 14:38:42 +0200: Memory Usage (449392K) : devtrench_drw has 0 polygons
2026-04-16 14:38:42 +0200: Memory Usage (449392K) : redist_drw has 0 polygons
2026-04-16 14:38:42 +0200: Memory Usage (449584K) : graphbot_drw has 0 polygons
2026-04-16 14:38:42 +0200: Memory Usage (449584K) : graphtop_drw has 0 polygons
2026-04-16 14:38:42 +0200: Memory Usage (449584K) : antvia1_drw has 0 polygons
2026-04-16 14:38:42 +0200: Memory Usage (449776K) : antmetal2_drw has 0 polygons
2026-04-16 14:38:42 +0200: Memory Usage (449776K) : graphcont_drw has 0 polygons
2026-04-16 14:38:42 +0200: Memory Usage (449776K) : siwg_drw has 0 polygons
2026-04-16 14:38:42 +0200: Memory Usage (449776K) : siwg_filler has 0 polygons
2026-04-16 14:38:42 +0200: Memory Usage (449968K) : siwg_nofill has 0 polygons
2026-04-16 14:38:42 +0200: Memory Usage (449968K) : sigrating_drw has 0 polygons
2026-04-16 14:38:42 +0200: Memory Usage (450160K) : singrating_drw has 0 polygons
2026-04-16 14:38:42 +0200: Memory Usage (450160K) : graphpas_drw has 0 polygons
2026-04-16 14:38:42 +0200: Memory Usage (450160K) : emwind3_drw has 0 polygons
2026-04-16 14:38:42 +0200: Memory Usage (450160K) : emwihv3_drw has 0 polygons
2026-04-16 14:38:42 +0200: Memory Usage (450352K) : redbulay_drw has 0 polygons
2026-04-16 14:38:42 +0200: Memory Usage (450352K) : smos_drw has 0 polygons
2026-04-16 14:38:42 +0200: Memory Usage (450352K) : graphpad_drw has 0 polygons
2026-04-16 14:38:42 +0200: Memory Usage (450544K) : polimide_drw has 0 polygons
2026-04-16 14:38:42 +0200: Memory Usage (450544K) : polimide_pin has 0 polygons
2026-04-16 14:38:42 +0200: Memory Usage (450544K) : recog_drw has 0 polygons
2026-04-16 14:38:42 +0200: Memory Usage (450736K) : recog_pin has 0 polygons
2026-04-16 14:38:42 +0200: Memory Usage (450736K) : recog_esd has 0 polygons
2026-04-16 14:38:42 +0200: Memory Usage (450736K) : recog_diode has 0 polygons
2026-04-16 14:38:42 +0200: Memory Usage (450928K) : recog_tsv has 0 polygons
2026-04-16 14:38:42 +0200: Memory Usage (450928K) : recog_iprobe has 0 polygons
2026-04-16 14:38:42 +0200: Memory Usage (450928K) : recog_diffprb has 0 polygons
2026-04-16 14:38:42 +0200: Memory Usage (451120K) : recog_pillar has 0 polygons
2026-04-16 14:38:42 +0200: Memory Usage (451120K) : recog_sbump has 0 polygons
2026-04-16 14:38:42 +0200: Memory Usage (451120K) : recog_otp has 0 polygons
2026-04-16 14:38:42 +0200: Memory Usage (451120K) : recog_pdiode has 0 polygons
2026-04-16 14:38:42 +0200: Memory Usage (451120K) : recog_mom has 0 polygons
2026-04-16 14:38:42 +0200: Memory Usage (451312K) : recog_pcm has 0 polygons
2026-04-16 14:38:42 +0200: Memory Usage (451312K) : colopen_drw has 0 polygons
2026-04-16 14:38:42 +0200: Memory Usage (451312K) : graphmetal1_drw has 0 polygons
2026-04-16 14:38:42 +0200: Memory Usage (451312K) : graphmetal1_filler has 0 polygons
2026-04-16 14:38:42 +0200: Memory Usage (451312K) : graphmetal1_nofill has 0 polygons
2026-04-16 14:38:42 +0200: Memory Usage (451504K) : graphmetal1_slit has 0 polygons
2026-04-16 14:38:42 +0200: Memory Usage (451504K) : graphmetal1_opc has 0 polygons
2026-04-16 14:38:42 +0200: Memory Usage (451504K) : graphmet1l_drw has 0 polygons
2026-04-16 14:38:42 +0200: Memory Usage (451504K) : graphmet1l_filler has 0 polygons
2026-04-16 14:38:42 +0200: Memory Usage (451504K) : graphmet1l_nofill has 0 polygons
2026-04-16 14:38:42 +0200: Memory Usage (451696K) : graphmet1l_slit has 0 polygons
2026-04-16 14:38:42 +0200: Memory Usage (451696K) : graphmet1l_opc has 0 polygons
2026-04-16 14:38:42 +0200: Memory Usage (451696K) : extblock_drw has 0 polygons
2026-04-16 14:38:42 +0200: Memory Usage (451696K) : nldd_drw has 0 polygons
2026-04-16 14:38:42 +0200: Memory Usage (451888K) : pldd_drw has 0 polygons
2026-04-16 14:38:42 +0200: Memory Usage (451888K) : next_drw has 0 polygons
2026-04-16 14:38:42 +0200: Memory Usage (451888K) : pext_drw has 0 polygons
2026-04-16 14:38:42 +0200: Memory Usage (451888K) : nexthv_drw has 0 polygons
2026-04-16 14:38:42 +0200: Memory Usage (452080K) : pexthv_drw has 0 polygons
2026-04-16 14:38:42 +0200: Memory Usage (452080K) : graphgate_drw has 0 polygons
2026-04-16 14:38:42 +0200: Memory Usage (452080K) : sinwg_drw has 0 polygons
2026-04-16 14:38:42 +0200: Memory Usage (452272K) : sinwg_filler has 0 polygons
2026-04-16 14:38:42 +0200: Memory Usage (452272K) : sinwg_nofill has 0 polygons
2026-04-16 14:38:42 +0200: Memory Usage (452272K) : mempad_drw has 0 polygons
2026-04-16 14:38:42 +0200: Memory Usage (452272K) : topvia1_drw has 0 polygons
2026-04-16 14:38:42 +0200: Memory Usage (452464K) : topmetal1_drw has 0 polygons
2026-04-16 14:38:42 +0200: Memory Usage (452464K) : topmetal1_pin has 0 polygons
2026-04-16 14:38:42 +0200: Memory Usage (452464K) : topmetal1_mask has 0 polygons
2026-04-16 14:38:42 +0200: Memory Usage (452656K) : topmetal1_filler has 0 polygons
2026-04-16 14:38:42 +0200: Memory Usage (452656K) : topmetal1_nofill has 0 polygons
2026-04-16 14:38:42 +0200: Memory Usage (452656K) : topmetal1_slit has 0 polygons
2026-04-16 14:38:42 +0200: Memory Usage (452656K) : topmetal1_text has 0 polygons
2026-04-16 14:38:42 +0200: Memory Usage (452656K) : topmetal1_noqrc has 0 polygons
2026-04-16 14:38:42 +0200: Memory Usage (452656K) : topmetal1_res has 0 polygons
2026-04-16 14:38:42 +0200: Memory Usage (452848K) : topmetal1_iprobe has 0 polygons
2026-04-16 14:38:42 +0200: Memory Usage (452848K) : topmetal1_diffprb has 0 polygons
2026-04-16 14:38:42 +0200: Memory Usage (452848K) : inldpwl_drw has 0 polygons
2026-04-16 14:38:42 +0200: Memory Usage (452848K) : polyres_drw has 0 polygons
2026-04-16 14:38:42 +0200: Memory Usage (453040K) : polyres_pin has 0 polygons
2026-04-16 14:38:42 +0200: Memory Usage (453040K) : vmim_drw has 0 polygons
2026-04-16 14:38:42 +0200: Memory Usage (453040K) : nbulaycut_drw has 0 polygons
2026-04-16 14:38:42 +0200: Memory Usage (453040K) : antmetal1_drw has 0 polygons
2026-04-16 14:38:42 +0200: Memory Usage (453232K) : topvia2_drw has 0 polygons
2026-04-16 14:38:42 +0200: Memory Usage (453232K) : topmetal2_drw has 0 polygons
2026-04-16 14:38:42 +0200: Memory Usage (453232K) : topmetal2_pin has 0 polygons
2026-04-16 14:38:42 +0200: Memory Usage (453232K) : topmetal2_mask has 0 polygons
2026-04-16 14:38:42 +0200: Memory Usage (453424K) : topmetal2_filler has 0 polygons
2026-04-16 14:38:42 +0200: Memory Usage (453424K) : topmetal2_nofill has 0 polygons
2026-04-16 14:38:42 +0200: Memory Usage (453424K) : topmetal2_slit has 0 polygons
2026-04-16 14:38:42 +0200: Memory Usage (453424K) : topmetal2_text has 0 polygons
2026-04-16 14:38:42 +0200: Memory Usage (453616K) : topmetal2_noqrc has 0 polygons
2026-04-16 14:38:42 +0200: Memory Usage (453616K) : topmetal2_res has 0 polygons
2026-04-16 14:38:42 +0200: Memory Usage (453616K) : topmetal2_iprobe has 0 polygons
2026-04-16 14:38:42 +0200: Memory Usage (453808K) : topmetal2_diffprb has 0 polygons
2026-04-16 14:38:42 +0200: Memory Usage (453808K) : snsring_drw has 0 polygons
2026-04-16 14:38:42 +0200: Memory Usage (453808K) : sensor_drw has 0 polygons
2026-04-16 14:38:42 +0200: Memory Usage (453808K) : snsarms_drw has 0 polygons
2026-04-16 14:38:42 +0200: Memory Usage (454000K) : snscmosvia_drw has 0 polygons
2026-04-16 14:38:42 +0200: Memory Usage (454000K) : colwind_drw has 0 polygons
2026-04-16 14:38:42 +0200: Memory Usage (454000K) : flm_drw has 0 polygons
2026-04-16 14:38:42 +0200: Memory Usage (454192K) : hafniumox_drw has 0 polygons
2026-04-16 14:38:42 +0200: Memory Usage (454192K) : memvia_drw has 0 polygons
2026-04-16 14:38:42 +0200: Memory Usage (454192K) : thinfilmres_drw has 0 polygons
2026-04-16 14:38:42 +0200: Memory Usage (454192K) : rfmem_drw has 0 polygons
2026-04-16 14:38:42 +0200: Memory Usage (454384K) : norcx_drw has 0 polygons
2026-04-16 14:38:42 +0200: Memory Usage (454384K) : norcx_m2m3 has 0 polygons
2026-04-16 14:38:42 +0200: Memory Usage (454384K) : norcx_m2m4 has 0 polygons
2026-04-16 14:38:42 +0200: Memory Usage (454576K) : norcx_m2m5 has 0 polygons
2026-04-16 14:38:42 +0200: Memory Usage (454576K) : norcx_m2tm1 has 0 polygons
2026-04-16 14:38:42 +0200: Memory Usage (454576K) : norcx_m2tm2 has 0 polygons
2026-04-16 14:38:42 +0200: Memory Usage (454576K) : norcx_m3m4 has 0 polygons
2026-04-16 14:38:42 +0200: Memory Usage (454768K) : norcx_m3m5 has 0 polygons
2026-04-16 14:38:42 +0200: Memory Usage (454768K) : norcx_m3tm1 has 0 polygons
2026-04-16 14:38:42 +0200: Memory Usage (454768K) : norcx_m3tm2 has 0 polygons
2026-04-16 14:38:42 +0200: Memory Usage (454960K) : norcx_m4m5 has 0 polygons
2026-04-16 14:38:42 +0200: Memory Usage (454960K) : norcx_m4tm1 has 0 polygons
2026-04-16 14:38:42 +0200: Memory Usage (454960K) : norcx_m4tm2 has 0 polygons
2026-04-16 14:38:42 +0200: Memory Usage (454960K) : norcx_m5tm1 has 0 polygons
2026-04-16 14:38:42 +0200: Memory Usage (454960K) : norcx_m5tm2 has 0 polygons
2026-04-16 14:38:42 +0200: Memory Usage (454960K) : norcx_tm1tm2 has 0 polygons
2026-04-16 14:38:42 +0200: Memory Usage (454960K) : norcx_m1sub has 0 polygons
2026-04-16 14:38:42 +0200: Memory Usage (455152K) : norcx_m2sub has 0 polygons
2026-04-16 14:38:42 +0200: Memory Usage (455152K) : norcx_m3sub has 0 polygons
2026-04-16 14:38:42 +0200: Memory Usage (455152K) : norcx_m4sub has 0 polygons
2026-04-16 14:38:42 +0200: Memory Usage (455152K) : norcx_m5sub has 0 polygons
2026-04-16 14:38:42 +0200: Memory Usage (455152K) : norcx_tm1sub has 0 polygons
2026-04-16 14:38:42 +0200: Memory Usage (455344K) : norcx_tm2sub has 0 polygons
2026-04-16 14:38:42 +0200: Memory Usage (455344K) : snsbotvia_drw has 0 polygons
2026-04-16 14:38:42 +0200: Memory Usage (455344K) : snstopvia_drw has 0 polygons
2026-04-16 14:38:42 +0200: Memory Usage (455344K) : deepvia_drw has 0 polygons
2026-04-16 14:38:42 +0200: Memory Usage (455344K) : fgetch_drw has 0 polygons
2026-04-16 14:38:42 +0200: Memory Usage (455536K) : ctrgat_drw has 0 polygons
2026-04-16 14:38:42 +0200: Memory Usage (455536K) : fgimp_drw has 0 polygons
2026-04-16 14:38:42 +0200: Memory Usage (455536K) : emwihv_drw has 0 polygons
2026-04-16 14:38:42 +0200: Memory Usage (455536K) : lbe_drw has 0 polygons
2026-04-16 14:38:42 +0200: Memory Usage (455536K) : alcustop_drw has 0 polygons
2026-04-16 14:38:42 +0200: Memory Usage (455728K) : nometfiller_drw has 0 polygons
2026-04-16 14:38:42 +0200: Memory Usage (455728K) : prboundary_drw has 0 polygons
2026-04-16 14:38:42 +0200: Memory Usage (455728K) : exchange0_drw has 0 polygons
2026-04-16 14:38:42 +0200: Memory Usage (455728K) : exchange0_pin has 0 polygons
2026-04-16 14:38:42 +0200: Memory Usage (455728K) : exchange0_text has 0 polygons
2026-04-16 14:38:42 +0200: Memory Usage (455920K) : exchange1_drw has 0 polygons
2026-04-16 14:38:42 +0200: Memory Usage (455920K) : exchange1_pin has 0 polygons
2026-04-16 14:38:42 +0200: Memory Usage (455920K) : exchange1_text has 0 polygons
2026-04-16 14:38:42 +0200: Memory Usage (455920K) : exchange2_drw has 0 polygons
2026-04-16 14:38:42 +0200: Memory Usage (455920K) : exchange2_pin has 0 polygons
2026-04-16 14:38:42 +0200: Memory Usage (456112K) : exchange2_text has 0 polygons
2026-04-16 14:38:42 +0200: Memory Usage (456112K) : exchange3_drw has 0 polygons
2026-04-16 14:38:42 +0200: Memory Usage (456112K) : exchange3_pin has 0 polygons
2026-04-16 14:38:42 +0200: Memory Usage (456112K) : exchange3_text has 0 polygons
2026-04-16 14:38:42 +0200: Memory Usage (456304K) : exchange4_drw has 0 polygons
2026-04-16 14:38:42 +0200: Memory Usage (456304K) : exchange4_pin has 0 polygons
2026-04-16 14:38:42 +0200: Memory Usage (456304K) : exchange4_text has 0 polygons
2026-04-16 14:38:42 +0200: Memory Usage (456304K) : isonwell_drw has 0 polygons
2026-04-16 14:38:42 +0200: Memory Usage (456304K) : Total no. of polygons in the design is 64
2026-04-16 14:38:42 +0200: Memory Usage (456304K) : Loaded TECH DRC rules values from /foss/pdks/ihp-sg13g2/libs.tech/klayout/python/sg13g2_pycell_lib/sg13g2_tech_mod.json
2026-04-16 14:38:42 +0200: Memory Usage (456304K) : Loaded default DRC rules values from /foss/pdks/ihp-sg13g2/libs.tech/klayout/tech/drc/rule_decks/sg13g2_tech_default.json
2026-04-16 14:38:42 +0200: Memory Usage (456304K) : The following rules values were missing in tech json and default values were used:
2026-04-16 14:38:42 +0200: Memory Usage (456304K) :   - Cnt_c_digibnd
2026-04-16 14:38:42 +0200: Memory Usage (457652K) : Total area of the design is 6.0196000000000005 um^2.
2026-04-16 14:38:42 +0200: Memory Usage (457652K) : The design dimensions are 1.49 µm * 4.04 µm.
2026-04-16 14:38:42 +0200: Memory Usage (457652K) : Starting general IHP-SG13G2 derivations.
2026-04-16 14:38:42 +0200: Memory Usage (457652K) : Starting Pwell derivations
2026-04-16 14:38:42 +0200: Memory Usage (459848K) : Starting IHP-SG13G2 DRC rules.
2026-04-16 14:38:42 +0200: Memory Usage (459848K) : Starting 7.4. PIN table
2026-04-16 14:38:42 +0200: Memory Usage (459848K) : Executing rule Pin.a
2026-04-16 14:38:42 +0200: Memory Usage (459848K) : Executing rule Pin.b
2026-04-16 14:38:42 +0200: Memory Usage (460040K) : Executing rule Pin.e
2026-04-16 14:38:42 +0200: Memory Usage (460232K) : Executing rule Pin.f_M2
2026-04-16 14:38:42 +0200: Memory Usage (460424K) : Executing rule Pin.f_M3
2026-04-16 14:38:42 +0200: Memory Usage (460616K) : Executing rule Pin.f_M4
2026-04-16 14:38:42 +0200: Memory Usage (460616K) : Executing rule Pin.f_M5
2026-04-16 14:38:42 +0200: Memory Usage (460808K) : Executing rule Pin.g
2026-04-16 14:38:42 +0200: Memory Usage (461000K) : Executing rule Pin.h
2026-04-16 14:38:42 +0200: Memory Usage (461000K) : KLayout DRC run for tables 'pin' completed in 0.15 seconds
