# Logfile created on 2026-04-16 14:38:36 +0200 by logger.rb/v1.5.3
2026-04-16 14:38:36 +0200: Memory Usage (437204K) : Starting running IHP-SG13G2 KLayout DRC runset on /var/home/bleroux/Documents/stage_IEMN/analog-asic-design/designs/inverter/layout/inverter.klay.gds
2026-04-16 14:38:36 +0200: Memory Usage (437204K) : Ruby Version for klayout: 3.2.3
2026-04-16 14:38:36 +0200: Memory Usage (438644K) : Loading database to memory is complete.
2026-04-16 14:38:36 +0200: Memory Usage (438644K) : IHP-SG13G2 KLayout DRC runset output at: /var/home/bleroux/Documents/stage_IEMN/analog-asic-design/drc_run_TOP/inverter.klay_TOP_pwellblock.lyrdb
2026-04-16 14:38:36 +0200: Memory Usage (438836K) : Evaluate switches.
2026-04-16 14:38:36 +0200: Memory Usage (438836K) : tables selected: pwellblock
2026-04-16 14:38:36 +0200: Memory Usage (438836K) : KLayout will use 1 thread(s) in tiling mode.
2026-04-16 14:38:36 +0200: Memory Usage (438836K) : deep mode is enabled.
2026-04-16 14:38:36 +0200: Memory Usage (438836K) : FEOL enabled: false
2026-04-16 14:38:36 +0200: Memory Usage (438836K) : BEOL enabled: false
2026-04-16 14:38:36 +0200: Memory Usage (438836K) : OFFGRID enabled: true
2026-04-16 14:38:36 +0200: Memory Usage (438836K) : PIN enabled: false
2026-04-16 14:38:36 +0200: Memory Usage (438836K) : FORBIDDEN enabled: false
2026-04-16 14:38:36 +0200: Memory Usage (438836K) : RECOMMENDED enabled: true
2026-04-16 14:38:36 +0200: Memory Usage (438836K) : PreCheck DRC enabled: false
2026-04-16 14:38:36 +0200: Memory Usage (438836K) : CONNECTIVITY_RULES enabled: false.
2026-04-16 14:38:36 +0200: Memory Usage (438836K) : Read in polygons from layers.
2026-04-16 14:38:36 +0200: Memory Usage (439800K) : activ_drw has 8 polygons
2026-04-16 14:38:36 +0200: Memory Usage (439800K) : activ_pin has 0 polygons
2026-04-16 14:38:36 +0200: Memory Usage (439800K) : activ_mask has 0 polygons
2026-04-16 14:38:36 +0200: Memory Usage (439800K) : activ_filler has 0 polygons
2026-04-16 14:38:36 +0200: Memory Usage (439800K) : activ_nofill has 0 polygons
2026-04-16 14:38:36 +0200: Memory Usage (439800K) : activ_opc has 0 polygons
2026-04-16 14:38:36 +0200: Memory Usage (439800K) : activ_iopc has 0 polygons
2026-04-16 14:38:36 +0200: Memory Usage (439800K) : activ_noqrc has 0 polygons
2026-04-16 14:38:36 +0200: Memory Usage (439800K) : biwind_drw has 0 polygons
2026-04-16 14:38:36 +0200: Memory Usage (439800K) : biwind_opc has 0 polygons
2026-04-16 14:38:36 +0200: Memory Usage (439800K) : pemwind_drw has 0 polygons
2026-04-16 14:38:36 +0200: Memory Usage (439800K) : gatpoly_drw has 5 polygons
2026-04-16 14:38:36 +0200: Memory Usage (439800K) : gatpoly_pin has 1 polygons
2026-04-16 14:38:36 +0200: Memory Usage (439800K) : gatpoly_filler has 0 polygons
2026-04-16 14:38:36 +0200: Memory Usage (439800K) : gatpoly_nofill has 0 polygons
2026-04-16 14:38:36 +0200: Memory Usage (439800K) : gatpoly_opc has 0 polygons
2026-04-16 14:38:36 +0200: Memory Usage (439800K) : gatpoly_iopc has 0 polygons
2026-04-16 14:38:36 +0200: Memory Usage (439800K) : gatpoly_noqrc has 0 polygons
2026-04-16 14:38:36 +0200: Memory Usage (439800K) : cont_drw has 13 polygons
2026-04-16 14:38:36 +0200: Memory Usage (439800K) : cont_opc has 0 polygons
2026-04-16 14:38:36 +0200: Memory Usage (439800K) : nsd_drw has 0 polygons
2026-04-16 14:38:36 +0200: Memory Usage (439800K) : nsd_block has 0 polygons
2026-04-16 14:38:36 +0200: Memory Usage (439992K) : metal1_drw has 13 polygons
2026-04-16 14:38:36 +0200: Memory Usage (439992K) : metal1_pin has 7 polygons
2026-04-16 14:38:36 +0200: Memory Usage (439992K) : metal1_mask has 0 polygons
2026-04-16 14:38:36 +0200: Memory Usage (439992K) : metal1_filler has 0 polygons
2026-04-16 14:38:36 +0200: Memory Usage (439992K) : metal1_nofill has 0 polygons
2026-04-16 14:38:36 +0200: Memory Usage (439992K) : metal1_slit has 0 polygons
2026-04-16 14:38:36 +0200: Memory Usage (440568K) : metal1_text has 2 polygons
2026-04-16 14:38:36 +0200: Memory Usage (440568K) : metal1_opc has 0 polygons
2026-04-16 14:38:36 +0200: Memory Usage (440568K) : metal1_noqrc has 0 polygons
2026-04-16 14:38:36 +0200: Memory Usage (440760K) : metal1_res has 0 polygons
2026-04-16 14:38:36 +0200: Memory Usage (440760K) : metal1_iprobe has 0 polygons
2026-04-16 14:38:36 +0200: Memory Usage (440760K) : metal1_diffprb has 0 polygons
2026-04-16 14:38:36 +0200: Memory Usage (440760K) : passiv_drw has 0 polygons
2026-04-16 14:38:36 +0200: Memory Usage (440952K) : passiv_pin has 0 polygons
2026-04-16 14:38:36 +0200: Memory Usage (440952K) : passiv_sbump has 0 polygons
2026-04-16 14:38:36 +0200: Memory Usage (440952K) : passiv_pillar has 0 polygons
2026-04-16 14:38:36 +0200: Memory Usage (440952K) : passiv_pdl has 0 polygons
2026-04-16 14:38:36 +0200: Memory Usage (441144K) : metal2_drw has 0 polygons
2026-04-16 14:38:36 +0200: Memory Usage (441144K) : metal2_pin has 0 polygons
2026-04-16 14:38:36 +0200: Memory Usage (441144K) : metal2_mask has 0 polygons
2026-04-16 14:38:36 +0200: Memory Usage (441144K) : metal2_filler has 0 polygons
2026-04-16 14:38:36 +0200: Memory Usage (441336K) : metal2_nofill has 0 polygons
2026-04-16 14:38:36 +0200: Memory Usage (441336K) : metal2_slit has 0 polygons
2026-04-16 14:38:36 +0200: Memory Usage (441336K) : metal2_text has 0 polygons
2026-04-16 14:38:36 +0200: Memory Usage (441528K) : metal2_opc has 0 polygons
2026-04-16 14:38:36 +0200: Memory Usage (441528K) : metal2_noqrc has 0 polygons
2026-04-16 14:38:36 +0200: Memory Usage (441720K) : metal2_res has 0 polygons
2026-04-16 14:38:36 +0200: Memory Usage (441720K) : metal2_iprobe has 0 polygons
2026-04-16 14:38:36 +0200: Memory Usage (441720K) : metal2_diffprb has 0 polygons
2026-04-16 14:38:36 +0200: Memory Usage (441720K) : baspoly_drw has 0 polygons
2026-04-16 14:38:36 +0200: Memory Usage (441912K) : baspoly_pin has 0 polygons
2026-04-16 14:38:36 +0200: Memory Usage (441912K) : psd_drw has 2 polygons
2026-04-16 14:38:36 +0200: Memory Usage (441912K) : nldb_drw has 0 polygons
2026-04-16 14:38:36 +0200: Memory Usage (442104K) : digibnd_drw has 0 polygons
2026-04-16 14:38:36 +0200: Memory Usage (442104K) : via1_drw has 0 polygons
2026-04-16 14:38:36 +0200: Memory Usage (442104K) : backmetal1_drw has 0 polygons
2026-04-16 14:38:36 +0200: Memory Usage (442104K) : backmetal1_pin has 0 polygons
2026-04-16 14:38:36 +0200: Memory Usage (442296K) : backmetal1_mask has 0 polygons
2026-04-16 14:38:36 +0200: Memory Usage (442296K) : backmetal1_filler has 0 polygons
2026-04-16 14:38:36 +0200: Memory Usage (442296K) : backmetal1_nofill has 0 polygons
2026-04-16 14:38:36 +0200: Memory Usage (442488K) : backmetal1_slit has 0 polygons
2026-04-16 14:38:36 +0200: Memory Usage (442488K) : backmetal1_text has 0 polygons
2026-04-16 14:38:36 +0200: Memory Usage (442488K) : backmetal1_opc has 0 polygons
2026-04-16 14:38:36 +0200: Memory Usage (442488K) : backmetal1_noqrc has 0 polygons
2026-04-16 14:38:36 +0200: Memory Usage (442680K) : backmetal1_res has 0 polygons
2026-04-16 14:38:36 +0200: Memory Usage (442680K) : backmetal1_iprobe has 0 polygons
2026-04-16 14:38:36 +0200: Memory Usage (442680K) : backmetal1_diffprb has 0 polygons
2026-04-16 14:38:36 +0200: Memory Usage (442872K) : backpassiv_drw has 0 polygons
2026-04-16 14:38:36 +0200: Memory Usage (442872K) : res_drw has 0 polygons
2026-04-16 14:38:36 +0200: Memory Usage (442872K) : sram_drw has 0 polygons
2026-04-16 14:38:36 +0200: Memory Usage (442872K) : trans_drw has 0 polygons
2026-04-16 14:38:36 +0200: Memory Usage (443064K) : ind_drw has 0 polygons
2026-04-16 14:38:36 +0200: Memory Usage (443064K) : ind_pin has 0 polygons
2026-04-16 14:38:36 +0200: Memory Usage (443256K) : ind_text has 0 polygons
2026-04-16 14:38:36 +0200: Memory Usage (443256K) : salblock_drw has 0 polygons
2026-04-16 14:38:36 +0200: Memory Usage (443256K) : via2_drw has 0 polygons
2026-04-16 14:38:36 +0200: Memory Usage (443448K) : metal3_drw has 0 polygons
2026-04-16 14:38:36 +0200: Memory Usage (443448K) : metal3_pin has 0 polygons
2026-04-16 14:38:36 +0200: Memory Usage (443448K) : metal3_mask has 0 polygons
2026-04-16 14:38:36 +0200: Memory Usage (443640K) : metal3_filler has 0 polygons
2026-04-16 14:38:36 +0200: Memory Usage (443640K) : metal3_nofill has 0 polygons
2026-04-16 14:38:36 +0200: Memory Usage (443640K) : metal3_slit has 0 polygons
2026-04-16 14:38:36 +0200: Memory Usage (443640K) : metal3_text has 0 polygons
2026-04-16 14:38:36 +0200: Memory Usage (443832K) : metal3_opc has 0 polygons
2026-04-16 14:38:36 +0200: Memory Usage (443832K) : metal3_noqrc has 0 polygons
2026-04-16 14:38:36 +0200: Memory Usage (443832K) : metal3_res has 0 polygons
2026-04-16 14:38:36 +0200: Memory Usage (444024K) : metal3_iprobe has 0 polygons
2026-04-16 14:38:36 +0200: Memory Usage (444024K) : metal3_diffprb has 0 polygons
2026-04-16 14:38:36 +0200: Memory Usage (444024K) : nwell_drw has 3 polygons
2026-04-16 14:38:36 +0200: Memory Usage (444024K) : nwell_pin has 1 polygons
2026-04-16 14:38:36 +0200: Memory Usage (444216K) : nbulay_drw has 1 polygons
2026-04-16 14:38:36 +0200: Memory Usage (444216K) : nbulay_pin has 0 polygons
2026-04-16 14:38:36 +0200: Memory Usage (444408K) : nbulay_block has 0 polygons
2026-04-16 14:38:36 +0200: Memory Usage (444408K) : emwind_drw has 0 polygons
2026-04-16 14:38:36 +0200: Memory Usage (444600K) : emwind_opc has 0 polygons
2026-04-16 14:38:36 +0200: Memory Usage (444600K) : deepco_drw has 0 polygons
2026-04-16 14:38:36 +0200: Memory Usage (444600K) : deepco_drw has 0 polygons
2026-04-16 14:38:36 +0200: Memory Usage (444600K) : mim_drw has 0 polygons
2026-04-16 14:38:36 +0200: Memory Usage (444792K) : edgeseal_drw has 0 polygons
2026-04-16 14:38:36 +0200: Memory Usage (444792K) : edgeseal_bound has 0 polygons
2026-04-16 14:38:36 +0200: Memory Usage (444984K) : substrate_drw has 2 polygons
2026-04-16 14:38:36 +0200: Memory Usage (444984K) : substrate_text has 0 polygons
2026-04-16 14:38:36 +0200: Memory Usage (444984K) : dfpad_drw has 0 polygons
2026-04-16 14:38:36 +0200: Memory Usage (444984K) : dfpad_pillar has 0 polygons
2026-04-16 14:38:36 +0200: Memory Usage (445176K) : dfpad_sbump has 0 polygons
2026-04-16 14:38:36 +0200: Memory Usage (445176K) : thickgateox_drw has 0 polygons
2026-04-16 14:38:36 +0200: Memory Usage (445176K) : pldb_drw has 0 polygons
2026-04-16 14:38:36 +0200: Memory Usage (445176K) : pwell_drw has 0 polygons
2026-04-16 14:38:36 +0200: Memory Usage (445176K) : pwell_pin has 0 polygons
2026-04-16 14:38:36 +0200: Memory Usage (445176K) : pwell_block has 0 polygons
2026-04-16 14:38:36 +0200: Memory Usage (445176K) : ic_drw has 0 polygons
2026-04-16 14:38:36 +0200: Memory Usage (445368K) : via3_drw has 0 polygons
2026-04-16 14:38:36 +0200: Memory Usage (445368K) : metal4_drw has 0 polygons
2026-04-16 14:38:36 +0200: Memory Usage (445368K) : metal4_pin has 0 polygons
2026-04-16 14:38:36 +0200: Memory Usage (445560K) : metal4_mask has 0 polygons
2026-04-16 14:38:36 +0200: Memory Usage (445560K) : metal4_filler has 0 polygons
2026-04-16 14:38:36 +0200: Memory Usage (445560K) : metal4_nofill has 0 polygons
2026-04-16 14:38:36 +0200: Memory Usage (445560K) : metal4_slit has 0 polygons
2026-04-16 14:38:36 +0200: Memory Usage (445752K) : metal4_text has 0 polygons
2026-04-16 14:38:36 +0200: Memory Usage (445752K) : metal4_opc has 0 polygons
2026-04-16 14:38:36 +0200: Memory Usage (445752K) : metal4_noqrc has 0 polygons
2026-04-16 14:38:36 +0200: Memory Usage (445944K) : metal4_res has 0 polygons
2026-04-16 14:38:36 +0200: Memory Usage (445944K) : metal4_iprobe has 0 polygons
2026-04-16 14:38:36 +0200: Memory Usage (445944K) : metal4_diffprb has 0 polygons
2026-04-16 14:38:36 +0200: Memory Usage (446136K) : heattrans_drw has 2 polygons
2026-04-16 14:38:36 +0200: Memory Usage (446136K) : heatres_drw has 0 polygons
2026-04-16 14:38:36 +0200: Memory Usage (446136K) : pempoly_drw has 0 polygons
2026-04-16 14:38:36 +0200: Memory Usage (446136K) : fbe_drw has 0 polygons
2026-04-16 14:38:36 +0200: Memory Usage (446136K) : empoly_drw has 0 polygons
2026-04-16 14:38:36 +0200: Memory Usage (446328K) : ldmos_drw has 0 polygons
2026-04-16 14:38:36 +0200: Memory Usage (446328K) : pbiwind_drw has 0 polygons
2026-04-16 14:38:36 +0200: Memory Usage (446520K) : digisub_drw has 0 polygons
2026-04-16 14:38:36 +0200: Memory Usage (446520K) : nodrc_drw has 0 polygons
2026-04-16 14:38:36 +0200: Memory Usage (446520K) : text_drw has 4 polygons
2026-04-16 14:38:36 +0200: Memory Usage (446520K) : via4_drw has 0 polygons
2026-04-16 14:38:36 +0200: Memory Usage (446712K) : metal5_drw has 0 polygons
2026-04-16 14:38:36 +0200: Memory Usage (446712K) : metal5_pin has 0 polygons
2026-04-16 14:38:36 +0200: Memory Usage (446712K) : metal5_mask has 0 polygons
2026-04-16 14:38:36 +0200: Memory Usage (446904K) : metal5_filler has 0 polygons
2026-04-16 14:38:36 +0200: Memory Usage (446904K) : metal5_nofill has 0 polygons
2026-04-16 14:38:36 +0200: Memory Usage (446904K) : metal5_slit has 0 polygons
2026-04-16 14:38:36 +0200: Memory Usage (446904K) : metal5_text has 0 polygons
2026-04-16 14:38:36 +0200: Memory Usage (447096K) : metal5_opc has 0 polygons
2026-04-16 14:38:36 +0200: Memory Usage (447096K) : metal5_noqrc has 0 polygons
2026-04-16 14:38:36 +0200: Memory Usage (447096K) : metal5_res has 0 polygons
2026-04-16 14:38:36 +0200: Memory Usage (447288K) : metal5_iprobe has 0 polygons
2026-04-16 14:38:36 +0200: Memory Usage (447288K) : metal5_diffprb has 0 polygons
2026-04-16 14:38:36 +0200: Memory Usage (447288K) : radhard_drw has 0 polygons
2026-04-16 14:38:36 +0200: Memory Usage (447480K) : memcap_drw has 0 polygons
2026-04-16 14:38:36 +0200: Memory Usage (447480K) : varicap_drw has 0 polygons
2026-04-16 14:38:36 +0200: Memory Usage (447672K) : flash_drw has 0 polygons
2026-04-16 14:38:36 +0200: Memory Usage (447672K) : intbondvia_drw has 0 polygons
2026-04-16 14:38:36 +0200: Memory Usage (447672K) : intbondmet_drw has 0 polygons
2026-04-16 14:38:36 +0200: Memory Usage (447864K) : devbondvia_drw has 0 polygons
2026-04-16 14:38:36 +0200: Memory Usage (447864K) : devbondmet_drw has 0 polygons
2026-04-16 14:38:36 +0200: Memory Usage (447864K) : devtrench_drw has 0 polygons
2026-04-16 14:38:36 +0200: Memory Usage (447864K) : redist_drw has 0 polygons
2026-04-16 14:38:36 +0200: Memory Usage (448056K) : graphbot_drw has 0 polygons
2026-04-16 14:38:36 +0200: Memory Usage (448056K) : graphtop_drw has 0 polygons
2026-04-16 14:38:36 +0200: Memory Usage (448056K) : antvia1_drw has 0 polygons
2026-04-16 14:38:36 +0200: Memory Usage (448056K) : antmetal2_drw has 0 polygons
2026-04-16 14:38:36 +0200: Memory Usage (448248K) : graphcont_drw has 0 polygons
2026-04-16 14:38:36 +0200: Memory Usage (448248K) : siwg_drw has 0 polygons
2026-04-16 14:38:36 +0200: Memory Usage (448248K) : siwg_filler has 0 polygons
2026-04-16 14:38:36 +0200: Memory Usage (448440K) : siwg_nofill has 0 polygons
2026-04-16 14:38:36 +0200: Memory Usage (448440K) : sigrating_drw has 0 polygons
2026-04-16 14:38:36 +0200: Memory Usage (448632K) : singrating_drw has 0 polygons
2026-04-16 14:38:36 +0200: Memory Usage (448632K) : graphpas_drw has 0 polygons
2026-04-16 14:38:36 +0200: Memory Usage (448632K) : emwind3_drw has 0 polygons
2026-04-16 14:38:36 +0200: Memory Usage (448632K) : emwihv3_drw has 0 polygons
2026-04-16 14:38:36 +0200: Memory Usage (448824K) : redbulay_drw has 0 polygons
2026-04-16 14:38:36 +0200: Memory Usage (448824K) : smos_drw has 0 polygons
2026-04-16 14:38:36 +0200: Memory Usage (448824K) : graphpad_drw has 0 polygons
2026-04-16 14:38:36 +0200: Memory Usage (449016K) : polimide_drw has 0 polygons
2026-04-16 14:38:36 +0200: Memory Usage (449016K) : polimide_pin has 0 polygons
2026-04-16 14:38:36 +0200: Memory Usage (449016K) : recog_drw has 0 polygons
2026-04-16 14:38:36 +0200: Memory Usage (449208K) : recog_pin has 0 polygons
2026-04-16 14:38:36 +0200: Memory Usage (449208K) : recog_esd has 0 polygons
2026-04-16 14:38:36 +0200: Memory Usage (449208K) : recog_diode has 0 polygons
2026-04-16 14:38:36 +0200: Memory Usage (449400K) : recog_tsv has 0 polygons
2026-04-16 14:38:36 +0200: Memory Usage (449400K) : recog_iprobe has 0 polygons
2026-04-16 14:38:36 +0200: Memory Usage (449400K) : recog_diffprb has 0 polygons
2026-04-16 14:38:36 +0200: Memory Usage (449400K) : recog_pillar has 0 polygons
2026-04-16 14:38:36 +0200: Memory Usage (449592K) : recog_sbump has 0 polygons
2026-04-16 14:38:36 +0200: Memory Usage (449592K) : recog_otp has 0 polygons
2026-04-16 14:38:36 +0200: Memory Usage (449784K) : recog_pdiode has 0 polygons
2026-04-16 14:38:36 +0200: Memory Usage (449784K) : recog_mom has 0 polygons
2026-04-16 14:38:36 +0200: Memory Usage (449784K) : recog_pcm has 0 polygons
2026-04-16 14:38:36 +0200: Memory Usage (449784K) : colopen_drw has 0 polygons
2026-04-16 14:38:36 +0200: Memory Usage (449784K) : graphmetal1_drw has 0 polygons
2026-04-16 14:38:36 +0200: Memory Usage (449976K) : graphmetal1_filler has 0 polygons
2026-04-16 14:38:36 +0200: Memory Usage (449976K) : graphmetal1_nofill has 0 polygons
2026-04-16 14:38:36 +0200: Memory Usage (449976K) : graphmetal1_slit has 0 polygons
2026-04-16 14:38:36 +0200: Memory Usage (449976K) : graphmetal1_opc has 0 polygons
2026-04-16 14:38:36 +0200: Memory Usage (449976K) : graphmet1l_drw has 0 polygons
2026-04-16 14:38:36 +0200: Memory Usage (450168K) : graphmet1l_filler has 0 polygons
2026-04-16 14:38:36 +0200: Memory Usage (450168K) : graphmet1l_nofill has 0 polygons
2026-04-16 14:38:36 +0200: Memory Usage (450168K) : graphmet1l_slit has 0 polygons
2026-04-16 14:38:36 +0200: Memory Usage (450168K) : graphmet1l_opc has 0 polygons
2026-04-16 14:38:36 +0200: Memory Usage (450168K) : extblock_drw has 0 polygons
2026-04-16 14:38:36 +0200: Memory Usage (450360K) : nldd_drw has 0 polygons
2026-04-16 14:38:36 +0200: Memory Usage (450360K) : pldd_drw has 0 polygons
2026-04-16 14:38:36 +0200: Memory Usage (450360K) : next_drw has 0 polygons
2026-04-16 14:38:36 +0200: Memory Usage (450360K) : pext_drw has 0 polygons
2026-04-16 14:38:36 +0200: Memory Usage (450360K) : nexthv_drw has 0 polygons
2026-04-16 14:38:36 +0200: Memory Usage (450552K) : pexthv_drw has 0 polygons
2026-04-16 14:38:36 +0200: Memory Usage (450552K) : graphgate_drw has 0 polygons
2026-04-16 14:38:36 +0200: Memory Usage (450552K) : sinwg_drw has 0 polygons
2026-04-16 14:38:36 +0200: Memory Usage (450744K) : sinwg_filler has 0 polygons
2026-04-16 14:38:36 +0200: Memory Usage (450744K) : sinwg_nofill has 0 polygons
2026-04-16 14:38:36 +0200: Memory Usage (450744K) : mempad_drw has 0 polygons
2026-04-16 14:38:36 +0200: Memory Usage (450744K) : topvia1_drw has 0 polygons
2026-04-16 14:38:36 +0200: Memory Usage (450936K) : topmetal1_drw has 0 polygons
2026-04-16 14:38:36 +0200: Memory Usage (450936K) : topmetal1_pin has 0 polygons
2026-04-16 14:38:36 +0200: Memory Usage (450936K) : topmetal1_mask has 0 polygons
2026-04-16 14:38:36 +0200: Memory Usage (451128K) : topmetal1_filler has 0 polygons
2026-04-16 14:38:36 +0200: Memory Usage (451128K) : topmetal1_nofill has 0 polygons
2026-04-16 14:38:36 +0200: Memory Usage (451128K) : topmetal1_slit has 0 polygons
2026-04-16 14:38:36 +0200: Memory Usage (451128K) : topmetal1_text has 0 polygons
2026-04-16 14:38:36 +0200: Memory Usage (451128K) : topmetal1_noqrc has 0 polygons
2026-04-16 14:38:36 +0200: Memory Usage (451320K) : topmetal1_res has 0 polygons
2026-04-16 14:38:36 +0200: Memory Usage (451320K) : topmetal1_iprobe has 0 polygons
2026-04-16 14:38:36 +0200: Memory Usage (451320K) : topmetal1_diffprb has 0 polygons
2026-04-16 14:38:36 +0200: Memory Usage (451320K) : inldpwl_drw has 0 polygons
2026-04-16 14:38:36 +0200: Memory Usage (451320K) : polyres_drw has 0 polygons
2026-04-16 14:38:36 +0200: Memory Usage (451512K) : polyres_pin has 0 polygons
2026-04-16 14:38:36 +0200: Memory Usage (451512K) : vmim_drw has 0 polygons
2026-04-16 14:38:36 +0200: Memory Usage (451512K) : nbulaycut_drw has 0 polygons
2026-04-16 14:38:36 +0200: Memory Usage (451512K) : antmetal1_drw has 0 polygons
2026-04-16 14:38:36 +0200: Memory Usage (451704K) : topvia2_drw has 0 polygons
2026-04-16 14:38:36 +0200: Memory Usage (451704K) : topmetal2_drw has 0 polygons
2026-04-16 14:38:36 +0200: Memory Usage (451704K) : topmetal2_pin has 0 polygons
2026-04-16 14:38:36 +0200: Memory Usage (451704K) : topmetal2_mask has 0 polygons
2026-04-16 14:38:36 +0200: Memory Usage (451896K) : topmetal2_filler has 0 polygons
2026-04-16 14:38:36 +0200: Memory Usage (451896K) : topmetal2_nofill has 0 polygons
2026-04-16 14:38:36 +0200: Memory Usage (451896K) : topmetal2_slit has 0 polygons
2026-04-16 14:38:36 +0200: Memory Usage (451896K) : topmetal2_text has 0 polygons
2026-04-16 14:38:36 +0200: Memory Usage (452088K) : topmetal2_noqrc has 0 polygons
2026-04-16 14:38:36 +0200: Memory Usage (452088K) : topmetal2_res has 0 polygons
2026-04-16 14:38:36 +0200: Memory Usage (452088K) : topmetal2_iprobe has 0 polygons
2026-04-16 14:38:36 +0200: Memory Usage (452280K) : topmetal2_diffprb has 0 polygons
2026-04-16 14:38:36 +0200: Memory Usage (452280K) : snsring_drw has 0 polygons
2026-04-16 14:38:36 +0200: Memory Usage (452280K) : sensor_drw has 0 polygons
2026-04-16 14:38:36 +0200: Memory Usage (452280K) : snsarms_drw has 0 polygons
2026-04-16 14:38:36 +0200: Memory Usage (452472K) : snscmosvia_drw has 0 polygons
2026-04-16 14:38:36 +0200: Memory Usage (452472K) : colwind_drw has 0 polygons
2026-04-16 14:38:36 +0200: Memory Usage (452472K) : flm_drw has 0 polygons
2026-04-16 14:38:36 +0200: Memory Usage (452664K) : hafniumox_drw has 0 polygons
2026-04-16 14:38:36 +0200: Memory Usage (452664K) : memvia_drw has 0 polygons
2026-04-16 14:38:36 +0200: Memory Usage (452664K) : thinfilmres_drw has 0 polygons
2026-04-16 14:38:36 +0200: Memory Usage (452664K) : rfmem_drw has 0 polygons
2026-04-16 14:38:36 +0200: Memory Usage (452856K) : norcx_drw has 0 polygons
2026-04-16 14:38:36 +0200: Memory Usage (452856K) : norcx_m2m3 has 0 polygons
2026-04-16 14:38:36 +0200: Memory Usage (452856K) : norcx_m2m4 has 0 polygons
2026-04-16 14:38:36 +0200: Memory Usage (453048K) : norcx_m2m5 has 0 polygons
2026-04-16 14:38:36 +0200: Memory Usage (453048K) : norcx_m2tm1 has 0 polygons
2026-04-16 14:38:36 +0200: Memory Usage (453048K) : norcx_m2tm2 has 0 polygons
2026-04-16 14:38:36 +0200: Memory Usage (453240K) : norcx_m3m4 has 0 polygons
2026-04-16 14:38:36 +0200: Memory Usage (453240K) : norcx_m3m5 has 0 polygons
2026-04-16 14:38:36 +0200: Memory Usage (453240K) : norcx_m3tm1 has 0 polygons
2026-04-16 14:38:36 +0200: Memory Usage (453240K) : norcx_m3tm2 has 0 polygons
2026-04-16 14:38:36 +0200: Memory Usage (453432K) : norcx_m4m5 has 0 polygons
2026-04-16 14:38:36 +0200: Memory Usage (453432K) : norcx_m4tm1 has 0 polygons
2026-04-16 14:38:36 +0200: Memory Usage (453432K) : norcx_m4tm2 has 0 polygons
2026-04-16 14:38:36 +0200: Memory Usage (453432K) : norcx_m5tm1 has 0 polygons
2026-04-16 14:38:36 +0200: Memory Usage (453432K) : norcx_m5tm2 has 0 polygons
2026-04-16 14:38:36 +0200: Memory Usage (453432K) : norcx_tm1tm2 has 0 polygons
2026-04-16 14:38:36 +0200: Memory Usage (453624K) : norcx_m1sub has 0 polygons
2026-04-16 14:38:36 +0200: Memory Usage (453624K) : norcx_m2sub has 0 polygons
2026-04-16 14:38:36 +0200: Memory Usage (453624K) : norcx_m3sub has 0 polygons
2026-04-16 14:38:36 +0200: Memory Usage (453624K) : norcx_m4sub has 0 polygons
2026-04-16 14:38:36 +0200: Memory Usage (453624K) : norcx_m5sub has 0 polygons
2026-04-16 14:38:36 +0200: Memory Usage (453816K) : norcx_tm1sub has 0 polygons
2026-04-16 14:38:36 +0200: Memory Usage (453816K) : norcx_tm2sub has 0 polygons
2026-04-16 14:38:36 +0200: Memory Usage (453816K) : snsbotvia_drw has 0 polygons
2026-04-16 14:38:36 +0200: Memory Usage (453816K) : snstopvia_drw has 0 polygons
2026-04-16 14:38:36 +0200: Memory Usage (453816K) : deepvia_drw has 0 polygons
2026-04-16 14:38:36 +0200: Memory Usage (454008K) : fgetch_drw has 0 polygons
2026-04-16 14:38:36 +0200: Memory Usage (454008K) : ctrgat_drw has 0 polygons
2026-04-16 14:38:36 +0200: Memory Usage (454008K) : fgimp_drw has 0 polygons
2026-04-16 14:38:36 +0200: Memory Usage (454008K) : emwihv_drw has 0 polygons
2026-04-16 14:38:36 +0200: Memory Usage (454008K) : lbe_drw has 0 polygons
2026-04-16 14:38:36 +0200: Memory Usage (454200K) : alcustop_drw has 0 polygons
2026-04-16 14:38:36 +0200: Memory Usage (454200K) : nometfiller_drw has 0 polygons
2026-04-16 14:38:36 +0200: Memory Usage (454200K) : prboundary_drw has 0 polygons
2026-04-16 14:38:36 +0200: Memory Usage (454200K) : exchange0_drw has 0 polygons
2026-04-16 14:38:36 +0200: Memory Usage (454200K) : exchange0_pin has 0 polygons
2026-04-16 14:38:36 +0200: Memory Usage (454392K) : exchange0_text has 0 polygons
2026-04-16 14:38:36 +0200: Memory Usage (454392K) : exchange1_drw has 0 polygons
2026-04-16 14:38:36 +0200: Memory Usage (454392K) : exchange1_pin has 0 polygons
2026-04-16 14:38:36 +0200: Memory Usage (454392K) : exchange1_text has 0 polygons
2026-04-16 14:38:36 +0200: Memory Usage (454392K) : exchange2_drw has 0 polygons
2026-04-16 14:38:36 +0200: Memory Usage (454584K) : exchange2_pin has 0 polygons
2026-04-16 14:38:36 +0200: Memory Usage (454584K) : exchange2_text has 0 polygons
2026-04-16 14:38:36 +0200: Memory Usage (454584K) : exchange3_drw has 0 polygons
2026-04-16 14:38:36 +0200: Memory Usage (454584K) : exchange3_pin has 0 polygons
2026-04-16 14:38:36 +0200: Memory Usage (454584K) : exchange3_text has 0 polygons
2026-04-16 14:38:36 +0200: Memory Usage (454776K) : exchange4_drw has 0 polygons
2026-04-16 14:38:36 +0200: Memory Usage (454776K) : exchange4_pin has 0 polygons
2026-04-16 14:38:36 +0200: Memory Usage (454776K) : exchange4_text has 0 polygons
2026-04-16 14:38:36 +0200: Memory Usage (454776K) : isonwell_drw has 0 polygons
2026-04-16 14:38:36 +0200: Memory Usage (454776K) : Total no. of polygons in the design is 64
2026-04-16 14:38:36 +0200: Memory Usage (454776K) : Loaded TECH DRC rules values from /foss/pdks/ihp-sg13g2/libs.tech/klayout/python/sg13g2_pycell_lib/sg13g2_tech_mod.json
2026-04-16 14:38:36 +0200: Memory Usage (454776K) : Loaded default DRC rules values from /foss/pdks/ihp-sg13g2/libs.tech/klayout/tech/drc/rule_decks/sg13g2_tech_default.json
2026-04-16 14:38:36 +0200: Memory Usage (454776K) : The following rules values were missing in tech json and default values were used:
2026-04-16 14:38:36 +0200: Memory Usage (454776K) :   - Cnt_c_digibnd
2026-04-16 14:38:36 +0200: Memory Usage (456148K) : Total area of the design is 6.0196000000000005 um^2.
2026-04-16 14:38:36 +0200: Memory Usage (456148K) : The design dimensions are 1.49 µm * 4.04 µm.
2026-04-16 14:38:36 +0200: Memory Usage (456148K) : Starting general IHP-SG13G2 derivations.
2026-04-16 14:38:36 +0200: Memory Usage (456148K) : Starting Pwell derivations
2026-04-16 14:38:36 +0200: Memory Usage (457968K) : Starting n-Activ derivations
2026-04-16 14:38:36 +0200: Memory Usage (457968K) : Starting p-Activ derivations
2026-04-16 14:38:36 +0200: Memory Usage (457968K) : Starting ptap derivations
2026-04-16 14:38:36 +0200: Memory Usage (458160K) : Starting nact FET derivations
2026-04-16 14:38:36 +0200: Memory Usage (458160K) : Starting IHP-SG13G2 DRC rules.
2026-04-16 14:38:36 +0200: Memory Usage (458160K) : Starting 5.2 PWell:block
2026-04-16 14:38:36 +0200: Memory Usage (458160K) : Executing rule PWB.e
2026-04-16 14:38:36 +0200: Memory Usage (458556K) : Executing rule PWB.e1
2026-04-16 14:38:36 +0200: Memory Usage (458784K) : Executing rule PWB.f
2026-04-16 14:38:36 +0200: Memory Usage (458976K) : Executing rule PWB.f1
2026-04-16 14:38:36 +0200: Memory Usage (459552K) : KLayout DRC run for tables 'pwellblock' completed in 0.26 seconds
