# Logfile created on 2026-04-16 14:38:36 +0200 by logger.rb/v1.5.3
2026-04-16 14:38:36 +0200: Memory Usage (438484K) : Starting running IHP-SG13G2 KLayout DRC runset on /var/home/bleroux/Documents/stage_IEMN/analog-asic-design/designs/inverter/layout/inverter.klay.gds
2026-04-16 14:38:36 +0200: Memory Usage (438484K) : Ruby Version for klayout: 3.2.3
2026-04-16 14:38:36 +0200: Memory Usage (440120K) : Loading database to memory is complete.
2026-04-16 14:38:36 +0200: Memory Usage (440120K) : IHP-SG13G2 KLayout DRC runset output at: /var/home/bleroux/Documents/stage_IEMN/analog-asic-design/drc_run_TOP/inverter.klay_TOP_cont.lyrdb
2026-04-16 14:38:36 +0200: Memory Usage (440312K) : Evaluate switches.
2026-04-16 14:38:36 +0200: Memory Usage (440312K) : tables selected: cont
2026-04-16 14:38:36 +0200: Memory Usage (440312K) : KLayout will use 1 thread(s) in tiling mode.
2026-04-16 14:38:36 +0200: Memory Usage (440312K) : deep mode is enabled.
2026-04-16 14:38:36 +0200: Memory Usage (440312K) : FEOL enabled: false
2026-04-16 14:38:36 +0200: Memory Usage (440312K) : BEOL enabled: false
2026-04-16 14:38:36 +0200: Memory Usage (440312K) : OFFGRID enabled: true
2026-04-16 14:38:36 +0200: Memory Usage (440312K) : PIN enabled: false
2026-04-16 14:38:36 +0200: Memory Usage (440312K) : FORBIDDEN enabled: false
2026-04-16 14:38:36 +0200: Memory Usage (440312K) : RECOMMENDED enabled: true
2026-04-16 14:38:36 +0200: Memory Usage (440312K) : PreCheck DRC enabled: false
2026-04-16 14:38:36 +0200: Memory Usage (440312K) : CONNECTIVITY_RULES enabled: false.
2026-04-16 14:38:36 +0200: Memory Usage (440312K) : Read in polygons from layers.
2026-04-16 14:38:36 +0200: Memory Usage (441080K) : activ_drw has 8 polygons
2026-04-16 14:38:36 +0200: Memory Usage (441080K) : activ_pin has 0 polygons
2026-04-16 14:38:36 +0200: Memory Usage (441080K) : activ_mask has 0 polygons
2026-04-16 14:38:36 +0200: Memory Usage (441080K) : activ_filler has 0 polygons
2026-04-16 14:38:36 +0200: Memory Usage (441080K) : activ_nofill has 0 polygons
2026-04-16 14:38:36 +0200: Memory Usage (441080K) : activ_opc has 0 polygons
2026-04-16 14:38:36 +0200: Memory Usage (441080K) : activ_iopc has 0 polygons
2026-04-16 14:38:36 +0200: Memory Usage (441080K) : activ_noqrc has 0 polygons
2026-04-16 14:38:36 +0200: Memory Usage (441080K) : biwind_drw has 0 polygons
2026-04-16 14:38:36 +0200: Memory Usage (441080K) : biwind_opc has 0 polygons
2026-04-16 14:38:36 +0200: Memory Usage (441080K) : pemwind_drw has 0 polygons
2026-04-16 14:38:36 +0200: Memory Usage (441080K) : gatpoly_drw has 5 polygons
2026-04-16 14:38:36 +0200: Memory Usage (441080K) : gatpoly_pin has 1 polygons
2026-04-16 14:38:36 +0200: Memory Usage (441080K) : gatpoly_filler has 0 polygons
2026-04-16 14:38:36 +0200: Memory Usage (441080K) : gatpoly_nofill has 0 polygons
2026-04-16 14:38:36 +0200: Memory Usage (441080K) : gatpoly_opc has 0 polygons
2026-04-16 14:38:36 +0200: Memory Usage (441080K) : gatpoly_iopc has 0 polygons
2026-04-16 14:38:36 +0200: Memory Usage (441080K) : gatpoly_noqrc has 0 polygons
2026-04-16 14:38:36 +0200: Memory Usage (441080K) : cont_drw has 13 polygons
2026-04-16 14:38:36 +0200: Memory Usage (441080K) : cont_opc has 0 polygons
2026-04-16 14:38:36 +0200: Memory Usage (441080K) : nsd_drw has 0 polygons
2026-04-16 14:38:36 +0200: Memory Usage (441080K) : nsd_block has 0 polygons
2026-04-16 14:38:36 +0200: Memory Usage (441464K) : metal1_drw has 13 polygons
2026-04-16 14:38:36 +0200: Memory Usage (441464K) : metal1_pin has 7 polygons
2026-04-16 14:38:36 +0200: Memory Usage (441464K) : metal1_mask has 0 polygons
2026-04-16 14:38:36 +0200: Memory Usage (441464K) : metal1_filler has 0 polygons
2026-04-16 14:38:36 +0200: Memory Usage (441464K) : metal1_nofill has 0 polygons
2026-04-16 14:38:36 +0200: Memory Usage (441464K) : metal1_slit has 0 polygons
2026-04-16 14:38:36 +0200: Memory Usage (441848K) : metal1_text has 2 polygons
2026-04-16 14:38:36 +0200: Memory Usage (441848K) : metal1_opc has 0 polygons
2026-04-16 14:38:36 +0200: Memory Usage (441848K) : metal1_noqrc has 0 polygons
2026-04-16 14:38:36 +0200: Memory Usage (441848K) : metal1_res has 0 polygons
2026-04-16 14:38:36 +0200: Memory Usage (442040K) : metal1_iprobe has 0 polygons
2026-04-16 14:38:36 +0200: Memory Usage (442040K) : metal1_diffprb has 0 polygons
2026-04-16 14:38:36 +0200: Memory Usage (442040K) : passiv_drw has 0 polygons
2026-04-16 14:38:36 +0200: Memory Usage (442040K) : passiv_pin has 0 polygons
2026-04-16 14:38:36 +0200: Memory Usage (442232K) : passiv_sbump has 0 polygons
2026-04-16 14:38:36 +0200: Memory Usage (442232K) : passiv_pillar has 0 polygons
2026-04-16 14:38:36 +0200: Memory Usage (442232K) : passiv_pdl has 0 polygons
2026-04-16 14:38:36 +0200: Memory Usage (442232K) : metal2_drw has 0 polygons
2026-04-16 14:38:36 +0200: Memory Usage (442424K) : metal2_pin has 0 polygons
2026-04-16 14:38:36 +0200: Memory Usage (442424K) : metal2_mask has 0 polygons
2026-04-16 14:38:36 +0200: Memory Usage (442424K) : metal2_filler has 0 polygons
2026-04-16 14:38:36 +0200: Memory Usage (442616K) : metal2_nofill has 0 polygons
2026-04-16 14:38:36 +0200: Memory Usage (442616K) : metal2_slit has 0 polygons
2026-04-16 14:38:36 +0200: Memory Usage (442616K) : metal2_text has 0 polygons
2026-04-16 14:38:36 +0200: Memory Usage (442616K) : metal2_opc has 0 polygons
2026-04-16 14:38:36 +0200: Memory Usage (442808K) : metal2_noqrc has 0 polygons
2026-04-16 14:38:36 +0200: Memory Usage (442808K) : metal2_res has 0 polygons
2026-04-16 14:38:36 +0200: Memory Usage (443000K) : metal2_iprobe has 0 polygons
2026-04-16 14:38:36 +0200: Memory Usage (443000K) : metal2_diffprb has 0 polygons
2026-04-16 14:38:36 +0200: Memory Usage (443000K) : baspoly_drw has 0 polygons
2026-04-16 14:38:36 +0200: Memory Usage (443000K) : baspoly_pin has 0 polygons
2026-04-16 14:38:36 +0200: Memory Usage (443192K) : psd_drw has 2 polygons
2026-04-16 14:38:36 +0200: Memory Usage (443192K) : nldb_drw has 0 polygons
2026-04-16 14:38:36 +0200: Memory Usage (443192K) : digibnd_drw has 0 polygons
2026-04-16 14:38:36 +0200: Memory Usage (443384K) : via1_drw has 0 polygons
2026-04-16 14:38:36 +0200: Memory Usage (443384K) : backmetal1_drw has 0 polygons
2026-04-16 14:38:36 +0200: Memory Usage (443384K) : backmetal1_pin has 0 polygons
2026-04-16 14:38:36 +0200: Memory Usage (443384K) : backmetal1_mask has 0 polygons
2026-04-16 14:38:36 +0200: Memory Usage (443576K) : backmetal1_filler has 0 polygons
2026-04-16 14:38:36 +0200: Memory Usage (443576K) : backmetal1_nofill has 0 polygons
2026-04-16 14:38:36 +0200: Memory Usage (443576K) : backmetal1_slit has 0 polygons
2026-04-16 14:38:36 +0200: Memory Usage (443768K) : backmetal1_text has 0 polygons
2026-04-16 14:38:36 +0200: Memory Usage (443768K) : backmetal1_opc has 0 polygons
2026-04-16 14:38:36 +0200: Memory Usage (443768K) : backmetal1_noqrc has 0 polygons
2026-04-16 14:38:36 +0200: Memory Usage (443768K) : backmetal1_res has 0 polygons
2026-04-16 14:38:36 +0200: Memory Usage (443960K) : backmetal1_iprobe has 0 polygons
2026-04-16 14:38:36 +0200: Memory Usage (443960K) : backmetal1_diffprb has 0 polygons
2026-04-16 14:38:36 +0200: Memory Usage (443960K) : backpassiv_drw has 0 polygons
2026-04-16 14:38:36 +0200: Memory Usage (444152K) : res_drw has 0 polygons
2026-04-16 14:38:36 +0200: Memory Usage (444152K) : sram_drw has 0 polygons
2026-04-16 14:38:36 +0200: Memory Usage (444152K) : trans_drw has 0 polygons
2026-04-16 14:38:36 +0200: Memory Usage (444152K) : ind_drw has 0 polygons
2026-04-16 14:38:36 +0200: Memory Usage (444344K) : ind_pin has 0 polygons
2026-04-16 14:38:36 +0200: Memory Usage (444344K) : ind_text has 0 polygons
2026-04-16 14:38:36 +0200: Memory Usage (444536K) : salblock_drw has 0 polygons
2026-04-16 14:38:36 +0200: Memory Usage (444536K) : via2_drw has 0 polygons
2026-04-16 14:38:36 +0200: Memory Usage (444728K) : metal3_drw has 0 polygons
2026-04-16 14:38:36 +0200: Memory Usage (444728K) : metal3_pin has 0 polygons
2026-04-16 14:38:36 +0200: Memory Usage (444728K) : metal3_mask has 0 polygons
2026-04-16 14:38:36 +0200: Memory Usage (444728K) : metal3_filler has 0 polygons
2026-04-16 14:38:36 +0200: Memory Usage (444920K) : metal3_nofill has 0 polygons
2026-04-16 14:38:36 +0200: Memory Usage (444920K) : metal3_slit has 0 polygons
2026-04-16 14:38:36 +0200: Memory Usage (444920K) : metal3_text has 0 polygons
2026-04-16 14:38:36 +0200: Memory Usage (445112K) : metal3_opc has 0 polygons
2026-04-16 14:38:36 +0200: Memory Usage (445112K) : metal3_noqrc has 0 polygons
2026-04-16 14:38:36 +0200: Memory Usage (445112K) : metal3_res has 0 polygons
2026-04-16 14:38:36 +0200: Memory Usage (445112K) : metal3_iprobe has 0 polygons
2026-04-16 14:38:36 +0200: Memory Usage (445112K) : metal3_diffprb has 0 polygons
2026-04-16 14:38:36 +0200: Memory Usage (445304K) : nwell_drw has 3 polygons
2026-04-16 14:38:36 +0200: Memory Usage (445304K) : nwell_pin has 1 polygons
2026-04-16 14:38:36 +0200: Memory Usage (445496K) : nbulay_drw has 1 polygons
2026-04-16 14:38:36 +0200: Memory Usage (445496K) : nbulay_pin has 0 polygons
2026-04-16 14:38:36 +0200: Memory Usage (445496K) : nbulay_block has 0 polygons
2026-04-16 14:38:36 +0200: Memory Usage (445688K) : emwind_drw has 0 polygons
2026-04-16 14:38:36 +0200: Memory Usage (445688K) : emwind_opc has 0 polygons
2026-04-16 14:38:36 +0200: Memory Usage (445688K) : deepco_drw has 0 polygons
2026-04-16 14:38:36 +0200: Memory Usage (445880K) : deepco_drw has 0 polygons
2026-04-16 14:38:36 +0200: Memory Usage (445880K) : mim_drw has 0 polygons
2026-04-16 14:38:36 +0200: Memory Usage (445880K) : edgeseal_drw has 0 polygons
2026-04-16 14:38:36 +0200: Memory Usage (446072K) : edgeseal_bound has 0 polygons
2026-04-16 14:38:36 +0200: Memory Usage (446072K) : substrate_drw has 2 polygons
2026-04-16 14:38:36 +0200: Memory Usage (446072K) : substrate_text has 0 polygons
2026-04-16 14:38:36 +0200: Memory Usage (446264K) : dfpad_drw has 0 polygons
2026-04-16 14:38:36 +0200: Memory Usage (446264K) : dfpad_pillar has 0 polygons
2026-04-16 14:38:36 +0200: Memory Usage (446264K) : dfpad_sbump has 0 polygons
2026-04-16 14:38:36 +0200: Memory Usage (446264K) : thickgateox_drw has 0 polygons
2026-04-16 14:38:36 +0200: Memory Usage (446456K) : pldb_drw has 0 polygons
2026-04-16 14:38:36 +0200: Memory Usage (446456K) : pwell_drw has 0 polygons
2026-04-16 14:38:36 +0200: Memory Usage (446456K) : pwell_pin has 0 polygons
2026-04-16 14:38:36 +0200: Memory Usage (446648K) : pwell_block has 0 polygons
2026-04-16 14:38:36 +0200: Memory Usage (446648K) : ic_drw has 0 polygons
2026-04-16 14:38:36 +0200: Memory Usage (446648K) : via3_drw has 0 polygons
2026-04-16 14:38:36 +0200: Memory Usage (446840K) : metal4_drw has 0 polygons
2026-04-16 14:38:36 +0200: Memory Usage (446840K) : metal4_pin has 0 polygons
2026-04-16 14:38:36 +0200: Memory Usage (446840K) : metal4_mask has 0 polygons
2026-04-16 14:38:36 +0200: Memory Usage (447032K) : metal4_filler has 0 polygons
2026-04-16 14:38:36 +0200: Memory Usage (447032K) : metal4_nofill has 0 polygons
2026-04-16 14:38:36 +0200: Memory Usage (447032K) : metal4_slit has 0 polygons
2026-04-16 14:38:36 +0200: Memory Usage (447224K) : metal4_text has 0 polygons
2026-04-16 14:38:36 +0200: Memory Usage (447224K) : metal4_opc has 0 polygons
2026-04-16 14:38:36 +0200: Memory Usage (447224K) : metal4_noqrc has 0 polygons
2026-04-16 14:38:36 +0200: Memory Usage (447224K) : metal4_res has 0 polygons
2026-04-16 14:38:36 +0200: Memory Usage (447416K) : metal4_iprobe has 0 polygons
2026-04-16 14:38:36 +0200: Memory Usage (447416K) : metal4_diffprb has 0 polygons
2026-04-16 14:38:36 +0200: Memory Usage (447608K) : heattrans_drw has 2 polygons
2026-04-16 14:38:36 +0200: Memory Usage (447608K) : heatres_drw has 0 polygons
2026-04-16 14:38:36 +0200: Memory Usage (447608K) : pempoly_drw has 0 polygons
2026-04-16 14:38:36 +0200: Memory Usage (447608K) : fbe_drw has 0 polygons
2026-04-16 14:38:36 +0200: Memory Usage (447800K) : empoly_drw has 0 polygons
2026-04-16 14:38:36 +0200: Memory Usage (447800K) : ldmos_drw has 0 polygons
2026-04-16 14:38:36 +0200: Memory Usage (447992K) : pbiwind_drw has 0 polygons
2026-04-16 14:38:36 +0200: Memory Usage (447992K) : digisub_drw has 0 polygons
2026-04-16 14:38:36 +0200: Memory Usage (447992K) : nodrc_drw has 0 polygons
2026-04-16 14:38:36 +0200: Memory Usage (447992K) : text_drw has 4 polygons
2026-04-16 14:38:36 +0200: Memory Usage (447992K) : via4_drw has 0 polygons
2026-04-16 14:38:36 +0200: Memory Usage (448184K) : metal5_drw has 0 polygons
2026-04-16 14:38:36 +0200: Memory Usage (448184K) : metal5_pin has 0 polygons
2026-04-16 14:38:36 +0200: Memory Usage (448184K) : metal5_mask has 0 polygons
2026-04-16 14:38:36 +0200: Memory Usage (448376K) : metal5_filler has 0 polygons
2026-04-16 14:38:36 +0200: Memory Usage (448376K) : metal5_nofill has 0 polygons
2026-04-16 14:38:36 +0200: Memory Usage (448376K) : metal5_slit has 0 polygons
2026-04-16 14:38:36 +0200: Memory Usage (448376K) : metal5_text has 0 polygons
2026-04-16 14:38:36 +0200: Memory Usage (448568K) : metal5_opc has 0 polygons
2026-04-16 14:38:36 +0200: Memory Usage (448568K) : metal5_noqrc has 0 polygons
2026-04-16 14:38:36 +0200: Memory Usage (448568K) : metal5_res has 0 polygons
2026-04-16 14:38:36 +0200: Memory Usage (448760K) : metal5_iprobe has 0 polygons
2026-04-16 14:38:36 +0200: Memory Usage (448760K) : metal5_diffprb has 0 polygons
2026-04-16 14:38:36 +0200: Memory Usage (448760K) : radhard_drw has 0 polygons
2026-04-16 14:38:36 +0200: Memory Usage (448952K) : memcap_drw has 0 polygons
2026-04-16 14:38:36 +0200: Memory Usage (448952K) : varicap_drw has 0 polygons
2026-04-16 14:38:36 +0200: Memory Usage (449144K) : flash_drw has 0 polygons
2026-04-16 14:38:36 +0200: Memory Usage (449144K) : intbondvia_drw has 0 polygons
2026-04-16 14:38:36 +0200: Memory Usage (449144K) : intbondmet_drw has 0 polygons
2026-04-16 14:38:36 +0200: Memory Usage (449144K) : devbondvia_drw has 0 polygons
2026-04-16 14:38:36 +0200: Memory Usage (449144K) : devbondmet_drw has 0 polygons
2026-04-16 14:38:36 +0200: Memory Usage (449144K) : devtrench_drw has 0 polygons
2026-04-16 14:38:36 +0200: Memory Usage (449144K) : redist_drw has 0 polygons
2026-04-16 14:38:36 +0200: Memory Usage (449336K) : graphbot_drw has 0 polygons
2026-04-16 14:38:36 +0200: Memory Usage (449336K) : graphtop_drw has 0 polygons
2026-04-16 14:38:36 +0200: Memory Usage (449336K) : antvia1_drw has 0 polygons
2026-04-16 14:38:36 +0200: Memory Usage (449528K) : antmetal2_drw has 0 polygons
2026-04-16 14:38:36 +0200: Memory Usage (449528K) : graphcont_drw has 0 polygons
2026-04-16 14:38:36 +0200: Memory Usage (449528K) : siwg_drw has 0 polygons
2026-04-16 14:38:36 +0200: Memory Usage (449528K) : siwg_filler has 0 polygons
2026-04-16 14:38:36 +0200: Memory Usage (449720K) : siwg_nofill has 0 polygons
2026-04-16 14:38:36 +0200: Memory Usage (449720K) : sigrating_drw has 0 polygons
2026-04-16 14:38:36 +0200: Memory Usage (449912K) : singrating_drw has 0 polygons
2026-04-16 14:38:36 +0200: Memory Usage (449912K) : graphpas_drw has 0 polygons
2026-04-16 14:38:36 +0200: Memory Usage (449912K) : emwind3_drw has 0 polygons
2026-04-16 14:38:36 +0200: Memory Usage (449912K) : emwihv3_drw has 0 polygons
2026-04-16 14:38:36 +0200: Memory Usage (450104K) : redbulay_drw has 0 polygons
2026-04-16 14:38:36 +0200: Memory Usage (450104K) : smos_drw has 0 polygons
2026-04-16 14:38:36 +0200: Memory Usage (450104K) : graphpad_drw has 0 polygons
2026-04-16 14:38:36 +0200: Memory Usage (450296K) : polimide_drw has 0 polygons
2026-04-16 14:38:36 +0200: Memory Usage (450296K) : polimide_pin has 0 polygons
2026-04-16 14:38:36 +0200: Memory Usage (450488K) : recog_drw has 0 polygons
2026-04-16 14:38:36 +0200: Memory Usage (450488K) : recog_pin has 0 polygons
2026-04-16 14:38:36 +0200: Memory Usage (450488K) : recog_esd has 0 polygons
2026-04-16 14:38:36 +0200: Memory Usage (450488K) : recog_diode has 0 polygons
2026-04-16 14:38:36 +0200: Memory Usage (450680K) : recog_tsv has 0 polygons
2026-04-16 14:38:36 +0200: Memory Usage (450680K) : recog_iprobe has 0 polygons
2026-04-16 14:38:36 +0200: Memory Usage (450680K) : recog_diffprb has 0 polygons
2026-04-16 14:38:36 +0200: Memory Usage (450872K) : recog_pillar has 0 polygons
2026-04-16 14:38:36 +0200: Memory Usage (450872K) : recog_sbump has 0 polygons
2026-04-16 14:38:36 +0200: Memory Usage (450872K) : recog_otp has 0 polygons
2026-04-16 14:38:36 +0200: Memory Usage (450872K) : recog_pdiode has 0 polygons
2026-04-16 14:38:36 +0200: Memory Usage (451064K) : recog_mom has 0 polygons
2026-04-16 14:38:36 +0200: Memory Usage (451064K) : recog_pcm has 0 polygons
2026-04-16 14:38:36 +0200: Memory Usage (451064K) : colopen_drw has 0 polygons
2026-04-16 14:38:36 +0200: Memory Usage (451064K) : graphmetal1_drw has 0 polygons
2026-04-16 14:38:36 +0200: Memory Usage (451064K) : graphmetal1_filler has 0 polygons
2026-04-16 14:38:36 +0200: Memory Usage (451256K) : graphmetal1_nofill has 0 polygons
2026-04-16 14:38:36 +0200: Memory Usage (451256K) : graphmetal1_slit has 0 polygons
2026-04-16 14:38:36 +0200: Memory Usage (451256K) : graphmetal1_opc has 0 polygons
2026-04-16 14:38:36 +0200: Memory Usage (451256K) : graphmet1l_drw has 0 polygons
2026-04-16 14:38:36 +0200: Memory Usage (451256K) : graphmet1l_filler has 0 polygons
2026-04-16 14:38:36 +0200: Memory Usage (451448K) : graphmet1l_nofill has 0 polygons
2026-04-16 14:38:36 +0200: Memory Usage (451448K) : graphmet1l_slit has 0 polygons
2026-04-16 14:38:36 +0200: Memory Usage (451448K) : graphmet1l_opc has 0 polygons
2026-04-16 14:38:36 +0200: Memory Usage (451448K) : extblock_drw has 0 polygons
2026-04-16 14:38:36 +0200: Memory Usage (451448K) : nldd_drw has 0 polygons
2026-04-16 14:38:36 +0200: Memory Usage (451640K) : pldd_drw has 0 polygons
2026-04-16 14:38:36 +0200: Memory Usage (451640K) : next_drw has 0 polygons
2026-04-16 14:38:36 +0200: Memory Usage (451640K) : pext_drw has 0 polygons
2026-04-16 14:38:36 +0200: Memory Usage (451640K) : nexthv_drw has 0 polygons
2026-04-16 14:38:36 +0200: Memory Usage (451832K) : pexthv_drw has 0 polygons
2026-04-16 14:38:36 +0200: Memory Usage (451832K) : graphgate_drw has 0 polygons
2026-04-16 14:38:36 +0200: Memory Usage (451832K) : sinwg_drw has 0 polygons
2026-04-16 14:38:36 +0200: Memory Usage (452024K) : sinwg_filler has 0 polygons
2026-04-16 14:38:36 +0200: Memory Usage (452024K) : sinwg_nofill has 0 polygons
2026-04-16 14:38:36 +0200: Memory Usage (452024K) : mempad_drw has 0 polygons
2026-04-16 14:38:36 +0200: Memory Usage (452024K) : topvia1_drw has 0 polygons
2026-04-16 14:38:36 +0200: Memory Usage (452216K) : topmetal1_drw has 0 polygons
2026-04-16 14:38:36 +0200: Memory Usage (452216K) : topmetal1_pin has 0 polygons
2026-04-16 14:38:36 +0200: Memory Usage (452216K) : topmetal1_mask has 0 polygons
2026-04-16 14:38:36 +0200: Memory Usage (452408K) : topmetal1_filler has 0 polygons
2026-04-16 14:38:36 +0200: Memory Usage (452408K) : topmetal1_nofill has 0 polygons
2026-04-16 14:38:36 +0200: Memory Usage (452408K) : topmetal1_slit has 0 polygons
2026-04-16 14:38:36 +0200: Memory Usage (452408K) : topmetal1_text has 0 polygons
2026-04-16 14:38:36 +0200: Memory Usage (452408K) : topmetal1_noqrc has 0 polygons
2026-04-16 14:38:36 +0200: Memory Usage (452600K) : topmetal1_res has 0 polygons
2026-04-16 14:38:36 +0200: Memory Usage (452600K) : topmetal1_iprobe has 0 polygons
2026-04-16 14:38:36 +0200: Memory Usage (452600K) : topmetal1_diffprb has 0 polygons
2026-04-16 14:38:36 +0200: Memory Usage (452600K) : inldpwl_drw has 0 polygons
2026-04-16 14:38:36 +0200: Memory Usage (452600K) : polyres_drw has 0 polygons
2026-04-16 14:38:36 +0200: Memory Usage (452792K) : polyres_pin has 0 polygons
2026-04-16 14:38:36 +0200: Memory Usage (452792K) : vmim_drw has 0 polygons
2026-04-16 14:38:36 +0200: Memory Usage (452792K) : nbulaycut_drw has 0 polygons
2026-04-16 14:38:36 +0200: Memory Usage (452792K) : antmetal1_drw has 0 polygons
2026-04-16 14:38:36 +0200: Memory Usage (452984K) : topvia2_drw has 0 polygons
2026-04-16 14:38:36 +0200: Memory Usage (452984K) : topmetal2_drw has 0 polygons
2026-04-16 14:38:36 +0200: Memory Usage (452984K) : topmetal2_pin has 0 polygons
2026-04-16 14:38:36 +0200: Memory Usage (452984K) : topmetal2_mask has 0 polygons
2026-04-16 14:38:36 +0200: Memory Usage (453176K) : topmetal2_filler has 0 polygons
2026-04-16 14:38:36 +0200: Memory Usage (453176K) : topmetal2_nofill has 0 polygons
2026-04-16 14:38:36 +0200: Memory Usage (453176K) : topmetal2_slit has 0 polygons
2026-04-16 14:38:36 +0200: Memory Usage (453368K) : topmetal2_text has 0 polygons
2026-04-16 14:38:36 +0200: Memory Usage (453368K) : topmetal2_noqrc has 0 polygons
2026-04-16 14:38:36 +0200: Memory Usage (453368K) : topmetal2_res has 0 polygons
2026-04-16 14:38:36 +0200: Memory Usage (453368K) : topmetal2_iprobe has 0 polygons
2026-04-16 14:38:36 +0200: Memory Usage (453560K) : topmetal2_diffprb has 0 polygons
2026-04-16 14:38:36 +0200: Memory Usage (453560K) : snsring_drw has 0 polygons
2026-04-16 14:38:36 +0200: Memory Usage (453560K) : sensor_drw has 0 polygons
2026-04-16 14:38:36 +0200: Memory Usage (453752K) : snsarms_drw has 0 polygons
2026-04-16 14:38:36 +0200: Memory Usage (453752K) : snscmosvia_drw has 0 polygons
2026-04-16 14:38:36 +0200: Memory Usage (453752K) : colwind_drw has 0 polygons
2026-04-16 14:38:36 +0200: Memory Usage (453752K) : flm_drw has 0 polygons
2026-04-16 14:38:36 +0200: Memory Usage (453944K) : hafniumox_drw has 0 polygons
2026-04-16 14:38:36 +0200: Memory Usage (453944K) : memvia_drw has 0 polygons
2026-04-16 14:38:36 +0200: Memory Usage (453944K) : thinfilmres_drw has 0 polygons
2026-04-16 14:38:36 +0200: Memory Usage (453944K) : rfmem_drw has 0 polygons
2026-04-16 14:38:36 +0200: Memory Usage (454136K) : norcx_drw has 0 polygons
2026-04-16 14:38:36 +0200: Memory Usage (454136K) : norcx_m2m3 has 0 polygons
2026-04-16 14:38:36 +0200: Memory Usage (454136K) : norcx_m2m4 has 0 polygons
2026-04-16 14:38:36 +0200: Memory Usage (454328K) : norcx_m2m5 has 0 polygons
2026-04-16 14:38:36 +0200: Memory Usage (454328K) : norcx_m2tm1 has 0 polygons
2026-04-16 14:38:36 +0200: Memory Usage (454328K) : norcx_m2tm2 has 0 polygons
2026-04-16 14:38:36 +0200: Memory Usage (454520K) : norcx_m3m4 has 0 polygons
2026-04-16 14:38:36 +0200: Memory Usage (454520K) : norcx_m3m5 has 0 polygons
2026-04-16 14:38:36 +0200: Memory Usage (454520K) : norcx_m3tm1 has 0 polygons
2026-04-16 14:38:36 +0200: Memory Usage (454520K) : norcx_m3tm2 has 0 polygons
2026-04-16 14:38:36 +0200: Memory Usage (454712K) : norcx_m4m5 has 0 polygons
2026-04-16 14:38:36 +0200: Memory Usage (454712K) : norcx_m4tm1 has 0 polygons
2026-04-16 14:38:36 +0200: Memory Usage (454712K) : norcx_m4tm2 has 0 polygons
2026-04-16 14:38:36 +0200: Memory Usage (454712K) : norcx_m5tm1 has 0 polygons
2026-04-16 14:38:36 +0200: Memory Usage (454712K) : norcx_m5tm2 has 0 polygons
2026-04-16 14:38:36 +0200: Memory Usage (454712K) : norcx_tm1tm2 has 0 polygons
2026-04-16 14:38:36 +0200: Memory Usage (454904K) : norcx_m1sub has 0 polygons
2026-04-16 14:38:36 +0200: Memory Usage (454904K) : norcx_m2sub has 0 polygons
2026-04-16 14:38:36 +0200: Memory Usage (454904K) : norcx_m3sub has 0 polygons
2026-04-16 14:38:36 +0200: Memory Usage (454904K) : norcx_m4sub has 0 polygons
2026-04-16 14:38:36 +0200: Memory Usage (454904K) : norcx_m5sub has 0 polygons
2026-04-16 14:38:36 +0200: Memory Usage (454904K) : norcx_tm1sub has 0 polygons
2026-04-16 14:38:36 +0200: Memory Usage (455096K) : norcx_tm2sub has 0 polygons
2026-04-16 14:38:36 +0200: Memory Usage (455096K) : snsbotvia_drw has 0 polygons
2026-04-16 14:38:36 +0200: Memory Usage (455096K) : snstopvia_drw has 0 polygons
2026-04-16 14:38:36 +0200: Memory Usage (455096K) : deepvia_drw has 0 polygons
2026-04-16 14:38:36 +0200: Memory Usage (455096K) : fgetch_drw has 0 polygons
2026-04-16 14:38:36 +0200: Memory Usage (455288K) : ctrgat_drw has 0 polygons
2026-04-16 14:38:36 +0200: Memory Usage (455288K) : fgimp_drw has 0 polygons
2026-04-16 14:38:36 +0200: Memory Usage (455288K) : emwihv_drw has 0 polygons
2026-04-16 14:38:36 +0200: Memory Usage (455288K) : lbe_drw has 0 polygons
2026-04-16 14:38:36 +0200: Memory Usage (455288K) : alcustop_drw has 0 polygons
2026-04-16 14:38:36 +0200: Memory Usage (455288K) : nometfiller_drw has 0 polygons
2026-04-16 14:38:36 +0200: Memory Usage (455480K) : prboundary_drw has 0 polygons
2026-04-16 14:38:36 +0200: Memory Usage (455480K) : exchange0_drw has 0 polygons
2026-04-16 14:38:36 +0200: Memory Usage (455480K) : exchange0_pin has 0 polygons
2026-04-16 14:38:36 +0200: Memory Usage (455480K) : exchange0_text has 0 polygons
2026-04-16 14:38:36 +0200: Memory Usage (455672K) : exchange1_drw has 0 polygons
2026-04-16 14:38:36 +0200: Memory Usage (455672K) : exchange1_pin has 0 polygons
2026-04-16 14:38:36 +0200: Memory Usage (455672K) : exchange1_text has 0 polygons
2026-04-16 14:38:36 +0200: Memory Usage (455672K) : exchange2_drw has 0 polygons
2026-04-16 14:38:36 +0200: Memory Usage (455672K) : exchange2_pin has 0 polygons
2026-04-16 14:38:36 +0200: Memory Usage (455672K) : exchange2_text has 0 polygons
2026-04-16 14:38:36 +0200: Memory Usage (455864K) : exchange3_drw has 0 polygons
2026-04-16 14:38:36 +0200: Memory Usage (455864K) : exchange3_pin has 0 polygons
2026-04-16 14:38:36 +0200: Memory Usage (455864K) : exchange3_text has 0 polygons
2026-04-16 14:38:36 +0200: Memory Usage (455864K) : exchange4_drw has 0 polygons
2026-04-16 14:38:36 +0200: Memory Usage (456056K) : exchange4_pin has 0 polygons
2026-04-16 14:38:36 +0200: Memory Usage (456056K) : exchange4_text has 0 polygons
2026-04-16 14:38:36 +0200: Memory Usage (456056K) : isonwell_drw has 0 polygons
2026-04-16 14:38:36 +0200: Memory Usage (456056K) : Total no. of polygons in the design is 64
2026-04-16 14:38:36 +0200: Memory Usage (456056K) : Loaded TECH DRC rules values from /foss/pdks/ihp-sg13g2/libs.tech/klayout/python/sg13g2_pycell_lib/sg13g2_tech_mod.json
2026-04-16 14:38:36 +0200: Memory Usage (456056K) : Loaded default DRC rules values from /foss/pdks/ihp-sg13g2/libs.tech/klayout/tech/drc/rule_decks/sg13g2_tech_default.json
2026-04-16 14:38:36 +0200: Memory Usage (456056K) : The following rules values were missing in tech json and default values were used:
2026-04-16 14:38:36 +0200: Memory Usage (456056K) :   - Cnt_c_digibnd
2026-04-16 14:38:36 +0200: Memory Usage (457412K) : Total area of the design is 6.0196000000000005 um^2.
2026-04-16 14:38:36 +0200: Memory Usage (457412K) : The design dimensions are 1.49 µm * 4.04 µm.
2026-04-16 14:38:36 +0200: Memory Usage (457412K) : Starting general IHP-SG13G2 derivations.
2026-04-16 14:38:36 +0200: Memory Usage (457412K) : Starting Pwell derivations
2026-04-16 14:38:36 +0200: Memory Usage (459208K) : Starting n-Activ derivations
2026-04-16 14:38:36 +0200: Memory Usage (459400K) : Starting p-Activ derivations
2026-04-16 14:38:36 +0200: Memory Usage (459592K) : Starting cont/contbar general derivations
2026-04-16 14:38:36 +0200: Memory Usage (459592K) : Starting IHP-SG13G2 DRC rules.
2026-04-16 14:38:36 +0200: Memory Usage (459592K) : Starting 5.14. Cont table
2026-04-16 14:38:36 +0200: Memory Usage (459592K) : Executing rule Cnt.a
2026-04-16 14:38:36 +0200: Memory Usage (459976K) : Executing rule Cnt.b
2026-04-16 14:38:36 +0200: Memory Usage (460380K) : Executing rule Cnt.c
2026-04-16 14:38:36 +0200: Memory Usage (460572K) : Executing rule Cnt.c
2026-04-16 14:38:36 +0200: Memory Usage (460572K) : Executing rule Cnt.d
2026-04-16 14:38:36 +0200: Memory Usage (460764K) : Executing rule Cnt.e
2026-04-16 14:38:36 +0200: Memory Usage (460764K) : Executing rule Cnt.g1
2026-04-16 14:38:36 +0200: Memory Usage (460956K) : Executing rule Cnt.g2
2026-04-16 14:38:36 +0200: Memory Usage (461148K) : KLayout DRC run for tables 'cont' completed in 0.26 seconds
