# Logfile created on 2026-04-16 14:38:42 +0200 by logger.rb/v1.5.3
2026-04-16 14:38:42 +0200: Memory Usage (438324K) : Starting running IHP-SG13G2 KLayout DRC runset on /var/home/bleroux/Documents/stage_IEMN/analog-asic-design/designs/inverter/layout/inverter.klay.gds
2026-04-16 14:38:42 +0200: Memory Usage (438324K) : Ruby Version for klayout: 3.2.3
2026-04-16 14:38:42 +0200: Memory Usage (439688K) : Loading database to memory is complete.
2026-04-16 14:38:42 +0200: Memory Usage (439688K) : IHP-SG13G2 KLayout DRC runset output at: /var/home/bleroux/Documents/stage_IEMN/analog-asic-design/drc_run_TOP/inverter.klay_TOP_metalslits.lyrdb
2026-04-16 14:38:42 +0200: Memory Usage (439880K) : Evaluate switches.
2026-04-16 14:38:42 +0200: Memory Usage (439880K) : tables selected: metalslits
2026-04-16 14:38:42 +0200: Memory Usage (439880K) : KLayout will use 1 thread(s) in tiling mode.
2026-04-16 14:38:42 +0200: Memory Usage (439880K) : deep mode is enabled.
2026-04-16 14:38:42 +0200: Memory Usage (440072K) : FEOL enabled: false
2026-04-16 14:38:42 +0200: Memory Usage (440072K) : BEOL enabled: false
2026-04-16 14:38:42 +0200: Memory Usage (440072K) : OFFGRID enabled: true
2026-04-16 14:38:42 +0200: Memory Usage (440072K) : PIN enabled: false
2026-04-16 14:38:42 +0200: Memory Usage (440072K) : FORBIDDEN enabled: false
2026-04-16 14:38:42 +0200: Memory Usage (440072K) : RECOMMENDED enabled: true
2026-04-16 14:38:42 +0200: Memory Usage (440072K) : PreCheck DRC enabled: false
2026-04-16 14:38:42 +0200: Memory Usage (440072K) : CONNECTIVITY_RULES enabled: false.
2026-04-16 14:38:42 +0200: Memory Usage (440072K) : Read in polygons from layers.
2026-04-16 14:38:42 +0200: Memory Usage (440840K) : activ_drw has 8 polygons
2026-04-16 14:38:42 +0200: Memory Usage (440840K) : activ_pin has 0 polygons
2026-04-16 14:38:42 +0200: Memory Usage (440840K) : activ_mask has 0 polygons
2026-04-16 14:38:42 +0200: Memory Usage (440840K) : activ_filler has 0 polygons
2026-04-16 14:38:42 +0200: Memory Usage (440840K) : activ_nofill has 0 polygons
2026-04-16 14:38:42 +0200: Memory Usage (440840K) : activ_opc has 0 polygons
2026-04-16 14:38:42 +0200: Memory Usage (440840K) : activ_iopc has 0 polygons
2026-04-16 14:38:42 +0200: Memory Usage (440840K) : activ_noqrc has 0 polygons
2026-04-16 14:38:42 +0200: Memory Usage (440840K) : biwind_drw has 0 polygons
2026-04-16 14:38:42 +0200: Memory Usage (440840K) : biwind_opc has 0 polygons
2026-04-16 14:38:42 +0200: Memory Usage (440840K) : pemwind_drw has 0 polygons
2026-04-16 14:38:42 +0200: Memory Usage (441072K) : gatpoly_drw has 5 polygons
2026-04-16 14:38:42 +0200: Memory Usage (441072K) : gatpoly_pin has 1 polygons
2026-04-16 14:38:42 +0200: Memory Usage (441072K) : gatpoly_filler has 0 polygons
2026-04-16 14:38:42 +0200: Memory Usage (441072K) : gatpoly_nofill has 0 polygons
2026-04-16 14:38:42 +0200: Memory Usage (441072K) : gatpoly_opc has 0 polygons
2026-04-16 14:38:42 +0200: Memory Usage (441072K) : gatpoly_iopc has 0 polygons
2026-04-16 14:38:42 +0200: Memory Usage (441072K) : gatpoly_noqrc has 0 polygons
2026-04-16 14:38:42 +0200: Memory Usage (441072K) : cont_drw has 13 polygons
2026-04-16 14:38:42 +0200: Memory Usage (441072K) : cont_opc has 0 polygons
2026-04-16 14:38:42 +0200: Memory Usage (441072K) : nsd_drw has 0 polygons
2026-04-16 14:38:42 +0200: Memory Usage (441072K) : nsd_block has 0 polygons
2026-04-16 14:38:42 +0200: Memory Usage (441072K) : metal1_drw has 13 polygons
2026-04-16 14:38:42 +0200: Memory Usage (441072K) : metal1_pin has 7 polygons
2026-04-16 14:38:42 +0200: Memory Usage (441072K) : metal1_mask has 0 polygons
2026-04-16 14:38:42 +0200: Memory Usage (441072K) : metal1_filler has 0 polygons
2026-04-16 14:38:42 +0200: Memory Usage (441072K) : metal1_nofill has 0 polygons
2026-04-16 14:38:42 +0200: Memory Usage (441264K) : metal1_slit has 0 polygons
2026-04-16 14:38:42 +0200: Memory Usage (441648K) : metal1_text has 2 polygons
2026-04-16 14:38:42 +0200: Memory Usage (441648K) : metal1_opc has 0 polygons
2026-04-16 14:38:42 +0200: Memory Usage (441648K) : metal1_noqrc has 0 polygons
2026-04-16 14:38:42 +0200: Memory Usage (441648K) : metal1_res has 0 polygons
2026-04-16 14:38:42 +0200: Memory Usage (441648K) : metal1_iprobe has 0 polygons
2026-04-16 14:38:42 +0200: Memory Usage (441648K) : metal1_diffprb has 0 polygons
2026-04-16 14:38:42 +0200: Memory Usage (441648K) : passiv_drw has 0 polygons
2026-04-16 14:38:42 +0200: Memory Usage (441840K) : passiv_pin has 0 polygons
2026-04-16 14:38:42 +0200: Memory Usage (441840K) : passiv_sbump has 0 polygons
2026-04-16 14:38:42 +0200: Memory Usage (441840K) : passiv_pillar has 0 polygons
2026-04-16 14:38:42 +0200: Memory Usage (442032K) : passiv_pdl has 0 polygons
2026-04-16 14:38:42 +0200: Memory Usage (442032K) : metal2_drw has 0 polygons
2026-04-16 14:38:42 +0200: Memory Usage (442032K) : metal2_pin has 0 polygons
2026-04-16 14:38:42 +0200: Memory Usage (442032K) : metal2_mask has 0 polygons
2026-04-16 14:38:42 +0200: Memory Usage (442224K) : metal2_filler has 0 polygons
2026-04-16 14:38:42 +0200: Memory Usage (442224K) : metal2_nofill has 0 polygons
2026-04-16 14:38:42 +0200: Memory Usage (442224K) : metal2_slit has 0 polygons
2026-04-16 14:38:42 +0200: Memory Usage (442416K) : metal2_text has 0 polygons
2026-04-16 14:38:42 +0200: Memory Usage (442416K) : metal2_opc has 0 polygons
2026-04-16 14:38:42 +0200: Memory Usage (442416K) : metal2_noqrc has 0 polygons
2026-04-16 14:38:42 +0200: Memory Usage (442608K) : metal2_res has 0 polygons
2026-04-16 14:38:42 +0200: Memory Usage (442608K) : metal2_iprobe has 0 polygons
2026-04-16 14:38:42 +0200: Memory Usage (442608K) : metal2_diffprb has 0 polygons
2026-04-16 14:38:42 +0200: Memory Usage (442800K) : baspoly_drw has 0 polygons
2026-04-16 14:38:42 +0200: Memory Usage (442800K) : baspoly_pin has 0 polygons
2026-04-16 14:38:42 +0200: Memory Usage (442800K) : psd_drw has 2 polygons
2026-04-16 14:38:42 +0200: Memory Usage (442992K) : nldb_drw has 0 polygons
2026-04-16 14:38:42 +0200: Memory Usage (442992K) : digibnd_drw has 0 polygons
2026-04-16 14:38:42 +0200: Memory Usage (442992K) : via1_drw has 0 polygons
2026-04-16 14:38:42 +0200: Memory Usage (442992K) : backmetal1_drw has 0 polygons
2026-04-16 14:38:42 +0200: Memory Usage (443184K) : backmetal1_pin has 0 polygons
2026-04-16 14:38:42 +0200: Memory Usage (443184K) : backmetal1_mask has 0 polygons
2026-04-16 14:38:42 +0200: Memory Usage (443184K) : backmetal1_filler has 0 polygons
2026-04-16 14:38:42 +0200: Memory Usage (443376K) : backmetal1_nofill has 0 polygons
2026-04-16 14:38:42 +0200: Memory Usage (443376K) : backmetal1_slit has 0 polygons
2026-04-16 14:38:42 +0200: Memory Usage (443376K) : backmetal1_text has 0 polygons
2026-04-16 14:38:42 +0200: Memory Usage (443376K) : backmetal1_opc has 0 polygons
2026-04-16 14:38:42 +0200: Memory Usage (443568K) : backmetal1_noqrc has 0 polygons
2026-04-16 14:38:42 +0200: Memory Usage (443568K) : backmetal1_res has 0 polygons
2026-04-16 14:38:42 +0200: Memory Usage (443568K) : backmetal1_iprobe has 0 polygons
2026-04-16 14:38:42 +0200: Memory Usage (443760K) : backmetal1_diffprb has 0 polygons
2026-04-16 14:38:42 +0200: Memory Usage (443760K) : backpassiv_drw has 0 polygons
2026-04-16 14:38:42 +0200: Memory Usage (443760K) : res_drw has 0 polygons
2026-04-16 14:38:42 +0200: Memory Usage (443760K) : sram_drw has 0 polygons
2026-04-16 14:38:42 +0200: Memory Usage (443952K) : trans_drw has 0 polygons
2026-04-16 14:38:42 +0200: Memory Usage (443952K) : ind_drw has 0 polygons
2026-04-16 14:38:42 +0200: Memory Usage (444144K) : ind_pin has 0 polygons
2026-04-16 14:38:42 +0200: Memory Usage (444144K) : ind_text has 0 polygons
2026-04-16 14:38:42 +0200: Memory Usage (444144K) : salblock_drw has 0 polygons
2026-04-16 14:38:42 +0200: Memory Usage (444144K) : via2_drw has 0 polygons
2026-04-16 14:38:42 +0200: Memory Usage (444336K) : metal3_drw has 0 polygons
2026-04-16 14:38:42 +0200: Memory Usage (444336K) : metal3_pin has 0 polygons
2026-04-16 14:38:42 +0200: Memory Usage (444528K) : metal3_mask has 0 polygons
2026-04-16 14:38:42 +0200: Memory Usage (444528K) : metal3_filler has 0 polygons
2026-04-16 14:38:42 +0200: Memory Usage (444528K) : metal3_nofill has 0 polygons
2026-04-16 14:38:42 +0200: Memory Usage (444528K) : metal3_slit has 0 polygons
2026-04-16 14:38:42 +0200: Memory Usage (444720K) : metal3_text has 0 polygons
2026-04-16 14:38:42 +0200: Memory Usage (444720K) : metal3_opc has 0 polygons
2026-04-16 14:38:42 +0200: Memory Usage (444720K) : metal3_noqrc has 0 polygons
2026-04-16 14:38:42 +0200: Memory Usage (444912K) : metal3_res has 0 polygons
2026-04-16 14:38:42 +0200: Memory Usage (444912K) : metal3_iprobe has 0 polygons
2026-04-16 14:38:42 +0200: Memory Usage (444912K) : metal3_diffprb has 0 polygons
2026-04-16 14:38:42 +0200: Memory Usage (445104K) : nwell_drw has 3 polygons
2026-04-16 14:38:42 +0200: Memory Usage (445104K) : nwell_pin has 1 polygons
2026-04-16 14:38:42 +0200: Memory Usage (445104K) : nbulay_drw has 1 polygons
2026-04-16 14:38:42 +0200: Memory Usage (445296K) : nbulay_pin has 0 polygons
2026-04-16 14:38:42 +0200: Memory Usage (445296K) : nbulay_block has 0 polygons
2026-04-16 14:38:42 +0200: Memory Usage (445296K) : emwind_drw has 0 polygons
2026-04-16 14:38:42 +0200: Memory Usage (445488K) : emwind_opc has 0 polygons
2026-04-16 14:38:42 +0200: Memory Usage (445488K) : deepco_drw has 0 polygons
2026-04-16 14:38:42 +0200: Memory Usage (445488K) : deepco_drw has 0 polygons
2026-04-16 14:38:42 +0200: Memory Usage (445680K) : mim_drw has 0 polygons
2026-04-16 14:38:42 +0200: Memory Usage (445680K) : edgeseal_drw has 0 polygons
2026-04-16 14:38:42 +0200: Memory Usage (445872K) : edgeseal_bound has 0 polygons
2026-04-16 14:38:42 +0200: Memory Usage (445872K) : substrate_drw has 2 polygons
2026-04-16 14:38:42 +0200: Memory Usage (445872K) : substrate_text has 0 polygons
2026-04-16 14:38:42 +0200: Memory Usage (445872K) : dfpad_drw has 0 polygons
2026-04-16 14:38:42 +0200: Memory Usage (446064K) : dfpad_pillar has 0 polygons
2026-04-16 14:38:42 +0200: Memory Usage (446064K) : dfpad_sbump has 0 polygons
2026-04-16 14:38:42 +0200: Memory Usage (446064K) : thickgateox_drw has 0 polygons
2026-04-16 14:38:42 +0200: Memory Usage (446256K) : pldb_drw has 0 polygons
2026-04-16 14:38:42 +0200: Memory Usage (446256K) : pwell_drw has 0 polygons
2026-04-16 14:38:42 +0200: Memory Usage (446256K) : pwell_pin has 0 polygons
2026-04-16 14:38:42 +0200: Memory Usage (446256K) : pwell_block has 0 polygons
2026-04-16 14:38:42 +0200: Memory Usage (446448K) : ic_drw has 0 polygons
2026-04-16 14:38:42 +0200: Memory Usage (446448K) : via3_drw has 0 polygons
2026-04-16 14:38:42 +0200: Memory Usage (446640K) : metal4_drw has 0 polygons
2026-04-16 14:38:42 +0200: Memory Usage (446640K) : metal4_pin has 0 polygons
2026-04-16 14:38:42 +0200: Memory Usage (446640K) : metal4_mask has 0 polygons
2026-04-16 14:38:42 +0200: Memory Usage (446640K) : metal4_filler has 0 polygons
2026-04-16 14:38:42 +0200: Memory Usage (446832K) : metal4_nofill has 0 polygons
2026-04-16 14:38:42 +0200: Memory Usage (446832K) : metal4_slit has 0 polygons
2026-04-16 14:38:42 +0200: Memory Usage (446832K) : metal4_text has 0 polygons
2026-04-16 14:38:42 +0200: Memory Usage (447024K) : metal4_opc has 0 polygons
2026-04-16 14:38:42 +0200: Memory Usage (447024K) : metal4_noqrc has 0 polygons
2026-04-16 14:38:42 +0200: Memory Usage (447024K) : metal4_res has 0 polygons
2026-04-16 14:38:42 +0200: Memory Usage (447024K) : metal4_iprobe has 0 polygons
2026-04-16 14:38:42 +0200: Memory Usage (447216K) : metal4_diffprb has 0 polygons
2026-04-16 14:38:42 +0200: Memory Usage (447216K) : heattrans_drw has 2 polygons
2026-04-16 14:38:42 +0200: Memory Usage (447408K) : heatres_drw has 0 polygons
2026-04-16 14:38:42 +0200: Memory Usage (447408K) : pempoly_drw has 0 polygons
2026-04-16 14:38:42 +0200: Memory Usage (447408K) : fbe_drw has 0 polygons
2026-04-16 14:38:42 +0200: Memory Usage (447600K) : empoly_drw has 0 polygons
2026-04-16 14:38:42 +0200: Memory Usage (447600K) : ldmos_drw has 0 polygons
2026-04-16 14:38:42 +0200: Memory Usage (447600K) : pbiwind_drw has 0 polygons
2026-04-16 14:38:42 +0200: Memory Usage (447792K) : digisub_drw has 0 polygons
2026-04-16 14:38:42 +0200: Memory Usage (447792K) : nodrc_drw has 0 polygons
2026-04-16 14:38:42 +0200: Memory Usage (447792K) : text_drw has 4 polygons
2026-04-16 14:38:42 +0200: Memory Usage (447984K) : via4_drw has 0 polygons
2026-04-16 14:38:42 +0200: Memory Usage (447984K) : metal5_drw has 0 polygons
2026-04-16 14:38:42 +0200: Memory Usage (447984K) : metal5_pin has 0 polygons
2026-04-16 14:38:42 +0200: Memory Usage (447984K) : metal5_mask has 0 polygons
2026-04-16 14:38:42 +0200: Memory Usage (448176K) : metal5_filler has 0 polygons
2026-04-16 14:38:42 +0200: Memory Usage (448176K) : metal5_nofill has 0 polygons
2026-04-16 14:38:42 +0200: Memory Usage (448176K) : metal5_slit has 0 polygons
2026-04-16 14:38:42 +0200: Memory Usage (448368K) : metal5_text has 0 polygons
2026-04-16 14:38:42 +0200: Memory Usage (448368K) : metal5_opc has 0 polygons
2026-04-16 14:38:42 +0200: Memory Usage (448368K) : metal5_noqrc has 0 polygons
2026-04-16 14:38:42 +0200: Memory Usage (448368K) : metal5_res has 0 polygons
2026-04-16 14:38:42 +0200: Memory Usage (448560K) : metal5_iprobe has 0 polygons
2026-04-16 14:38:42 +0200: Memory Usage (448560K) : metal5_diffprb has 0 polygons
2026-04-16 14:38:42 +0200: Memory Usage (448752K) : radhard_drw has 0 polygons
2026-04-16 14:38:42 +0200: Memory Usage (448752K) : memcap_drw has 0 polygons
2026-04-16 14:38:42 +0200: Memory Usage (448752K) : varicap_drw has 0 polygons
2026-04-16 14:38:42 +0200: Memory Usage (448944K) : flash_drw has 0 polygons
2026-04-16 14:38:42 +0200: Memory Usage (448944K) : intbondvia_drw has 0 polygons
2026-04-16 14:38:42 +0200: Memory Usage (448944K) : intbondmet_drw has 0 polygons
2026-04-16 14:38:42 +0200: Memory Usage (449136K) : devbondvia_drw has 0 polygons
2026-04-16 14:38:42 +0200: Memory Usage (449136K) : devbondmet_drw has 0 polygons
2026-04-16 14:38:42 +0200: Memory Usage (449136K) : devtrench_drw has 0 polygons
2026-04-16 14:38:42 +0200: Memory Usage (449328K) : redist_drw has 0 polygons
2026-04-16 14:38:42 +0200: Memory Usage (449328K) : graphbot_drw has 0 polygons
2026-04-16 14:38:42 +0200: Memory Usage (449328K) : graphtop_drw has 0 polygons
2026-04-16 14:38:42 +0200: Memory Usage (449328K) : antvia1_drw has 0 polygons
2026-04-16 14:38:42 +0200: Memory Usage (449520K) : antmetal2_drw has 0 polygons
2026-04-16 14:38:42 +0200: Memory Usage (449520K) : graphcont_drw has 0 polygons
2026-04-16 14:38:42 +0200: Memory Usage (449520K) : siwg_drw has 0 polygons
2026-04-16 14:38:42 +0200: Memory Usage (449712K) : siwg_filler has 0 polygons
2026-04-16 14:38:42 +0200: Memory Usage (449712K) : siwg_nofill has 0 polygons
2026-04-16 14:38:42 +0200: Memory Usage (449712K) : sigrating_drw has 0 polygons
2026-04-16 14:38:42 +0200: Memory Usage (449904K) : singrating_drw has 0 polygons
2026-04-16 14:38:42 +0200: Memory Usage (449904K) : graphpas_drw has 0 polygons
2026-04-16 14:38:42 +0200: Memory Usage (449904K) : emwind3_drw has 0 polygons
2026-04-16 14:38:42 +0200: Memory Usage (450096K) : emwihv3_drw has 0 polygons
2026-04-16 14:38:42 +0200: Memory Usage (450096K) : redbulay_drw has 0 polygons
2026-04-16 14:38:42 +0200: Memory Usage (450096K) : smos_drw has 0 polygons
2026-04-16 14:38:42 +0200: Memory Usage (450096K) : graphpad_drw has 0 polygons
2026-04-16 14:38:42 +0200: Memory Usage (450288K) : polimide_drw has 0 polygons
2026-04-16 14:38:42 +0200: Memory Usage (450288K) : polimide_pin has 0 polygons
2026-04-16 14:38:42 +0200: Memory Usage (450480K) : recog_drw has 0 polygons
2026-04-16 14:38:42 +0200: Memory Usage (450480K) : recog_pin has 0 polygons
2026-04-16 14:38:42 +0200: Memory Usage (450480K) : recog_esd has 0 polygons
2026-04-16 14:38:42 +0200: Memory Usage (450480K) : recog_diode has 0 polygons
2026-04-16 14:38:42 +0200: Memory Usage (450672K) : recog_tsv has 0 polygons
2026-04-16 14:38:42 +0200: Memory Usage (450672K) : recog_iprobe has 0 polygons
2026-04-16 14:38:42 +0200: Memory Usage (450672K) : recog_diffprb has 0 polygons
2026-04-16 14:38:42 +0200: Memory Usage (450864K) : recog_pillar has 0 polygons
2026-04-16 14:38:42 +0200: Memory Usage (450864K) : recog_sbump has 0 polygons
2026-04-16 14:38:42 +0200: Memory Usage (450864K) : recog_otp has 0 polygons
2026-04-16 14:38:42 +0200: Memory Usage (450864K) : recog_pdiode has 0 polygons
2026-04-16 14:38:42 +0200: Memory Usage (451056K) : recog_mom has 0 polygons
2026-04-16 14:38:42 +0200: Memory Usage (451056K) : recog_pcm has 0 polygons
2026-04-16 14:38:42 +0200: Memory Usage (451056K) : colopen_drw has 0 polygons
2026-04-16 14:38:42 +0200: Memory Usage (451056K) : graphmetal1_drw has 0 polygons
2026-04-16 14:38:42 +0200: Memory Usage (451056K) : graphmetal1_filler has 0 polygons
2026-04-16 14:38:42 +0200: Memory Usage (451248K) : graphmetal1_nofill has 0 polygons
2026-04-16 14:38:42 +0200: Memory Usage (451248K) : graphmetal1_slit has 0 polygons
2026-04-16 14:38:42 +0200: Memory Usage (451248K) : graphmetal1_opc has 0 polygons
2026-04-16 14:38:42 +0200: Memory Usage (451248K) : graphmet1l_drw has 0 polygons
2026-04-16 14:38:42 +0200: Memory Usage (451248K) : graphmet1l_filler has 0 polygons
2026-04-16 14:38:42 +0200: Memory Usage (451440K) : graphmet1l_nofill has 0 polygons
2026-04-16 14:38:42 +0200: Memory Usage (451440K) : graphmet1l_slit has 0 polygons
2026-04-16 14:38:42 +0200: Memory Usage (451440K) : graphmet1l_opc has 0 polygons
2026-04-16 14:38:42 +0200: Memory Usage (451440K) : extblock_drw has 0 polygons
2026-04-16 14:38:42 +0200: Memory Usage (451440K) : nldd_drw has 0 polygons
2026-04-16 14:38:42 +0200: Memory Usage (451632K) : pldd_drw has 0 polygons
2026-04-16 14:38:42 +0200: Memory Usage (451632K) : next_drw has 0 polygons
2026-04-16 14:38:42 +0200: Memory Usage (451632K) : pext_drw has 0 polygons
2026-04-16 14:38:42 +0200: Memory Usage (451824K) : nexthv_drw has 0 polygons
2026-04-16 14:38:42 +0200: Memory Usage (451824K) : pexthv_drw has 0 polygons
2026-04-16 14:38:42 +0200: Memory Usage (451824K) : graphgate_drw has 0 polygons
2026-04-16 14:38:42 +0200: Memory Usage (451824K) : sinwg_drw has 0 polygons
2026-04-16 14:38:42 +0200: Memory Usage (452016K) : sinwg_filler has 0 polygons
2026-04-16 14:38:42 +0200: Memory Usage (452016K) : sinwg_nofill has 0 polygons
2026-04-16 14:38:42 +0200: Memory Usage (452016K) : mempad_drw has 0 polygons
2026-04-16 14:38:42 +0200: Memory Usage (452208K) : topvia1_drw has 0 polygons
2026-04-16 14:38:42 +0200: Memory Usage (452208K) : topmetal1_drw has 0 polygons
2026-04-16 14:38:42 +0200: Memory Usage (452208K) : topmetal1_pin has 0 polygons
2026-04-16 14:38:42 +0200: Memory Usage (452208K) : topmetal1_mask has 0 polygons
2026-04-16 14:38:42 +0200: Memory Usage (452400K) : topmetal1_filler has 0 polygons
2026-04-16 14:38:42 +0200: Memory Usage (452400K) : topmetal1_nofill has 0 polygons
2026-04-16 14:38:42 +0200: Memory Usage (452400K) : topmetal1_slit has 0 polygons
2026-04-16 14:38:42 +0200: Memory Usage (452400K) : topmetal1_text has 0 polygons
2026-04-16 14:38:42 +0200: Memory Usage (452400K) : topmetal1_noqrc has 0 polygons
2026-04-16 14:38:42 +0200: Memory Usage (452592K) : topmetal1_res has 0 polygons
2026-04-16 14:38:42 +0200: Memory Usage (452592K) : topmetal1_iprobe has 0 polygons
2026-04-16 14:38:42 +0200: Memory Usage (452592K) : topmetal1_diffprb has 0 polygons
2026-04-16 14:38:42 +0200: Memory Usage (452592K) : inldpwl_drw has 0 polygons
2026-04-16 14:38:42 +0200: Memory Usage (452592K) : polyres_drw has 0 polygons
2026-04-16 14:38:42 +0200: Memory Usage (452784K) : polyres_pin has 0 polygons
2026-04-16 14:38:42 +0200: Memory Usage (452784K) : vmim_drw has 0 polygons
2026-04-16 14:38:42 +0200: Memory Usage (452784K) : nbulaycut_drw has 0 polygons
2026-04-16 14:38:42 +0200: Memory Usage (452784K) : antmetal1_drw has 0 polygons
2026-04-16 14:38:42 +0200: Memory Usage (452976K) : topvia2_drw has 0 polygons
2026-04-16 14:38:42 +0200: Memory Usage (452976K) : topmetal2_drw has 0 polygons
2026-04-16 14:38:42 +0200: Memory Usage (452976K) : topmetal2_pin has 0 polygons
2026-04-16 14:38:42 +0200: Memory Usage (453168K) : topmetal2_mask has 0 polygons
2026-04-16 14:38:42 +0200: Memory Usage (453168K) : topmetal2_filler has 0 polygons
2026-04-16 14:38:42 +0200: Memory Usage (453168K) : topmetal2_nofill has 0 polygons
2026-04-16 14:38:42 +0200: Memory Usage (453168K) : topmetal2_slit has 0 polygons
2026-04-16 14:38:42 +0200: Memory Usage (453360K) : topmetal2_text has 0 polygons
2026-04-16 14:38:42 +0200: Memory Usage (453360K) : topmetal2_noqrc has 0 polygons
2026-04-16 14:38:42 +0200: Memory Usage (453360K) : topmetal2_res has 0 polygons
2026-04-16 14:38:42 +0200: Memory Usage (453360K) : topmetal2_iprobe has 0 polygons
2026-04-16 14:38:42 +0200: Memory Usage (453552K) : topmetal2_diffprb has 0 polygons
2026-04-16 14:38:42 +0200: Memory Usage (453552K) : snsring_drw has 0 polygons
2026-04-16 14:38:42 +0200: Memory Usage (453552K) : sensor_drw has 0 polygons
2026-04-16 14:38:42 +0200: Memory Usage (453744K) : snsarms_drw has 0 polygons
2026-04-16 14:38:42 +0200: Memory Usage (453744K) : snscmosvia_drw has 0 polygons
2026-04-16 14:38:42 +0200: Memory Usage (453744K) : colwind_drw has 0 polygons
2026-04-16 14:38:42 +0200: Memory Usage (453744K) : flm_drw has 0 polygons
2026-04-16 14:38:42 +0200: Memory Usage (453936K) : hafniumox_drw has 0 polygons
2026-04-16 14:38:42 +0200: Memory Usage (453936K) : memvia_drw has 0 polygons
2026-04-16 14:38:42 +0200: Memory Usage (453936K) : thinfilmres_drw has 0 polygons
2026-04-16 14:38:42 +0200: Memory Usage (454128K) : rfmem_drw has 0 polygons
2026-04-16 14:38:42 +0200: Memory Usage (454128K) : norcx_drw has 0 polygons
2026-04-16 14:38:42 +0200: Memory Usage (454128K) : norcx_m2m3 has 0 polygons
2026-04-16 14:38:42 +0200: Memory Usage (454128K) : norcx_m2m4 has 0 polygons
2026-04-16 14:38:42 +0200: Memory Usage (454320K) : norcx_m2m5 has 0 polygons
2026-04-16 14:38:42 +0200: Memory Usage (454320K) : norcx_m2tm1 has 0 polygons
2026-04-16 14:38:42 +0200: Memory Usage (454320K) : norcx_m2tm2 has 0 polygons
2026-04-16 14:38:42 +0200: Memory Usage (454512K) : norcx_m3m4 has 0 polygons
2026-04-16 14:38:42 +0200: Memory Usage (454512K) : norcx_m3m5 has 0 polygons
2026-04-16 14:38:42 +0200: Memory Usage (454512K) : norcx_m3tm1 has 0 polygons
2026-04-16 14:38:42 +0200: Memory Usage (454704K) : norcx_m3tm2 has 0 polygons
2026-04-16 14:38:42 +0200: Memory Usage (454704K) : norcx_m4m5 has 0 polygons
2026-04-16 14:38:42 +0200: Memory Usage (454704K) : norcx_m4tm1 has 0 polygons
2026-04-16 14:38:42 +0200: Memory Usage (454704K) : norcx_m4tm2 has 0 polygons
2026-04-16 14:38:42 +0200: Memory Usage (454704K) : norcx_m5tm1 has 0 polygons
2026-04-16 14:38:42 +0200: Memory Usage (454704K) : norcx_m5tm2 has 0 polygons
2026-04-16 14:38:42 +0200: Memory Usage (454704K) : norcx_tm1tm2 has 0 polygons
2026-04-16 14:38:42 +0200: Memory Usage (454896K) : norcx_m1sub has 0 polygons
2026-04-16 14:38:42 +0200: Memory Usage (454896K) : norcx_m2sub has 0 polygons
2026-04-16 14:38:42 +0200: Memory Usage (454896K) : norcx_m3sub has 0 polygons
2026-04-16 14:38:42 +0200: Memory Usage (454896K) : norcx_m4sub has 0 polygons
2026-04-16 14:38:42 +0200: Memory Usage (454896K) : norcx_m5sub has 0 polygons
2026-04-16 14:38:42 +0200: Memory Usage (455088K) : norcx_tm1sub has 0 polygons
2026-04-16 14:38:42 +0200: Memory Usage (455088K) : norcx_tm2sub has 0 polygons
2026-04-16 14:38:42 +0200: Memory Usage (455088K) : snsbotvia_drw has 0 polygons
2026-04-16 14:38:42 +0200: Memory Usage (455088K) : snstopvia_drw has 0 polygons
2026-04-16 14:38:42 +0200: Memory Usage (455088K) : deepvia_drw has 0 polygons
2026-04-16 14:38:42 +0200: Memory Usage (455088K) : fgetch_drw has 0 polygons
2026-04-16 14:38:42 +0200: Memory Usage (455280K) : ctrgat_drw has 0 polygons
2026-04-16 14:38:42 +0200: Memory Usage (455280K) : fgimp_drw has 0 polygons
2026-04-16 14:38:42 +0200: Memory Usage (455280K) : emwihv_drw has 0 polygons
2026-04-16 14:38:42 +0200: Memory Usage (455280K) : lbe_drw has 0 polygons
2026-04-16 14:38:42 +0200: Memory Usage (455280K) : alcustop_drw has 0 polygons
2026-04-16 14:38:42 +0200: Memory Usage (455472K) : nometfiller_drw has 0 polygons
2026-04-16 14:38:42 +0200: Memory Usage (455472K) : prboundary_drw has 0 polygons
2026-04-16 14:38:42 +0200: Memory Usage (455472K) : exchange0_drw has 0 polygons
2026-04-16 14:38:42 +0200: Memory Usage (455472K) : exchange0_pin has 0 polygons
2026-04-16 14:38:42 +0200: Memory Usage (455472K) : exchange0_text has 0 polygons
2026-04-16 14:38:42 +0200: Memory Usage (455664K) : exchange1_drw has 0 polygons
2026-04-16 14:38:42 +0200: Memory Usage (455664K) : exchange1_pin has 0 polygons
2026-04-16 14:38:42 +0200: Memory Usage (455664K) : exchange1_text has 0 polygons
2026-04-16 14:38:42 +0200: Memory Usage (455664K) : exchange2_drw has 0 polygons
2026-04-16 14:38:42 +0200: Memory Usage (455664K) : exchange2_pin has 0 polygons
2026-04-16 14:38:42 +0200: Memory Usage (455856K) : exchange2_text has 0 polygons
2026-04-16 14:38:42 +0200: Memory Usage (455856K) : exchange3_drw has 0 polygons
2026-04-16 14:38:42 +0200: Memory Usage (455856K) : exchange3_pin has 0 polygons
2026-04-16 14:38:42 +0200: Memory Usage (455856K) : exchange3_text has 0 polygons
2026-04-16 14:38:42 +0200: Memory Usage (456048K) : exchange4_drw has 0 polygons
2026-04-16 14:38:42 +0200: Memory Usage (456048K) : exchange4_pin has 0 polygons
2026-04-16 14:38:42 +0200: Memory Usage (456048K) : exchange4_text has 0 polygons
2026-04-16 14:38:42 +0200: Memory Usage (456048K) : isonwell_drw has 0 polygons
2026-04-16 14:38:42 +0200: Memory Usage (456048K) : Total no. of polygons in the design is 64
2026-04-16 14:38:42 +0200: Memory Usage (456240K) : Loaded TECH DRC rules values from /foss/pdks/ihp-sg13g2/libs.tech/klayout/python/sg13g2_pycell_lib/sg13g2_tech_mod.json
2026-04-16 14:38:42 +0200: Memory Usage (456240K) : Loaded default DRC rules values from /foss/pdks/ihp-sg13g2/libs.tech/klayout/tech/drc/rule_decks/sg13g2_tech_default.json
2026-04-16 14:38:42 +0200: Memory Usage (456240K) : The following rules values were missing in tech json and default values were used:
2026-04-16 14:38:42 +0200: Memory Usage (456240K) :   - Cnt_c_digibnd
2026-04-16 14:38:42 +0200: Memory Usage (457392K) : Total area of the design is 6.0196000000000005 um^2.
2026-04-16 14:38:42 +0200: Memory Usage (457392K) : The design dimensions are 1.49 µm * 4.04 µm.
2026-04-16 14:38:42 +0200: Memory Usage (457392K) : Starting general IHP-SG13G2 derivations.
2026-04-16 14:38:42 +0200: Memory Usage (457392K) : Starting Pwell derivations
2026-04-16 14:38:42 +0200: Memory Usage (459136K) : Starting IHP-SG13G2 DRC rules.
2026-04-16 14:38:42 +0200: Memory Usage (459136K) : Starting 7.3 Metal Slits table
2026-04-16 14:38:42 +0200: Memory Usage (459136K) : Executing rule Slt.e1_M1
2026-04-16 14:38:42 +0200: Memory Usage (459328K) : Executing rule Slt.e1_M2
2026-04-16 14:38:42 +0200: Memory Usage (459520K) : Executing rule Slt.e1_M3
2026-04-16 14:38:42 +0200: Memory Usage (459520K) : Executing rule Slt.e1_M4
2026-04-16 14:38:42 +0200: Memory Usage (459712K) : Executing rule Slt.e1_M5
2026-04-16 14:38:42 +0200: Memory Usage (459904K) : Executing rule Slt.e1_TM1
2026-04-16 14:38:42 +0200: Memory Usage (459904K) : Executing rule Slt.e1_TM2
2026-04-16 14:38:42 +0200: Memory Usage (460096K) : KLayout DRC run for tables 'metalslits' completed in 0.14 seconds
