# Logfile created on 2026-04-16 14:38:36 +0200 by logger.rb/v1.5.3
2026-04-16 14:38:36 +0200: Memory Usage (437384K) : Starting running IHP-SG13G2 KLayout DRC runset on /var/home/bleroux/Documents/stage_IEMN/analog-asic-design/designs/inverter/layout/inverter.klay.gds
2026-04-16 14:38:36 +0200: Memory Usage (437384K) : Ruby Version for klayout: 3.2.3
2026-04-16 14:38:36 +0200: Memory Usage (438548K) : Loading database to memory is complete.
2026-04-16 14:38:36 +0200: Memory Usage (438548K) : IHP-SG13G2 KLayout DRC runset output at: /var/home/bleroux/Documents/stage_IEMN/analog-asic-design/drc_run_TOP/inverter.klay_TOP_psd.lyrdb
2026-04-16 14:38:36 +0200: Memory Usage (438548K) : Evaluate switches.
2026-04-16 14:38:36 +0200: Memory Usage (438548K) : tables selected: psd
2026-04-16 14:38:36 +0200: Memory Usage (438548K) : KLayout will use 1 thread(s) in tiling mode.
2026-04-16 14:38:36 +0200: Memory Usage (438548K) : deep mode is enabled.
2026-04-16 14:38:36 +0200: Memory Usage (438548K) : FEOL enabled: false
2026-04-16 14:38:36 +0200: Memory Usage (438740K) : BEOL enabled: false
2026-04-16 14:38:36 +0200: Memory Usage (438740K) : OFFGRID enabled: true
2026-04-16 14:38:36 +0200: Memory Usage (438740K) : PIN enabled: false
2026-04-16 14:38:36 +0200: Memory Usage (438740K) : FORBIDDEN enabled: false
2026-04-16 14:38:36 +0200: Memory Usage (438740K) : RECOMMENDED enabled: true
2026-04-16 14:38:36 +0200: Memory Usage (438740K) : PreCheck DRC enabled: false
2026-04-16 14:38:36 +0200: Memory Usage (438740K) : CONNECTIVITY_RULES enabled: false.
2026-04-16 14:38:36 +0200: Memory Usage (438740K) : Read in polygons from layers.
2026-04-16 14:38:36 +0200: Memory Usage (440104K) : activ_drw has 8 polygons
2026-04-16 14:38:36 +0200: Memory Usage (440104K) : activ_pin has 0 polygons
2026-04-16 14:38:36 +0200: Memory Usage (440104K) : activ_mask has 0 polygons
2026-04-16 14:38:36 +0200: Memory Usage (440104K) : activ_filler has 0 polygons
2026-04-16 14:38:36 +0200: Memory Usage (440104K) : activ_nofill has 0 polygons
2026-04-16 14:38:36 +0200: Memory Usage (440104K) : activ_opc has 0 polygons
2026-04-16 14:38:36 +0200: Memory Usage (440104K) : activ_iopc has 0 polygons
2026-04-16 14:38:36 +0200: Memory Usage (440104K) : activ_noqrc has 0 polygons
2026-04-16 14:38:36 +0200: Memory Usage (440104K) : biwind_drw has 0 polygons
2026-04-16 14:38:36 +0200: Memory Usage (440104K) : biwind_opc has 0 polygons
2026-04-16 14:38:36 +0200: Memory Usage (440104K) : pemwind_drw has 0 polygons
2026-04-16 14:38:36 +0200: Memory Usage (440104K) : gatpoly_drw has 5 polygons
2026-04-16 14:38:36 +0200: Memory Usage (440104K) : gatpoly_pin has 1 polygons
2026-04-16 14:38:36 +0200: Memory Usage (440104K) : gatpoly_filler has 0 polygons
2026-04-16 14:38:36 +0200: Memory Usage (440104K) : gatpoly_nofill has 0 polygons
2026-04-16 14:38:36 +0200: Memory Usage (440104K) : gatpoly_opc has 0 polygons
2026-04-16 14:38:36 +0200: Memory Usage (440104K) : gatpoly_iopc has 0 polygons
2026-04-16 14:38:36 +0200: Memory Usage (440104K) : gatpoly_noqrc has 0 polygons
2026-04-16 14:38:36 +0200: Memory Usage (440104K) : cont_drw has 13 polygons
2026-04-16 14:38:36 +0200: Memory Usage (440104K) : cont_opc has 0 polygons
2026-04-16 14:38:36 +0200: Memory Usage (440104K) : nsd_drw has 0 polygons
2026-04-16 14:38:36 +0200: Memory Usage (440104K) : nsd_block has 0 polygons
2026-04-16 14:38:36 +0200: Memory Usage (440296K) : metal1_drw has 13 polygons
2026-04-16 14:38:36 +0200: Memory Usage (440296K) : metal1_pin has 7 polygons
2026-04-16 14:38:36 +0200: Memory Usage (440296K) : metal1_mask has 0 polygons
2026-04-16 14:38:36 +0200: Memory Usage (440296K) : metal1_filler has 0 polygons
2026-04-16 14:38:36 +0200: Memory Usage (440296K) : metal1_nofill has 0 polygons
2026-04-16 14:38:36 +0200: Memory Usage (440488K) : metal1_slit has 0 polygons
2026-04-16 14:38:36 +0200: Memory Usage (440680K) : metal1_text has 2 polygons
2026-04-16 14:38:36 +0200: Memory Usage (440680K) : metal1_opc has 0 polygons
2026-04-16 14:38:36 +0200: Memory Usage (440680K) : metal1_noqrc has 0 polygons
2026-04-16 14:38:36 +0200: Memory Usage (440680K) : metal1_res has 0 polygons
2026-04-16 14:38:36 +0200: Memory Usage (440680K) : metal1_iprobe has 0 polygons
2026-04-16 14:38:36 +0200: Memory Usage (440680K) : metal1_diffprb has 0 polygons
2026-04-16 14:38:36 +0200: Memory Usage (440680K) : passiv_drw has 0 polygons
2026-04-16 14:38:36 +0200: Memory Usage (440872K) : passiv_pin has 0 polygons
2026-04-16 14:38:36 +0200: Memory Usage (440872K) : passiv_sbump has 0 polygons
2026-04-16 14:38:36 +0200: Memory Usage (440872K) : passiv_pillar has 0 polygons
2026-04-16 14:38:36 +0200: Memory Usage (441064K) : passiv_pdl has 0 polygons
2026-04-16 14:38:36 +0200: Memory Usage (441064K) : metal2_drw has 0 polygons
2026-04-16 14:38:36 +0200: Memory Usage (441064K) : metal2_pin has 0 polygons
2026-04-16 14:38:36 +0200: Memory Usage (441256K) : metal2_mask has 0 polygons
2026-04-16 14:38:36 +0200: Memory Usage (441256K) : metal2_filler has 0 polygons
2026-04-16 14:38:36 +0200: Memory Usage (441256K) : metal2_nofill has 0 polygons
2026-04-16 14:38:36 +0200: Memory Usage (441256K) : metal2_slit has 0 polygons
2026-04-16 14:38:36 +0200: Memory Usage (441448K) : metal2_text has 0 polygons
2026-04-16 14:38:36 +0200: Memory Usage (441448K) : metal2_opc has 0 polygons
2026-04-16 14:38:36 +0200: Memory Usage (441448K) : metal2_noqrc has 0 polygons
2026-04-16 14:38:36 +0200: Memory Usage (441448K) : metal2_res has 0 polygons
2026-04-16 14:38:36 +0200: Memory Usage (441448K) : metal2_iprobe has 0 polygons
2026-04-16 14:38:36 +0200: Memory Usage (441640K) : metal2_diffprb has 0 polygons
2026-04-16 14:38:36 +0200: Memory Usage (441640K) : baspoly_drw has 0 polygons
2026-04-16 14:38:36 +0200: Memory Usage (441640K) : baspoly_pin has 0 polygons
2026-04-16 14:38:36 +0200: Memory Usage (441832K) : psd_drw has 2 polygons
2026-04-16 14:38:36 +0200: Memory Usage (441832K) : nldb_drw has 0 polygons
2026-04-16 14:38:36 +0200: Memory Usage (441832K) : digibnd_drw has 0 polygons
2026-04-16 14:38:36 +0200: Memory Usage (441832K) : via1_drw has 0 polygons
2026-04-16 14:38:36 +0200: Memory Usage (442024K) : backmetal1_drw has 0 polygons
2026-04-16 14:38:36 +0200: Memory Usage (442024K) : backmetal1_pin has 0 polygons
2026-04-16 14:38:36 +0200: Memory Usage (442024K) : backmetal1_mask has 0 polygons
2026-04-16 14:38:36 +0200: Memory Usage (442216K) : backmetal1_filler has 0 polygons
2026-04-16 14:38:36 +0200: Memory Usage (442216K) : backmetal1_nofill has 0 polygons
2026-04-16 14:38:36 +0200: Memory Usage (442216K) : backmetal1_slit has 0 polygons
2026-04-16 14:38:36 +0200: Memory Usage (442216K) : backmetal1_text has 0 polygons
2026-04-16 14:38:36 +0200: Memory Usage (442408K) : backmetal1_opc has 0 polygons
2026-04-16 14:38:36 +0200: Memory Usage (442408K) : backmetal1_noqrc has 0 polygons
2026-04-16 14:38:36 +0200: Memory Usage (442408K) : backmetal1_res has 0 polygons
2026-04-16 14:38:36 +0200: Memory Usage (442600K) : backmetal1_iprobe has 0 polygons
2026-04-16 14:38:36 +0200: Memory Usage (442600K) : backmetal1_diffprb has 0 polygons
2026-04-16 14:38:36 +0200: Memory Usage (442600K) : backpassiv_drw has 0 polygons
2026-04-16 14:38:36 +0200: Memory Usage (442600K) : res_drw has 0 polygons
2026-04-16 14:38:36 +0200: Memory Usage (442792K) : sram_drw has 0 polygons
2026-04-16 14:38:36 +0200: Memory Usage (442792K) : trans_drw has 0 polygons
2026-04-16 14:38:36 +0200: Memory Usage (442792K) : ind_drw has 0 polygons
2026-04-16 14:38:36 +0200: Memory Usage (442984K) : ind_pin has 0 polygons
2026-04-16 14:38:36 +0200: Memory Usage (442984K) : ind_text has 0 polygons
2026-04-16 14:38:36 +0200: Memory Usage (442984K) : salblock_drw has 0 polygons
2026-04-16 14:38:36 +0200: Memory Usage (443176K) : via2_drw has 0 polygons
2026-04-16 14:38:36 +0200: Memory Usage (443176K) : metal3_drw has 0 polygons
2026-04-16 14:38:36 +0200: Memory Usage (443368K) : metal3_pin has 0 polygons
2026-04-16 14:38:36 +0200: Memory Usage (443368K) : metal3_mask has 0 polygons
2026-04-16 14:38:36 +0200: Memory Usage (443368K) : metal3_filler has 0 polygons
2026-04-16 14:38:36 +0200: Memory Usage (443368K) : metal3_nofill has 0 polygons
2026-04-16 14:38:36 +0200: Memory Usage (443560K) : metal3_slit has 0 polygons
2026-04-16 14:38:36 +0200: Memory Usage (443560K) : metal3_text has 0 polygons
2026-04-16 14:38:36 +0200: Memory Usage (443560K) : metal3_opc has 0 polygons
2026-04-16 14:38:36 +0200: Memory Usage (443752K) : metal3_noqrc has 0 polygons
2026-04-16 14:38:36 +0200: Memory Usage (443752K) : metal3_res has 0 polygons
2026-04-16 14:38:36 +0200: Memory Usage (443752K) : metal3_iprobe has 0 polygons
2026-04-16 14:38:36 +0200: Memory Usage (443752K) : metal3_diffprb has 0 polygons
2026-04-16 14:38:36 +0200: Memory Usage (443944K) : nwell_drw has 3 polygons
2026-04-16 14:38:36 +0200: Memory Usage (443944K) : nwell_pin has 1 polygons
2026-04-16 14:38:36 +0200: Memory Usage (444136K) : nbulay_drw has 1 polygons
2026-04-16 14:38:36 +0200: Memory Usage (444136K) : nbulay_pin has 0 polygons
2026-04-16 14:38:36 +0200: Memory Usage (444136K) : nbulay_block has 0 polygons
2026-04-16 14:38:36 +0200: Memory Usage (444328K) : emwind_drw has 0 polygons
2026-04-16 14:38:36 +0200: Memory Usage (444328K) : emwind_opc has 0 polygons
2026-04-16 14:38:36 +0200: Memory Usage (444328K) : deepco_drw has 0 polygons
2026-04-16 14:38:36 +0200: Memory Usage (444520K) : deepco_drw has 0 polygons
2026-04-16 14:38:36 +0200: Memory Usage (444520K) : mim_drw has 0 polygons
2026-04-16 14:38:36 +0200: Memory Usage (444712K) : edgeseal_drw has 0 polygons
2026-04-16 14:38:36 +0200: Memory Usage (444712K) : edgeseal_bound has 0 polygons
2026-04-16 14:38:36 +0200: Memory Usage (444712K) : substrate_drw has 2 polygons
2026-04-16 14:38:36 +0200: Memory Usage (444904K) : substrate_text has 0 polygons
2026-04-16 14:38:36 +0200: Memory Usage (444904K) : dfpad_drw has 0 polygons
2026-04-16 14:38:36 +0200: Memory Usage (444904K) : dfpad_pillar has 0 polygons
2026-04-16 14:38:36 +0200: Memory Usage (444904K) : dfpad_sbump has 0 polygons
2026-04-16 14:38:36 +0200: Memory Usage (445096K) : thickgateox_drw has 0 polygons
2026-04-16 14:38:36 +0200: Memory Usage (445096K) : pldb_drw has 0 polygons
2026-04-16 14:38:36 +0200: Memory Usage (445096K) : pwell_drw has 0 polygons
2026-04-16 14:38:36 +0200: Memory Usage (445096K) : pwell_pin has 0 polygons
2026-04-16 14:38:36 +0200: Memory Usage (445288K) : pwell_block has 0 polygons
2026-04-16 14:38:36 +0200: Memory Usage (445288K) : ic_drw has 0 polygons
2026-04-16 14:38:36 +0200: Memory Usage (445288K) : via3_drw has 0 polygons
2026-04-16 14:38:36 +0200: Memory Usage (445480K) : metal4_drw has 0 polygons
2026-04-16 14:38:36 +0200: Memory Usage (445480K) : metal4_pin has 0 polygons
2026-04-16 14:38:36 +0200: Memory Usage (445672K) : metal4_mask has 0 polygons
2026-04-16 14:38:36 +0200: Memory Usage (445672K) : metal4_filler has 0 polygons
2026-04-16 14:38:36 +0200: Memory Usage (445672K) : metal4_nofill has 0 polygons
2026-04-16 14:38:36 +0200: Memory Usage (445672K) : metal4_slit has 0 polygons
2026-04-16 14:38:36 +0200: Memory Usage (445864K) : metal4_text has 0 polygons
2026-04-16 14:38:36 +0200: Memory Usage (445864K) : metal4_opc has 0 polygons
2026-04-16 14:38:36 +0200: Memory Usage (445864K) : metal4_noqrc has 0 polygons
2026-04-16 14:38:36 +0200: Memory Usage (445864K) : metal4_res has 0 polygons
2026-04-16 14:38:36 +0200: Memory Usage (446056K) : metal4_iprobe has 0 polygons
2026-04-16 14:38:36 +0200: Memory Usage (446056K) : metal4_diffprb has 0 polygons
2026-04-16 14:38:36 +0200: Memory Usage (446248K) : heattrans_drw has 2 polygons
2026-04-16 14:38:36 +0200: Memory Usage (446248K) : heatres_drw has 0 polygons
2026-04-16 14:38:36 +0200: Memory Usage (446248K) : pempoly_drw has 0 polygons
2026-04-16 14:38:36 +0200: Memory Usage (446440K) : fbe_drw has 0 polygons
2026-04-16 14:38:36 +0200: Memory Usage (446440K) : empoly_drw has 0 polygons
2026-04-16 14:38:36 +0200: Memory Usage (446440K) : ldmos_drw has 0 polygons
2026-04-16 14:38:36 +0200: Memory Usage (446632K) : pbiwind_drw has 0 polygons
2026-04-16 14:38:36 +0200: Memory Usage (446632K) : digisub_drw has 0 polygons
2026-04-16 14:38:36 +0200: Memory Usage (446632K) : nodrc_drw has 0 polygons
2026-04-16 14:38:36 +0200: Memory Usage (446824K) : text_drw has 4 polygons
2026-04-16 14:38:36 +0200: Memory Usage (446824K) : via4_drw has 0 polygons
2026-04-16 14:38:36 +0200: Memory Usage (446824K) : metal5_drw has 0 polygons
2026-04-16 14:38:36 +0200: Memory Usage (446824K) : metal5_pin has 0 polygons
2026-04-16 14:38:36 +0200: Memory Usage (447016K) : metal5_mask has 0 polygons
2026-04-16 14:38:36 +0200: Memory Usage (447016K) : metal5_filler has 0 polygons
2026-04-16 14:38:36 +0200: Memory Usage (447016K) : metal5_nofill has 0 polygons
2026-04-16 14:38:36 +0200: Memory Usage (447208K) : metal5_slit has 0 polygons
2026-04-16 14:38:36 +0200: Memory Usage (447208K) : metal5_text has 0 polygons
2026-04-16 14:38:36 +0200: Memory Usage (447208K) : metal5_opc has 0 polygons
2026-04-16 14:38:36 +0200: Memory Usage (447208K) : metal5_noqrc has 0 polygons
2026-04-16 14:38:36 +0200: Memory Usage (447400K) : metal5_res has 0 polygons
2026-04-16 14:38:36 +0200: Memory Usage (447400K) : metal5_iprobe has 0 polygons
2026-04-16 14:38:36 +0200: Memory Usage (447400K) : metal5_diffprb has 0 polygons
2026-04-16 14:38:36 +0200: Memory Usage (447592K) : radhard_drw has 0 polygons
2026-04-16 14:38:36 +0200: Memory Usage (447592K) : memcap_drw has 0 polygons
2026-04-16 14:38:36 +0200: Memory Usage (447784K) : varicap_drw has 0 polygons
2026-04-16 14:38:36 +0200: Memory Usage (447784K) : flash_drw has 0 polygons
2026-04-16 14:38:36 +0200: Memory Usage (447784K) : intbondvia_drw has 0 polygons
2026-04-16 14:38:36 +0200: Memory Usage (447976K) : intbondmet_drw has 0 polygons
2026-04-16 14:38:36 +0200: Memory Usage (447976K) : devbondvia_drw has 0 polygons
2026-04-16 14:38:36 +0200: Memory Usage (447976K) : devbondmet_drw has 0 polygons
2026-04-16 14:38:36 +0200: Memory Usage (448168K) : devtrench_drw has 0 polygons
2026-04-16 14:38:36 +0200: Memory Usage (448168K) : redist_drw has 0 polygons
2026-04-16 14:38:36 +0200: Memory Usage (448168K) : graphbot_drw has 0 polygons
2026-04-16 14:38:36 +0200: Memory Usage (448168K) : graphtop_drw has 0 polygons
2026-04-16 14:38:36 +0200: Memory Usage (448360K) : antvia1_drw has 0 polygons
2026-04-16 14:38:36 +0200: Memory Usage (448360K) : antmetal2_drw has 0 polygons
2026-04-16 14:38:36 +0200: Memory Usage (448360K) : graphcont_drw has 0 polygons
2026-04-16 14:38:36 +0200: Memory Usage (448552K) : siwg_drw has 0 polygons
2026-04-16 14:38:36 +0200: Memory Usage (448552K) : siwg_filler has 0 polygons
2026-04-16 14:38:36 +0200: Memory Usage (448552K) : siwg_nofill has 0 polygons
2026-04-16 14:38:36 +0200: Memory Usage (448744K) : sigrating_drw has 0 polygons
2026-04-16 14:38:36 +0200: Memory Usage (448744K) : singrating_drw has 0 polygons
2026-04-16 14:38:36 +0200: Memory Usage (448744K) : graphpas_drw has 0 polygons
2026-04-16 14:38:36 +0200: Memory Usage (448936K) : emwind3_drw has 0 polygons
2026-04-16 14:38:36 +0200: Memory Usage (448936K) : emwihv3_drw has 0 polygons
2026-04-16 14:38:36 +0200: Memory Usage (448936K) : redbulay_drw has 0 polygons
2026-04-16 14:38:36 +0200: Memory Usage (448936K) : smos_drw has 0 polygons
2026-04-16 14:38:36 +0200: Memory Usage (449128K) : graphpad_drw has 0 polygons
2026-04-16 14:38:36 +0200: Memory Usage (449128K) : polimide_drw has 0 polygons
2026-04-16 14:38:36 +0200: Memory Usage (449128K) : polimide_pin has 0 polygons
2026-04-16 14:38:36 +0200: Memory Usage (449320K) : recog_drw has 0 polygons
2026-04-16 14:38:36 +0200: Memory Usage (449320K) : recog_pin has 0 polygons
2026-04-16 14:38:36 +0200: Memory Usage (449320K) : recog_esd has 0 polygons
2026-04-16 14:38:36 +0200: Memory Usage (449512K) : recog_diode has 0 polygons
2026-04-16 14:38:36 +0200: Memory Usage (449512K) : recog_tsv has 0 polygons
2026-04-16 14:38:36 +0200: Memory Usage (449512K) : recog_iprobe has 0 polygons
2026-04-16 14:38:36 +0200: Memory Usage (449704K) : recog_diffprb has 0 polygons
2026-04-16 14:38:36 +0200: Memory Usage (449704K) : recog_pillar has 0 polygons
2026-04-16 14:38:36 +0200: Memory Usage (449896K) : recog_sbump has 0 polygons
2026-04-16 14:38:36 +0200: Memory Usage (449896K) : recog_otp has 0 polygons
2026-04-16 14:38:36 +0200: Memory Usage (449896K) : recog_pdiode has 0 polygons
2026-04-16 14:38:36 +0200: Memory Usage (449896K) : recog_mom has 0 polygons
2026-04-16 14:38:36 +0200: Memory Usage (449896K) : recog_pcm has 0 polygons
2026-04-16 14:38:36 +0200: Memory Usage (450088K) : colopen_drw has 0 polygons
2026-04-16 14:38:36 +0200: Memory Usage (450088K) : graphmetal1_drw has 0 polygons
2026-04-16 14:38:36 +0200: Memory Usage (450088K) : graphmetal1_filler has 0 polygons
2026-04-16 14:38:36 +0200: Memory Usage (450088K) : graphmetal1_nofill has 0 polygons
2026-04-16 14:38:36 +0200: Memory Usage (450088K) : graphmetal1_slit has 0 polygons
2026-04-16 14:38:36 +0200: Memory Usage (450280K) : graphmetal1_opc has 0 polygons
2026-04-16 14:38:36 +0200: Memory Usage (450280K) : graphmet1l_drw has 0 polygons
2026-04-16 14:38:36 +0200: Memory Usage (450280K) : graphmet1l_filler has 0 polygons
2026-04-16 14:38:36 +0200: Memory Usage (450280K) : graphmet1l_nofill has 0 polygons
2026-04-16 14:38:36 +0200: Memory Usage (450280K) : graphmet1l_slit has 0 polygons
2026-04-16 14:38:36 +0200: Memory Usage (450472K) : graphmet1l_opc has 0 polygons
2026-04-16 14:38:36 +0200: Memory Usage (450472K) : extblock_drw has 0 polygons
2026-04-16 14:38:36 +0200: Memory Usage (450472K) : nldd_drw has 0 polygons
2026-04-16 14:38:36 +0200: Memory Usage (450472K) : pldd_drw has 0 polygons
2026-04-16 14:38:36 +0200: Memory Usage (450472K) : next_drw has 0 polygons
2026-04-16 14:38:36 +0200: Memory Usage (450664K) : pext_drw has 0 polygons
2026-04-16 14:38:36 +0200: Memory Usage (450664K) : nexthv_drw has 0 polygons
2026-04-16 14:38:36 +0200: Memory Usage (450664K) : pexthv_drw has 0 polygons
2026-04-16 14:38:36 +0200: Memory Usage (450664K) : graphgate_drw has 0 polygons
2026-04-16 14:38:36 +0200: Memory Usage (450856K) : sinwg_drw has 0 polygons
2026-04-16 14:38:36 +0200: Memory Usage (450856K) : sinwg_filler has 0 polygons
2026-04-16 14:38:36 +0200: Memory Usage (450856K) : sinwg_nofill has 0 polygons
2026-04-16 14:38:36 +0200: Memory Usage (451048K) : mempad_drw has 0 polygons
2026-04-16 14:38:36 +0200: Memory Usage (451048K) : topvia1_drw has 0 polygons
2026-04-16 14:38:36 +0200: Memory Usage (451048K) : topmetal1_drw has 0 polygons
2026-04-16 14:38:36 +0200: Memory Usage (451048K) : topmetal1_pin has 0 polygons
2026-04-16 14:38:36 +0200: Memory Usage (451240K) : topmetal1_mask has 0 polygons
2026-04-16 14:38:36 +0200: Memory Usage (451240K) : topmetal1_filler has 0 polygons
2026-04-16 14:38:36 +0200: Memory Usage (451240K) : topmetal1_nofill has 0 polygons
2026-04-16 14:38:36 +0200: Memory Usage (451432K) : topmetal1_slit has 0 polygons
2026-04-16 14:38:36 +0200: Memory Usage (451432K) : topmetal1_text has 0 polygons
2026-04-16 14:38:36 +0200: Memory Usage (451432K) : topmetal1_noqrc has 0 polygons
2026-04-16 14:38:36 +0200: Memory Usage (451432K) : topmetal1_res has 0 polygons
2026-04-16 14:38:36 +0200: Memory Usage (451432K) : topmetal1_iprobe has 0 polygons
2026-04-16 14:38:36 +0200: Memory Usage (451432K) : topmetal1_diffprb has 0 polygons
2026-04-16 14:38:36 +0200: Memory Usage (451624K) : inldpwl_drw has 0 polygons
2026-04-16 14:38:36 +0200: Memory Usage (451624K) : polyres_drw has 0 polygons
2026-04-16 14:38:36 +0200: Memory Usage (451624K) : polyres_pin has 0 polygons
2026-04-16 14:38:36 +0200: Memory Usage (451624K) : vmim_drw has 0 polygons
2026-04-16 14:38:36 +0200: Memory Usage (451816K) : nbulaycut_drw has 0 polygons
2026-04-16 14:38:36 +0200: Memory Usage (451816K) : antmetal1_drw has 0 polygons
2026-04-16 14:38:36 +0200: Memory Usage (451816K) : topvia2_drw has 0 polygons
2026-04-16 14:38:36 +0200: Memory Usage (451816K) : topmetal2_drw has 0 polygons
2026-04-16 14:38:36 +0200: Memory Usage (452008K) : topmetal2_pin has 0 polygons
2026-04-16 14:38:36 +0200: Memory Usage (452008K) : topmetal2_mask has 0 polygons
2026-04-16 14:38:36 +0200: Memory Usage (452008K) : topmetal2_filler has 0 polygons
2026-04-16 14:38:36 +0200: Memory Usage (452200K) : topmetal2_nofill has 0 polygons
2026-04-16 14:38:36 +0200: Memory Usage (452200K) : topmetal2_slit has 0 polygons
2026-04-16 14:38:36 +0200: Memory Usage (452200K) : topmetal2_text has 0 polygons
2026-04-16 14:38:36 +0200: Memory Usage (452200K) : topmetal2_noqrc has 0 polygons
2026-04-16 14:38:36 +0200: Memory Usage (452392K) : topmetal2_res has 0 polygons
2026-04-16 14:38:36 +0200: Memory Usage (452392K) : topmetal2_iprobe has 0 polygons
2026-04-16 14:38:36 +0200: Memory Usage (452392K) : topmetal2_diffprb has 0 polygons
2026-04-16 14:38:36 +0200: Memory Usage (452392K) : snsring_drw has 0 polygons
2026-04-16 14:38:36 +0200: Memory Usage (452584K) : sensor_drw has 0 polygons
2026-04-16 14:38:36 +0200: Memory Usage (452584K) : snsarms_drw has 0 polygons
2026-04-16 14:38:36 +0200: Memory Usage (452584K) : snscmosvia_drw has 0 polygons
2026-04-16 14:38:36 +0200: Memory Usage (452776K) : colwind_drw has 0 polygons
2026-04-16 14:38:36 +0200: Memory Usage (452776K) : flm_drw has 0 polygons
2026-04-16 14:38:36 +0200: Memory Usage (452776K) : hafniumox_drw has 0 polygons
2026-04-16 14:38:36 +0200: Memory Usage (452776K) : memvia_drw has 0 polygons
2026-04-16 14:38:36 +0200: Memory Usage (452968K) : thinfilmres_drw has 0 polygons
2026-04-16 14:38:36 +0200: Memory Usage (452968K) : rfmem_drw has 0 polygons
2026-04-16 14:38:36 +0200: Memory Usage (452968K) : norcx_drw has 0 polygons
2026-04-16 14:38:36 +0200: Memory Usage (453160K) : norcx_m2m3 has 0 polygons
2026-04-16 14:38:36 +0200: Memory Usage (453160K) : norcx_m2m4 has 0 polygons
2026-04-16 14:38:36 +0200: Memory Usage (453160K) : norcx_m2m5 has 0 polygons
2026-04-16 14:38:36 +0200: Memory Usage (453160K) : norcx_m2tm1 has 0 polygons
2026-04-16 14:38:36 +0200: Memory Usage (453352K) : norcx_m2tm2 has 0 polygons
2026-04-16 14:38:36 +0200: Memory Usage (453352K) : norcx_m3m4 has 0 polygons
2026-04-16 14:38:36 +0200: Memory Usage (453352K) : norcx_m3m5 has 0 polygons
2026-04-16 14:38:36 +0200: Memory Usage (453544K) : norcx_m3tm1 has 0 polygons
2026-04-16 14:38:36 +0200: Memory Usage (453544K) : norcx_m3tm2 has 0 polygons
2026-04-16 14:38:36 +0200: Memory Usage (453544K) : norcx_m4m5 has 0 polygons
2026-04-16 14:38:36 +0200: Memory Usage (453544K) : norcx_m4tm1 has 0 polygons
2026-04-16 14:38:36 +0200: Memory Usage (453736K) : norcx_m4tm2 has 0 polygons
2026-04-16 14:38:36 +0200: Memory Usage (453736K) : norcx_m5tm1 has 0 polygons
2026-04-16 14:38:36 +0200: Memory Usage (453736K) : norcx_m5tm2 has 0 polygons
2026-04-16 14:38:36 +0200: Memory Usage (453736K) : norcx_tm1tm2 has 0 polygons
2026-04-16 14:38:36 +0200: Memory Usage (453736K) : norcx_m1sub has 0 polygons
2026-04-16 14:38:36 +0200: Memory Usage (453736K) : norcx_m2sub has 0 polygons
2026-04-16 14:38:36 +0200: Memory Usage (453736K) : norcx_m3sub has 0 polygons
2026-04-16 14:38:36 +0200: Memory Usage (453928K) : norcx_m4sub has 0 polygons
2026-04-16 14:38:36 +0200: Memory Usage (453928K) : norcx_m5sub has 0 polygons
2026-04-16 14:38:36 +0200: Memory Usage (453928K) : norcx_tm1sub has 0 polygons
2026-04-16 14:38:36 +0200: Memory Usage (453928K) : norcx_tm2sub has 0 polygons
2026-04-16 14:38:36 +0200: Memory Usage (453928K) : snsbotvia_drw has 0 polygons
2026-04-16 14:38:36 +0200: Memory Usage (454120K) : snstopvia_drw has 0 polygons
2026-04-16 14:38:36 +0200: Memory Usage (454120K) : deepvia_drw has 0 polygons
2026-04-16 14:38:36 +0200: Memory Usage (454120K) : fgetch_drw has 0 polygons
2026-04-16 14:38:36 +0200: Memory Usage (454120K) : ctrgat_drw has 0 polygons
2026-04-16 14:38:36 +0200: Memory Usage (454120K) : fgimp_drw has 0 polygons
2026-04-16 14:38:36 +0200: Memory Usage (454312K) : emwihv_drw has 0 polygons
2026-04-16 14:38:36 +0200: Memory Usage (454312K) : lbe_drw has 0 polygons
2026-04-16 14:38:36 +0200: Memory Usage (454312K) : alcustop_drw has 0 polygons
2026-04-16 14:38:36 +0200: Memory Usage (454312K) : nometfiller_drw has 0 polygons
2026-04-16 14:38:36 +0200: Memory Usage (454312K) : prboundary_drw has 0 polygons
2026-04-16 14:38:36 +0200: Memory Usage (454504K) : exchange0_drw has 0 polygons
2026-04-16 14:38:36 +0200: Memory Usage (454504K) : exchange0_pin has 0 polygons
2026-04-16 14:38:36 +0200: Memory Usage (454504K) : exchange0_text has 0 polygons
2026-04-16 14:38:36 +0200: Memory Usage (454504K) : exchange1_drw has 0 polygons
2026-04-16 14:38:36 +0200: Memory Usage (454504K) : exchange1_pin has 0 polygons
2026-04-16 14:38:36 +0200: Memory Usage (454696K) : exchange1_text has 0 polygons
2026-04-16 14:38:36 +0200: Memory Usage (454696K) : exchange2_drw has 0 polygons
2026-04-16 14:38:36 +0200: Memory Usage (454696K) : exchange2_pin has 0 polygons
2026-04-16 14:38:36 +0200: Memory Usage (454696K) : exchange2_text has 0 polygons
2026-04-16 14:38:36 +0200: Memory Usage (454696K) : exchange3_drw has 0 polygons
2026-04-16 14:38:36 +0200: Memory Usage (454888K) : exchange3_pin has 0 polygons
2026-04-16 14:38:36 +0200: Memory Usage (454888K) : exchange3_text has 0 polygons
2026-04-16 14:38:36 +0200: Memory Usage (454888K) : exchange4_drw has 0 polygons
2026-04-16 14:38:36 +0200: Memory Usage (454888K) : exchange4_pin has 0 polygons
2026-04-16 14:38:36 +0200: Memory Usage (454888K) : exchange4_text has 0 polygons
2026-04-16 14:38:36 +0200: Memory Usage (455080K) : isonwell_drw has 0 polygons
2026-04-16 14:38:36 +0200: Memory Usage (455080K) : Total no. of polygons in the design is 64
2026-04-16 14:38:36 +0200: Memory Usage (455080K) : Loaded TECH DRC rules values from /foss/pdks/ihp-sg13g2/libs.tech/klayout/python/sg13g2_pycell_lib/sg13g2_tech_mod.json
2026-04-16 14:38:36 +0200: Memory Usage (455080K) : Loaded default DRC rules values from /foss/pdks/ihp-sg13g2/libs.tech/klayout/tech/drc/rule_decks/sg13g2_tech_default.json
2026-04-16 14:38:36 +0200: Memory Usage (455080K) : The following rules values were missing in tech json and default values were used:
2026-04-16 14:38:36 +0200: Memory Usage (455080K) :   - Cnt_c_digibnd
2026-04-16 14:38:36 +0200: Memory Usage (456040K) : Total area of the design is 6.0196000000000005 um^2.
2026-04-16 14:38:36 +0200: Memory Usage (456040K) : The design dimensions are 1.49 µm * 4.04 µm.
2026-04-16 14:38:36 +0200: Memory Usage (456040K) : Starting general IHP-SG13G2 derivations.
2026-04-16 14:38:36 +0200: Memory Usage (456040K) : Starting Pwell derivations
2026-04-16 14:38:36 +0200: Memory Usage (458256K) : Starting IHP-SG13G2 DRC rules.
2026-04-16 14:38:36 +0200: Memory Usage (458256K) : Starting 5.10 pSD table
2026-04-16 14:38:36 +0200: Memory Usage (458256K) : Executing rule pSD.c1
2026-04-16 14:38:36 +0200: Memory Usage (458640K) : KLayout DRC run for tables 'psd' completed in 0.26 seconds
