# Logfile created on 2026-04-16 14:38:37 +0200 by logger.rb/v1.5.3
2026-04-16 14:38:37 +0200: Memory Usage (437352K) : Starting running IHP-SG13G2 KLayout DRC runset on /var/home/bleroux/Documents/stage_IEMN/analog-asic-design/designs/inverter/layout/inverter.klay.gds
2026-04-16 14:38:37 +0200: Memory Usage (437352K) : Ruby Version for klayout: 3.2.3
2026-04-16 14:38:37 +0200: Memory Usage (438756K) : Loading database to memory is complete.
2026-04-16 14:38:37 +0200: Memory Usage (438756K) : IHP-SG13G2 KLayout DRC runset output at: /var/home/bleroux/Documents/stage_IEMN/analog-asic-design/drc_run_TOP/inverter.klay_TOP_activfiller.lyrdb
2026-04-16 14:38:37 +0200: Memory Usage (438756K) : Evaluate switches.
2026-04-16 14:38:37 +0200: Memory Usage (438756K) : tables selected: activfiller
2026-04-16 14:38:37 +0200: Memory Usage (438756K) : KLayout will use 1 thread(s) in tiling mode.
2026-04-16 14:38:37 +0200: Memory Usage (438756K) : deep mode is enabled.
2026-04-16 14:38:37 +0200: Memory Usage (438756K) : FEOL enabled: false
2026-04-16 14:38:37 +0200: Memory Usage (438756K) : BEOL enabled: false
2026-04-16 14:38:37 +0200: Memory Usage (438756K) : OFFGRID enabled: true
2026-04-16 14:38:37 +0200: Memory Usage (438756K) : PIN enabled: false
2026-04-16 14:38:37 +0200: Memory Usage (438756K) : FORBIDDEN enabled: false
2026-04-16 14:38:37 +0200: Memory Usage (438756K) : RECOMMENDED enabled: true
2026-04-16 14:38:37 +0200: Memory Usage (438756K) : PreCheck DRC enabled: false
2026-04-16 14:38:37 +0200: Memory Usage (438756K) : CONNECTIVITY_RULES enabled: false.
2026-04-16 14:38:37 +0200: Memory Usage (438756K) : Read in polygons from layers.
2026-04-16 14:38:37 +0200: Memory Usage (439736K) : activ_drw has 8 polygons
2026-04-16 14:38:37 +0200: Memory Usage (439736K) : activ_pin has 0 polygons
2026-04-16 14:38:37 +0200: Memory Usage (439736K) : activ_mask has 0 polygons
2026-04-16 14:38:37 +0200: Memory Usage (439736K) : activ_filler has 0 polygons
2026-04-16 14:38:37 +0200: Memory Usage (439736K) : activ_nofill has 0 polygons
2026-04-16 14:38:37 +0200: Memory Usage (439736K) : activ_opc has 0 polygons
2026-04-16 14:38:37 +0200: Memory Usage (439736K) : activ_iopc has 0 polygons
2026-04-16 14:38:37 +0200: Memory Usage (439736K) : activ_noqrc has 0 polygons
2026-04-16 14:38:37 +0200: Memory Usage (439736K) : biwind_drw has 0 polygons
2026-04-16 14:38:37 +0200: Memory Usage (439736K) : biwind_opc has 0 polygons
2026-04-16 14:38:37 +0200: Memory Usage (439736K) : pemwind_drw has 0 polygons
2026-04-16 14:38:37 +0200: Memory Usage (439736K) : gatpoly_drw has 5 polygons
2026-04-16 14:38:37 +0200: Memory Usage (439736K) : gatpoly_pin has 1 polygons
2026-04-16 14:38:37 +0200: Memory Usage (439736K) : gatpoly_filler has 0 polygons
2026-04-16 14:38:37 +0200: Memory Usage (439736K) : gatpoly_nofill has 0 polygons
2026-04-16 14:38:37 +0200: Memory Usage (439736K) : gatpoly_opc has 0 polygons
2026-04-16 14:38:37 +0200: Memory Usage (439736K) : gatpoly_iopc has 0 polygons
2026-04-16 14:38:37 +0200: Memory Usage (439736K) : gatpoly_noqrc has 0 polygons
2026-04-16 14:38:37 +0200: Memory Usage (439736K) : cont_drw has 13 polygons
2026-04-16 14:38:37 +0200: Memory Usage (439736K) : cont_opc has 0 polygons
2026-04-16 14:38:37 +0200: Memory Usage (439736K) : nsd_drw has 0 polygons
2026-04-16 14:38:37 +0200: Memory Usage (439736K) : nsd_block has 0 polygons
2026-04-16 14:38:37 +0200: Memory Usage (439928K) : metal1_drw has 13 polygons
2026-04-16 14:38:37 +0200: Memory Usage (439928K) : metal1_pin has 7 polygons
2026-04-16 14:38:37 +0200: Memory Usage (439928K) : metal1_mask has 0 polygons
2026-04-16 14:38:37 +0200: Memory Usage (439928K) : metal1_filler has 0 polygons
2026-04-16 14:38:37 +0200: Memory Usage (439928K) : metal1_nofill has 0 polygons
2026-04-16 14:38:37 +0200: Memory Usage (439928K) : metal1_slit has 0 polygons
2026-04-16 14:38:37 +0200: Memory Usage (440696K) : metal1_text has 2 polygons
2026-04-16 14:38:37 +0200: Memory Usage (440696K) : metal1_opc has 0 polygons
2026-04-16 14:38:37 +0200: Memory Usage (440696K) : metal1_noqrc has 0 polygons
2026-04-16 14:38:37 +0200: Memory Usage (440696K) : metal1_res has 0 polygons
2026-04-16 14:38:37 +0200: Memory Usage (440696K) : metal1_iprobe has 0 polygons
2026-04-16 14:38:37 +0200: Memory Usage (440696K) : metal1_diffprb has 0 polygons
2026-04-16 14:38:37 +0200: Memory Usage (440696K) : passiv_drw has 0 polygons
2026-04-16 14:38:37 +0200: Memory Usage (440888K) : passiv_pin has 0 polygons
2026-04-16 14:38:37 +0200: Memory Usage (440888K) : passiv_sbump has 0 polygons
2026-04-16 14:38:37 +0200: Memory Usage (440888K) : passiv_pillar has 0 polygons
2026-04-16 14:38:37 +0200: Memory Usage (441080K) : passiv_pdl has 0 polygons
2026-04-16 14:38:37 +0200: Memory Usage (441080K) : metal2_drw has 0 polygons
2026-04-16 14:38:37 +0200: Memory Usage (441080K) : metal2_pin has 0 polygons
2026-04-16 14:38:37 +0200: Memory Usage (441080K) : metal2_mask has 0 polygons
2026-04-16 14:38:37 +0200: Memory Usage (441272K) : metal2_filler has 0 polygons
2026-04-16 14:38:37 +0200: Memory Usage (441272K) : metal2_nofill has 0 polygons
2026-04-16 14:38:37 +0200: Memory Usage (441272K) : metal2_slit has 0 polygons
2026-04-16 14:38:37 +0200: Memory Usage (441464K) : metal2_text has 0 polygons
2026-04-16 14:38:37 +0200: Memory Usage (441464K) : metal2_opc has 0 polygons
2026-04-16 14:38:37 +0200: Memory Usage (441464K) : metal2_noqrc has 0 polygons
2026-04-16 14:38:37 +0200: Memory Usage (441656K) : metal2_res has 0 polygons
2026-04-16 14:38:37 +0200: Memory Usage (441656K) : metal2_iprobe has 0 polygons
2026-04-16 14:38:37 +0200: Memory Usage (441656K) : metal2_diffprb has 0 polygons
2026-04-16 14:38:37 +0200: Memory Usage (441848K) : baspoly_drw has 0 polygons
2026-04-16 14:38:37 +0200: Memory Usage (441848K) : baspoly_pin has 0 polygons
2026-04-16 14:38:37 +0200: Memory Usage (441848K) : psd_drw has 2 polygons
2026-04-16 14:38:37 +0200: Memory Usage (441848K) : nldb_drw has 0 polygons
2026-04-16 14:38:37 +0200: Memory Usage (442040K) : digibnd_drw has 0 polygons
2026-04-16 14:38:37 +0200: Memory Usage (442040K) : via1_drw has 0 polygons
2026-04-16 14:38:37 +0200: Memory Usage (442040K) : backmetal1_drw has 0 polygons
2026-04-16 14:38:37 +0200: Memory Usage (442232K) : backmetal1_pin has 0 polygons
2026-04-16 14:38:37 +0200: Memory Usage (442232K) : backmetal1_mask has 0 polygons
2026-04-16 14:38:37 +0200: Memory Usage (442232K) : backmetal1_filler has 0 polygons
2026-04-16 14:38:37 +0200: Memory Usage (442232K) : backmetal1_nofill has 0 polygons
2026-04-16 14:38:37 +0200: Memory Usage (442424K) : backmetal1_slit has 0 polygons
2026-04-16 14:38:37 +0200: Memory Usage (442424K) : backmetal1_text has 0 polygons
2026-04-16 14:38:37 +0200: Memory Usage (442424K) : backmetal1_opc has 0 polygons
2026-04-16 14:38:37 +0200: Memory Usage (442616K) : backmetal1_noqrc has 0 polygons
2026-04-16 14:38:37 +0200: Memory Usage (442616K) : backmetal1_res has 0 polygons
2026-04-16 14:38:37 +0200: Memory Usage (442616K) : backmetal1_iprobe has 0 polygons
2026-04-16 14:38:37 +0200: Memory Usage (442616K) : backmetal1_diffprb has 0 polygons
2026-04-16 14:38:37 +0200: Memory Usage (442808K) : backpassiv_drw has 0 polygons
2026-04-16 14:38:37 +0200: Memory Usage (442808K) : res_drw has 0 polygons
2026-04-16 14:38:37 +0200: Memory Usage (442808K) : sram_drw has 0 polygons
2026-04-16 14:38:37 +0200: Memory Usage (443000K) : trans_drw has 0 polygons
2026-04-16 14:38:37 +0200: Memory Usage (443000K) : ind_drw has 0 polygons
2026-04-16 14:38:37 +0200: Memory Usage (443000K) : ind_pin has 0 polygons
2026-04-16 14:38:37 +0200: Memory Usage (443192K) : ind_text has 0 polygons
2026-04-16 14:38:37 +0200: Memory Usage (443192K) : salblock_drw has 0 polygons
2026-04-16 14:38:37 +0200: Memory Usage (443192K) : via2_drw has 0 polygons
2026-04-16 14:38:37 +0200: Memory Usage (443384K) : metal3_drw has 0 polygons
2026-04-16 14:38:37 +0200: Memory Usage (443384K) : metal3_pin has 0 polygons
2026-04-16 14:38:37 +0200: Memory Usage (443384K) : metal3_mask has 0 polygons
2026-04-16 14:38:37 +0200: Memory Usage (443576K) : metal3_filler has 0 polygons
2026-04-16 14:38:37 +0200: Memory Usage (443576K) : metal3_nofill has 0 polygons
2026-04-16 14:38:37 +0200: Memory Usage (443576K) : metal3_slit has 0 polygons
2026-04-16 14:38:37 +0200: Memory Usage (443768K) : metal3_text has 0 polygons
2026-04-16 14:38:37 +0200: Memory Usage (443768K) : metal3_opc has 0 polygons
2026-04-16 14:38:37 +0200: Memory Usage (443768K) : metal3_noqrc has 0 polygons
2026-04-16 14:38:37 +0200: Memory Usage (443768K) : metal3_res has 0 polygons
2026-04-16 14:38:37 +0200: Memory Usage (443960K) : metal3_iprobe has 0 polygons
2026-04-16 14:38:37 +0200: Memory Usage (443960K) : metal3_diffprb has 0 polygons
2026-04-16 14:38:37 +0200: Memory Usage (443960K) : nwell_drw has 3 polygons
2026-04-16 14:38:37 +0200: Memory Usage (444152K) : nwell_pin has 1 polygons
2026-04-16 14:38:37 +0200: Memory Usage (444152K) : nbulay_drw has 1 polygons
2026-04-16 14:38:37 +0200: Memory Usage (444152K) : nbulay_pin has 0 polygons
2026-04-16 14:38:37 +0200: Memory Usage (444344K) : nbulay_block has 0 polygons
2026-04-16 14:38:37 +0200: Memory Usage (444344K) : emwind_drw has 0 polygons
2026-04-16 14:38:37 +0200: Memory Usage (444536K) : emwind_opc has 0 polygons
2026-04-16 14:38:37 +0200: Memory Usage (444536K) : deepco_drw has 0 polygons
2026-04-16 14:38:37 +0200: Memory Usage (444536K) : deepco_drw has 0 polygons
2026-04-16 14:38:37 +0200: Memory Usage (444728K) : mim_drw has 0 polygons
2026-04-16 14:38:37 +0200: Memory Usage (444728K) : edgeseal_drw has 0 polygons
2026-04-16 14:38:37 +0200: Memory Usage (444728K) : edgeseal_bound has 0 polygons
2026-04-16 14:38:37 +0200: Memory Usage (444920K) : substrate_drw has 2 polygons
2026-04-16 14:38:37 +0200: Memory Usage (444920K) : substrate_text has 0 polygons
2026-04-16 14:38:37 +0200: Memory Usage (444920K) : dfpad_drw has 0 polygons
2026-04-16 14:38:37 +0200: Memory Usage (445112K) : dfpad_pillar has 0 polygons
2026-04-16 14:38:37 +0200: Memory Usage (445112K) : dfpad_sbump has 0 polygons
2026-04-16 14:38:37 +0200: Memory Usage (445112K) : thickgateox_drw has 0 polygons
2026-04-16 14:38:37 +0200: Memory Usage (445112K) : pldb_drw has 0 polygons
2026-04-16 14:38:37 +0200: Memory Usage (445304K) : pwell_drw has 0 polygons
2026-04-16 14:38:37 +0200: Memory Usage (445304K) : pwell_pin has 0 polygons
2026-04-16 14:38:37 +0200: Memory Usage (445304K) : pwell_block has 0 polygons
2026-04-16 14:38:37 +0200: Memory Usage (445496K) : ic_drw has 0 polygons
2026-04-16 14:38:37 +0200: Memory Usage (445496K) : via3_drw has 0 polygons
2026-04-16 14:38:37 +0200: Memory Usage (445688K) : metal4_drw has 0 polygons
2026-04-16 14:38:37 +0200: Memory Usage (445688K) : metal4_pin has 0 polygons
2026-04-16 14:38:37 +0200: Memory Usage (445688K) : metal4_mask has 0 polygons
2026-04-16 14:38:37 +0200: Memory Usage (445688K) : metal4_filler has 0 polygons
2026-04-16 14:38:37 +0200: Memory Usage (445880K) : metal4_nofill has 0 polygons
2026-04-16 14:38:37 +0200: Memory Usage (445880K) : metal4_slit has 0 polygons
2026-04-16 14:38:37 +0200: Memory Usage (445880K) : metal4_text has 0 polygons
2026-04-16 14:38:37 +0200: Memory Usage (445880K) : metal4_opc has 0 polygons
2026-04-16 14:38:37 +0200: Memory Usage (446072K) : metal4_noqrc has 0 polygons
2026-04-16 14:38:37 +0200: Memory Usage (446072K) : metal4_res has 0 polygons
2026-04-16 14:38:37 +0200: Memory Usage (446072K) : metal4_iprobe has 0 polygons
2026-04-16 14:38:37 +0200: Memory Usage (446264K) : metal4_diffprb has 0 polygons
2026-04-16 14:38:37 +0200: Memory Usage (446264K) : heattrans_drw has 2 polygons
2026-04-16 14:38:37 +0200: Memory Usage (446456K) : heatres_drw has 0 polygons
2026-04-16 14:38:37 +0200: Memory Usage (446456K) : pempoly_drw has 0 polygons
2026-04-16 14:38:37 +0200: Memory Usage (446456K) : fbe_drw has 0 polygons
2026-04-16 14:38:37 +0200: Memory Usage (446456K) : empoly_drw has 0 polygons
2026-04-16 14:38:37 +0200: Memory Usage (446648K) : ldmos_drw has 0 polygons
2026-04-16 14:38:37 +0200: Memory Usage (446648K) : pbiwind_drw has 0 polygons
2026-04-16 14:38:37 +0200: Memory Usage (446840K) : digisub_drw has 0 polygons
2026-04-16 14:38:37 +0200: Memory Usage (446840K) : nodrc_drw has 0 polygons
2026-04-16 14:38:37 +0200: Memory Usage (446840K) : text_drw has 4 polygons
2026-04-16 14:38:37 +0200: Memory Usage (446840K) : via4_drw has 0 polygons
2026-04-16 14:38:37 +0200: Memory Usage (447032K) : metal5_drw has 0 polygons
2026-04-16 14:38:37 +0200: Memory Usage (447032K) : metal5_pin has 0 polygons
2026-04-16 14:38:37 +0200: Memory Usage (447032K) : metal5_mask has 0 polygons
2026-04-16 14:38:37 +0200: Memory Usage (447224K) : metal5_filler has 0 polygons
2026-04-16 14:38:37 +0200: Memory Usage (447224K) : metal5_nofill has 0 polygons
2026-04-16 14:38:37 +0200: Memory Usage (447224K) : metal5_slit has 0 polygons
2026-04-16 14:38:37 +0200: Memory Usage (447224K) : metal5_text has 0 polygons
2026-04-16 14:38:37 +0200: Memory Usage (447416K) : metal5_opc has 0 polygons
2026-04-16 14:38:37 +0200: Memory Usage (447416K) : metal5_noqrc has 0 polygons
2026-04-16 14:38:37 +0200: Memory Usage (447416K) : metal5_res has 0 polygons
2026-04-16 14:38:37 +0200: Memory Usage (447608K) : metal5_iprobe has 0 polygons
2026-04-16 14:38:37 +0200: Memory Usage (447608K) : metal5_diffprb has 0 polygons
2026-04-16 14:38:37 +0200: Memory Usage (447800K) : radhard_drw has 0 polygons
2026-04-16 14:38:37 +0200: Memory Usage (447800K) : memcap_drw has 0 polygons
2026-04-16 14:38:37 +0200: Memory Usage (447800K) : varicap_drw has 0 polygons
2026-04-16 14:38:37 +0200: Memory Usage (447992K) : flash_drw has 0 polygons
2026-04-16 14:38:37 +0200: Memory Usage (447992K) : intbondvia_drw has 0 polygons
2026-04-16 14:38:37 +0200: Memory Usage (447992K) : intbondmet_drw has 0 polygons
2026-04-16 14:38:37 +0200: Memory Usage (448184K) : devbondvia_drw has 0 polygons
2026-04-16 14:38:37 +0200: Memory Usage (448184K) : devbondmet_drw has 0 polygons
2026-04-16 14:38:37 +0200: Memory Usage (448184K) : devtrench_drw has 0 polygons
2026-04-16 14:38:37 +0200: Memory Usage (448184K) : redist_drw has 0 polygons
2026-04-16 14:38:37 +0200: Memory Usage (448376K) : graphbot_drw has 0 polygons
2026-04-16 14:38:37 +0200: Memory Usage (448376K) : graphtop_drw has 0 polygons
2026-04-16 14:38:37 +0200: Memory Usage (448376K) : antvia1_drw has 0 polygons
2026-04-16 14:38:37 +0200: Memory Usage (448568K) : antmetal2_drw has 0 polygons
2026-04-16 14:38:37 +0200: Memory Usage (448568K) : graphcont_drw has 0 polygons
2026-04-16 14:38:37 +0200: Memory Usage (448568K) : siwg_drw has 0 polygons
2026-04-16 14:38:37 +0200: Memory Usage (448568K) : siwg_filler has 0 polygons
2026-04-16 14:38:37 +0200: Memory Usage (448760K) : siwg_nofill has 0 polygons
2026-04-16 14:38:37 +0200: Memory Usage (448760K) : sigrating_drw has 0 polygons
2026-04-16 14:38:37 +0200: Memory Usage (448952K) : singrating_drw has 0 polygons
2026-04-16 14:38:37 +0200: Memory Usage (448952K) : graphpas_drw has 0 polygons
2026-04-16 14:38:37 +0200: Memory Usage (448952K) : emwind3_drw has 0 polygons
2026-04-16 14:38:37 +0200: Memory Usage (448952K) : emwihv3_drw has 0 polygons
2026-04-16 14:38:37 +0200: Memory Usage (449144K) : redbulay_drw has 0 polygons
2026-04-16 14:38:37 +0200: Memory Usage (449144K) : smos_drw has 0 polygons
2026-04-16 14:38:37 +0200: Memory Usage (449144K) : graphpad_drw has 0 polygons
2026-04-16 14:38:37 +0200: Memory Usage (449336K) : polimide_drw has 0 polygons
2026-04-16 14:38:37 +0200: Memory Usage (449336K) : polimide_pin has 0 polygons
2026-04-16 14:38:37 +0200: Memory Usage (449336K) : recog_drw has 0 polygons
2026-04-16 14:38:37 +0200: Memory Usage (449528K) : recog_pin has 0 polygons
2026-04-16 14:38:37 +0200: Memory Usage (449528K) : recog_esd has 0 polygons
2026-04-16 14:38:37 +0200: Memory Usage (449528K) : recog_diode has 0 polygons
2026-04-16 14:38:37 +0200: Memory Usage (449720K) : recog_tsv has 0 polygons
2026-04-16 14:38:37 +0200: Memory Usage (449720K) : recog_iprobe has 0 polygons
2026-04-16 14:38:37 +0200: Memory Usage (449720K) : recog_diffprb has 0 polygons
2026-04-16 14:38:37 +0200: Memory Usage (449912K) : recog_pillar has 0 polygons
2026-04-16 14:38:37 +0200: Memory Usage (449912K) : recog_sbump has 0 polygons
2026-04-16 14:38:37 +0200: Memory Usage (449912K) : recog_otp has 0 polygons
2026-04-16 14:38:37 +0200: Memory Usage (450104K) : recog_pdiode has 0 polygons
2026-04-16 14:38:37 +0200: Memory Usage (450104K) : recog_mom has 0 polygons
2026-04-16 14:38:37 +0200: Memory Usage (450104K) : recog_pcm has 0 polygons
2026-04-16 14:38:37 +0200: Memory Usage (450104K) : colopen_drw has 0 polygons
2026-04-16 14:38:37 +0200: Memory Usage (450104K) : graphmetal1_drw has 0 polygons
2026-04-16 14:38:37 +0200: Memory Usage (450296K) : graphmetal1_filler has 0 polygons
2026-04-16 14:38:37 +0200: Memory Usage (450296K) : graphmetal1_nofill has 0 polygons
2026-04-16 14:38:37 +0200: Memory Usage (450296K) : graphmetal1_slit has 0 polygons
2026-04-16 14:38:37 +0200: Memory Usage (450296K) : graphmetal1_opc has 0 polygons
2026-04-16 14:38:37 +0200: Memory Usage (450296K) : graphmet1l_drw has 0 polygons
2026-04-16 14:38:37 +0200: Memory Usage (450488K) : graphmet1l_filler has 0 polygons
2026-04-16 14:38:37 +0200: Memory Usage (450488K) : graphmet1l_nofill has 0 polygons
2026-04-16 14:38:37 +0200: Memory Usage (450488K) : graphmet1l_slit has 0 polygons
2026-04-16 14:38:37 +0200: Memory Usage (450488K) : graphmet1l_opc has 0 polygons
2026-04-16 14:38:37 +0200: Memory Usage (450488K) : extblock_drw has 0 polygons
2026-04-16 14:38:37 +0200: Memory Usage (450680K) : nldd_drw has 0 polygons
2026-04-16 14:38:37 +0200: Memory Usage (450680K) : pldd_drw has 0 polygons
2026-04-16 14:38:37 +0200: Memory Usage (450680K) : next_drw has 0 polygons
2026-04-16 14:38:37 +0200: Memory Usage (450680K) : pext_drw has 0 polygons
2026-04-16 14:38:37 +0200: Memory Usage (450680K) : nexthv_drw has 0 polygons
2026-04-16 14:38:37 +0200: Memory Usage (450872K) : pexthv_drw has 0 polygons
2026-04-16 14:38:37 +0200: Memory Usage (450872K) : graphgate_drw has 0 polygons
2026-04-16 14:38:37 +0200: Memory Usage (450872K) : sinwg_drw has 0 polygons
2026-04-16 14:38:37 +0200: Memory Usage (451064K) : sinwg_filler has 0 polygons
2026-04-16 14:38:37 +0200: Memory Usage (451064K) : sinwg_nofill has 0 polygons
2026-04-16 14:38:37 +0200: Memory Usage (451064K) : mempad_drw has 0 polygons
2026-04-16 14:38:37 +0200: Memory Usage (451064K) : topvia1_drw has 0 polygons
2026-04-16 14:38:37 +0200: Memory Usage (451256K) : topmetal1_drw has 0 polygons
2026-04-16 14:38:37 +0200: Memory Usage (451256K) : topmetal1_pin has 0 polygons
2026-04-16 14:38:37 +0200: Memory Usage (451256K) : topmetal1_mask has 0 polygons
2026-04-16 14:38:37 +0200: Memory Usage (451448K) : topmetal1_filler has 0 polygons
2026-04-16 14:38:37 +0200: Memory Usage (451448K) : topmetal1_nofill has 0 polygons
2026-04-16 14:38:37 +0200: Memory Usage (451448K) : topmetal1_slit has 0 polygons
2026-04-16 14:38:37 +0200: Memory Usage (451448K) : topmetal1_text has 0 polygons
2026-04-16 14:38:37 +0200: Memory Usage (451448K) : topmetal1_noqrc has 0 polygons
2026-04-16 14:38:37 +0200: Memory Usage (451640K) : topmetal1_res has 0 polygons
2026-04-16 14:38:37 +0200: Memory Usage (451640K) : topmetal1_iprobe has 0 polygons
2026-04-16 14:38:37 +0200: Memory Usage (451640K) : topmetal1_diffprb has 0 polygons
2026-04-16 14:38:37 +0200: Memory Usage (451640K) : inldpwl_drw has 0 polygons
2026-04-16 14:38:37 +0200: Memory Usage (451640K) : polyres_drw has 0 polygons
2026-04-16 14:38:37 +0200: Memory Usage (451832K) : polyres_pin has 0 polygons
2026-04-16 14:38:37 +0200: Memory Usage (451832K) : vmim_drw has 0 polygons
2026-04-16 14:38:37 +0200: Memory Usage (451832K) : nbulaycut_drw has 0 polygons
2026-04-16 14:38:37 +0200: Memory Usage (451832K) : antmetal1_drw has 0 polygons
2026-04-16 14:38:37 +0200: Memory Usage (452024K) : topvia2_drw has 0 polygons
2026-04-16 14:38:37 +0200: Memory Usage (452024K) : topmetal2_drw has 0 polygons
2026-04-16 14:38:37 +0200: Memory Usage (452024K) : topmetal2_pin has 0 polygons
2026-04-16 14:38:37 +0200: Memory Usage (452024K) : topmetal2_mask has 0 polygons
2026-04-16 14:38:37 +0200: Memory Usage (452216K) : topmetal2_filler has 0 polygons
2026-04-16 14:38:37 +0200: Memory Usage (452216K) : topmetal2_nofill has 0 polygons
2026-04-16 14:38:37 +0200: Memory Usage (452216K) : topmetal2_slit has 0 polygons
2026-04-16 14:38:37 +0200: Memory Usage (452408K) : topmetal2_text has 0 polygons
2026-04-16 14:38:37 +0200: Memory Usage (452408K) : topmetal2_noqrc has 0 polygons
2026-04-16 14:38:37 +0200: Memory Usage (452408K) : topmetal2_res has 0 polygons
2026-04-16 14:38:37 +0200: Memory Usage (452408K) : topmetal2_iprobe has 0 polygons
2026-04-16 14:38:37 +0200: Memory Usage (452600K) : topmetal2_diffprb has 0 polygons
2026-04-16 14:38:37 +0200: Memory Usage (452600K) : snsring_drw has 0 polygons
2026-04-16 14:38:37 +0200: Memory Usage (452600K) : sensor_drw has 0 polygons
2026-04-16 14:38:37 +0200: Memory Usage (452792K) : snsarms_drw has 0 polygons
2026-04-16 14:38:37 +0200: Memory Usage (452792K) : snscmosvia_drw has 0 polygons
2026-04-16 14:38:37 +0200: Memory Usage (452792K) : colwind_drw has 0 polygons
2026-04-16 14:38:37 +0200: Memory Usage (452792K) : flm_drw has 0 polygons
2026-04-16 14:38:37 +0200: Memory Usage (452984K) : hafniumox_drw has 0 polygons
2026-04-16 14:38:37 +0200: Memory Usage (452984K) : memvia_drw has 0 polygons
2026-04-16 14:38:37 +0200: Memory Usage (452984K) : thinfilmres_drw has 0 polygons
2026-04-16 14:38:37 +0200: Memory Usage (452984K) : rfmem_drw has 0 polygons
2026-04-16 14:38:37 +0200: Memory Usage (453176K) : norcx_drw has 0 polygons
2026-04-16 14:38:37 +0200: Memory Usage (453176K) : norcx_m2m3 has 0 polygons
2026-04-16 14:38:37 +0200: Memory Usage (453176K) : norcx_m2m4 has 0 polygons
2026-04-16 14:38:37 +0200: Memory Usage (453368K) : norcx_m2m5 has 0 polygons
2026-04-16 14:38:37 +0200: Memory Usage (453368K) : norcx_m2tm1 has 0 polygons
2026-04-16 14:38:37 +0200: Memory Usage (453368K) : norcx_m2tm2 has 0 polygons
2026-04-16 14:38:37 +0200: Memory Usage (453560K) : norcx_m3m4 has 0 polygons
2026-04-16 14:38:37 +0200: Memory Usage (453560K) : norcx_m3m5 has 0 polygons
2026-04-16 14:38:37 +0200: Memory Usage (453560K) : norcx_m3tm1 has 0 polygons
2026-04-16 14:38:37 +0200: Memory Usage (453560K) : norcx_m3tm2 has 0 polygons
2026-04-16 14:38:37 +0200: Memory Usage (453752K) : norcx_m4m5 has 0 polygons
2026-04-16 14:38:37 +0200: Memory Usage (453752K) : norcx_m4tm1 has 0 polygons
2026-04-16 14:38:37 +0200: Memory Usage (453752K) : norcx_m4tm2 has 0 polygons
2026-04-16 14:38:37 +0200: Memory Usage (453944K) : norcx_m5tm1 has 0 polygons
2026-04-16 14:38:37 +0200: Memory Usage (453944K) : norcx_m5tm2 has 0 polygons
2026-04-16 14:38:37 +0200: Memory Usage (453944K) : norcx_tm1tm2 has 0 polygons
2026-04-16 14:38:37 +0200: Memory Usage (453944K) : norcx_m1sub has 0 polygons
2026-04-16 14:38:37 +0200: Memory Usage (453944K) : norcx_m2sub has 0 polygons
2026-04-16 14:38:37 +0200: Memory Usage (453944K) : norcx_m3sub has 0 polygons
2026-04-16 14:38:37 +0200: Memory Usage (453944K) : norcx_m4sub has 0 polygons
2026-04-16 14:38:37 +0200: Memory Usage (453944K) : norcx_m5sub has 0 polygons
2026-04-16 14:38:37 +0200: Memory Usage (454136K) : norcx_tm1sub has 0 polygons
2026-04-16 14:38:37 +0200: Memory Usage (454136K) : norcx_tm2sub has 0 polygons
2026-04-16 14:38:37 +0200: Memory Usage (454136K) : snsbotvia_drw has 0 polygons
2026-04-16 14:38:37 +0200: Memory Usage (454136K) : snstopvia_drw has 0 polygons
2026-04-16 14:38:37 +0200: Memory Usage (454136K) : deepvia_drw has 0 polygons
2026-04-16 14:38:37 +0200: Memory Usage (454328K) : fgetch_drw has 0 polygons
2026-04-16 14:38:37 +0200: Memory Usage (454328K) : ctrgat_drw has 0 polygons
2026-04-16 14:38:37 +0200: Memory Usage (454328K) : fgimp_drw has 0 polygons
2026-04-16 14:38:37 +0200: Memory Usage (454328K) : emwihv_drw has 0 polygons
2026-04-16 14:38:37 +0200: Memory Usage (454328K) : lbe_drw has 0 polygons
2026-04-16 14:38:37 +0200: Memory Usage (454520K) : alcustop_drw has 0 polygons
2026-04-16 14:38:37 +0200: Memory Usage (454520K) : nometfiller_drw has 0 polygons
2026-04-16 14:38:37 +0200: Memory Usage (454520K) : prboundary_drw has 0 polygons
2026-04-16 14:38:37 +0200: Memory Usage (454520K) : exchange0_drw has 0 polygons
2026-04-16 14:38:37 +0200: Memory Usage (454520K) : exchange0_pin has 0 polygons
2026-04-16 14:38:37 +0200: Memory Usage (454712K) : exchange0_text has 0 polygons
2026-04-16 14:38:37 +0200: Memory Usage (454712K) : exchange1_drw has 0 polygons
2026-04-16 14:38:37 +0200: Memory Usage (454712K) : exchange1_pin has 0 polygons
2026-04-16 14:38:37 +0200: Memory Usage (454712K) : exchange1_text has 0 polygons
2026-04-16 14:38:37 +0200: Memory Usage (454712K) : exchange2_drw has 0 polygons
2026-04-16 14:38:37 +0200: Memory Usage (454904K) : exchange2_pin has 0 polygons
2026-04-16 14:38:37 +0200: Memory Usage (454904K) : exchange2_text has 0 polygons
2026-04-16 14:38:37 +0200: Memory Usage (454904K) : exchange3_drw has 0 polygons
2026-04-16 14:38:37 +0200: Memory Usage (454904K) : exchange3_pin has 0 polygons
2026-04-16 14:38:37 +0200: Memory Usage (454904K) : exchange3_text has 0 polygons
2026-04-16 14:38:37 +0200: Memory Usage (455096K) : exchange4_drw has 0 polygons
2026-04-16 14:38:37 +0200: Memory Usage (455096K) : exchange4_pin has 0 polygons
2026-04-16 14:38:37 +0200: Memory Usage (455096K) : exchange4_text has 0 polygons
2026-04-16 14:38:37 +0200: Memory Usage (455096K) : isonwell_drw has 0 polygons
2026-04-16 14:38:37 +0200: Memory Usage (455096K) : Total no. of polygons in the design is 64
2026-04-16 14:38:37 +0200: Memory Usage (455096K) : Loaded TECH DRC rules values from /foss/pdks/ihp-sg13g2/libs.tech/klayout/python/sg13g2_pycell_lib/sg13g2_tech_mod.json
2026-04-16 14:38:37 +0200: Memory Usage (455096K) : Loaded default DRC rules values from /foss/pdks/ihp-sg13g2/libs.tech/klayout/tech/drc/rule_decks/sg13g2_tech_default.json
2026-04-16 14:38:37 +0200: Memory Usage (455096K) : The following rules values were missing in tech json and default values were used:
2026-04-16 14:38:37 +0200: Memory Usage (455096K) :   - Cnt_c_digibnd
2026-04-16 14:38:37 +0200: Memory Usage (456440K) : Total area of the design is 6.0196000000000005 um^2.
2026-04-16 14:38:37 +0200: Memory Usage (456440K) : The design dimensions are 1.49 µm * 4.04 µm.
2026-04-16 14:38:37 +0200: Memory Usage (456440K) : Starting general IHP-SG13G2 derivations.
2026-04-16 14:38:37 +0200: Memory Usage (456440K) : Starting Pwell derivations
2026-04-16 14:38:37 +0200: Memory Usage (458884K) : Starting IHP-SG13G2 DRC rules.
2026-04-16 14:38:37 +0200: Memory Usage (458884K) : Starting 5.6 Activ:filler table
2026-04-16 14:38:37 +0200: Memory Usage (458884K) : Executing rule AFil.c1
2026-04-16 14:38:37 +0200: Memory Usage (459488K) : Executing rule AFil.c
2026-04-16 14:38:37 +0200: Memory Usage (459488K) : Executing rule AFil.d
2026-04-16 14:38:37 +0200: Memory Usage (459872K) : Executing rule AFil.e
2026-04-16 14:38:37 +0200: Memory Usage (459872K) : Executing rule AFil.j
2026-04-16 14:38:37 +0200: Memory Usage (460256K) : KLayout DRC run for tables 'activfiller' completed in 0.16 seconds
