# Logfile created on 2026-04-16 14:38:39 +0200 by logger.rb/v1.5.3
2026-04-16 14:38:39 +0200: Memory Usage (439624K) : Starting running IHP-SG13G2 KLayout DRC runset on /var/home/bleroux/Documents/stage_IEMN/analog-asic-design/designs/inverter/layout/inverter.klay.gds
2026-04-16 14:38:39 +0200: Memory Usage (439624K) : Ruby Version for klayout: 3.2.3
2026-04-16 14:38:39 +0200: Memory Usage (441160K) : Loading database to memory is complete.
2026-04-16 14:38:39 +0200: Memory Usage (441160K) : IHP-SG13G2 KLayout DRC runset output at: /var/home/bleroux/Documents/stage_IEMN/analog-asic-design/drc_run_TOP/inverter.klay_TOP_metalnfiller.lyrdb
2026-04-16 14:38:39 +0200: Memory Usage (441160K) : Evaluate switches.
2026-04-16 14:38:39 +0200: Memory Usage (441160K) : tables selected: metalnfiller
2026-04-16 14:38:39 +0200: Memory Usage (441160K) : KLayout will use 1 thread(s) in tiling mode.
2026-04-16 14:38:39 +0200: Memory Usage (441160K) : deep mode is enabled.
2026-04-16 14:38:39 +0200: Memory Usage (441160K) : FEOL enabled: false
2026-04-16 14:38:39 +0200: Memory Usage (441160K) : BEOL enabled: false
2026-04-16 14:38:39 +0200: Memory Usage (441160K) : OFFGRID enabled: true
2026-04-16 14:38:39 +0200: Memory Usage (441160K) : PIN enabled: false
2026-04-16 14:38:39 +0200: Memory Usage (441160K) : FORBIDDEN enabled: false
2026-04-16 14:38:39 +0200: Memory Usage (441160K) : RECOMMENDED enabled: true
2026-04-16 14:38:39 +0200: Memory Usage (441160K) : PreCheck DRC enabled: false
2026-04-16 14:38:39 +0200: Memory Usage (441160K) : CONNECTIVITY_RULES enabled: false.
2026-04-16 14:38:39 +0200: Memory Usage (441160K) : Read in polygons from layers.
2026-04-16 14:38:39 +0200: Memory Usage (442120K) : activ_drw has 8 polygons
2026-04-16 14:38:39 +0200: Memory Usage (442120K) : activ_pin has 0 polygons
2026-04-16 14:38:39 +0200: Memory Usage (442120K) : activ_mask has 0 polygons
2026-04-16 14:38:39 +0200: Memory Usage (442120K) : activ_filler has 0 polygons
2026-04-16 14:38:39 +0200: Memory Usage (442120K) : activ_nofill has 0 polygons
2026-04-16 14:38:39 +0200: Memory Usage (442120K) : activ_opc has 0 polygons
2026-04-16 14:38:39 +0200: Memory Usage (442120K) : activ_iopc has 0 polygons
2026-04-16 14:38:39 +0200: Memory Usage (442120K) : activ_noqrc has 0 polygons
2026-04-16 14:38:39 +0200: Memory Usage (442120K) : biwind_drw has 0 polygons
2026-04-16 14:38:39 +0200: Memory Usage (442120K) : biwind_opc has 0 polygons
2026-04-16 14:38:39 +0200: Memory Usage (442120K) : pemwind_drw has 0 polygons
2026-04-16 14:38:39 +0200: Memory Usage (442120K) : gatpoly_drw has 5 polygons
2026-04-16 14:38:39 +0200: Memory Usage (442120K) : gatpoly_pin has 1 polygons
2026-04-16 14:38:39 +0200: Memory Usage (442120K) : gatpoly_filler has 0 polygons
2026-04-16 14:38:39 +0200: Memory Usage (442120K) : gatpoly_nofill has 0 polygons
2026-04-16 14:38:39 +0200: Memory Usage (442120K) : gatpoly_opc has 0 polygons
2026-04-16 14:38:39 +0200: Memory Usage (442120K) : gatpoly_iopc has 0 polygons
2026-04-16 14:38:39 +0200: Memory Usage (442120K) : gatpoly_noqrc has 0 polygons
2026-04-16 14:38:39 +0200: Memory Usage (442120K) : cont_drw has 13 polygons
2026-04-16 14:38:39 +0200: Memory Usage (442120K) : cont_opc has 0 polygons
2026-04-16 14:38:39 +0200: Memory Usage (442120K) : nsd_drw has 0 polygons
2026-04-16 14:38:39 +0200: Memory Usage (442120K) : nsd_block has 0 polygons
2026-04-16 14:38:39 +0200: Memory Usage (442356K) : metal1_drw has 13 polygons
2026-04-16 14:38:39 +0200: Memory Usage (442356K) : metal1_pin has 7 polygons
2026-04-16 14:38:39 +0200: Memory Usage (442356K) : metal1_mask has 0 polygons
2026-04-16 14:38:39 +0200: Memory Usage (442356K) : metal1_filler has 0 polygons
2026-04-16 14:38:39 +0200: Memory Usage (442356K) : metal1_nofill has 0 polygons
2026-04-16 14:38:39 +0200: Memory Usage (442548K) : metal1_slit has 0 polygons
2026-04-16 14:38:39 +0200: Memory Usage (442932K) : metal1_text has 2 polygons
2026-04-16 14:38:39 +0200: Memory Usage (442932K) : metal1_opc has 0 polygons
2026-04-16 14:38:39 +0200: Memory Usage (442932K) : metal1_noqrc has 0 polygons
2026-04-16 14:38:39 +0200: Memory Usage (442932K) : metal1_res has 0 polygons
2026-04-16 14:38:39 +0200: Memory Usage (442932K) : metal1_iprobe has 0 polygons
2026-04-16 14:38:39 +0200: Memory Usage (442932K) : metal1_diffprb has 0 polygons
2026-04-16 14:38:39 +0200: Memory Usage (442932K) : passiv_drw has 0 polygons
2026-04-16 14:38:39 +0200: Memory Usage (443124K) : passiv_pin has 0 polygons
2026-04-16 14:38:39 +0200: Memory Usage (443124K) : passiv_sbump has 0 polygons
2026-04-16 14:38:39 +0200: Memory Usage (443124K) : passiv_pillar has 0 polygons
2026-04-16 14:38:39 +0200: Memory Usage (443316K) : passiv_pdl has 0 polygons
2026-04-16 14:38:39 +0200: Memory Usage (443316K) : metal2_drw has 0 polygons
2026-04-16 14:38:39 +0200: Memory Usage (443316K) : metal2_pin has 0 polygons
2026-04-16 14:38:39 +0200: Memory Usage (443316K) : metal2_mask has 0 polygons
2026-04-16 14:38:39 +0200: Memory Usage (443508K) : metal2_filler has 0 polygons
2026-04-16 14:38:39 +0200: Memory Usage (443508K) : metal2_nofill has 0 polygons
2026-04-16 14:38:39 +0200: Memory Usage (443508K) : metal2_slit has 0 polygons
2026-04-16 14:38:39 +0200: Memory Usage (443700K) : metal2_text has 0 polygons
2026-04-16 14:38:39 +0200: Memory Usage (443700K) : metal2_opc has 0 polygons
2026-04-16 14:38:39 +0200: Memory Usage (443700K) : metal2_noqrc has 0 polygons
2026-04-16 14:38:39 +0200: Memory Usage (443892K) : metal2_res has 0 polygons
2026-04-16 14:38:39 +0200: Memory Usage (443892K) : metal2_iprobe has 0 polygons
2026-04-16 14:38:39 +0200: Memory Usage (443892K) : metal2_diffprb has 0 polygons
2026-04-16 14:38:39 +0200: Memory Usage (444084K) : baspoly_drw has 0 polygons
2026-04-16 14:38:39 +0200: Memory Usage (444084K) : baspoly_pin has 0 polygons
2026-04-16 14:38:39 +0200: Memory Usage (444084K) : psd_drw has 2 polygons
2026-04-16 14:38:39 +0200: Memory Usage (444084K) : nldb_drw has 0 polygons
2026-04-16 14:38:39 +0200: Memory Usage (444276K) : digibnd_drw has 0 polygons
2026-04-16 14:38:39 +0200: Memory Usage (444276K) : via1_drw has 0 polygons
2026-04-16 14:38:39 +0200: Memory Usage (444276K) : backmetal1_drw has 0 polygons
2026-04-16 14:38:39 +0200: Memory Usage (444468K) : backmetal1_pin has 0 polygons
2026-04-16 14:38:39 +0200: Memory Usage (444468K) : backmetal1_mask has 0 polygons
2026-04-16 14:38:39 +0200: Memory Usage (444468K) : backmetal1_filler has 0 polygons
2026-04-16 14:38:39 +0200: Memory Usage (444468K) : backmetal1_nofill has 0 polygons
2026-04-16 14:38:39 +0200: Memory Usage (444660K) : backmetal1_slit has 0 polygons
2026-04-16 14:38:39 +0200: Memory Usage (444660K) : backmetal1_text has 0 polygons
2026-04-16 14:38:39 +0200: Memory Usage (444660K) : backmetal1_opc has 0 polygons
2026-04-16 14:38:39 +0200: Memory Usage (444852K) : backmetal1_noqrc has 0 polygons
2026-04-16 14:38:39 +0200: Memory Usage (444852K) : backmetal1_res has 0 polygons
2026-04-16 14:38:39 +0200: Memory Usage (444852K) : backmetal1_iprobe has 0 polygons
2026-04-16 14:38:39 +0200: Memory Usage (444852K) : backmetal1_diffprb has 0 polygons
2026-04-16 14:38:39 +0200: Memory Usage (445044K) : backpassiv_drw has 0 polygons
2026-04-16 14:38:39 +0200: Memory Usage (445044K) : res_drw has 0 polygons
2026-04-16 14:38:39 +0200: Memory Usage (445044K) : sram_drw has 0 polygons
2026-04-16 14:38:39 +0200: Memory Usage (445236K) : trans_drw has 0 polygons
2026-04-16 14:38:39 +0200: Memory Usage (445236K) : ind_drw has 0 polygons
2026-04-16 14:38:39 +0200: Memory Usage (445428K) : ind_pin has 0 polygons
2026-04-16 14:38:39 +0200: Memory Usage (445428K) : ind_text has 0 polygons
2026-04-16 14:38:39 +0200: Memory Usage (445428K) : salblock_drw has 0 polygons
2026-04-16 14:38:39 +0200: Memory Usage (445620K) : via2_drw has 0 polygons
2026-04-16 14:38:39 +0200: Memory Usage (445620K) : metal3_drw has 0 polygons
2026-04-16 14:38:39 +0200: Memory Usage (445620K) : metal3_pin has 0 polygons
2026-04-16 14:38:39 +0200: Memory Usage (445812K) : metal3_mask has 0 polygons
2026-04-16 14:38:39 +0200: Memory Usage (445812K) : metal3_filler has 0 polygons
2026-04-16 14:38:39 +0200: Memory Usage (445812K) : metal3_nofill has 0 polygons
2026-04-16 14:38:39 +0200: Memory Usage (445812K) : metal3_slit has 0 polygons
2026-04-16 14:38:39 +0200: Memory Usage (446004K) : metal3_text has 0 polygons
2026-04-16 14:38:39 +0200: Memory Usage (446004K) : metal3_opc has 0 polygons
2026-04-16 14:38:39 +0200: Memory Usage (446004K) : metal3_noqrc has 0 polygons
2026-04-16 14:38:39 +0200: Memory Usage (446196K) : metal3_res has 0 polygons
2026-04-16 14:38:39 +0200: Memory Usage (446196K) : metal3_iprobe has 0 polygons
2026-04-16 14:38:39 +0200: Memory Usage (446196K) : metal3_diffprb has 0 polygons
2026-04-16 14:38:39 +0200: Memory Usage (446388K) : nwell_drw has 3 polygons
2026-04-16 14:38:39 +0200: Memory Usage (446388K) : nwell_pin has 1 polygons
2026-04-16 14:38:39 +0200: Memory Usage (446388K) : nbulay_drw has 1 polygons
2026-04-16 14:38:39 +0200: Memory Usage (446580K) : nbulay_pin has 0 polygons
2026-04-16 14:38:39 +0200: Memory Usage (446580K) : nbulay_block has 0 polygons
2026-04-16 14:38:39 +0200: Memory Usage (446772K) : emwind_drw has 0 polygons
2026-04-16 14:38:39 +0200: Memory Usage (446772K) : emwind_opc has 0 polygons
2026-04-16 14:38:39 +0200: Memory Usage (446772K) : deepco_drw has 0 polygons
2026-04-16 14:38:39 +0200: Memory Usage (446772K) : deepco_drw has 0 polygons
2026-04-16 14:38:39 +0200: Memory Usage (446964K) : mim_drw has 0 polygons
2026-04-16 14:38:39 +0200: Memory Usage (446964K) : edgeseal_drw has 0 polygons
2026-04-16 14:38:39 +0200: Memory Usage (447156K) : edgeseal_bound has 0 polygons
2026-04-16 14:38:39 +0200: Memory Usage (447156K) : substrate_drw has 2 polygons
2026-04-16 14:38:39 +0200: Memory Usage (447156K) : substrate_text has 0 polygons
2026-04-16 14:38:39 +0200: Memory Usage (447156K) : dfpad_drw has 0 polygons
2026-04-16 14:38:39 +0200: Memory Usage (447348K) : dfpad_pillar has 0 polygons
2026-04-16 14:38:39 +0200: Memory Usage (447348K) : dfpad_sbump has 0 polygons
2026-04-16 14:38:39 +0200: Memory Usage (447348K) : thickgateox_drw has 0 polygons
2026-04-16 14:38:39 +0200: Memory Usage (447540K) : pldb_drw has 0 polygons
2026-04-16 14:38:39 +0200: Memory Usage (447540K) : pwell_drw has 0 polygons
2026-04-16 14:38:39 +0200: Memory Usage (447540K) : pwell_pin has 0 polygons
2026-04-16 14:38:39 +0200: Memory Usage (447540K) : pwell_block has 0 polygons
2026-04-16 14:38:39 +0200: Memory Usage (447732K) : ic_drw has 0 polygons
2026-04-16 14:38:39 +0200: Memory Usage (447732K) : via3_drw has 0 polygons
2026-04-16 14:38:39 +0200: Memory Usage (447924K) : metal4_drw has 0 polygons
2026-04-16 14:38:39 +0200: Memory Usage (447924K) : metal4_pin has 0 polygons
2026-04-16 14:38:39 +0200: Memory Usage (447924K) : metal4_mask has 0 polygons
2026-04-16 14:38:39 +0200: Memory Usage (447924K) : metal4_filler has 0 polygons
2026-04-16 14:38:39 +0200: Memory Usage (448116K) : metal4_nofill has 0 polygons
2026-04-16 14:38:39 +0200: Memory Usage (448116K) : metal4_slit has 0 polygons
2026-04-16 14:38:39 +0200: Memory Usage (448116K) : metal4_text has 0 polygons
2026-04-16 14:38:39 +0200: Memory Usage (448308K) : metal4_opc has 0 polygons
2026-04-16 14:38:39 +0200: Memory Usage (448308K) : metal4_noqrc has 0 polygons
2026-04-16 14:38:39 +0200: Memory Usage (448308K) : metal4_res has 0 polygons
2026-04-16 14:38:39 +0200: Memory Usage (448308K) : metal4_iprobe has 0 polygons
2026-04-16 14:38:39 +0200: Memory Usage (448500K) : metal4_diffprb has 0 polygons
2026-04-16 14:38:39 +0200: Memory Usage (448500K) : heattrans_drw has 2 polygons
2026-04-16 14:38:39 +0200: Memory Usage (448692K) : heatres_drw has 0 polygons
2026-04-16 14:38:39 +0200: Memory Usage (448692K) : pempoly_drw has 0 polygons
2026-04-16 14:38:39 +0200: Memory Usage (448692K) : fbe_drw has 0 polygons
2026-04-16 14:38:39 +0200: Memory Usage (448884K) : empoly_drw has 0 polygons
2026-04-16 14:38:39 +0200: Memory Usage (448884K) : ldmos_drw has 0 polygons
2026-04-16 14:38:39 +0200: Memory Usage (448884K) : pbiwind_drw has 0 polygons
2026-04-16 14:38:39 +0200: Memory Usage (449076K) : digisub_drw has 0 polygons
2026-04-16 14:38:39 +0200: Memory Usage (449076K) : nodrc_drw has 0 polygons
2026-04-16 14:38:39 +0200: Memory Usage (449076K) : text_drw has 4 polygons
2026-04-16 14:38:39 +0200: Memory Usage (449268K) : via4_drw has 0 polygons
2026-04-16 14:38:39 +0200: Memory Usage (449268K) : metal5_drw has 0 polygons
2026-04-16 14:38:39 +0200: Memory Usage (449268K) : metal5_pin has 0 polygons
2026-04-16 14:38:39 +0200: Memory Usage (449268K) : metal5_mask has 0 polygons
2026-04-16 14:38:39 +0200: Memory Usage (449460K) : metal5_filler has 0 polygons
2026-04-16 14:38:39 +0200: Memory Usage (449460K) : metal5_nofill has 0 polygons
2026-04-16 14:38:39 +0200: Memory Usage (449460K) : metal5_slit has 0 polygons
2026-04-16 14:38:39 +0200: Memory Usage (449652K) : metal5_text has 0 polygons
2026-04-16 14:38:39 +0200: Memory Usage (449652K) : metal5_opc has 0 polygons
2026-04-16 14:38:39 +0200: Memory Usage (449652K) : metal5_noqrc has 0 polygons
2026-04-16 14:38:39 +0200: Memory Usage (449652K) : metal5_res has 0 polygons
2026-04-16 14:38:39 +0200: Memory Usage (449652K) : metal5_iprobe has 0 polygons
2026-04-16 14:38:39 +0200: Memory Usage (449844K) : metal5_diffprb has 0 polygons
2026-04-16 14:38:39 +0200: Memory Usage (449844K) : radhard_drw has 0 polygons
2026-04-16 14:38:39 +0200: Memory Usage (450036K) : memcap_drw has 0 polygons
2026-04-16 14:38:39 +0200: Memory Usage (450036K) : varicap_drw has 0 polygons
2026-04-16 14:38:39 +0200: Memory Usage (450036K) : flash_drw has 0 polygons
2026-04-16 14:38:39 +0200: Memory Usage (450228K) : intbondvia_drw has 0 polygons
2026-04-16 14:38:39 +0200: Memory Usage (450228K) : intbondmet_drw has 0 polygons
2026-04-16 14:38:39 +0200: Memory Usage (450228K) : devbondvia_drw has 0 polygons
2026-04-16 14:38:39 +0200: Memory Usage (450420K) : devbondmet_drw has 0 polygons
2026-04-16 14:38:39 +0200: Memory Usage (450420K) : devtrench_drw has 0 polygons
2026-04-16 14:38:39 +0200: Memory Usage (450420K) : redist_drw has 0 polygons
2026-04-16 14:38:39 +0200: Memory Usage (450420K) : graphbot_drw has 0 polygons
2026-04-16 14:38:39 +0200: Memory Usage (450612K) : graphtop_drw has 0 polygons
2026-04-16 14:38:39 +0200: Memory Usage (450612K) : antvia1_drw has 0 polygons
2026-04-16 14:38:39 +0200: Memory Usage (450612K) : antmetal2_drw has 0 polygons
2026-04-16 14:38:39 +0200: Memory Usage (450804K) : graphcont_drw has 0 polygons
2026-04-16 14:38:39 +0200: Memory Usage (450804K) : siwg_drw has 0 polygons
2026-04-16 14:38:39 +0200: Memory Usage (450804K) : siwg_filler has 0 polygons
2026-04-16 14:38:39 +0200: Memory Usage (450804K) : siwg_nofill has 0 polygons
2026-04-16 14:38:39 +0200: Memory Usage (450996K) : sigrating_drw has 0 polygons
2026-04-16 14:38:39 +0200: Memory Usage (450996K) : singrating_drw has 0 polygons
2026-04-16 14:38:39 +0200: Memory Usage (451188K) : graphpas_drw has 0 polygons
2026-04-16 14:38:39 +0200: Memory Usage (451188K) : emwind3_drw has 0 polygons
2026-04-16 14:38:39 +0200: Memory Usage (451188K) : emwihv3_drw has 0 polygons
2026-04-16 14:38:39 +0200: Memory Usage (451380K) : redbulay_drw has 0 polygons
2026-04-16 14:38:39 +0200: Memory Usage (451380K) : smos_drw has 0 polygons
2026-04-16 14:38:39 +0200: Memory Usage (451380K) : graphpad_drw has 0 polygons
2026-04-16 14:38:39 +0200: Memory Usage (451380K) : polimide_drw has 0 polygons
2026-04-16 14:38:39 +0200: Memory Usage (451572K) : polimide_pin has 0 polygons
2026-04-16 14:38:39 +0200: Memory Usage (451572K) : recog_drw has 0 polygons
2026-04-16 14:38:39 +0200: Memory Usage (451764K) : recog_pin has 0 polygons
2026-04-16 14:38:39 +0200: Memory Usage (451764K) : recog_esd has 0 polygons
2026-04-16 14:38:39 +0200: Memory Usage (451764K) : recog_diode has 0 polygons
2026-04-16 14:38:39 +0200: Memory Usage (451764K) : recog_tsv has 0 polygons
2026-04-16 14:38:39 +0200: Memory Usage (451956K) : recog_iprobe has 0 polygons
2026-04-16 14:38:39 +0200: Memory Usage (451956K) : recog_diffprb has 0 polygons
2026-04-16 14:38:39 +0200: Memory Usage (451956K) : recog_pillar has 0 polygons
2026-04-16 14:38:39 +0200: Memory Usage (451956K) : recog_sbump has 0 polygons
2026-04-16 14:38:39 +0200: Memory Usage (451956K) : recog_otp has 0 polygons
2026-04-16 14:38:39 +0200: Memory Usage (452148K) : recog_pdiode has 0 polygons
2026-04-16 14:38:39 +0200: Memory Usage (452148K) : recog_mom has 0 polygons
2026-04-16 14:38:39 +0200: Memory Usage (452148K) : recog_pcm has 0 polygons
2026-04-16 14:38:39 +0200: Memory Usage (452148K) : colopen_drw has 0 polygons
2026-04-16 14:38:39 +0200: Memory Usage (452148K) : graphmetal1_drw has 0 polygons
2026-04-16 14:38:39 +0200: Memory Usage (452340K) : graphmetal1_filler has 0 polygons
2026-04-16 14:38:39 +0200: Memory Usage (452340K) : graphmetal1_nofill has 0 polygons
2026-04-16 14:38:39 +0200: Memory Usage (452340K) : graphmetal1_slit has 0 polygons
2026-04-16 14:38:39 +0200: Memory Usage (452340K) : graphmetal1_opc has 0 polygons
2026-04-16 14:38:39 +0200: Memory Usage (452340K) : graphmet1l_drw has 0 polygons
2026-04-16 14:38:39 +0200: Memory Usage (452532K) : graphmet1l_filler has 0 polygons
2026-04-16 14:38:39 +0200: Memory Usage (452532K) : graphmet1l_nofill has 0 polygons
2026-04-16 14:38:39 +0200: Memory Usage (452532K) : graphmet1l_slit has 0 polygons
2026-04-16 14:38:39 +0200: Memory Usage (452532K) : graphmet1l_opc has 0 polygons
2026-04-16 14:38:39 +0200: Memory Usage (452532K) : extblock_drw has 0 polygons
2026-04-16 14:38:39 +0200: Memory Usage (452724K) : nldd_drw has 0 polygons
2026-04-16 14:38:39 +0200: Memory Usage (452724K) : pldd_drw has 0 polygons
2026-04-16 14:38:39 +0200: Memory Usage (452724K) : next_drw has 0 polygons
2026-04-16 14:38:39 +0200: Memory Usage (452916K) : pext_drw has 0 polygons
2026-04-16 14:38:39 +0200: Memory Usage (452916K) : nexthv_drw has 0 polygons
2026-04-16 14:38:39 +0200: Memory Usage (452916K) : pexthv_drw has 0 polygons
2026-04-16 14:38:39 +0200: Memory Usage (452916K) : graphgate_drw has 0 polygons
2026-04-16 14:38:39 +0200: Memory Usage (453108K) : sinwg_drw has 0 polygons
2026-04-16 14:38:39 +0200: Memory Usage (453108K) : sinwg_filler has 0 polygons
2026-04-16 14:38:39 +0200: Memory Usage (453108K) : sinwg_nofill has 0 polygons
2026-04-16 14:38:39 +0200: Memory Usage (453300K) : mempad_drw has 0 polygons
2026-04-16 14:38:39 +0200: Memory Usage (453300K) : topvia1_drw has 0 polygons
2026-04-16 14:38:39 +0200: Memory Usage (453300K) : topmetal1_drw has 0 polygons
2026-04-16 14:38:39 +0200: Memory Usage (453300K) : topmetal1_pin has 0 polygons
2026-04-16 14:38:39 +0200: Memory Usage (453492K) : topmetal1_mask has 0 polygons
2026-04-16 14:38:39 +0200: Memory Usage (453492K) : topmetal1_filler has 0 polygons
2026-04-16 14:38:39 +0200: Memory Usage (453492K) : topmetal1_nofill has 0 polygons
2026-04-16 14:38:39 +0200: Memory Usage (453492K) : topmetal1_slit has 0 polygons
2026-04-16 14:38:39 +0200: Memory Usage (453492K) : topmetal1_text has 0 polygons
2026-04-16 14:38:39 +0200: Memory Usage (453492K) : topmetal1_noqrc has 0 polygons
2026-04-16 14:38:39 +0200: Memory Usage (453684K) : topmetal1_res has 0 polygons
2026-04-16 14:38:39 +0200: Memory Usage (453684K) : topmetal1_iprobe has 0 polygons
2026-04-16 14:38:39 +0200: Memory Usage (453684K) : topmetal1_diffprb has 0 polygons
2026-04-16 14:38:39 +0200: Memory Usage (453684K) : inldpwl_drw has 0 polygons
2026-04-16 14:38:39 +0200: Memory Usage (453876K) : polyres_drw has 0 polygons
2026-04-16 14:38:39 +0200: Memory Usage (453876K) : polyres_pin has 0 polygons
2026-04-16 14:38:39 +0200: Memory Usage (453876K) : vmim_drw has 0 polygons
2026-04-16 14:38:39 +0200: Memory Usage (453876K) : nbulaycut_drw has 0 polygons
2026-04-16 14:38:39 +0200: Memory Usage (454068K) : antmetal1_drw has 0 polygons
2026-04-16 14:38:39 +0200: Memory Usage (454068K) : topvia2_drw has 0 polygons
2026-04-16 14:38:39 +0200: Memory Usage (454068K) : topmetal2_drw has 0 polygons
2026-04-16 14:38:39 +0200: Memory Usage (454260K) : topmetal2_pin has 0 polygons
2026-04-16 14:38:39 +0200: Memory Usage (454260K) : topmetal2_mask has 0 polygons
2026-04-16 14:38:39 +0200: Memory Usage (454260K) : topmetal2_filler has 0 polygons
2026-04-16 14:38:39 +0200: Memory Usage (454260K) : topmetal2_nofill has 0 polygons
2026-04-16 14:38:39 +0200: Memory Usage (454452K) : topmetal2_slit has 0 polygons
2026-04-16 14:38:39 +0200: Memory Usage (454452K) : topmetal2_text has 0 polygons
2026-04-16 14:38:39 +0200: Memory Usage (454452K) : topmetal2_noqrc has 0 polygons
2026-04-16 14:38:39 +0200: Memory Usage (454452K) : topmetal2_res has 0 polygons
2026-04-16 14:38:39 +0200: Memory Usage (454644K) : topmetal2_iprobe has 0 polygons
2026-04-16 14:38:39 +0200: Memory Usage (454644K) : topmetal2_diffprb has 0 polygons
2026-04-16 14:38:39 +0200: Memory Usage (454644K) : snsring_drw has 0 polygons
2026-04-16 14:38:39 +0200: Memory Usage (454836K) : sensor_drw has 0 polygons
2026-04-16 14:38:39 +0200: Memory Usage (454836K) : snsarms_drw has 0 polygons
2026-04-16 14:38:39 +0200: Memory Usage (454836K) : snscmosvia_drw has 0 polygons
2026-04-16 14:38:39 +0200: Memory Usage (454836K) : colwind_drw has 0 polygons
2026-04-16 14:38:39 +0200: Memory Usage (455028K) : flm_drw has 0 polygons
2026-04-16 14:38:39 +0200: Memory Usage (455028K) : hafniumox_drw has 0 polygons
2026-04-16 14:38:39 +0200: Memory Usage (455028K) : memvia_drw has 0 polygons
2026-04-16 14:38:39 +0200: Memory Usage (455220K) : thinfilmres_drw has 0 polygons
2026-04-16 14:38:39 +0200: Memory Usage (455220K) : rfmem_drw has 0 polygons
2026-04-16 14:38:39 +0200: Memory Usage (455220K) : norcx_drw has 0 polygons
2026-04-16 14:38:39 +0200: Memory Usage (455220K) : norcx_m2m3 has 0 polygons
2026-04-16 14:38:39 +0200: Memory Usage (455412K) : norcx_m2m4 has 0 polygons
2026-04-16 14:38:39 +0200: Memory Usage (455412K) : norcx_m2m5 has 0 polygons
2026-04-16 14:38:39 +0200: Memory Usage (455412K) : norcx_m2tm1 has 0 polygons
2026-04-16 14:38:39 +0200: Memory Usage (455604K) : norcx_m2tm2 has 0 polygons
2026-04-16 14:38:39 +0200: Memory Usage (455604K) : norcx_m3m4 has 0 polygons
2026-04-16 14:38:39 +0200: Memory Usage (455604K) : norcx_m3m5 has 0 polygons
2026-04-16 14:38:39 +0200: Memory Usage (455604K) : norcx_m3tm1 has 0 polygons
2026-04-16 14:38:39 +0200: Memory Usage (455604K) : norcx_m3tm2 has 0 polygons
2026-04-16 14:38:39 +0200: Memory Usage (455604K) : norcx_m4m5 has 0 polygons
2026-04-16 14:38:39 +0200: Memory Usage (455796K) : norcx_m4tm1 has 0 polygons
2026-04-16 14:38:39 +0200: Memory Usage (455796K) : norcx_m4tm2 has 0 polygons
2026-04-16 14:38:39 +0200: Memory Usage (455796K) : norcx_m5tm1 has 0 polygons
2026-04-16 14:38:39 +0200: Memory Usage (455796K) : norcx_m5tm2 has 0 polygons
2026-04-16 14:38:39 +0200: Memory Usage (455796K) : norcx_tm1tm2 has 0 polygons
2026-04-16 14:38:39 +0200: Memory Usage (455988K) : norcx_m1sub has 0 polygons
2026-04-16 14:38:39 +0200: Memory Usage (455988K) : norcx_m2sub has 0 polygons
2026-04-16 14:38:39 +0200: Memory Usage (455988K) : norcx_m3sub has 0 polygons
2026-04-16 14:38:39 +0200: Memory Usage (455988K) : norcx_m4sub has 0 polygons
2026-04-16 14:38:39 +0200: Memory Usage (455988K) : norcx_m5sub has 0 polygons
2026-04-16 14:38:39 +0200: Memory Usage (456180K) : norcx_tm1sub has 0 polygons
2026-04-16 14:38:39 +0200: Memory Usage (456180K) : norcx_tm2sub has 0 polygons
2026-04-16 14:38:39 +0200: Memory Usage (456180K) : snsbotvia_drw has 0 polygons
2026-04-16 14:38:39 +0200: Memory Usage (456180K) : snstopvia_drw has 0 polygons
2026-04-16 14:38:39 +0200: Memory Usage (456180K) : deepvia_drw has 0 polygons
2026-04-16 14:38:39 +0200: Memory Usage (456372K) : fgetch_drw has 0 polygons
2026-04-16 14:38:39 +0200: Memory Usage (456372K) : ctrgat_drw has 0 polygons
2026-04-16 14:38:39 +0200: Memory Usage (456372K) : fgimp_drw has 0 polygons
2026-04-16 14:38:39 +0200: Memory Usage (456372K) : emwihv_drw has 0 polygons
2026-04-16 14:38:39 +0200: Memory Usage (456372K) : lbe_drw has 0 polygons
2026-04-16 14:38:39 +0200: Memory Usage (456564K) : alcustop_drw has 0 polygons
2026-04-16 14:38:39 +0200: Memory Usage (456564K) : nometfiller_drw has 0 polygons
2026-04-16 14:38:39 +0200: Memory Usage (456564K) : prboundary_drw has 0 polygons
2026-04-16 14:38:39 +0200: Memory Usage (456564K) : exchange0_drw has 0 polygons
2026-04-16 14:38:39 +0200: Memory Usage (456564K) : exchange0_pin has 0 polygons
2026-04-16 14:38:39 +0200: Memory Usage (456756K) : exchange0_text has 0 polygons
2026-04-16 14:38:39 +0200: Memory Usage (456756K) : exchange1_drw has 0 polygons
2026-04-16 14:38:39 +0200: Memory Usage (456756K) : exchange1_pin has 0 polygons
2026-04-16 14:38:39 +0200: Memory Usage (456756K) : exchange1_text has 0 polygons
2026-04-16 14:38:39 +0200: Memory Usage (456756K) : exchange2_drw has 0 polygons
2026-04-16 14:38:39 +0200: Memory Usage (456948K) : exchange2_pin has 0 polygons
2026-04-16 14:38:39 +0200: Memory Usage (456948K) : exchange2_text has 0 polygons
2026-04-16 14:38:39 +0200: Memory Usage (456948K) : exchange3_drw has 0 polygons
2026-04-16 14:38:39 +0200: Memory Usage (456948K) : exchange3_pin has 0 polygons
2026-04-16 14:38:39 +0200: Memory Usage (457140K) : exchange3_text has 0 polygons
2026-04-16 14:38:39 +0200: Memory Usage (457140K) : exchange4_drw has 0 polygons
2026-04-16 14:38:39 +0200: Memory Usage (457140K) : exchange4_pin has 0 polygons
2026-04-16 14:38:39 +0200: Memory Usage (457140K) : exchange4_text has 0 polygons
2026-04-16 14:38:39 +0200: Memory Usage (457332K) : isonwell_drw has 0 polygons
2026-04-16 14:38:39 +0200: Memory Usage (457332K) : Total no. of polygons in the design is 64
2026-04-16 14:38:39 +0200: Memory Usage (457332K) : Loaded TECH DRC rules values from /foss/pdks/ihp-sg13g2/libs.tech/klayout/python/sg13g2_pycell_lib/sg13g2_tech_mod.json
2026-04-16 14:38:39 +0200: Memory Usage (457332K) : Loaded default DRC rules values from /foss/pdks/ihp-sg13g2/libs.tech/klayout/tech/drc/rule_decks/sg13g2_tech_default.json
2026-04-16 14:38:39 +0200: Memory Usage (457332K) : The following rules values were missing in tech json and default values were used:
2026-04-16 14:38:39 +0200: Memory Usage (457332K) :   - Cnt_c_digibnd
2026-04-16 14:38:39 +0200: Memory Usage (458292K) : Total area of the design is 6.0196000000000005 um^2.
2026-04-16 14:38:39 +0200: Memory Usage (458292K) : The design dimensions are 1.49 µm * 4.04 µm.
2026-04-16 14:38:39 +0200: Memory Usage (458292K) : Starting general IHP-SG13G2 derivations.
2026-04-16 14:38:39 +0200: Memory Usage (458292K) : Starting Pwell derivations
2026-04-16 14:38:39 +0200: Memory Usage (460432K) : Starting IHP-SG13G2 DRC rules.
2026-04-16 14:38:39 +0200: Memory Usage (460432K) : Starting 5.18 Metaln:filler table
2026-04-16 14:38:39 +0200: Memory Usage (460432K) : Executing rule M1Fil.c
2026-04-16 14:38:39 +0200: Memory Usage (460816K) : Executing rule M1Fil.a2
2026-04-16 14:38:39 +0200: Memory Usage (460816K) : Executing rule M2Fil.c
2026-04-16 14:38:39 +0200: Memory Usage (461008K) : Executing rule M2Fil.a2
2026-04-16 14:38:39 +0200: Memory Usage (461200K) : Executing rule M3Fil.c
2026-04-16 14:38:39 +0200: Memory Usage (461200K) : Executing rule M3Fil.a2
2026-04-16 14:38:39 +0200: Memory Usage (461392K) : Executing rule M4Fil.c
2026-04-16 14:38:39 +0200: Memory Usage (461392K) : Executing rule M4Fil.a2
2026-04-16 14:38:39 +0200: Memory Usage (461584K) : Executing rule M5Fil.c
2026-04-16 14:38:39 +0200: Memory Usage (461776K) : Executing rule M5Fil.a2
2026-04-16 14:38:39 +0200: Memory Usage (461776K) : KLayout DRC run for tables 'metalnfiller' completed in 0.33 seconds
