# Logfile created on 2026-04-16 14:38:37 +0200 by logger.rb/v1.5.3
2026-04-16 14:38:37 +0200: Memory Usage (438804K) : Starting running IHP-SG13G2 KLayout DRC runset on /var/home/bleroux/Documents/stage_IEMN/analog-asic-design/designs/inverter/layout/inverter.klay.gds
2026-04-16 14:38:37 +0200: Memory Usage (438804K) : Ruby Version for klayout: 3.2.3
2026-04-16 14:38:37 +0200: Memory Usage (440376K) : Loading database to memory is complete.
2026-04-16 14:38:37 +0200: Memory Usage (440376K) : IHP-SG13G2 KLayout DRC runset output at: /var/home/bleroux/Documents/stage_IEMN/analog-asic-design/drc_run_TOP/inverter.klay_TOP_npnsubstratetie.lyrdb
2026-04-16 14:38:37 +0200: Memory Usage (440376K) : Evaluate switches.
2026-04-16 14:38:37 +0200: Memory Usage (440376K) : tables selected: npnsubstratetie
2026-04-16 14:38:37 +0200: Memory Usage (440376K) : KLayout will use 1 thread(s) in tiling mode.
2026-04-16 14:38:37 +0200: Memory Usage (440376K) : deep mode is enabled.
2026-04-16 14:38:37 +0200: Memory Usage (440376K) : FEOL enabled: false
2026-04-16 14:38:37 +0200: Memory Usage (440376K) : BEOL enabled: false
2026-04-16 14:38:37 +0200: Memory Usage (440376K) : OFFGRID enabled: true
2026-04-16 14:38:37 +0200: Memory Usage (440376K) : PIN enabled: false
2026-04-16 14:38:37 +0200: Memory Usage (440376K) : FORBIDDEN enabled: false
2026-04-16 14:38:37 +0200: Memory Usage (440376K) : RECOMMENDED enabled: true
2026-04-16 14:38:37 +0200: Memory Usage (440376K) : PreCheck DRC enabled: false
2026-04-16 14:38:37 +0200: Memory Usage (440376K) : CONNECTIVITY_RULES enabled: false.
2026-04-16 14:38:37 +0200: Memory Usage (440376K) : Read in polygons from layers.
2026-04-16 14:38:37 +0200: Memory Usage (441356K) : activ_drw has 8 polygons
2026-04-16 14:38:37 +0200: Memory Usage (441356K) : activ_pin has 0 polygons
2026-04-16 14:38:37 +0200: Memory Usage (441356K) : activ_mask has 0 polygons
2026-04-16 14:38:37 +0200: Memory Usage (441356K) : activ_filler has 0 polygons
2026-04-16 14:38:37 +0200: Memory Usage (441356K) : activ_nofill has 0 polygons
2026-04-16 14:38:37 +0200: Memory Usage (441356K) : activ_opc has 0 polygons
2026-04-16 14:38:37 +0200: Memory Usage (441356K) : activ_iopc has 0 polygons
2026-04-16 14:38:37 +0200: Memory Usage (441356K) : activ_noqrc has 0 polygons
2026-04-16 14:38:37 +0200: Memory Usage (441356K) : biwind_drw has 0 polygons
2026-04-16 14:38:37 +0200: Memory Usage (441356K) : biwind_opc has 0 polygons
2026-04-16 14:38:37 +0200: Memory Usage (441356K) : pemwind_drw has 0 polygons
2026-04-16 14:38:37 +0200: Memory Usage (441356K) : gatpoly_drw has 5 polygons
2026-04-16 14:38:37 +0200: Memory Usage (441356K) : gatpoly_pin has 1 polygons
2026-04-16 14:38:37 +0200: Memory Usage (441356K) : gatpoly_filler has 0 polygons
2026-04-16 14:38:37 +0200: Memory Usage (441356K) : gatpoly_nofill has 0 polygons
2026-04-16 14:38:37 +0200: Memory Usage (441356K) : gatpoly_opc has 0 polygons
2026-04-16 14:38:37 +0200: Memory Usage (441356K) : gatpoly_iopc has 0 polygons
2026-04-16 14:38:37 +0200: Memory Usage (441356K) : gatpoly_noqrc has 0 polygons
2026-04-16 14:38:37 +0200: Memory Usage (441356K) : cont_drw has 13 polygons
2026-04-16 14:38:37 +0200: Memory Usage (441356K) : cont_opc has 0 polygons
2026-04-16 14:38:37 +0200: Memory Usage (441356K) : nsd_drw has 0 polygons
2026-04-16 14:38:37 +0200: Memory Usage (441356K) : nsd_block has 0 polygons
2026-04-16 14:38:37 +0200: Memory Usage (441596K) : metal1_drw has 13 polygons
2026-04-16 14:38:37 +0200: Memory Usage (441596K) : metal1_pin has 7 polygons
2026-04-16 14:38:37 +0200: Memory Usage (441596K) : metal1_mask has 0 polygons
2026-04-16 14:38:37 +0200: Memory Usage (441596K) : metal1_filler has 0 polygons
2026-04-16 14:38:37 +0200: Memory Usage (441596K) : metal1_nofill has 0 polygons
2026-04-16 14:38:37 +0200: Memory Usage (441788K) : metal1_slit has 0 polygons
2026-04-16 14:38:37 +0200: Memory Usage (442364K) : metal1_text has 2 polygons
2026-04-16 14:38:37 +0200: Memory Usage (442364K) : metal1_opc has 0 polygons
2026-04-16 14:38:37 +0200: Memory Usage (442364K) : metal1_noqrc has 0 polygons
2026-04-16 14:38:37 +0200: Memory Usage (442364K) : metal1_res has 0 polygons
2026-04-16 14:38:37 +0200: Memory Usage (442364K) : metal1_iprobe has 0 polygons
2026-04-16 14:38:37 +0200: Memory Usage (442364K) : metal1_diffprb has 0 polygons
2026-04-16 14:38:37 +0200: Memory Usage (442364K) : passiv_drw has 0 polygons
2026-04-16 14:38:37 +0200: Memory Usage (442556K) : passiv_pin has 0 polygons
2026-04-16 14:38:37 +0200: Memory Usage (442556K) : passiv_sbump has 0 polygons
2026-04-16 14:38:37 +0200: Memory Usage (442556K) : passiv_pillar has 0 polygons
2026-04-16 14:38:37 +0200: Memory Usage (442748K) : passiv_pdl has 0 polygons
2026-04-16 14:38:37 +0200: Memory Usage (442748K) : metal2_drw has 0 polygons
2026-04-16 14:38:37 +0200: Memory Usage (442748K) : metal2_pin has 0 polygons
2026-04-16 14:38:37 +0200: Memory Usage (442748K) : metal2_mask has 0 polygons
2026-04-16 14:38:37 +0200: Memory Usage (442940K) : metal2_filler has 0 polygons
2026-04-16 14:38:37 +0200: Memory Usage (442940K) : metal2_nofill has 0 polygons
2026-04-16 14:38:37 +0200: Memory Usage (442940K) : metal2_slit has 0 polygons
2026-04-16 14:38:37 +0200: Memory Usage (443132K) : metal2_text has 0 polygons
2026-04-16 14:38:37 +0200: Memory Usage (443132K) : metal2_opc has 0 polygons
2026-04-16 14:38:37 +0200: Memory Usage (443132K) : metal2_noqrc has 0 polygons
2026-04-16 14:38:37 +0200: Memory Usage (443324K) : metal2_res has 0 polygons
2026-04-16 14:38:37 +0200: Memory Usage (443324K) : metal2_iprobe has 0 polygons
2026-04-16 14:38:37 +0200: Memory Usage (443324K) : metal2_diffprb has 0 polygons
2026-04-16 14:38:37 +0200: Memory Usage (443516K) : baspoly_drw has 0 polygons
2026-04-16 14:38:37 +0200: Memory Usage (443516K) : baspoly_pin has 0 polygons
2026-04-16 14:38:37 +0200: Memory Usage (443516K) : psd_drw has 2 polygons
2026-04-16 14:38:37 +0200: Memory Usage (443516K) : nldb_drw has 0 polygons
2026-04-16 14:38:37 +0200: Memory Usage (443708K) : digibnd_drw has 0 polygons
2026-04-16 14:38:37 +0200: Memory Usage (443708K) : via1_drw has 0 polygons
2026-04-16 14:38:37 +0200: Memory Usage (443708K) : backmetal1_drw has 0 polygons
2026-04-16 14:38:37 +0200: Memory Usage (443900K) : backmetal1_pin has 0 polygons
2026-04-16 14:38:37 +0200: Memory Usage (443900K) : backmetal1_mask has 0 polygons
2026-04-16 14:38:37 +0200: Memory Usage (443900K) : backmetal1_filler has 0 polygons
2026-04-16 14:38:37 +0200: Memory Usage (443900K) : backmetal1_nofill has 0 polygons
2026-04-16 14:38:37 +0200: Memory Usage (444092K) : backmetal1_slit has 0 polygons
2026-04-16 14:38:37 +0200: Memory Usage (444092K) : backmetal1_text has 0 polygons
2026-04-16 14:38:37 +0200: Memory Usage (444092K) : backmetal1_opc has 0 polygons
2026-04-16 14:38:37 +0200: Memory Usage (444284K) : backmetal1_noqrc has 0 polygons
2026-04-16 14:38:37 +0200: Memory Usage (444284K) : backmetal1_res has 0 polygons
2026-04-16 14:38:37 +0200: Memory Usage (444284K) : backmetal1_iprobe has 0 polygons
2026-04-16 14:38:37 +0200: Memory Usage (444284K) : backmetal1_diffprb has 0 polygons
2026-04-16 14:38:37 +0200: Memory Usage (444476K) : backpassiv_drw has 0 polygons
2026-04-16 14:38:37 +0200: Memory Usage (444476K) : res_drw has 0 polygons
2026-04-16 14:38:37 +0200: Memory Usage (444476K) : sram_drw has 0 polygons
2026-04-16 14:38:37 +0200: Memory Usage (444668K) : trans_drw has 0 polygons
2026-04-16 14:38:37 +0200: Memory Usage (444668K) : ind_drw has 0 polygons
2026-04-16 14:38:37 +0200: Memory Usage (444860K) : ind_pin has 0 polygons
2026-04-16 14:38:37 +0200: Memory Usage (444860K) : ind_text has 0 polygons
2026-04-16 14:38:37 +0200: Memory Usage (444860K) : salblock_drw has 0 polygons
2026-04-16 14:38:37 +0200: Memory Usage (444860K) : via2_drw has 0 polygons
2026-04-16 14:38:37 +0200: Memory Usage (445052K) : metal3_drw has 0 polygons
2026-04-16 14:38:37 +0200: Memory Usage (445052K) : metal3_pin has 0 polygons
2026-04-16 14:38:37 +0200: Memory Usage (445244K) : metal3_mask has 0 polygons
2026-04-16 14:38:37 +0200: Memory Usage (445244K) : metal3_filler has 0 polygons
2026-04-16 14:38:37 +0200: Memory Usage (445244K) : metal3_nofill has 0 polygons
2026-04-16 14:38:37 +0200: Memory Usage (445244K) : metal3_slit has 0 polygons
2026-04-16 14:38:37 +0200: Memory Usage (445436K) : metal3_text has 0 polygons
2026-04-16 14:38:37 +0200: Memory Usage (445436K) : metal3_opc has 0 polygons
2026-04-16 14:38:37 +0200: Memory Usage (445436K) : metal3_noqrc has 0 polygons
2026-04-16 14:38:37 +0200: Memory Usage (445436K) : metal3_res has 0 polygons
2026-04-16 14:38:37 +0200: Memory Usage (445628K) : metal3_iprobe has 0 polygons
2026-04-16 14:38:37 +0200: Memory Usage (445628K) : metal3_diffprb has 0 polygons
2026-04-16 14:38:37 +0200: Memory Usage (445628K) : nwell_drw has 3 polygons
2026-04-16 14:38:37 +0200: Memory Usage (445820K) : nwell_pin has 1 polygons
2026-04-16 14:38:37 +0200: Memory Usage (445820K) : nbulay_drw has 1 polygons
2026-04-16 14:38:37 +0200: Memory Usage (446012K) : nbulay_pin has 0 polygons
2026-04-16 14:38:37 +0200: Memory Usage (446012K) : nbulay_block has 0 polygons
2026-04-16 14:38:37 +0200: Memory Usage (446012K) : emwind_drw has 0 polygons
2026-04-16 14:38:37 +0200: Memory Usage (446204K) : emwind_opc has 0 polygons
2026-04-16 14:38:37 +0200: Memory Usage (446204K) : deepco_drw has 0 polygons
2026-04-16 14:38:37 +0200: Memory Usage (446204K) : deepco_drw has 0 polygons
2026-04-16 14:38:37 +0200: Memory Usage (446396K) : mim_drw has 0 polygons
2026-04-16 14:38:37 +0200: Memory Usage (446396K) : edgeseal_drw has 0 polygons
2026-04-16 14:38:37 +0200: Memory Usage (446588K) : edgeseal_bound has 0 polygons
2026-04-16 14:38:37 +0200: Memory Usage (446588K) : substrate_drw has 2 polygons
2026-04-16 14:38:37 +0200: Memory Usage (446588K) : substrate_text has 0 polygons
2026-04-16 14:38:37 +0200: Memory Usage (446588K) : dfpad_drw has 0 polygons
2026-04-16 14:38:37 +0200: Memory Usage (446780K) : dfpad_pillar has 0 polygons
2026-04-16 14:38:37 +0200: Memory Usage (446780K) : dfpad_sbump has 0 polygons
2026-04-16 14:38:37 +0200: Memory Usage (446780K) : thickgateox_drw has 0 polygons
2026-04-16 14:38:37 +0200: Memory Usage (446972K) : pldb_drw has 0 polygons
2026-04-16 14:38:37 +0200: Memory Usage (446972K) : pwell_drw has 0 polygons
2026-04-16 14:38:37 +0200: Memory Usage (446972K) : pwell_pin has 0 polygons
2026-04-16 14:38:37 +0200: Memory Usage (446972K) : pwell_block has 0 polygons
2026-04-16 14:38:37 +0200: Memory Usage (447164K) : ic_drw has 0 polygons
2026-04-16 14:38:37 +0200: Memory Usage (447164K) : via3_drw has 0 polygons
2026-04-16 14:38:37 +0200: Memory Usage (447356K) : metal4_drw has 0 polygons
2026-04-16 14:38:37 +0200: Memory Usage (447356K) : metal4_pin has 0 polygons
2026-04-16 14:38:37 +0200: Memory Usage (447356K) : metal4_mask has 0 polygons
2026-04-16 14:38:37 +0200: Memory Usage (447356K) : metal4_filler has 0 polygons
2026-04-16 14:38:37 +0200: Memory Usage (447548K) : metal4_nofill has 0 polygons
2026-04-16 14:38:37 +0200: Memory Usage (447548K) : metal4_slit has 0 polygons
2026-04-16 14:38:37 +0200: Memory Usage (447548K) : metal4_text has 0 polygons
2026-04-16 14:38:37 +0200: Memory Usage (447740K) : metal4_opc has 0 polygons
2026-04-16 14:38:37 +0200: Memory Usage (447740K) : metal4_noqrc has 0 polygons
2026-04-16 14:38:37 +0200: Memory Usage (447740K) : metal4_res has 0 polygons
2026-04-16 14:38:37 +0200: Memory Usage (447740K) : metal4_iprobe has 0 polygons
2026-04-16 14:38:37 +0200: Memory Usage (447932K) : metal4_diffprb has 0 polygons
2026-04-16 14:38:37 +0200: Memory Usage (447932K) : heattrans_drw has 2 polygons
2026-04-16 14:38:37 +0200: Memory Usage (448124K) : heatres_drw has 0 polygons
2026-04-16 14:38:37 +0200: Memory Usage (448124K) : pempoly_drw has 0 polygons
2026-04-16 14:38:37 +0200: Memory Usage (448124K) : fbe_drw has 0 polygons
2026-04-16 14:38:37 +0200: Memory Usage (448124K) : empoly_drw has 0 polygons
2026-04-16 14:38:37 +0200: Memory Usage (448316K) : ldmos_drw has 0 polygons
2026-04-16 14:38:37 +0200: Memory Usage (448316K) : pbiwind_drw has 0 polygons
2026-04-16 14:38:37 +0200: Memory Usage (448508K) : digisub_drw has 0 polygons
2026-04-16 14:38:37 +0200: Memory Usage (448508K) : nodrc_drw has 0 polygons
2026-04-16 14:38:37 +0200: Memory Usage (448508K) : text_drw has 4 polygons
2026-04-16 14:38:37 +0200: Memory Usage (448700K) : via4_drw has 0 polygons
2026-04-16 14:38:37 +0200: Memory Usage (448700K) : metal5_drw has 0 polygons
2026-04-16 14:38:37 +0200: Memory Usage (448700K) : metal5_pin has 0 polygons
2026-04-16 14:38:37 +0200: Memory Usage (448700K) : metal5_mask has 0 polygons
2026-04-16 14:38:37 +0200: Memory Usage (448892K) : metal5_filler has 0 polygons
2026-04-16 14:38:37 +0200: Memory Usage (448892K) : metal5_nofill has 0 polygons
2026-04-16 14:38:37 +0200: Memory Usage (448892K) : metal5_slit has 0 polygons
2026-04-16 14:38:37 +0200: Memory Usage (448892K) : metal5_text has 0 polygons
2026-04-16 14:38:37 +0200: Memory Usage (449084K) : metal5_opc has 0 polygons
2026-04-16 14:38:37 +0200: Memory Usage (449084K) : metal5_noqrc has 0 polygons
2026-04-16 14:38:37 +0200: Memory Usage (449084K) : metal5_res has 0 polygons
2026-04-16 14:38:37 +0200: Memory Usage (449276K) : metal5_iprobe has 0 polygons
2026-04-16 14:38:37 +0200: Memory Usage (449276K) : metal5_diffprb has 0 polygons
2026-04-16 14:38:37 +0200: Memory Usage (449468K) : radhard_drw has 0 polygons
2026-04-16 14:38:37 +0200: Memory Usage (449468K) : memcap_drw has 0 polygons
2026-04-16 14:38:37 +0200: Memory Usage (449468K) : varicap_drw has 0 polygons
2026-04-16 14:38:37 +0200: Memory Usage (449660K) : flash_drw has 0 polygons
2026-04-16 14:38:37 +0200: Memory Usage (449660K) : intbondvia_drw has 0 polygons
2026-04-16 14:38:37 +0200: Memory Usage (449660K) : intbondmet_drw has 0 polygons
2026-04-16 14:38:37 +0200: Memory Usage (449852K) : devbondvia_drw has 0 polygons
2026-04-16 14:38:37 +0200: Memory Usage (449852K) : devbondmet_drw has 0 polygons
2026-04-16 14:38:37 +0200: Memory Usage (449852K) : devtrench_drw has 0 polygons
2026-04-16 14:38:37 +0200: Memory Usage (449852K) : redist_drw has 0 polygons
2026-04-16 14:38:37 +0200: Memory Usage (450044K) : graphbot_drw has 0 polygons
2026-04-16 14:38:37 +0200: Memory Usage (450044K) : graphtop_drw has 0 polygons
2026-04-16 14:38:37 +0200: Memory Usage (450044K) : antvia1_drw has 0 polygons
2026-04-16 14:38:37 +0200: Memory Usage (450236K) : antmetal2_drw has 0 polygons
2026-04-16 14:38:37 +0200: Memory Usage (450236K) : graphcont_drw has 0 polygons
2026-04-16 14:38:37 +0200: Memory Usage (450236K) : siwg_drw has 0 polygons
2026-04-16 14:38:37 +0200: Memory Usage (450236K) : siwg_filler has 0 polygons
2026-04-16 14:38:37 +0200: Memory Usage (450428K) : siwg_nofill has 0 polygons
2026-04-16 14:38:37 +0200: Memory Usage (450428K) : sigrating_drw has 0 polygons
2026-04-16 14:38:37 +0200: Memory Usage (450620K) : singrating_drw has 0 polygons
2026-04-16 14:38:37 +0200: Memory Usage (450620K) : graphpas_drw has 0 polygons
2026-04-16 14:38:37 +0200: Memory Usage (450620K) : emwind3_drw has 0 polygons
2026-04-16 14:38:37 +0200: Memory Usage (450812K) : emwihv3_drw has 0 polygons
2026-04-16 14:38:37 +0200: Memory Usage (450812K) : redbulay_drw has 0 polygons
2026-04-16 14:38:37 +0200: Memory Usage (450812K) : smos_drw has 0 polygons
2026-04-16 14:38:37 +0200: Memory Usage (450812K) : graphpad_drw has 0 polygons
2026-04-16 14:38:37 +0200: Memory Usage (451004K) : polimide_drw has 0 polygons
2026-04-16 14:38:37 +0200: Memory Usage (451004K) : polimide_pin has 0 polygons
2026-04-16 14:38:37 +0200: Memory Usage (451196K) : recog_drw has 0 polygons
2026-04-16 14:38:37 +0200: Memory Usage (451196K) : recog_pin has 0 polygons
2026-04-16 14:38:37 +0200: Memory Usage (451196K) : recog_esd has 0 polygons
2026-04-16 14:38:37 +0200: Memory Usage (451196K) : recog_diode has 0 polygons
2026-04-16 14:38:37 +0200: Memory Usage (451388K) : recog_tsv has 0 polygons
2026-04-16 14:38:37 +0200: Memory Usage (451388K) : recog_iprobe has 0 polygons
2026-04-16 14:38:37 +0200: Memory Usage (451388K) : recog_diffprb has 0 polygons
2026-04-16 14:38:37 +0200: Memory Usage (451580K) : recog_pillar has 0 polygons
2026-04-16 14:38:37 +0200: Memory Usage (451580K) : recog_sbump has 0 polygons
2026-04-16 14:38:37 +0200: Memory Usage (451580K) : recog_otp has 0 polygons
2026-04-16 14:38:37 +0200: Memory Usage (451772K) : recog_pdiode has 0 polygons
2026-04-16 14:38:37 +0200: Memory Usage (451772K) : recog_mom has 0 polygons
2026-04-16 14:38:37 +0200: Memory Usage (451772K) : recog_pcm has 0 polygons
2026-04-16 14:38:37 +0200: Memory Usage (451772K) : colopen_drw has 0 polygons
2026-04-16 14:38:37 +0200: Memory Usage (451772K) : graphmetal1_drw has 0 polygons
2026-04-16 14:38:37 +0200: Memory Usage (451964K) : graphmetal1_filler has 0 polygons
2026-04-16 14:38:37 +0200: Memory Usage (451964K) : graphmetal1_nofill has 0 polygons
2026-04-16 14:38:37 +0200: Memory Usage (451964K) : graphmetal1_slit has 0 polygons
2026-04-16 14:38:37 +0200: Memory Usage (451964K) : graphmetal1_opc has 0 polygons
2026-04-16 14:38:37 +0200: Memory Usage (451964K) : graphmet1l_drw has 0 polygons
2026-04-16 14:38:37 +0200: Memory Usage (451964K) : graphmet1l_filler has 0 polygons
2026-04-16 14:38:37 +0200: Memory Usage (451964K) : graphmet1l_nofill has 0 polygons
2026-04-16 14:38:37 +0200: Memory Usage (451964K) : graphmet1l_slit has 0 polygons
2026-04-16 14:38:37 +0200: Memory Usage (451964K) : graphmet1l_opc has 0 polygons
2026-04-16 14:38:37 +0200: Memory Usage (452156K) : extblock_drw has 0 polygons
2026-04-16 14:38:37 +0200: Memory Usage (452156K) : nldd_drw has 0 polygons
2026-04-16 14:38:37 +0200: Memory Usage (452156K) : pldd_drw has 0 polygons
2026-04-16 14:38:37 +0200: Memory Usage (452156K) : next_drw has 0 polygons
2026-04-16 14:38:37 +0200: Memory Usage (452156K) : pext_drw has 0 polygons
2026-04-16 14:38:37 +0200: Memory Usage (452348K) : nexthv_drw has 0 polygons
2026-04-16 14:38:37 +0200: Memory Usage (452348K) : pexthv_drw has 0 polygons
2026-04-16 14:38:37 +0200: Memory Usage (452348K) : graphgate_drw has 0 polygons
2026-04-16 14:38:37 +0200: Memory Usage (452540K) : sinwg_drw has 0 polygons
2026-04-16 14:38:37 +0200: Memory Usage (452540K) : sinwg_filler has 0 polygons
2026-04-16 14:38:37 +0200: Memory Usage (452540K) : sinwg_nofill has 0 polygons
2026-04-16 14:38:37 +0200: Memory Usage (452540K) : mempad_drw has 0 polygons
2026-04-16 14:38:37 +0200: Memory Usage (452732K) : topvia1_drw has 0 polygons
2026-04-16 14:38:37 +0200: Memory Usage (452732K) : topmetal1_drw has 0 polygons
2026-04-16 14:38:37 +0200: Memory Usage (452732K) : topmetal1_pin has 0 polygons
2026-04-16 14:38:37 +0200: Memory Usage (452924K) : topmetal1_mask has 0 polygons
2026-04-16 14:38:37 +0200: Memory Usage (452924K) : topmetal1_filler has 0 polygons
2026-04-16 14:38:37 +0200: Memory Usage (452924K) : topmetal1_nofill has 0 polygons
2026-04-16 14:38:37 +0200: Memory Usage (452924K) : topmetal1_slit has 0 polygons
2026-04-16 14:38:37 +0200: Memory Usage (452924K) : topmetal1_text has 0 polygons
2026-04-16 14:38:37 +0200: Memory Usage (453116K) : topmetal1_noqrc has 0 polygons
2026-04-16 14:38:37 +0200: Memory Usage (453116K) : topmetal1_res has 0 polygons
2026-04-16 14:38:37 +0200: Memory Usage (453116K) : topmetal1_iprobe has 0 polygons
2026-04-16 14:38:37 +0200: Memory Usage (453116K) : topmetal1_diffprb has 0 polygons
2026-04-16 14:38:37 +0200: Memory Usage (453116K) : inldpwl_drw has 0 polygons
2026-04-16 14:38:37 +0200: Memory Usage (453308K) : polyres_drw has 0 polygons
2026-04-16 14:38:37 +0200: Memory Usage (453308K) : polyres_pin has 0 polygons
2026-04-16 14:38:37 +0200: Memory Usage (453308K) : vmim_drw has 0 polygons
2026-04-16 14:38:37 +0200: Memory Usage (453308K) : nbulaycut_drw has 0 polygons
2026-04-16 14:38:37 +0200: Memory Usage (453500K) : antmetal1_drw has 0 polygons
2026-04-16 14:38:37 +0200: Memory Usage (453500K) : topvia2_drw has 0 polygons
2026-04-16 14:38:37 +0200: Memory Usage (453500K) : topmetal2_drw has 0 polygons
2026-04-16 14:38:37 +0200: Memory Usage (453500K) : topmetal2_pin has 0 polygons
2026-04-16 14:38:37 +0200: Memory Usage (453692K) : topmetal2_mask has 0 polygons
2026-04-16 14:38:37 +0200: Memory Usage (453692K) : topmetal2_filler has 0 polygons
2026-04-16 14:38:37 +0200: Memory Usage (453692K) : topmetal2_nofill has 0 polygons
2026-04-16 14:38:37 +0200: Memory Usage (453692K) : topmetal2_slit has 0 polygons
2026-04-16 14:38:37 +0200: Memory Usage (453884K) : topmetal2_text has 0 polygons
2026-04-16 14:38:37 +0200: Memory Usage (453884K) : topmetal2_noqrc has 0 polygons
2026-04-16 14:38:37 +0200: Memory Usage (453884K) : topmetal2_res has 0 polygons
2026-04-16 14:38:37 +0200: Memory Usage (454076K) : topmetal2_iprobe has 0 polygons
2026-04-16 14:38:37 +0200: Memory Usage (454076K) : topmetal2_diffprb has 0 polygons
2026-04-16 14:38:37 +0200: Memory Usage (454076K) : snsring_drw has 0 polygons
2026-04-16 14:38:37 +0200: Memory Usage (454076K) : sensor_drw has 0 polygons
2026-04-16 14:38:37 +0200: Memory Usage (454268K) : snsarms_drw has 0 polygons
2026-04-16 14:38:37 +0200: Memory Usage (454268K) : snscmosvia_drw has 0 polygons
2026-04-16 14:38:37 +0200: Memory Usage (454268K) : colwind_drw has 0 polygons
2026-04-16 14:38:37 +0200: Memory Usage (454460K) : flm_drw has 0 polygons
2026-04-16 14:38:37 +0200: Memory Usage (454460K) : hafniumox_drw has 0 polygons
2026-04-16 14:38:37 +0200: Memory Usage (454460K) : memvia_drw has 0 polygons
2026-04-16 14:38:37 +0200: Memory Usage (454460K) : thinfilmres_drw has 0 polygons
2026-04-16 14:38:37 +0200: Memory Usage (454652K) : rfmem_drw has 0 polygons
2026-04-16 14:38:37 +0200: Memory Usage (454652K) : norcx_drw has 0 polygons
2026-04-16 14:38:37 +0200: Memory Usage (454652K) : norcx_m2m3 has 0 polygons
2026-04-16 14:38:37 +0200: Memory Usage (454844K) : norcx_m2m4 has 0 polygons
2026-04-16 14:38:37 +0200: Memory Usage (454844K) : norcx_m2m5 has 0 polygons
2026-04-16 14:38:37 +0200: Memory Usage (454844K) : norcx_m2tm1 has 0 polygons
2026-04-16 14:38:37 +0200: Memory Usage (454844K) : norcx_m2tm2 has 0 polygons
2026-04-16 14:38:37 +0200: Memory Usage (455036K) : norcx_m3m4 has 0 polygons
2026-04-16 14:38:37 +0200: Memory Usage (455036K) : norcx_m3m5 has 0 polygons
2026-04-16 14:38:37 +0200: Memory Usage (455036K) : norcx_m3tm1 has 0 polygons
2026-04-16 14:38:37 +0200: Memory Usage (455228K) : norcx_m3tm2 has 0 polygons
2026-04-16 14:38:37 +0200: Memory Usage (455228K) : norcx_m4m5 has 0 polygons
2026-04-16 14:38:37 +0200: Memory Usage (455228K) : norcx_m4tm1 has 0 polygons
2026-04-16 14:38:37 +0200: Memory Usage (455228K) : norcx_m4tm2 has 0 polygons
2026-04-16 14:38:37 +0200: Memory Usage (455228K) : norcx_m5tm1 has 0 polygons
2026-04-16 14:38:37 +0200: Memory Usage (455228K) : norcx_m5tm2 has 0 polygons
2026-04-16 14:38:37 +0200: Memory Usage (455228K) : norcx_tm1tm2 has 0 polygons
2026-04-16 14:38:37 +0200: Memory Usage (455228K) : norcx_m1sub has 0 polygons
2026-04-16 14:38:37 +0200: Memory Usage (455228K) : norcx_m2sub has 0 polygons
2026-04-16 14:38:37 +0200: Memory Usage (455228K) : norcx_m3sub has 0 polygons
2026-04-16 14:38:37 +0200: Memory Usage (455228K) : norcx_m4sub has 0 polygons
2026-04-16 14:38:37 +0200: Memory Usage (455228K) : norcx_m5sub has 0 polygons
2026-04-16 14:38:37 +0200: Memory Usage (455228K) : norcx_tm1sub has 0 polygons
2026-04-16 14:38:37 +0200: Memory Usage (455228K) : norcx_tm2sub has 0 polygons
2026-04-16 14:38:37 +0200: Memory Usage (455420K) : snsbotvia_drw has 0 polygons
2026-04-16 14:38:37 +0200: Memory Usage (455420K) : snstopvia_drw has 0 polygons
2026-04-16 14:38:37 +0200: Memory Usage (455420K) : deepvia_drw has 0 polygons
2026-04-16 14:38:37 +0200: Memory Usage (455420K) : fgetch_drw has 0 polygons
2026-04-16 14:38:37 +0200: Memory Usage (455420K) : ctrgat_drw has 0 polygons
2026-04-16 14:38:37 +0200: Memory Usage (455420K) : fgimp_drw has 0 polygons
2026-04-16 14:38:37 +0200: Memory Usage (455612K) : emwihv_drw has 0 polygons
2026-04-16 14:38:37 +0200: Memory Usage (455612K) : lbe_drw has 0 polygons
2026-04-16 14:38:37 +0200: Memory Usage (455612K) : alcustop_drw has 0 polygons
2026-04-16 14:38:37 +0200: Memory Usage (455612K) : nometfiller_drw has 0 polygons
2026-04-16 14:38:37 +0200: Memory Usage (455804K) : prboundary_drw has 0 polygons
2026-04-16 14:38:37 +0200: Memory Usage (455804K) : exchange0_drw has 0 polygons
2026-04-16 14:38:37 +0200: Memory Usage (455804K) : exchange0_pin has 0 polygons
2026-04-16 14:38:37 +0200: Memory Usage (455804K) : exchange0_text has 0 polygons
2026-04-16 14:38:37 +0200: Memory Usage (455804K) : exchange1_drw has 0 polygons
2026-04-16 14:38:37 +0200: Memory Usage (455804K) : exchange1_pin has 0 polygons
2026-04-16 14:38:37 +0200: Memory Usage (455996K) : exchange1_text has 0 polygons
2026-04-16 14:38:37 +0200: Memory Usage (455996K) : exchange2_drw has 0 polygons
2026-04-16 14:38:37 +0200: Memory Usage (455996K) : exchange2_pin has 0 polygons
2026-04-16 14:38:37 +0200: Memory Usage (455996K) : exchange2_text has 0 polygons
2026-04-16 14:38:37 +0200: Memory Usage (455996K) : exchange3_drw has 0 polygons
2026-04-16 14:38:37 +0200: Memory Usage (456188K) : exchange3_pin has 0 polygons
2026-04-16 14:38:37 +0200: Memory Usage (456188K) : exchange3_text has 0 polygons
2026-04-16 14:38:37 +0200: Memory Usage (456188K) : exchange4_drw has 0 polygons
2026-04-16 14:38:37 +0200: Memory Usage (456188K) : exchange4_pin has 0 polygons
2026-04-16 14:38:37 +0200: Memory Usage (456380K) : exchange4_text has 0 polygons
2026-04-16 14:38:37 +0200: Memory Usage (456380K) : isonwell_drw has 0 polygons
2026-04-16 14:38:37 +0200: Memory Usage (456380K) : Total no. of polygons in the design is 64
2026-04-16 14:38:37 +0200: Memory Usage (456380K) : Loaded TECH DRC rules values from /foss/pdks/ihp-sg13g2/libs.tech/klayout/python/sg13g2_pycell_lib/sg13g2_tech_mod.json
2026-04-16 14:38:37 +0200: Memory Usage (456380K) : Loaded default DRC rules values from /foss/pdks/ihp-sg13g2/libs.tech/klayout/tech/drc/rule_decks/sg13g2_tech_default.json
2026-04-16 14:38:37 +0200: Memory Usage (456380K) : The following rules values were missing in tech json and default values were used:
2026-04-16 14:38:37 +0200: Memory Usage (456380K) :   - Cnt_c_digibnd
2026-04-16 14:38:37 +0200: Memory Usage (457536K) : Total area of the design is 6.0196000000000005 um^2.
2026-04-16 14:38:37 +0200: Memory Usage (457536K) : The design dimensions are 1.49 µm * 4.04 µm.
2026-04-16 14:38:37 +0200: Memory Usage (457536K) : Starting general IHP-SG13G2 derivations.
2026-04-16 14:38:37 +0200: Memory Usage (457536K) : Starting Pwell derivations
2026-04-16 14:38:37 +0200: Memory Usage (459484K) : Starting p-Activ derivations
2026-04-16 14:38:37 +0200: Memory Usage (459868K) : Starting ptap derivations
2026-04-16 14:38:37 +0200: Memory Usage (459868K) : Starting IHP-SG13G2 DRC rules.
2026-04-16 14:38:37 +0200: Memory Usage (459868K) : Starting 6.1.3 NPN Substrate-Tie table
2026-04-16 14:38:37 +0200: Memory Usage (460252K) : Executing rule npn13G2.bR 
2026-04-16 14:38:37 +0200: Memory Usage (460444K) : Executing rule npn13G2L.cR 
2026-04-16 14:38:37 +0200: Memory Usage (460636K) : Executing rule npn13G2V.cR 
2026-04-16 14:38:37 +0200: Memory Usage (460828K) : KLayout DRC run for tables 'npnsubstratetie' completed in 0.18 seconds
