# Logfile created on 2026-04-16 14:38:41 +0200 by logger.rb/v1.5.3
2026-04-16 14:38:41 +0200: Memory Usage (438220K) : Starting running IHP-SG13G2 KLayout DRC runset on /var/home/bleroux/Documents/stage_IEMN/analog-asic-design/designs/inverter/layout/inverter.klay.gds
2026-04-16 14:38:41 +0200: Memory Usage (438220K) : Ruby Version for klayout: 3.2.3
2026-04-16 14:38:41 +0200: Memory Usage (439976K) : Loading database to memory is complete.
2026-04-16 14:38:41 +0200: Memory Usage (439976K) : IHP-SG13G2 KLayout DRC runset output at: /var/home/bleroux/Documents/stage_IEMN/analog-asic-design/drc_run_TOP/inverter.klay_TOP_copperpillar.lyrdb
2026-04-16 14:38:41 +0200: Memory Usage (439976K) : Evaluate switches.
2026-04-16 14:38:41 +0200: Memory Usage (439976K) : tables selected: copperpillar
2026-04-16 14:38:41 +0200: Memory Usage (439976K) : KLayout will use 1 thread(s) in tiling mode.
2026-04-16 14:38:41 +0200: Memory Usage (439976K) : deep mode is enabled.
2026-04-16 14:38:41 +0200: Memory Usage (439976K) : FEOL enabled: false
2026-04-16 14:38:41 +0200: Memory Usage (440168K) : BEOL enabled: false
2026-04-16 14:38:41 +0200: Memory Usage (440168K) : OFFGRID enabled: true
2026-04-16 14:38:41 +0200: Memory Usage (440168K) : PIN enabled: false
2026-04-16 14:38:41 +0200: Memory Usage (440168K) : FORBIDDEN enabled: false
2026-04-16 14:38:41 +0200: Memory Usage (440168K) : RECOMMENDED enabled: true
2026-04-16 14:38:41 +0200: Memory Usage (440168K) : PreCheck DRC enabled: false
2026-04-16 14:38:41 +0200: Memory Usage (440168K) : CONNECTIVITY_RULES enabled: false.
2026-04-16 14:38:41 +0200: Memory Usage (440168K) : Read in polygons from layers.
2026-04-16 14:38:41 +0200: Memory Usage (440936K) : activ_drw has 8 polygons
2026-04-16 14:38:41 +0200: Memory Usage (440936K) : activ_pin has 0 polygons
2026-04-16 14:38:41 +0200: Memory Usage (440936K) : activ_mask has 0 polygons
2026-04-16 14:38:41 +0200: Memory Usage (440936K) : activ_filler has 0 polygons
2026-04-16 14:38:41 +0200: Memory Usage (440936K) : activ_nofill has 0 polygons
2026-04-16 14:38:41 +0200: Memory Usage (440936K) : activ_opc has 0 polygons
2026-04-16 14:38:41 +0200: Memory Usage (440936K) : activ_iopc has 0 polygons
2026-04-16 14:38:41 +0200: Memory Usage (440936K) : activ_noqrc has 0 polygons
2026-04-16 14:38:41 +0200: Memory Usage (440936K) : biwind_drw has 0 polygons
2026-04-16 14:38:41 +0200: Memory Usage (440936K) : biwind_opc has 0 polygons
2026-04-16 14:38:41 +0200: Memory Usage (440936K) : pemwind_drw has 0 polygons
2026-04-16 14:38:41 +0200: Memory Usage (440936K) : gatpoly_drw has 5 polygons
2026-04-16 14:38:41 +0200: Memory Usage (440936K) : gatpoly_pin has 1 polygons
2026-04-16 14:38:41 +0200: Memory Usage (440936K) : gatpoly_filler has 0 polygons
2026-04-16 14:38:41 +0200: Memory Usage (440936K) : gatpoly_nofill has 0 polygons
2026-04-16 14:38:41 +0200: Memory Usage (440936K) : gatpoly_opc has 0 polygons
2026-04-16 14:38:41 +0200: Memory Usage (440936K) : gatpoly_iopc has 0 polygons
2026-04-16 14:38:41 +0200: Memory Usage (440936K) : gatpoly_noqrc has 0 polygons
2026-04-16 14:38:41 +0200: Memory Usage (440936K) : cont_drw has 13 polygons
2026-04-16 14:38:41 +0200: Memory Usage (440936K) : cont_opc has 0 polygons
2026-04-16 14:38:41 +0200: Memory Usage (440936K) : nsd_drw has 0 polygons
2026-04-16 14:38:41 +0200: Memory Usage (440936K) : nsd_block has 0 polygons
2026-04-16 14:38:41 +0200: Memory Usage (441152K) : metal1_drw has 13 polygons
2026-04-16 14:38:41 +0200: Memory Usage (441152K) : metal1_pin has 7 polygons
2026-04-16 14:38:41 +0200: Memory Usage (441152K) : metal1_mask has 0 polygons
2026-04-16 14:38:41 +0200: Memory Usage (441152K) : metal1_filler has 0 polygons
2026-04-16 14:38:41 +0200: Memory Usage (441152K) : metal1_nofill has 0 polygons
2026-04-16 14:38:41 +0200: Memory Usage (441344K) : metal1_slit has 0 polygons
2026-04-16 14:38:41 +0200: Memory Usage (441728K) : metal1_text has 2 polygons
2026-04-16 14:38:41 +0200: Memory Usage (441728K) : metal1_opc has 0 polygons
2026-04-16 14:38:41 +0200: Memory Usage (441728K) : metal1_noqrc has 0 polygons
2026-04-16 14:38:41 +0200: Memory Usage (441728K) : metal1_res has 0 polygons
2026-04-16 14:38:41 +0200: Memory Usage (441728K) : metal1_iprobe has 0 polygons
2026-04-16 14:38:41 +0200: Memory Usage (441728K) : metal1_diffprb has 0 polygons
2026-04-16 14:38:41 +0200: Memory Usage (441920K) : passiv_drw has 0 polygons
2026-04-16 14:38:41 +0200: Memory Usage (441920K) : passiv_pin has 0 polygons
2026-04-16 14:38:41 +0200: Memory Usage (441920K) : passiv_sbump has 0 polygons
2026-04-16 14:38:41 +0200: Memory Usage (441920K) : passiv_pillar has 0 polygons
2026-04-16 14:38:41 +0200: Memory Usage (442112K) : passiv_pdl has 0 polygons
2026-04-16 14:38:41 +0200: Memory Usage (442112K) : metal2_drw has 0 polygons
2026-04-16 14:38:41 +0200: Memory Usage (442112K) : metal2_pin has 0 polygons
2026-04-16 14:38:41 +0200: Memory Usage (442304K) : metal2_mask has 0 polygons
2026-04-16 14:38:41 +0200: Memory Usage (442304K) : metal2_filler has 0 polygons
2026-04-16 14:38:41 +0200: Memory Usage (442304K) : metal2_nofill has 0 polygons
2026-04-16 14:38:41 +0200: Memory Usage (442304K) : metal2_slit has 0 polygons
2026-04-16 14:38:41 +0200: Memory Usage (442496K) : metal2_text has 0 polygons
2026-04-16 14:38:41 +0200: Memory Usage (442496K) : metal2_opc has 0 polygons
2026-04-16 14:38:41 +0200: Memory Usage (442496K) : metal2_noqrc has 0 polygons
2026-04-16 14:38:41 +0200: Memory Usage (442688K) : metal2_res has 0 polygons
2026-04-16 14:38:41 +0200: Memory Usage (442688K) : metal2_iprobe has 0 polygons
2026-04-16 14:38:41 +0200: Memory Usage (442688K) : metal2_diffprb has 0 polygons
2026-04-16 14:38:41 +0200: Memory Usage (442880K) : baspoly_drw has 0 polygons
2026-04-16 14:38:41 +0200: Memory Usage (442880K) : baspoly_pin has 0 polygons
2026-04-16 14:38:41 +0200: Memory Usage (442880K) : psd_drw has 2 polygons
2026-04-16 14:38:41 +0200: Memory Usage (443072K) : nldb_drw has 0 polygons
2026-04-16 14:38:41 +0200: Memory Usage (443072K) : digibnd_drw has 0 polygons
2026-04-16 14:38:41 +0200: Memory Usage (443072K) : via1_drw has 0 polygons
2026-04-16 14:38:41 +0200: Memory Usage (443072K) : backmetal1_drw has 0 polygons
2026-04-16 14:38:41 +0200: Memory Usage (443264K) : backmetal1_pin has 0 polygons
2026-04-16 14:38:41 +0200: Memory Usage (443264K) : backmetal1_mask has 0 polygons
2026-04-16 14:38:41 +0200: Memory Usage (443264K) : backmetal1_filler has 0 polygons
2026-04-16 14:38:41 +0200: Memory Usage (443456K) : backmetal1_nofill has 0 polygons
2026-04-16 14:38:41 +0200: Memory Usage (443456K) : backmetal1_slit has 0 polygons
2026-04-16 14:38:41 +0200: Memory Usage (443456K) : backmetal1_text has 0 polygons
2026-04-16 14:38:41 +0200: Memory Usage (443456K) : backmetal1_opc has 0 polygons
2026-04-16 14:38:41 +0200: Memory Usage (443648K) : backmetal1_noqrc has 0 polygons
2026-04-16 14:38:41 +0200: Memory Usage (443648K) : backmetal1_res has 0 polygons
2026-04-16 14:38:41 +0200: Memory Usage (443648K) : backmetal1_iprobe has 0 polygons
2026-04-16 14:38:41 +0200: Memory Usage (443840K) : backmetal1_diffprb has 0 polygons
2026-04-16 14:38:41 +0200: Memory Usage (443840K) : backpassiv_drw has 0 polygons
2026-04-16 14:38:41 +0200: Memory Usage (443840K) : res_drw has 0 polygons
2026-04-16 14:38:41 +0200: Memory Usage (443840K) : sram_drw has 0 polygons
2026-04-16 14:38:41 +0200: Memory Usage (444032K) : trans_drw has 0 polygons
2026-04-16 14:38:41 +0200: Memory Usage (444032K) : ind_drw has 0 polygons
2026-04-16 14:38:41 +0200: Memory Usage (444224K) : ind_pin has 0 polygons
2026-04-16 14:38:41 +0200: Memory Usage (444224K) : ind_text has 0 polygons
2026-04-16 14:38:41 +0200: Memory Usage (444224K) : salblock_drw has 0 polygons
2026-04-16 14:38:41 +0200: Memory Usage (444224K) : via2_drw has 0 polygons
2026-04-16 14:38:41 +0200: Memory Usage (444416K) : metal3_drw has 0 polygons
2026-04-16 14:38:41 +0200: Memory Usage (444416K) : metal3_pin has 0 polygons
2026-04-16 14:38:41 +0200: Memory Usage (444608K) : metal3_mask has 0 polygons
2026-04-16 14:38:41 +0200: Memory Usage (444608K) : metal3_filler has 0 polygons
2026-04-16 14:38:41 +0200: Memory Usage (444608K) : metal3_nofill has 0 polygons
2026-04-16 14:38:41 +0200: Memory Usage (444608K) : metal3_slit has 0 polygons
2026-04-16 14:38:41 +0200: Memory Usage (444800K) : metal3_text has 0 polygons
2026-04-16 14:38:41 +0200: Memory Usage (444800K) : metal3_opc has 0 polygons
2026-04-16 14:38:41 +0200: Memory Usage (444800K) : metal3_noqrc has 0 polygons
2026-04-16 14:38:41 +0200: Memory Usage (444992K) : metal3_res has 0 polygons
2026-04-16 14:38:41 +0200: Memory Usage (444992K) : metal3_iprobe has 0 polygons
2026-04-16 14:38:41 +0200: Memory Usage (444992K) : metal3_diffprb has 0 polygons
2026-04-16 14:38:41 +0200: Memory Usage (445184K) : nwell_drw has 3 polygons
2026-04-16 14:38:41 +0200: Memory Usage (445184K) : nwell_pin has 1 polygons
2026-04-16 14:38:41 +0200: Memory Usage (445376K) : nbulay_drw has 1 polygons
2026-04-16 14:38:41 +0200: Memory Usage (445376K) : nbulay_pin has 0 polygons
2026-04-16 14:38:41 +0200: Memory Usage (445376K) : nbulay_block has 0 polygons
2026-04-16 14:38:41 +0200: Memory Usage (445568K) : emwind_drw has 0 polygons
2026-04-16 14:38:41 +0200: Memory Usage (445568K) : emwind_opc has 0 polygons
2026-04-16 14:38:41 +0200: Memory Usage (445568K) : deepco_drw has 0 polygons
2026-04-16 14:38:41 +0200: Memory Usage (445760K) : deepco_drw has 0 polygons
2026-04-16 14:38:41 +0200: Memory Usage (445760K) : mim_drw has 0 polygons
2026-04-16 14:38:41 +0200: Memory Usage (445952K) : edgeseal_drw has 0 polygons
2026-04-16 14:38:41 +0200: Memory Usage (445952K) : edgeseal_bound has 0 polygons
2026-04-16 14:38:41 +0200: Memory Usage (445952K) : substrate_drw has 2 polygons
2026-04-16 14:38:41 +0200: Memory Usage (446144K) : substrate_text has 0 polygons
2026-04-16 14:38:41 +0200: Memory Usage (446144K) : dfpad_drw has 0 polygons
2026-04-16 14:38:41 +0200: Memory Usage (446144K) : dfpad_pillar has 0 polygons
2026-04-16 14:38:41 +0200: Memory Usage (446144K) : dfpad_sbump has 0 polygons
2026-04-16 14:38:41 +0200: Memory Usage (446336K) : thickgateox_drw has 0 polygons
2026-04-16 14:38:41 +0200: Memory Usage (446336K) : pldb_drw has 0 polygons
2026-04-16 14:38:41 +0200: Memory Usage (446336K) : pwell_drw has 0 polygons
2026-04-16 14:38:41 +0200: Memory Usage (446528K) : pwell_pin has 0 polygons
2026-04-16 14:38:41 +0200: Memory Usage (446528K) : pwell_block has 0 polygons
2026-04-16 14:38:41 +0200: Memory Usage (446528K) : ic_drw has 0 polygons
2026-04-16 14:38:41 +0200: Memory Usage (446720K) : via3_drw has 0 polygons
2026-04-16 14:38:41 +0200: Memory Usage (446720K) : metal4_drw has 0 polygons
2026-04-16 14:38:41 +0200: Memory Usage (446720K) : metal4_pin has 0 polygons
2026-04-16 14:38:41 +0200: Memory Usage (446912K) : metal4_mask has 0 polygons
2026-04-16 14:38:41 +0200: Memory Usage (446912K) : metal4_filler has 0 polygons
2026-04-16 14:38:41 +0200: Memory Usage (446912K) : metal4_nofill has 0 polygons
2026-04-16 14:38:41 +0200: Memory Usage (446912K) : metal4_slit has 0 polygons
2026-04-16 14:38:41 +0200: Memory Usage (447104K) : metal4_text has 0 polygons
2026-04-16 14:38:41 +0200: Memory Usage (447104K) : metal4_opc has 0 polygons
2026-04-16 14:38:41 +0200: Memory Usage (447104K) : metal4_noqrc has 0 polygons
2026-04-16 14:38:41 +0200: Memory Usage (447296K) : metal4_res has 0 polygons
2026-04-16 14:38:41 +0200: Memory Usage (447296K) : metal4_iprobe has 0 polygons
2026-04-16 14:38:41 +0200: Memory Usage (447296K) : metal4_diffprb has 0 polygons
2026-04-16 14:38:41 +0200: Memory Usage (447488K) : heattrans_drw has 2 polygons
2026-04-16 14:38:41 +0200: Memory Usage (447488K) : heatres_drw has 0 polygons
2026-04-16 14:38:41 +0200: Memory Usage (447488K) : pempoly_drw has 0 polygons
2026-04-16 14:38:41 +0200: Memory Usage (447680K) : fbe_drw has 0 polygons
2026-04-16 14:38:41 +0200: Memory Usage (447680K) : empoly_drw has 0 polygons
2026-04-16 14:38:41 +0200: Memory Usage (447872K) : ldmos_drw has 0 polygons
2026-04-16 14:38:41 +0200: Memory Usage (447872K) : pbiwind_drw has 0 polygons
2026-04-16 14:38:41 +0200: Memory Usage (447872K) : digisub_drw has 0 polygons
2026-04-16 14:38:41 +0200: Memory Usage (447872K) : nodrc_drw has 0 polygons
2026-04-16 14:38:41 +0200: Memory Usage (448064K) : text_drw has 4 polygons
2026-04-16 14:38:41 +0200: Memory Usage (448064K) : via4_drw has 0 polygons
2026-04-16 14:38:41 +0200: Memory Usage (448064K) : metal5_drw has 0 polygons
2026-04-16 14:38:41 +0200: Memory Usage (448256K) : metal5_pin has 0 polygons
2026-04-16 14:38:41 +0200: Memory Usage (448256K) : metal5_mask has 0 polygons
2026-04-16 14:38:41 +0200: Memory Usage (448256K) : metal5_filler has 0 polygons
2026-04-16 14:38:41 +0200: Memory Usage (448256K) : metal5_nofill has 0 polygons
2026-04-16 14:38:41 +0200: Memory Usage (448448K) : metal5_slit has 0 polygons
2026-04-16 14:38:41 +0200: Memory Usage (448448K) : metal5_text has 0 polygons
2026-04-16 14:38:41 +0200: Memory Usage (448448K) : metal5_opc has 0 polygons
2026-04-16 14:38:41 +0200: Memory Usage (448640K) : metal5_noqrc has 0 polygons
2026-04-16 14:38:41 +0200: Memory Usage (448640K) : metal5_res has 0 polygons
2026-04-16 14:38:41 +0200: Memory Usage (448640K) : metal5_iprobe has 0 polygons
2026-04-16 14:38:41 +0200: Memory Usage (448640K) : metal5_diffprb has 0 polygons
2026-04-16 14:38:41 +0200: Memory Usage (448832K) : radhard_drw has 0 polygons
2026-04-16 14:38:41 +0200: Memory Usage (448832K) : memcap_drw has 0 polygons
2026-04-16 14:38:41 +0200: Memory Usage (449024K) : varicap_drw has 0 polygons
2026-04-16 14:38:41 +0200: Memory Usage (449024K) : flash_drw has 0 polygons
2026-04-16 14:38:41 +0200: Memory Usage (449024K) : intbondvia_drw has 0 polygons
2026-04-16 14:38:41 +0200: Memory Usage (449216K) : intbondmet_drw has 0 polygons
2026-04-16 14:38:41 +0200: Memory Usage (449216K) : devbondvia_drw has 0 polygons
2026-04-16 14:38:41 +0200: Memory Usage (449216K) : devbondmet_drw has 0 polygons
2026-04-16 14:38:41 +0200: Memory Usage (449408K) : devtrench_drw has 0 polygons
2026-04-16 14:38:41 +0200: Memory Usage (449408K) : redist_drw has 0 polygons
2026-04-16 14:38:41 +0200: Memory Usage (449408K) : graphbot_drw has 0 polygons
2026-04-16 14:38:41 +0200: Memory Usage (449600K) : graphtop_drw has 0 polygons
2026-04-16 14:38:41 +0200: Memory Usage (449600K) : antvia1_drw has 0 polygons
2026-04-16 14:38:41 +0200: Memory Usage (449600K) : antmetal2_drw has 0 polygons
2026-04-16 14:38:41 +0200: Memory Usage (449600K) : graphcont_drw has 0 polygons
2026-04-16 14:38:41 +0200: Memory Usage (449792K) : siwg_drw has 0 polygons
2026-04-16 14:38:41 +0200: Memory Usage (449792K) : siwg_filler has 0 polygons
2026-04-16 14:38:41 +0200: Memory Usage (449792K) : siwg_nofill has 0 polygons
2026-04-16 14:38:41 +0200: Memory Usage (449984K) : sigrating_drw has 0 polygons
2026-04-16 14:38:41 +0200: Memory Usage (449984K) : singrating_drw has 0 polygons
2026-04-16 14:38:41 +0200: Memory Usage (449984K) : graphpas_drw has 0 polygons
2026-04-16 14:38:41 +0200: Memory Usage (450176K) : emwind3_drw has 0 polygons
2026-04-16 14:38:41 +0200: Memory Usage (450176K) : emwihv3_drw has 0 polygons
2026-04-16 14:38:41 +0200: Memory Usage (450176K) : redbulay_drw has 0 polygons
2026-04-16 14:38:41 +0200: Memory Usage (450368K) : smos_drw has 0 polygons
2026-04-16 14:38:41 +0200: Memory Usage (450368K) : graphpad_drw has 0 polygons
2026-04-16 14:38:41 +0200: Memory Usage (450368K) : polimide_drw has 0 polygons
2026-04-16 14:38:41 +0200: Memory Usage (450368K) : polimide_pin has 0 polygons
2026-04-16 14:38:41 +0200: Memory Usage (450560K) : recog_drw has 0 polygons
2026-04-16 14:38:41 +0200: Memory Usage (450560K) : recog_pin has 0 polygons
2026-04-16 14:38:41 +0200: Memory Usage (450752K) : recog_esd has 0 polygons
2026-04-16 14:38:41 +0200: Memory Usage (450752K) : recog_diode has 0 polygons
2026-04-16 14:38:41 +0200: Memory Usage (450752K) : recog_tsv has 0 polygons
2026-04-16 14:38:41 +0200: Memory Usage (450944K) : recog_iprobe has 0 polygons
2026-04-16 14:38:41 +0200: Memory Usage (450944K) : recog_diffprb has 0 polygons
2026-04-16 14:38:41 +0200: Memory Usage (450944K) : recog_pillar has 0 polygons
2026-04-16 14:38:41 +0200: Memory Usage (451136K) : recog_sbump has 0 polygons
2026-04-16 14:38:41 +0200: Memory Usage (451136K) : recog_otp has 0 polygons
2026-04-16 14:38:41 +0200: Memory Usage (451136K) : recog_pdiode has 0 polygons
2026-04-16 14:38:41 +0200: Memory Usage (451136K) : recog_mom has 0 polygons
2026-04-16 14:38:41 +0200: Memory Usage (451136K) : recog_pcm has 0 polygons
2026-04-16 14:38:41 +0200: Memory Usage (451136K) : colopen_drw has 0 polygons
2026-04-16 14:38:41 +0200: Memory Usage (451328K) : graphmetal1_drw has 0 polygons
2026-04-16 14:38:41 +0200: Memory Usage (451328K) : graphmetal1_filler has 0 polygons
2026-04-16 14:38:41 +0200: Memory Usage (451328K) : graphmetal1_nofill has 0 polygons
2026-04-16 14:38:41 +0200: Memory Usage (451328K) : graphmetal1_slit has 0 polygons
2026-04-16 14:38:41 +0200: Memory Usage (451328K) : graphmetal1_opc has 0 polygons
2026-04-16 14:38:41 +0200: Memory Usage (451520K) : graphmet1l_drw has 0 polygons
2026-04-16 14:38:41 +0200: Memory Usage (451520K) : graphmet1l_filler has 0 polygons
2026-04-16 14:38:41 +0200: Memory Usage (451520K) : graphmet1l_nofill has 0 polygons
2026-04-16 14:38:41 +0200: Memory Usage (451520K) : graphmet1l_slit has 0 polygons
2026-04-16 14:38:41 +0200: Memory Usage (451520K) : graphmet1l_opc has 0 polygons
2026-04-16 14:38:41 +0200: Memory Usage (451712K) : extblock_drw has 0 polygons
2026-04-16 14:38:41 +0200: Memory Usage (451712K) : nldd_drw has 0 polygons
2026-04-16 14:38:41 +0200: Memory Usage (451712K) : pldd_drw has 0 polygons
2026-04-16 14:38:41 +0200: Memory Usage (451712K) : next_drw has 0 polygons
2026-04-16 14:38:41 +0200: Memory Usage (451904K) : pext_drw has 0 polygons
2026-04-16 14:38:41 +0200: Memory Usage (451904K) : nexthv_drw has 0 polygons
2026-04-16 14:38:41 +0200: Memory Usage (451904K) : pexthv_drw has 0 polygons
2026-04-16 14:38:41 +0200: Memory Usage (452096K) : graphgate_drw has 0 polygons
2026-04-16 14:38:41 +0200: Memory Usage (452096K) : sinwg_drw has 0 polygons
2026-04-16 14:38:41 +0200: Memory Usage (452096K) : sinwg_filler has 0 polygons
2026-04-16 14:38:41 +0200: Memory Usage (452096K) : sinwg_nofill has 0 polygons
2026-04-16 14:38:41 +0200: Memory Usage (452288K) : mempad_drw has 0 polygons
2026-04-16 14:38:41 +0200: Memory Usage (452288K) : topvia1_drw has 0 polygons
2026-04-16 14:38:41 +0200: Memory Usage (452288K) : topmetal1_drw has 0 polygons
2026-04-16 14:38:41 +0200: Memory Usage (452480K) : topmetal1_pin has 0 polygons
2026-04-16 14:38:41 +0200: Memory Usage (452480K) : topmetal1_mask has 0 polygons
2026-04-16 14:38:41 +0200: Memory Usage (452480K) : topmetal1_filler has 0 polygons
2026-04-16 14:38:41 +0200: Memory Usage (452480K) : topmetal1_nofill has 0 polygons
2026-04-16 14:38:41 +0200: Memory Usage (452480K) : topmetal1_slit has 0 polygons
2026-04-16 14:38:41 +0200: Memory Usage (452672K) : topmetal1_text has 0 polygons
2026-04-16 14:38:41 +0200: Memory Usage (452672K) : topmetal1_noqrc has 0 polygons
2026-04-16 14:38:41 +0200: Memory Usage (452672K) : topmetal1_res has 0 polygons
2026-04-16 14:38:41 +0200: Memory Usage (452672K) : topmetal1_iprobe has 0 polygons
2026-04-16 14:38:41 +0200: Memory Usage (452672K) : topmetal1_diffprb has 0 polygons
2026-04-16 14:38:41 +0200: Memory Usage (452864K) : inldpwl_drw has 0 polygons
2026-04-16 14:38:41 +0200: Memory Usage (452864K) : polyres_drw has 0 polygons
2026-04-16 14:38:41 +0200: Memory Usage (452864K) : polyres_pin has 0 polygons
2026-04-16 14:38:41 +0200: Memory Usage (452864K) : vmim_drw has 0 polygons
2026-04-16 14:38:41 +0200: Memory Usage (453056K) : nbulaycut_drw has 0 polygons
2026-04-16 14:38:41 +0200: Memory Usage (453056K) : antmetal1_drw has 0 polygons
2026-04-16 14:38:41 +0200: Memory Usage (453056K) : topvia2_drw has 0 polygons
2026-04-16 14:38:41 +0200: Memory Usage (453056K) : topmetal2_drw has 0 polygons
2026-04-16 14:38:41 +0200: Memory Usage (453248K) : topmetal2_pin has 0 polygons
2026-04-16 14:38:41 +0200: Memory Usage (453248K) : topmetal2_mask has 0 polygons
2026-04-16 14:38:41 +0200: Memory Usage (453248K) : topmetal2_filler has 0 polygons
2026-04-16 14:38:41 +0200: Memory Usage (453440K) : topmetal2_nofill has 0 polygons
2026-04-16 14:38:41 +0200: Memory Usage (453440K) : topmetal2_slit has 0 polygons
2026-04-16 14:38:41 +0200: Memory Usage (453440K) : topmetal2_text has 0 polygons
2026-04-16 14:38:41 +0200: Memory Usage (453440K) : topmetal2_noqrc has 0 polygons
2026-04-16 14:38:41 +0200: Memory Usage (453632K) : topmetal2_res has 0 polygons
2026-04-16 14:38:41 +0200: Memory Usage (453632K) : topmetal2_iprobe has 0 polygons
2026-04-16 14:38:41 +0200: Memory Usage (453632K) : topmetal2_diffprb has 0 polygons
2026-04-16 14:38:41 +0200: Memory Usage (453632K) : snsring_drw has 0 polygons
2026-04-16 14:38:41 +0200: Memory Usage (453824K) : sensor_drw has 0 polygons
2026-04-16 14:38:41 +0200: Memory Usage (453824K) : snsarms_drw has 0 polygons
2026-04-16 14:38:41 +0200: Memory Usage (453824K) : snscmosvia_drw has 0 polygons
2026-04-16 14:38:41 +0200: Memory Usage (454016K) : colwind_drw has 0 polygons
2026-04-16 14:38:41 +0200: Memory Usage (454016K) : flm_drw has 0 polygons
2026-04-16 14:38:41 +0200: Memory Usage (454016K) : hafniumox_drw has 0 polygons
2026-04-16 14:38:41 +0200: Memory Usage (454016K) : memvia_drw has 0 polygons
2026-04-16 14:38:41 +0200: Memory Usage (454208K) : thinfilmres_drw has 0 polygons
2026-04-16 14:38:41 +0200: Memory Usage (454208K) : rfmem_drw has 0 polygons
2026-04-16 14:38:41 +0200: Memory Usage (454208K) : norcx_drw has 0 polygons
2026-04-16 14:38:41 +0200: Memory Usage (454400K) : norcx_m2m3 has 0 polygons
2026-04-16 14:38:41 +0200: Memory Usage (454400K) : norcx_m2m4 has 0 polygons
2026-04-16 14:38:41 +0200: Memory Usage (454400K) : norcx_m2m5 has 0 polygons
2026-04-16 14:38:41 +0200: Memory Usage (454400K) : norcx_m2tm1 has 0 polygons
2026-04-16 14:38:41 +0200: Memory Usage (454592K) : norcx_m2tm2 has 0 polygons
2026-04-16 14:38:41 +0200: Memory Usage (454592K) : norcx_m3m4 has 0 polygons
2026-04-16 14:38:41 +0200: Memory Usage (454592K) : norcx_m3m5 has 0 polygons
2026-04-16 14:38:41 +0200: Memory Usage (454784K) : norcx_m3tm1 has 0 polygons
2026-04-16 14:38:41 +0200: Memory Usage (454784K) : norcx_m3tm2 has 0 polygons
2026-04-16 14:38:41 +0200: Memory Usage (454784K) : norcx_m4m5 has 0 polygons
2026-04-16 14:38:41 +0200: Memory Usage (454784K) : norcx_m4tm1 has 0 polygons
2026-04-16 14:38:41 +0200: Memory Usage (454784K) : norcx_m4tm2 has 0 polygons
2026-04-16 14:38:41 +0200: Memory Usage (454784K) : norcx_m5tm1 has 0 polygons
2026-04-16 14:38:41 +0200: Memory Usage (454784K) : norcx_m5tm2 has 0 polygons
2026-04-16 14:38:41 +0200: Memory Usage (454976K) : norcx_tm1tm2 has 0 polygons
2026-04-16 14:38:41 +0200: Memory Usage (454976K) : norcx_m1sub has 0 polygons
2026-04-16 14:38:41 +0200: Memory Usage (454976K) : norcx_m2sub has 0 polygons
2026-04-16 14:38:41 +0200: Memory Usage (454976K) : norcx_m3sub has 0 polygons
2026-04-16 14:38:41 +0200: Memory Usage (454976K) : norcx_m4sub has 0 polygons
2026-04-16 14:38:41 +0200: Memory Usage (455168K) : norcx_m5sub has 0 polygons
2026-04-16 14:38:41 +0200: Memory Usage (455168K) : norcx_tm1sub has 0 polygons
2026-04-16 14:38:41 +0200: Memory Usage (455168K) : norcx_tm2sub has 0 polygons
2026-04-16 14:38:41 +0200: Memory Usage (455168K) : snsbotvia_drw has 0 polygons
2026-04-16 14:38:41 +0200: Memory Usage (455168K) : snstopvia_drw has 0 polygons
2026-04-16 14:38:41 +0200: Memory Usage (455360K) : deepvia_drw has 0 polygons
2026-04-16 14:38:41 +0200: Memory Usage (455360K) : fgetch_drw has 0 polygons
2026-04-16 14:38:41 +0200: Memory Usage (455360K) : ctrgat_drw has 0 polygons
2026-04-16 14:38:41 +0200: Memory Usage (455360K) : fgimp_drw has 0 polygons
2026-04-16 14:38:41 +0200: Memory Usage (455360K) : emwihv_drw has 0 polygons
2026-04-16 14:38:41 +0200: Memory Usage (455552K) : lbe_drw has 0 polygons
2026-04-16 14:38:41 +0200: Memory Usage (455552K) : alcustop_drw has 0 polygons
2026-04-16 14:38:41 +0200: Memory Usage (455552K) : nometfiller_drw has 0 polygons
2026-04-16 14:38:41 +0200: Memory Usage (455552K) : prboundary_drw has 0 polygons
2026-04-16 14:38:41 +0200: Memory Usage (455552K) : exchange0_drw has 0 polygons
2026-04-16 14:38:41 +0200: Memory Usage (455744K) : exchange0_pin has 0 polygons
2026-04-16 14:38:41 +0200: Memory Usage (455744K) : exchange0_text has 0 polygons
2026-04-16 14:38:41 +0200: Memory Usage (455744K) : exchange1_drw has 0 polygons
2026-04-16 14:38:41 +0200: Memory Usage (455744K) : exchange1_pin has 0 polygons
2026-04-16 14:38:41 +0200: Memory Usage (455744K) : exchange1_text has 0 polygons
2026-04-16 14:38:41 +0200: Memory Usage (455936K) : exchange2_drw has 0 polygons
2026-04-16 14:38:41 +0200: Memory Usage (455936K) : exchange2_pin has 0 polygons
2026-04-16 14:38:41 +0200: Memory Usage (455936K) : exchange2_text has 0 polygons
2026-04-16 14:38:41 +0200: Memory Usage (455936K) : exchange3_drw has 0 polygons
2026-04-16 14:38:41 +0200: Memory Usage (455936K) : exchange3_pin has 0 polygons
2026-04-16 14:38:41 +0200: Memory Usage (456128K) : exchange3_text has 0 polygons
2026-04-16 14:38:41 +0200: Memory Usage (456128K) : exchange4_drw has 0 polygons
2026-04-16 14:38:41 +0200: Memory Usage (456128K) : exchange4_pin has 0 polygons
2026-04-16 14:38:41 +0200: Memory Usage (456320K) : exchange4_text has 0 polygons
2026-04-16 14:38:41 +0200: Memory Usage (456320K) : isonwell_drw has 0 polygons
2026-04-16 14:38:41 +0200: Memory Usage (456320K) : Total no. of polygons in the design is 64
2026-04-16 14:38:41 +0200: Memory Usage (456320K) : Loaded TECH DRC rules values from /foss/pdks/ihp-sg13g2/libs.tech/klayout/python/sg13g2_pycell_lib/sg13g2_tech_mod.json
2026-04-16 14:38:41 +0200: Memory Usage (456320K) : Loaded default DRC rules values from /foss/pdks/ihp-sg13g2/libs.tech/klayout/tech/drc/rule_decks/sg13g2_tech_default.json
2026-04-16 14:38:41 +0200: Memory Usage (456320K) : The following rules values were missing in tech json and default values were used:
2026-04-16 14:38:41 +0200: Memory Usage (456320K) :   - Cnt_c_digibnd
2026-04-16 14:38:41 +0200: Memory Usage (457472K) : Total area of the design is 6.0196000000000005 um^2.
2026-04-16 14:38:41 +0200: Memory Usage (457472K) : The design dimensions are 1.49 µm * 4.04 µm.
2026-04-16 14:38:41 +0200: Memory Usage (457472K) : Starting general IHP-SG13G2 derivations.
2026-04-16 14:38:41 +0200: Memory Usage (457472K) : Starting Pwell derivations
2026-04-16 14:38:41 +0200: Memory Usage (459460K) : Starting pad general derivations
2026-04-16 14:38:41 +0200: Memory Usage (459844K) : Starting IHP-SG13G2 DRC rules.
2026-04-16 14:38:41 +0200: Memory Usage (459844K) : Starting 6.9.2 Copper Pillar table
2026-04-16 14:38:41 +0200: Memory Usage (459844K) : Executing rule Padc.a
2026-04-16 14:38:41 +0200: Memory Usage (460440K) : Executing rule Padc.b
2026-04-16 14:38:41 +0200: Memory Usage (460440K) : Executing rule Padc.c
2026-04-16 14:38:41 +0200: Memory Usage (460824K) : Executing rule Padb.f
2026-04-16 14:38:41 +0200: Memory Usage (461016K) : KLayout DRC run for tables 'copperpillar' completed in 0.23 seconds
