# Logfile created on 2026-04-16 14:38:36 +0200 by logger.rb/v1.5.3
2026-04-16 14:38:36 +0200: Memory Usage (438384K) : Starting running IHP-SG13G2 KLayout DRC runset on /var/home/bleroux/Documents/stage_IEMN/analog-asic-design/designs/inverter/layout/inverter.klay.gds
2026-04-16 14:38:36 +0200: Memory Usage (438384K) : Ruby Version for klayout: 3.2.3
2026-04-16 14:38:36 +0200: Memory Usage (439556K) : Loading database to memory is complete.
2026-04-16 14:38:36 +0200: Memory Usage (439556K) : IHP-SG13G2 KLayout DRC runset output at: /var/home/bleroux/Documents/stage_IEMN/analog-asic-design/drc_run_TOP/inverter.klay_TOP_nbulay.lyrdb
2026-04-16 14:38:36 +0200: Memory Usage (439556K) : Evaluate switches.
2026-04-16 14:38:36 +0200: Memory Usage (439556K) : tables selected: nbulay
2026-04-16 14:38:36 +0200: Memory Usage (439556K) : KLayout will use 1 thread(s) in tiling mode.
2026-04-16 14:38:36 +0200: Memory Usage (439556K) : deep mode is enabled.
2026-04-16 14:38:36 +0200: Memory Usage (439556K) : FEOL enabled: false
2026-04-16 14:38:36 +0200: Memory Usage (439556K) : BEOL enabled: false
2026-04-16 14:38:36 +0200: Memory Usage (439556K) : OFFGRID enabled: true
2026-04-16 14:38:36 +0200: Memory Usage (439556K) : PIN enabled: false
2026-04-16 14:38:36 +0200: Memory Usage (439556K) : FORBIDDEN enabled: false
2026-04-16 14:38:36 +0200: Memory Usage (439556K) : RECOMMENDED enabled: true
2026-04-16 14:38:36 +0200: Memory Usage (439556K) : PreCheck DRC enabled: false
2026-04-16 14:38:36 +0200: Memory Usage (439556K) : CONNECTIVITY_RULES enabled: true.
2026-04-16 14:38:36 +0200: Memory Usage (439556K) : Read in polygons from layers.
2026-04-16 14:38:36 +0200: Memory Usage (440940K) : activ_drw has 8 polygons
2026-04-16 14:38:36 +0200: Memory Usage (440940K) : activ_pin has 0 polygons
2026-04-16 14:38:36 +0200: Memory Usage (440940K) : activ_mask has 0 polygons
2026-04-16 14:38:36 +0200: Memory Usage (440940K) : activ_filler has 0 polygons
2026-04-16 14:38:36 +0200: Memory Usage (440940K) : activ_nofill has 0 polygons
2026-04-16 14:38:36 +0200: Memory Usage (440940K) : activ_opc has 0 polygons
2026-04-16 14:38:36 +0200: Memory Usage (440940K) : activ_iopc has 0 polygons
2026-04-16 14:38:36 +0200: Memory Usage (440940K) : activ_noqrc has 0 polygons
2026-04-16 14:38:36 +0200: Memory Usage (440940K) : biwind_drw has 0 polygons
2026-04-16 14:38:36 +0200: Memory Usage (440940K) : biwind_opc has 0 polygons
2026-04-16 14:38:36 +0200: Memory Usage (440940K) : pemwind_drw has 0 polygons
2026-04-16 14:38:36 +0200: Memory Usage (440940K) : gatpoly_drw has 5 polygons
2026-04-16 14:38:36 +0200: Memory Usage (440940K) : gatpoly_pin has 1 polygons
2026-04-16 14:38:36 +0200: Memory Usage (440940K) : gatpoly_filler has 0 polygons
2026-04-16 14:38:36 +0200: Memory Usage (440940K) : gatpoly_nofill has 0 polygons
2026-04-16 14:38:36 +0200: Memory Usage (440940K) : gatpoly_opc has 0 polygons
2026-04-16 14:38:36 +0200: Memory Usage (440940K) : gatpoly_iopc has 0 polygons
2026-04-16 14:38:36 +0200: Memory Usage (440940K) : gatpoly_noqrc has 0 polygons
2026-04-16 14:38:36 +0200: Memory Usage (440940K) : cont_drw has 13 polygons
2026-04-16 14:38:36 +0200: Memory Usage (440940K) : cont_opc has 0 polygons
2026-04-16 14:38:36 +0200: Memory Usage (440940K) : nsd_drw has 0 polygons
2026-04-16 14:38:36 +0200: Memory Usage (440940K) : nsd_block has 0 polygons
2026-04-16 14:38:36 +0200: Memory Usage (441132K) : metal1_drw has 13 polygons
2026-04-16 14:38:36 +0200: Memory Usage (441132K) : metal1_pin has 7 polygons
2026-04-16 14:38:36 +0200: Memory Usage (441132K) : metal1_mask has 0 polygons
2026-04-16 14:38:36 +0200: Memory Usage (441132K) : metal1_filler has 0 polygons
2026-04-16 14:38:36 +0200: Memory Usage (441132K) : metal1_nofill has 0 polygons
2026-04-16 14:38:36 +0200: Memory Usage (441132K) : metal1_slit has 0 polygons
2026-04-16 14:38:36 +0200: Memory Usage (441516K) : metal1_text has 2 polygons
2026-04-16 14:38:36 +0200: Memory Usage (441516K) : metal1_opc has 0 polygons
2026-04-16 14:38:36 +0200: Memory Usage (441516K) : metal1_noqrc has 0 polygons
2026-04-16 14:38:36 +0200: Memory Usage (441708K) : metal1_res has 0 polygons
2026-04-16 14:38:36 +0200: Memory Usage (441708K) : metal1_iprobe has 0 polygons
2026-04-16 14:38:36 +0200: Memory Usage (441708K) : metal1_diffprb has 0 polygons
2026-04-16 14:38:36 +0200: Memory Usage (441708K) : passiv_drw has 0 polygons
2026-04-16 14:38:36 +0200: Memory Usage (441708K) : passiv_pin has 0 polygons
2026-04-16 14:38:36 +0200: Memory Usage (441900K) : passiv_sbump has 0 polygons
2026-04-16 14:38:36 +0200: Memory Usage (441900K) : passiv_pillar has 0 polygons
2026-04-16 14:38:36 +0200: Memory Usage (441900K) : passiv_pdl has 0 polygons
2026-04-16 14:38:36 +0200: Memory Usage (442092K) : metal2_drw has 0 polygons
2026-04-16 14:38:36 +0200: Memory Usage (442092K) : metal2_pin has 0 polygons
2026-04-16 14:38:36 +0200: Memory Usage (442092K) : metal2_mask has 0 polygons
2026-04-16 14:38:36 +0200: Memory Usage (442092K) : metal2_filler has 0 polygons
2026-04-16 14:38:36 +0200: Memory Usage (442284K) : metal2_nofill has 0 polygons
2026-04-16 14:38:36 +0200: Memory Usage (442284K) : metal2_slit has 0 polygons
2026-04-16 14:38:36 +0200: Memory Usage (442284K) : metal2_text has 0 polygons
2026-04-16 14:38:36 +0200: Memory Usage (442476K) : metal2_opc has 0 polygons
2026-04-16 14:38:36 +0200: Memory Usage (442476K) : metal2_noqrc has 0 polygons
2026-04-16 14:38:36 +0200: Memory Usage (442476K) : metal2_res has 0 polygons
2026-04-16 14:38:36 +0200: Memory Usage (442668K) : metal2_iprobe has 0 polygons
2026-04-16 14:38:36 +0200: Memory Usage (442668K) : metal2_diffprb has 0 polygons
2026-04-16 14:38:36 +0200: Memory Usage (442668K) : baspoly_drw has 0 polygons
2026-04-16 14:38:36 +0200: Memory Usage (442860K) : baspoly_pin has 0 polygons
2026-04-16 14:38:36 +0200: Memory Usage (442860K) : psd_drw has 2 polygons
2026-04-16 14:38:36 +0200: Memory Usage (442860K) : nldb_drw has 0 polygons
2026-04-16 14:38:36 +0200: Memory Usage (442860K) : digibnd_drw has 0 polygons
2026-04-16 14:38:36 +0200: Memory Usage (443052K) : via1_drw has 0 polygons
2026-04-16 14:38:36 +0200: Memory Usage (443052K) : backmetal1_drw has 0 polygons
2026-04-16 14:38:36 +0200: Memory Usage (443052K) : backmetal1_pin has 0 polygons
2026-04-16 14:38:36 +0200: Memory Usage (443244K) : backmetal1_mask has 0 polygons
2026-04-16 14:38:36 +0200: Memory Usage (443244K) : backmetal1_filler has 0 polygons
2026-04-16 14:38:36 +0200: Memory Usage (443244K) : backmetal1_nofill has 0 polygons
2026-04-16 14:38:36 +0200: Memory Usage (443244K) : backmetal1_slit has 0 polygons
2026-04-16 14:38:36 +0200: Memory Usage (443436K) : backmetal1_text has 0 polygons
2026-04-16 14:38:36 +0200: Memory Usage (443436K) : backmetal1_opc has 0 polygons
2026-04-16 14:38:36 +0200: Memory Usage (443436K) : backmetal1_noqrc has 0 polygons
2026-04-16 14:38:36 +0200: Memory Usage (443628K) : backmetal1_res has 0 polygons
2026-04-16 14:38:36 +0200: Memory Usage (443628K) : backmetal1_iprobe has 0 polygons
2026-04-16 14:38:36 +0200: Memory Usage (443628K) : backmetal1_diffprb has 0 polygons
2026-04-16 14:38:36 +0200: Memory Usage (443628K) : backpassiv_drw has 0 polygons
2026-04-16 14:38:36 +0200: Memory Usage (443820K) : res_drw has 0 polygons
2026-04-16 14:38:36 +0200: Memory Usage (443820K) : sram_drw has 0 polygons
2026-04-16 14:38:36 +0200: Memory Usage (443820K) : trans_drw has 0 polygons
2026-04-16 14:38:36 +0200: Memory Usage (444012K) : ind_drw has 0 polygons
2026-04-16 14:38:36 +0200: Memory Usage (444012K) : ind_pin has 0 polygons
2026-04-16 14:38:36 +0200: Memory Usage (444204K) : ind_text has 0 polygons
2026-04-16 14:38:36 +0200: Memory Usage (444204K) : salblock_drw has 0 polygons
2026-04-16 14:38:36 +0200: Memory Usage (444204K) : via2_drw has 0 polygons
2026-04-16 14:38:36 +0200: Memory Usage (444396K) : metal3_drw has 0 polygons
2026-04-16 14:38:36 +0200: Memory Usage (444396K) : metal3_pin has 0 polygons
2026-04-16 14:38:36 +0200: Memory Usage (444396K) : metal3_mask has 0 polygons
2026-04-16 14:38:36 +0200: Memory Usage (444588K) : metal3_filler has 0 polygons
2026-04-16 14:38:36 +0200: Memory Usage (444588K) : metal3_nofill has 0 polygons
2026-04-16 14:38:36 +0200: Memory Usage (444588K) : metal3_slit has 0 polygons
2026-04-16 14:38:36 +0200: Memory Usage (444588K) : metal3_text has 0 polygons
2026-04-16 14:38:36 +0200: Memory Usage (444780K) : metal3_opc has 0 polygons
2026-04-16 14:38:36 +0200: Memory Usage (444780K) : metal3_noqrc has 0 polygons
2026-04-16 14:38:36 +0200: Memory Usage (444780K) : metal3_res has 0 polygons
2026-04-16 14:38:36 +0200: Memory Usage (444780K) : metal3_iprobe has 0 polygons
2026-04-16 14:38:36 +0200: Memory Usage (444972K) : metal3_diffprb has 0 polygons
2026-04-16 14:38:36 +0200: Memory Usage (444972K) : nwell_drw has 3 polygons
2026-04-16 14:38:36 +0200: Memory Usage (444972K) : nwell_pin has 1 polygons
2026-04-16 14:38:36 +0200: Memory Usage (445164K) : nbulay_drw has 1 polygons
2026-04-16 14:38:36 +0200: Memory Usage (445164K) : nbulay_pin has 0 polygons
2026-04-16 14:38:36 +0200: Memory Usage (445356K) : nbulay_block has 0 polygons
2026-04-16 14:38:36 +0200: Memory Usage (445356K) : emwind_drw has 0 polygons
2026-04-16 14:38:36 +0200: Memory Usage (445356K) : emwind_opc has 0 polygons
2026-04-16 14:38:36 +0200: Memory Usage (445356K) : deepco_drw has 0 polygons
2026-04-16 14:38:36 +0200: Memory Usage (445548K) : deepco_drw has 0 polygons
2026-04-16 14:38:36 +0200: Memory Usage (445548K) : mim_drw has 0 polygons
2026-04-16 14:38:36 +0200: Memory Usage (445740K) : edgeseal_drw has 0 polygons
2026-04-16 14:38:36 +0200: Memory Usage (445740K) : edgeseal_bound has 0 polygons
2026-04-16 14:38:36 +0200: Memory Usage (445740K) : substrate_drw has 2 polygons
2026-04-16 14:38:36 +0200: Memory Usage (445740K) : substrate_text has 0 polygons
2026-04-16 14:38:36 +0200: Memory Usage (445932K) : dfpad_drw has 0 polygons
2026-04-16 14:38:36 +0200: Memory Usage (445932K) : dfpad_pillar has 0 polygons
2026-04-16 14:38:36 +0200: Memory Usage (445932K) : dfpad_sbump has 0 polygons
2026-04-16 14:38:36 +0200: Memory Usage (446124K) : thickgateox_drw has 0 polygons
2026-04-16 14:38:36 +0200: Memory Usage (446124K) : pldb_drw has 0 polygons
2026-04-16 14:38:36 +0200: Memory Usage (446124K) : pwell_drw has 0 polygons
2026-04-16 14:38:36 +0200: Memory Usage (446124K) : pwell_pin has 0 polygons
2026-04-16 14:38:36 +0200: Memory Usage (446316K) : pwell_block has 0 polygons
2026-04-16 14:38:36 +0200: Memory Usage (446316K) : ic_drw has 0 polygons
2026-04-16 14:38:36 +0200: Memory Usage (446316K) : via3_drw has 0 polygons
2026-04-16 14:38:36 +0200: Memory Usage (446508K) : metal4_drw has 0 polygons
2026-04-16 14:38:36 +0200: Memory Usage (446508K) : metal4_pin has 0 polygons
2026-04-16 14:38:36 +0200: Memory Usage (446700K) : metal4_mask has 0 polygons
2026-04-16 14:38:36 +0200: Memory Usage (446700K) : metal4_filler has 0 polygons
2026-04-16 14:38:36 +0200: Memory Usage (446700K) : metal4_nofill has 0 polygons
2026-04-16 14:38:36 +0200: Memory Usage (446700K) : metal4_slit has 0 polygons
2026-04-16 14:38:36 +0200: Memory Usage (446892K) : metal4_text has 0 polygons
2026-04-16 14:38:36 +0200: Memory Usage (446892K) : metal4_opc has 0 polygons
2026-04-16 14:38:36 +0200: Memory Usage (446892K) : metal4_noqrc has 0 polygons
2026-04-16 14:38:36 +0200: Memory Usage (446892K) : metal4_res has 0 polygons
2026-04-16 14:38:36 +0200: Memory Usage (447084K) : metal4_iprobe has 0 polygons
2026-04-16 14:38:36 +0200: Memory Usage (447084K) : metal4_diffprb has 0 polygons
2026-04-16 14:38:36 +0200: Memory Usage (447276K) : heattrans_drw has 2 polygons
2026-04-16 14:38:36 +0200: Memory Usage (447276K) : heatres_drw has 0 polygons
2026-04-16 14:38:36 +0200: Memory Usage (447276K) : pempoly_drw has 0 polygons
2026-04-16 14:38:36 +0200: Memory Usage (447468K) : fbe_drw has 0 polygons
2026-04-16 14:38:36 +0200: Memory Usage (447468K) : empoly_drw has 0 polygons
2026-04-16 14:38:36 +0200: Memory Usage (447468K) : ldmos_drw has 0 polygons
2026-04-16 14:38:36 +0200: Memory Usage (447660K) : pbiwind_drw has 0 polygons
2026-04-16 14:38:36 +0200: Memory Usage (447660K) : digisub_drw has 0 polygons
2026-04-16 14:38:36 +0200: Memory Usage (447660K) : nodrc_drw has 0 polygons
2026-04-16 14:38:36 +0200: Memory Usage (447852K) : text_drw has 4 polygons
2026-04-16 14:38:36 +0200: Memory Usage (447852K) : via4_drw has 0 polygons
2026-04-16 14:38:36 +0200: Memory Usage (447852K) : metal5_drw has 0 polygons
2026-04-16 14:38:36 +0200: Memory Usage (447852K) : metal5_pin has 0 polygons
2026-04-16 14:38:36 +0200: Memory Usage (448044K) : metal5_mask has 0 polygons
2026-04-16 14:38:36 +0200: Memory Usage (448044K) : metal5_filler has 0 polygons
2026-04-16 14:38:36 +0200: Memory Usage (448044K) : metal5_nofill has 0 polygons
2026-04-16 14:38:36 +0200: Memory Usage (448236K) : metal5_slit has 0 polygons
2026-04-16 14:38:36 +0200: Memory Usage (448236K) : metal5_text has 0 polygons
2026-04-16 14:38:36 +0200: Memory Usage (448236K) : metal5_opc has 0 polygons
2026-04-16 14:38:36 +0200: Memory Usage (448236K) : metal5_noqrc has 0 polygons
2026-04-16 14:38:36 +0200: Memory Usage (448428K) : metal5_res has 0 polygons
2026-04-16 14:38:36 +0200: Memory Usage (448428K) : metal5_iprobe has 0 polygons
2026-04-16 14:38:36 +0200: Memory Usage (448428K) : metal5_diffprb has 0 polygons
2026-04-16 14:38:36 +0200: Memory Usage (448620K) : radhard_drw has 0 polygons
2026-04-16 14:38:36 +0200: Memory Usage (448620K) : memcap_drw has 0 polygons
2026-04-16 14:38:36 +0200: Memory Usage (448812K) : varicap_drw has 0 polygons
2026-04-16 14:38:36 +0200: Memory Usage (448812K) : flash_drw has 0 polygons
2026-04-16 14:38:36 +0200: Memory Usage (448812K) : intbondvia_drw has 0 polygons
2026-04-16 14:38:36 +0200: Memory Usage (448812K) : intbondmet_drw has 0 polygons
2026-04-16 14:38:36 +0200: Memory Usage (448812K) : devbondvia_drw has 0 polygons
2026-04-16 14:38:36 +0200: Memory Usage (448812K) : devbondmet_drw has 0 polygons
2026-04-16 14:38:36 +0200: Memory Usage (448812K) : devtrench_drw has 0 polygons
2026-04-16 14:38:36 +0200: Memory Usage (449004K) : redist_drw has 0 polygons
2026-04-16 14:38:36 +0200: Memory Usage (449004K) : graphbot_drw has 0 polygons
2026-04-16 14:38:36 +0200: Memory Usage (449004K) : graphtop_drw has 0 polygons
2026-04-16 14:38:36 +0200: Memory Usage (449196K) : antvia1_drw has 0 polygons
2026-04-16 14:38:36 +0200: Memory Usage (449196K) : antmetal2_drw has 0 polygons
2026-04-16 14:38:36 +0200: Memory Usage (449196K) : graphcont_drw has 0 polygons
2026-04-16 14:38:36 +0200: Memory Usage (449196K) : siwg_drw has 0 polygons
2026-04-16 14:38:36 +0200: Memory Usage (449388K) : siwg_filler has 0 polygons
2026-04-16 14:38:36 +0200: Memory Usage (449388K) : siwg_nofill has 0 polygons
2026-04-16 14:38:36 +0200: Memory Usage (449580K) : sigrating_drw has 0 polygons
2026-04-16 14:38:36 +0200: Memory Usage (449580K) : singrating_drw has 0 polygons
2026-04-16 14:38:36 +0200: Memory Usage (449580K) : graphpas_drw has 0 polygons
2026-04-16 14:38:36 +0200: Memory Usage (449772K) : emwind3_drw has 0 polygons
2026-04-16 14:38:36 +0200: Memory Usage (449772K) : emwihv3_drw has 0 polygons
2026-04-16 14:38:36 +0200: Memory Usage (449772K) : redbulay_drw has 0 polygons
2026-04-16 14:38:36 +0200: Memory Usage (449772K) : smos_drw has 0 polygons
2026-04-16 14:38:36 +0200: Memory Usage (449772K) : graphpad_drw has 0 polygons
2026-04-16 14:38:36 +0200: Memory Usage (449964K) : polimide_drw has 0 polygons
2026-04-16 14:38:36 +0200: Memory Usage (449964K) : polimide_pin has 0 polygons
2026-04-16 14:38:36 +0200: Memory Usage (449964K) : recog_drw has 0 polygons
2026-04-16 14:38:36 +0200: Memory Usage (449964K) : recog_pin has 0 polygons
2026-04-16 14:38:36 +0200: Memory Usage (450156K) : recog_esd has 0 polygons
2026-04-16 14:38:36 +0200: Memory Usage (450156K) : recog_diode has 0 polygons
2026-04-16 14:38:36 +0200: Memory Usage (450156K) : recog_tsv has 0 polygons
2026-04-16 14:38:36 +0200: Memory Usage (450156K) : recog_iprobe has 0 polygons
2026-04-16 14:38:36 +0200: Memory Usage (450348K) : recog_diffprb has 0 polygons
2026-04-16 14:38:36 +0200: Memory Usage (450348K) : recog_pillar has 0 polygons
2026-04-16 14:38:36 +0200: Memory Usage (450348K) : recog_sbump has 0 polygons
2026-04-16 14:38:36 +0200: Memory Usage (450540K) : recog_otp has 0 polygons
2026-04-16 14:38:36 +0200: Memory Usage (450540K) : recog_pdiode has 0 polygons
2026-04-16 14:38:36 +0200: Memory Usage (450540K) : recog_mom has 0 polygons
2026-04-16 14:38:36 +0200: Memory Usage (450540K) : recog_pcm has 0 polygons
2026-04-16 14:38:36 +0200: Memory Usage (450540K) : colopen_drw has 0 polygons
2026-04-16 14:38:36 +0200: Memory Usage (450732K) : graphmetal1_drw has 0 polygons
2026-04-16 14:38:36 +0200: Memory Usage (450732K) : graphmetal1_filler has 0 polygons
2026-04-16 14:38:36 +0200: Memory Usage (450732K) : graphmetal1_nofill has 0 polygons
2026-04-16 14:38:36 +0200: Memory Usage (450732K) : graphmetal1_slit has 0 polygons
2026-04-16 14:38:36 +0200: Memory Usage (450924K) : graphmetal1_opc has 0 polygons
2026-04-16 14:38:36 +0200: Memory Usage (450924K) : graphmet1l_drw has 0 polygons
2026-04-16 14:38:36 +0200: Memory Usage (450924K) : graphmet1l_filler has 0 polygons
2026-04-16 14:38:36 +0200: Memory Usage (450924K) : graphmet1l_nofill has 0 polygons
2026-04-16 14:38:36 +0200: Memory Usage (450924K) : graphmet1l_slit has 0 polygons
2026-04-16 14:38:36 +0200: Memory Usage (450924K) : graphmet1l_opc has 0 polygons
2026-04-16 14:38:36 +0200: Memory Usage (451116K) : extblock_drw has 0 polygons
2026-04-16 14:38:36 +0200: Memory Usage (451116K) : nldd_drw has 0 polygons
2026-04-16 14:38:36 +0200: Memory Usage (451116K) : pldd_drw has 0 polygons
2026-04-16 14:38:36 +0200: Memory Usage (451116K) : next_drw has 0 polygons
2026-04-16 14:38:36 +0200: Memory Usage (451116K) : pext_drw has 0 polygons
2026-04-16 14:38:36 +0200: Memory Usage (451308K) : nexthv_drw has 0 polygons
2026-04-16 14:38:36 +0200: Memory Usage (451308K) : pexthv_drw has 0 polygons
2026-04-16 14:38:36 +0200: Memory Usage (451308K) : graphgate_drw has 0 polygons
2026-04-16 14:38:36 +0200: Memory Usage (451500K) : sinwg_drw has 0 polygons
2026-04-16 14:38:36 +0200: Memory Usage (451500K) : sinwg_filler has 0 polygons
2026-04-16 14:38:36 +0200: Memory Usage (451500K) : sinwg_nofill has 0 polygons
2026-04-16 14:38:36 +0200: Memory Usage (451500K) : mempad_drw has 0 polygons
2026-04-16 14:38:36 +0200: Memory Usage (451692K) : topvia1_drw has 0 polygons
2026-04-16 14:38:36 +0200: Memory Usage (451692K) : topmetal1_drw has 0 polygons
2026-04-16 14:38:36 +0200: Memory Usage (451692K) : topmetal1_pin has 0 polygons
2026-04-16 14:38:36 +0200: Memory Usage (451884K) : topmetal1_mask has 0 polygons
2026-04-16 14:38:36 +0200: Memory Usage (451884K) : topmetal1_filler has 0 polygons
2026-04-16 14:38:36 +0200: Memory Usage (451884K) : topmetal1_nofill has 0 polygons
2026-04-16 14:38:36 +0200: Memory Usage (451884K) : topmetal1_slit has 0 polygons
2026-04-16 14:38:36 +0200: Memory Usage (452076K) : topmetal1_text has 0 polygons
2026-04-16 14:38:36 +0200: Memory Usage (452076K) : topmetal1_noqrc has 0 polygons
2026-04-16 14:38:36 +0200: Memory Usage (452076K) : topmetal1_res has 0 polygons
2026-04-16 14:38:36 +0200: Memory Usage (452076K) : topmetal1_iprobe has 0 polygons
2026-04-16 14:38:36 +0200: Memory Usage (452076K) : topmetal1_diffprb has 0 polygons
2026-04-16 14:38:36 +0200: Memory Usage (452268K) : inldpwl_drw has 0 polygons
2026-04-16 14:38:36 +0200: Memory Usage (452268K) : polyres_drw has 0 polygons
2026-04-16 14:38:36 +0200: Memory Usage (452268K) : polyres_pin has 0 polygons
2026-04-16 14:38:36 +0200: Memory Usage (452268K) : vmim_drw has 0 polygons
2026-04-16 14:38:36 +0200: Memory Usage (452268K) : nbulaycut_drw has 0 polygons
2026-04-16 14:38:36 +0200: Memory Usage (452460K) : antmetal1_drw has 0 polygons
2026-04-16 14:38:36 +0200: Memory Usage (452460K) : topvia2_drw has 0 polygons
2026-04-16 14:38:36 +0200: Memory Usage (452460K) : topmetal2_drw has 0 polygons
2026-04-16 14:38:36 +0200: Memory Usage (452460K) : topmetal2_pin has 0 polygons
2026-04-16 14:38:36 +0200: Memory Usage (452652K) : topmetal2_mask has 0 polygons
2026-04-16 14:38:36 +0200: Memory Usage (452652K) : topmetal2_filler has 0 polygons
2026-04-16 14:38:36 +0200: Memory Usage (452652K) : topmetal2_nofill has 0 polygons
2026-04-16 14:38:36 +0200: Memory Usage (452844K) : topmetal2_slit has 0 polygons
2026-04-16 14:38:36 +0200: Memory Usage (452844K) : topmetal2_text has 0 polygons
2026-04-16 14:38:36 +0200: Memory Usage (452844K) : topmetal2_noqrc has 0 polygons
2026-04-16 14:38:36 +0200: Memory Usage (452844K) : topmetal2_res has 0 polygons
2026-04-16 14:38:36 +0200: Memory Usage (453036K) : topmetal2_iprobe has 0 polygons
2026-04-16 14:38:36 +0200: Memory Usage (453036K) : topmetal2_diffprb has 0 polygons
2026-04-16 14:38:36 +0200: Memory Usage (453036K) : snsring_drw has 0 polygons
2026-04-16 14:38:36 +0200: Memory Usage (453228K) : sensor_drw has 0 polygons
2026-04-16 14:38:36 +0200: Memory Usage (453228K) : snsarms_drw has 0 polygons
2026-04-16 14:38:36 +0200: Memory Usage (453228K) : snscmosvia_drw has 0 polygons
2026-04-16 14:38:36 +0200: Memory Usage (453228K) : colwind_drw has 0 polygons
2026-04-16 14:38:36 +0200: Memory Usage (453420K) : flm_drw has 0 polygons
2026-04-16 14:38:36 +0200: Memory Usage (453420K) : hafniumox_drw has 0 polygons
2026-04-16 14:38:36 +0200: Memory Usage (453420K) : memvia_drw has 0 polygons
2026-04-16 14:38:36 +0200: Memory Usage (453612K) : thinfilmres_drw has 0 polygons
2026-04-16 14:38:36 +0200: Memory Usage (453612K) : rfmem_drw has 0 polygons
2026-04-16 14:38:36 +0200: Memory Usage (453612K) : norcx_drw has 0 polygons
2026-04-16 14:38:36 +0200: Memory Usage (453612K) : norcx_m2m3 has 0 polygons
2026-04-16 14:38:36 +0200: Memory Usage (453804K) : norcx_m2m4 has 0 polygons
2026-04-16 14:38:36 +0200: Memory Usage (453804K) : norcx_m2m5 has 0 polygons
2026-04-16 14:38:36 +0200: Memory Usage (453804K) : norcx_m2tm1 has 0 polygons
2026-04-16 14:38:36 +0200: Memory Usage (453996K) : norcx_m2tm2 has 0 polygons
2026-04-16 14:38:36 +0200: Memory Usage (453996K) : norcx_m3m4 has 0 polygons
2026-04-16 14:38:36 +0200: Memory Usage (453996K) : norcx_m3m5 has 0 polygons
2026-04-16 14:38:36 +0200: Memory Usage (453996K) : norcx_m3tm1 has 0 polygons
2026-04-16 14:38:36 +0200: Memory Usage (454188K) : norcx_m3tm2 has 0 polygons
2026-04-16 14:38:36 +0200: Memory Usage (454188K) : norcx_m4m5 has 0 polygons
2026-04-16 14:38:36 +0200: Memory Usage (454188K) : norcx_m4tm1 has 0 polygons
2026-04-16 14:38:36 +0200: Memory Usage (454380K) : norcx_m4tm2 has 0 polygons
2026-04-16 14:38:36 +0200: Memory Usage (454380K) : norcx_m5tm1 has 0 polygons
2026-04-16 14:38:36 +0200: Memory Usage (454380K) : norcx_m5tm2 has 0 polygons
2026-04-16 14:38:36 +0200: Memory Usage (454380K) : norcx_tm1tm2 has 0 polygons
2026-04-16 14:38:36 +0200: Memory Usage (454380K) : norcx_m1sub has 0 polygons
2026-04-16 14:38:36 +0200: Memory Usage (454380K) : norcx_m2sub has 0 polygons
2026-04-16 14:38:36 +0200: Memory Usage (454572K) : norcx_m3sub has 0 polygons
2026-04-16 14:38:36 +0200: Memory Usage (454572K) : norcx_m4sub has 0 polygons
2026-04-16 14:38:36 +0200: Memory Usage (454572K) : norcx_m5sub has 0 polygons
2026-04-16 14:38:36 +0200: Memory Usage (454572K) : norcx_tm1sub has 0 polygons
2026-04-16 14:38:36 +0200: Memory Usage (454572K) : norcx_tm2sub has 0 polygons
2026-04-16 14:38:36 +0200: Memory Usage (454764K) : snsbotvia_drw has 0 polygons
2026-04-16 14:38:36 +0200: Memory Usage (454764K) : snstopvia_drw has 0 polygons
2026-04-16 14:38:36 +0200: Memory Usage (454764K) : deepvia_drw has 0 polygons
2026-04-16 14:38:36 +0200: Memory Usage (454764K) : fgetch_drw has 0 polygons
2026-04-16 14:38:36 +0200: Memory Usage (454764K) : ctrgat_drw has 0 polygons
2026-04-16 14:38:36 +0200: Memory Usage (454956K) : fgimp_drw has 0 polygons
2026-04-16 14:38:36 +0200: Memory Usage (454956K) : emwihv_drw has 0 polygons
2026-04-16 14:38:36 +0200: Memory Usage (454956K) : lbe_drw has 0 polygons
2026-04-16 14:38:36 +0200: Memory Usage (454956K) : alcustop_drw has 0 polygons
2026-04-16 14:38:36 +0200: Memory Usage (454956K) : nometfiller_drw has 0 polygons
2026-04-16 14:38:36 +0200: Memory Usage (455148K) : prboundary_drw has 0 polygons
2026-04-16 14:38:36 +0200: Memory Usage (455148K) : exchange0_drw has 0 polygons
2026-04-16 14:38:36 +0200: Memory Usage (455148K) : exchange0_pin has 0 polygons
2026-04-16 14:38:36 +0200: Memory Usage (455148K) : exchange0_text has 0 polygons
2026-04-16 14:38:36 +0200: Memory Usage (455148K) : exchange1_drw has 0 polygons
2026-04-16 14:38:36 +0200: Memory Usage (455340K) : exchange1_pin has 0 polygons
2026-04-16 14:38:36 +0200: Memory Usage (455340K) : exchange1_text has 0 polygons
2026-04-16 14:38:36 +0200: Memory Usage (455340K) : exchange2_drw has 0 polygons
2026-04-16 14:38:36 +0200: Memory Usage (455340K) : exchange2_pin has 0 polygons
2026-04-16 14:38:36 +0200: Memory Usage (455340K) : exchange2_text has 0 polygons
2026-04-16 14:38:36 +0200: Memory Usage (455532K) : exchange3_drw has 0 polygons
2026-04-16 14:38:36 +0200: Memory Usage (455532K) : exchange3_pin has 0 polygons
2026-04-16 14:38:36 +0200: Memory Usage (455532K) : exchange3_text has 0 polygons
2026-04-16 14:38:36 +0200: Memory Usage (455532K) : exchange4_drw has 0 polygons
2026-04-16 14:38:36 +0200: Memory Usage (455532K) : exchange4_pin has 0 polygons
2026-04-16 14:38:36 +0200: Memory Usage (455724K) : exchange4_text has 0 polygons
2026-04-16 14:38:36 +0200: Memory Usage (455724K) : isonwell_drw has 0 polygons
2026-04-16 14:38:36 +0200: Memory Usage (455724K) : Total no. of polygons in the design is 64
2026-04-16 14:38:36 +0200: Memory Usage (455724K) : Loaded TECH DRC rules values from /foss/pdks/ihp-sg13g2/libs.tech/klayout/python/sg13g2_pycell_lib/sg13g2_tech_mod.json
2026-04-16 14:38:36 +0200: Memory Usage (455724K) : Loaded default DRC rules values from /foss/pdks/ihp-sg13g2/libs.tech/klayout/tech/drc/rule_decks/sg13g2_tech_default.json
2026-04-16 14:38:36 +0200: Memory Usage (455724K) : The following rules values were missing in tech json and default values were used:
2026-04-16 14:38:36 +0200: Memory Usage (455724K) :   - Cnt_c_digibnd
2026-04-16 14:38:36 +0200: Memory Usage (456684K) : Total area of the design is 6.0196000000000005 um^2.
2026-04-16 14:38:36 +0200: Memory Usage (456684K) : The design dimensions are 1.49 µm * 4.04 µm.
2026-04-16 14:38:36 +0200: Memory Usage (456684K) : Starting general IHP-SG13G2 derivations.
2026-04-16 14:38:36 +0200: Memory Usage (456684K) : Starting Pwell derivations
2026-04-16 14:38:36 +0200: Memory Usage (458820K) : Starting n-Activ derivations
2026-04-16 14:38:36 +0200: Memory Usage (459012K) : Starting p-Activ derivations
2026-04-16 14:38:36 +0200: Memory Usage (459204K) : Starting ptap derivations
2026-04-16 14:38:36 +0200: Memory Usage (459396K) : Starting ntap derivations
2026-04-16 14:38:36 +0200: Memory Usage (459396K) : Starting pact FET derivations
2026-04-16 14:38:36 +0200: Memory Usage (459396K) : Starting nact FET derivations
2026-04-16 14:38:36 +0200: Memory Usage (459396K) : Starting Gate derivations
2026-04-16 14:38:36 +0200: Memory Usage (459396K) : Starting IHP-SG13G2 DRC connectivity related derivations.
2026-04-16 14:38:36 +0200: Memory Usage (460356K) : Starting IHP-SG13G2 DRC connectivity setup
2026-04-16 14:38:36 +0200: Memory Usage (460740K) : Starting IHP-SG13G2 DRC rules.
2026-04-16 14:38:36 +0200: Memory Usage (460740K) : Starting 5.3 nBuLay table
2026-04-16 14:38:36 +0200: Memory Usage (460932K) : Executing rule NBL.b
2026-04-16 14:38:36 +0200: Memory Usage (461700K) : Executing rule NBL.c
2026-04-16 14:38:36 +0200: Memory Usage (461892K) : Executing rule NBL.d
2026-04-16 14:38:36 +0200: Memory Usage (462084K) : Executing rule NBL.e
2026-04-16 14:38:36 +0200: Memory Usage (462276K) : Executing rule NBL.f
2026-04-16 14:38:36 +0200: Memory Usage (462276K) : KLayout DRC run for tables 'nbulay' completed in 0.3 seconds
