# Logfile created on 2026-04-16 14:38:41 +0200 by logger.rb/v1.5.3
2026-04-16 14:38:41 +0200: Memory Usage (439060K) : Starting running IHP-SG13G2 KLayout DRC runset on /var/home/bleroux/Documents/stage_IEMN/analog-asic-design/designs/inverter/layout/inverter.klay.gds
2026-04-16 14:38:41 +0200: Memory Usage (439060K) : Ruby Version for klayout: 3.2.3
2026-04-16 14:38:41 +0200: Memory Usage (440824K) : Loading database to memory is complete.
2026-04-16 14:38:41 +0200: Memory Usage (440824K) : IHP-SG13G2 KLayout DRC runset output at: /var/home/bleroux/Documents/stage_IEMN/analog-asic-design/drc_run_TOP/inverter.klay_TOP_mim.lyrdb
2026-04-16 14:38:41 +0200: Memory Usage (440824K) : Evaluate switches.
2026-04-16 14:38:41 +0200: Memory Usage (440824K) : tables selected: mim
2026-04-16 14:38:41 +0200: Memory Usage (440824K) : KLayout will use 1 thread(s) in tiling mode.
2026-04-16 14:38:41 +0200: Memory Usage (440824K) : deep mode is enabled.
2026-04-16 14:38:41 +0200: Memory Usage (440824K) : FEOL enabled: false
2026-04-16 14:38:41 +0200: Memory Usage (440824K) : BEOL enabled: false
2026-04-16 14:38:41 +0200: Memory Usage (440824K) : OFFGRID enabled: true
2026-04-16 14:38:41 +0200: Memory Usage (440824K) : PIN enabled: false
2026-04-16 14:38:41 +0200: Memory Usage (440824K) : FORBIDDEN enabled: false
2026-04-16 14:38:41 +0200: Memory Usage (440824K) : RECOMMENDED enabled: true
2026-04-16 14:38:41 +0200: Memory Usage (440824K) : PreCheck DRC enabled: false
2026-04-16 14:38:41 +0200: Memory Usage (440824K) : CONNECTIVITY_RULES enabled: false.
2026-04-16 14:38:41 +0200: Memory Usage (440824K) : Read in polygons from layers.
2026-04-16 14:38:41 +0200: Memory Usage (441784K) : activ_drw has 8 polygons
2026-04-16 14:38:41 +0200: Memory Usage (441784K) : activ_pin has 0 polygons
2026-04-16 14:38:41 +0200: Memory Usage (441784K) : activ_mask has 0 polygons
2026-04-16 14:38:41 +0200: Memory Usage (441784K) : activ_filler has 0 polygons
2026-04-16 14:38:41 +0200: Memory Usage (441784K) : activ_nofill has 0 polygons
2026-04-16 14:38:41 +0200: Memory Usage (441784K) : activ_opc has 0 polygons
2026-04-16 14:38:41 +0200: Memory Usage (441784K) : activ_iopc has 0 polygons
2026-04-16 14:38:41 +0200: Memory Usage (441784K) : activ_noqrc has 0 polygons
2026-04-16 14:38:41 +0200: Memory Usage (441784K) : biwind_drw has 0 polygons
2026-04-16 14:38:41 +0200: Memory Usage (441784K) : biwind_opc has 0 polygons
2026-04-16 14:38:41 +0200: Memory Usage (441784K) : pemwind_drw has 0 polygons
2026-04-16 14:38:41 +0200: Memory Usage (441784K) : gatpoly_drw has 5 polygons
2026-04-16 14:38:41 +0200: Memory Usage (441784K) : gatpoly_pin has 1 polygons
2026-04-16 14:38:41 +0200: Memory Usage (441784K) : gatpoly_filler has 0 polygons
2026-04-16 14:38:41 +0200: Memory Usage (441784K) : gatpoly_nofill has 0 polygons
2026-04-16 14:38:41 +0200: Memory Usage (441784K) : gatpoly_opc has 0 polygons
2026-04-16 14:38:41 +0200: Memory Usage (441784K) : gatpoly_iopc has 0 polygons
2026-04-16 14:38:41 +0200: Memory Usage (441784K) : gatpoly_noqrc has 0 polygons
2026-04-16 14:38:41 +0200: Memory Usage (441784K) : cont_drw has 13 polygons
2026-04-16 14:38:41 +0200: Memory Usage (441784K) : cont_opc has 0 polygons
2026-04-16 14:38:41 +0200: Memory Usage (441784K) : nsd_drw has 0 polygons
2026-04-16 14:38:41 +0200: Memory Usage (441784K) : nsd_block has 0 polygons
2026-04-16 14:38:41 +0200: Memory Usage (441976K) : metal1_drw has 13 polygons
2026-04-16 14:38:41 +0200: Memory Usage (441976K) : metal1_pin has 7 polygons
2026-04-16 14:38:41 +0200: Memory Usage (441976K) : metal1_mask has 0 polygons
2026-04-16 14:38:41 +0200: Memory Usage (441976K) : metal1_filler has 0 polygons
2026-04-16 14:38:41 +0200: Memory Usage (441976K) : metal1_nofill has 0 polygons
2026-04-16 14:38:41 +0200: Memory Usage (441976K) : metal1_slit has 0 polygons
2026-04-16 14:38:41 +0200: Memory Usage (442360K) : metal1_text has 2 polygons
2026-04-16 14:38:41 +0200: Memory Usage (442360K) : metal1_opc has 0 polygons
2026-04-16 14:38:41 +0200: Memory Usage (442360K) : metal1_noqrc has 0 polygons
2026-04-16 14:38:41 +0200: Memory Usage (442360K) : metal1_res has 0 polygons
2026-04-16 14:38:41 +0200: Memory Usage (442360K) : metal1_iprobe has 0 polygons
2026-04-16 14:38:41 +0200: Memory Usage (442552K) : metal1_diffprb has 0 polygons
2026-04-16 14:38:41 +0200: Memory Usage (442552K) : passiv_drw has 0 polygons
2026-04-16 14:38:41 +0200: Memory Usage (442552K) : passiv_pin has 0 polygons
2026-04-16 14:38:41 +0200: Memory Usage (442744K) : passiv_sbump has 0 polygons
2026-04-16 14:38:41 +0200: Memory Usage (442744K) : passiv_pillar has 0 polygons
2026-04-16 14:38:41 +0200: Memory Usage (442744K) : passiv_pdl has 0 polygons
2026-04-16 14:38:41 +0200: Memory Usage (442744K) : metal2_drw has 0 polygons
2026-04-16 14:38:41 +0200: Memory Usage (442936K) : metal2_pin has 0 polygons
2026-04-16 14:38:41 +0200: Memory Usage (442936K) : metal2_mask has 0 polygons
2026-04-16 14:38:41 +0200: Memory Usage (442936K) : metal2_filler has 0 polygons
2026-04-16 14:38:41 +0200: Memory Usage (443128K) : metal2_nofill has 0 polygons
2026-04-16 14:38:41 +0200: Memory Usage (443128K) : metal2_slit has 0 polygons
2026-04-16 14:38:41 +0200: Memory Usage (443128K) : metal2_text has 0 polygons
2026-04-16 14:38:41 +0200: Memory Usage (443128K) : metal2_opc has 0 polygons
2026-04-16 14:38:41 +0200: Memory Usage (443320K) : metal2_noqrc has 0 polygons
2026-04-16 14:38:41 +0200: Memory Usage (443320K) : metal2_res has 0 polygons
2026-04-16 14:38:41 +0200: Memory Usage (443512K) : metal2_iprobe has 0 polygons
2026-04-16 14:38:41 +0200: Memory Usage (443512K) : metal2_diffprb has 0 polygons
2026-04-16 14:38:41 +0200: Memory Usage (443512K) : baspoly_drw has 0 polygons
2026-04-16 14:38:41 +0200: Memory Usage (443512K) : baspoly_pin has 0 polygons
2026-04-16 14:38:41 +0200: Memory Usage (443704K) : psd_drw has 2 polygons
2026-04-16 14:38:41 +0200: Memory Usage (443704K) : nldb_drw has 0 polygons
2026-04-16 14:38:41 +0200: Memory Usage (443704K) : digibnd_drw has 0 polygons
2026-04-16 14:38:41 +0200: Memory Usage (443896K) : via1_drw has 0 polygons
2026-04-16 14:38:41 +0200: Memory Usage (443896K) : backmetal1_drw has 0 polygons
2026-04-16 14:38:41 +0200: Memory Usage (443896K) : backmetal1_pin has 0 polygons
2026-04-16 14:38:41 +0200: Memory Usage (443896K) : backmetal1_mask has 0 polygons
2026-04-16 14:38:41 +0200: Memory Usage (444088K) : backmetal1_filler has 0 polygons
2026-04-16 14:38:41 +0200: Memory Usage (444088K) : backmetal1_nofill has 0 polygons
2026-04-16 14:38:41 +0200: Memory Usage (444088K) : backmetal1_slit has 0 polygons
2026-04-16 14:38:41 +0200: Memory Usage (444280K) : backmetal1_text has 0 polygons
2026-04-16 14:38:41 +0200: Memory Usage (444280K) : backmetal1_opc has 0 polygons
2026-04-16 14:38:41 +0200: Memory Usage (444280K) : backmetal1_noqrc has 0 polygons
2026-04-16 14:38:41 +0200: Memory Usage (444280K) : backmetal1_res has 0 polygons
2026-04-16 14:38:41 +0200: Memory Usage (444472K) : backmetal1_iprobe has 0 polygons
2026-04-16 14:38:41 +0200: Memory Usage (444472K) : backmetal1_diffprb has 0 polygons
2026-04-16 14:38:41 +0200: Memory Usage (444472K) : backpassiv_drw has 0 polygons
2026-04-16 14:38:41 +0200: Memory Usage (444664K) : res_drw has 0 polygons
2026-04-16 14:38:41 +0200: Memory Usage (444664K) : sram_drw has 0 polygons
2026-04-16 14:38:41 +0200: Memory Usage (444664K) : trans_drw has 0 polygons
2026-04-16 14:38:41 +0200: Memory Usage (444664K) : ind_drw has 0 polygons
2026-04-16 14:38:41 +0200: Memory Usage (444856K) : ind_pin has 0 polygons
2026-04-16 14:38:41 +0200: Memory Usage (444856K) : ind_text has 0 polygons
2026-04-16 14:38:41 +0200: Memory Usage (445048K) : salblock_drw has 0 polygons
2026-04-16 14:38:41 +0200: Memory Usage (445048K) : via2_drw has 0 polygons
2026-04-16 14:38:41 +0200: Memory Usage (445240K) : metal3_drw has 0 polygons
2026-04-16 14:38:41 +0200: Memory Usage (445240K) : metal3_pin has 0 polygons
2026-04-16 14:38:41 +0200: Memory Usage (445240K) : metal3_mask has 0 polygons
2026-04-16 14:38:41 +0200: Memory Usage (445240K) : metal3_filler has 0 polygons
2026-04-16 14:38:41 +0200: Memory Usage (445432K) : metal3_nofill has 0 polygons
2026-04-16 14:38:41 +0200: Memory Usage (445432K) : metal3_slit has 0 polygons
2026-04-16 14:38:41 +0200: Memory Usage (445432K) : metal3_text has 0 polygons
2026-04-16 14:38:41 +0200: Memory Usage (445624K) : metal3_opc has 0 polygons
2026-04-16 14:38:41 +0200: Memory Usage (445624K) : metal3_noqrc has 0 polygons
2026-04-16 14:38:41 +0200: Memory Usage (445624K) : metal3_res has 0 polygons
2026-04-16 14:38:41 +0200: Memory Usage (445624K) : metal3_iprobe has 0 polygons
2026-04-16 14:38:41 +0200: Memory Usage (445816K) : metal3_diffprb has 0 polygons
2026-04-16 14:38:41 +0200: Memory Usage (445816K) : nwell_drw has 3 polygons
2026-04-16 14:38:41 +0200: Memory Usage (445816K) : nwell_pin has 1 polygons
2026-04-16 14:38:41 +0200: Memory Usage (446008K) : nbulay_drw has 1 polygons
2026-04-16 14:38:41 +0200: Memory Usage (446008K) : nbulay_pin has 0 polygons
2026-04-16 14:38:41 +0200: Memory Usage (446008K) : nbulay_block has 0 polygons
2026-04-16 14:38:41 +0200: Memory Usage (446200K) : emwind_drw has 0 polygons
2026-04-16 14:38:41 +0200: Memory Usage (446200K) : emwind_opc has 0 polygons
2026-04-16 14:38:41 +0200: Memory Usage (446392K) : deepco_drw has 0 polygons
2026-04-16 14:38:41 +0200: Memory Usage (446392K) : deepco_drw has 0 polygons
2026-04-16 14:38:41 +0200: Memory Usage (446392K) : mim_drw has 0 polygons
2026-04-16 14:38:41 +0200: Memory Usage (446584K) : edgeseal_drw has 0 polygons
2026-04-16 14:38:41 +0200: Memory Usage (446584K) : edgeseal_bound has 0 polygons
2026-04-16 14:38:41 +0200: Memory Usage (446584K) : substrate_drw has 2 polygons
2026-04-16 14:38:41 +0200: Memory Usage (446776K) : substrate_text has 0 polygons
2026-04-16 14:38:41 +0200: Memory Usage (446776K) : dfpad_drw has 0 polygons
2026-04-16 14:38:41 +0200: Memory Usage (446776K) : dfpad_pillar has 0 polygons
2026-04-16 14:38:41 +0200: Memory Usage (446968K) : dfpad_sbump has 0 polygons
2026-04-16 14:38:41 +0200: Memory Usage (446968K) : thickgateox_drw has 0 polygons
2026-04-16 14:38:41 +0200: Memory Usage (446968K) : pldb_drw has 0 polygons
2026-04-16 14:38:41 +0200: Memory Usage (446968K) : pwell_drw has 0 polygons
2026-04-16 14:38:41 +0200: Memory Usage (447160K) : pwell_pin has 0 polygons
2026-04-16 14:38:41 +0200: Memory Usage (447160K) : pwell_block has 0 polygons
2026-04-16 14:38:41 +0200: Memory Usage (447160K) : ic_drw has 0 polygons
2026-04-16 14:38:41 +0200: Memory Usage (447352K) : via3_drw has 0 polygons
2026-04-16 14:38:41 +0200: Memory Usage (447352K) : metal4_drw has 0 polygons
2026-04-16 14:38:41 +0200: Memory Usage (447352K) : metal4_pin has 0 polygons
2026-04-16 14:38:41 +0200: Memory Usage (447544K) : metal4_mask has 0 polygons
2026-04-16 14:38:41 +0200: Memory Usage (447544K) : metal4_filler has 0 polygons
2026-04-16 14:38:41 +0200: Memory Usage (447544K) : metal4_nofill has 0 polygons
2026-04-16 14:38:41 +0200: Memory Usage (447736K) : metal4_slit has 0 polygons
2026-04-16 14:38:41 +0200: Memory Usage (447736K) : metal4_text has 0 polygons
2026-04-16 14:38:41 +0200: Memory Usage (447736K) : metal4_opc has 0 polygons
2026-04-16 14:38:41 +0200: Memory Usage (447736K) : metal4_noqrc has 0 polygons
2026-04-16 14:38:41 +0200: Memory Usage (447928K) : metal4_res has 0 polygons
2026-04-16 14:38:41 +0200: Memory Usage (447928K) : metal4_iprobe has 0 polygons
2026-04-16 14:38:41 +0200: Memory Usage (447928K) : metal4_diffprb has 0 polygons
2026-04-16 14:38:41 +0200: Memory Usage (448120K) : heattrans_drw has 2 polygons
2026-04-16 14:38:41 +0200: Memory Usage (448120K) : heatres_drw has 0 polygons
2026-04-16 14:38:41 +0200: Memory Usage (448120K) : pempoly_drw has 0 polygons
2026-04-16 14:38:41 +0200: Memory Usage (448312K) : fbe_drw has 0 polygons
2026-04-16 14:38:41 +0200: Memory Usage (448312K) : empoly_drw has 0 polygons
2026-04-16 14:38:41 +0200: Memory Usage (448504K) : ldmos_drw has 0 polygons
2026-04-16 14:38:41 +0200: Memory Usage (448504K) : pbiwind_drw has 0 polygons
2026-04-16 14:38:41 +0200: Memory Usage (448504K) : digisub_drw has 0 polygons
2026-04-16 14:38:41 +0200: Memory Usage (448696K) : nodrc_drw has 0 polygons
2026-04-16 14:38:41 +0200: Memory Usage (448696K) : text_drw has 4 polygons
2026-04-16 14:38:41 +0200: Memory Usage (448696K) : via4_drw has 0 polygons
2026-04-16 14:38:41 +0200: Memory Usage (448696K) : metal5_drw has 0 polygons
2026-04-16 14:38:41 +0200: Memory Usage (448888K) : metal5_pin has 0 polygons
2026-04-16 14:38:41 +0200: Memory Usage (448888K) : metal5_mask has 0 polygons
2026-04-16 14:38:41 +0200: Memory Usage (448888K) : metal5_filler has 0 polygons
2026-04-16 14:38:41 +0200: Memory Usage (449080K) : metal5_nofill has 0 polygons
2026-04-16 14:38:41 +0200: Memory Usage (449080K) : metal5_slit has 0 polygons
2026-04-16 14:38:41 +0200: Memory Usage (449080K) : metal5_text has 0 polygons
2026-04-16 14:38:41 +0200: Memory Usage (449080K) : metal5_opc has 0 polygons
2026-04-16 14:38:41 +0200: Memory Usage (449272K) : metal5_noqrc has 0 polygons
2026-04-16 14:38:41 +0200: Memory Usage (449272K) : metal5_res has 0 polygons
2026-04-16 14:38:41 +0200: Memory Usage (449272K) : metal5_iprobe has 0 polygons
2026-04-16 14:38:41 +0200: Memory Usage (449464K) : metal5_diffprb has 0 polygons
2026-04-16 14:38:41 +0200: Memory Usage (449464K) : radhard_drw has 0 polygons
2026-04-16 14:38:41 +0200: Memory Usage (449464K) : memcap_drw has 0 polygons
2026-04-16 14:38:41 +0200: Memory Usage (449656K) : varicap_drw has 0 polygons
2026-04-16 14:38:41 +0200: Memory Usage (449656K) : flash_drw has 0 polygons
2026-04-16 14:38:41 +0200: Memory Usage (449848K) : intbondvia_drw has 0 polygons
2026-04-16 14:38:41 +0200: Memory Usage (449848K) : intbondmet_drw has 0 polygons
2026-04-16 14:38:41 +0200: Memory Usage (449848K) : devbondvia_drw has 0 polygons
2026-04-16 14:38:41 +0200: Memory Usage (449848K) : devbondmet_drw has 0 polygons
2026-04-16 14:38:41 +0200: Memory Usage (450040K) : devtrench_drw has 0 polygons
2026-04-16 14:38:41 +0200: Memory Usage (450040K) : redist_drw has 0 polygons
2026-04-16 14:38:41 +0200: Memory Usage (450040K) : graphbot_drw has 0 polygons
2026-04-16 14:38:41 +0200: Memory Usage (450232K) : graphtop_drw has 0 polygons
2026-04-16 14:38:41 +0200: Memory Usage (450232K) : antvia1_drw has 0 polygons
2026-04-16 14:38:41 +0200: Memory Usage (450232K) : antmetal2_drw has 0 polygons
2026-04-16 14:38:41 +0200: Memory Usage (450232K) : graphcont_drw has 0 polygons
2026-04-16 14:38:41 +0200: Memory Usage (450424K) : siwg_drw has 0 polygons
2026-04-16 14:38:41 +0200: Memory Usage (450424K) : siwg_filler has 0 polygons
2026-04-16 14:38:41 +0200: Memory Usage (450424K) : siwg_nofill has 0 polygons
2026-04-16 14:38:41 +0200: Memory Usage (450616K) : sigrating_drw has 0 polygons
2026-04-16 14:38:41 +0200: Memory Usage (450616K) : singrating_drw has 0 polygons
2026-04-16 14:38:41 +0200: Memory Usage (450808K) : graphpas_drw has 0 polygons
2026-04-16 14:38:41 +0200: Memory Usage (450808K) : emwind3_drw has 0 polygons
2026-04-16 14:38:41 +0200: Memory Usage (450808K) : emwihv3_drw has 0 polygons
2026-04-16 14:38:41 +0200: Memory Usage (450808K) : redbulay_drw has 0 polygons
2026-04-16 14:38:41 +0200: Memory Usage (451000K) : smos_drw has 0 polygons
2026-04-16 14:38:41 +0200: Memory Usage (451000K) : graphpad_drw has 0 polygons
2026-04-16 14:38:41 +0200: Memory Usage (451000K) : polimide_drw has 0 polygons
2026-04-16 14:38:41 +0200: Memory Usage (451192K) : polimide_pin has 0 polygons
2026-04-16 14:38:41 +0200: Memory Usage (451192K) : recog_drw has 0 polygons
2026-04-16 14:38:41 +0200: Memory Usage (451192K) : recog_pin has 0 polygons
2026-04-16 14:38:41 +0200: Memory Usage (451384K) : recog_esd has 0 polygons
2026-04-16 14:38:41 +0200: Memory Usage (451384K) : recog_diode has 0 polygons
2026-04-16 14:38:41 +0200: Memory Usage (451384K) : recog_tsv has 0 polygons
2026-04-16 14:38:41 +0200: Memory Usage (451576K) : recog_iprobe has 0 polygons
2026-04-16 14:38:41 +0200: Memory Usage (451576K) : recog_diffprb has 0 polygons
2026-04-16 14:38:41 +0200: Memory Usage (451576K) : recog_pillar has 0 polygons
2026-04-16 14:38:41 +0200: Memory Usage (451768K) : recog_sbump has 0 polygons
2026-04-16 14:38:41 +0200: Memory Usage (451768K) : recog_otp has 0 polygons
2026-04-16 14:38:41 +0200: Memory Usage (451768K) : recog_pdiode has 0 polygons
2026-04-16 14:38:41 +0200: Memory Usage (451960K) : recog_mom has 0 polygons
2026-04-16 14:38:41 +0200: Memory Usage (451960K) : recog_pcm has 0 polygons
2026-04-16 14:38:41 +0200: Memory Usage (451960K) : colopen_drw has 0 polygons
2026-04-16 14:38:41 +0200: Memory Usage (451960K) : graphmetal1_drw has 0 polygons
2026-04-16 14:38:41 +0200: Memory Usage (451960K) : graphmetal1_filler has 0 polygons
2026-04-16 14:38:41 +0200: Memory Usage (451960K) : graphmetal1_nofill has 0 polygons
2026-04-16 14:38:41 +0200: Memory Usage (452152K) : graphmetal1_slit has 0 polygons
2026-04-16 14:38:41 +0200: Memory Usage (452152K) : graphmetal1_opc has 0 polygons
2026-04-16 14:38:41 +0200: Memory Usage (452152K) : graphmet1l_drw has 0 polygons
2026-04-16 14:38:41 +0200: Memory Usage (452152K) : graphmet1l_filler has 0 polygons
2026-04-16 14:38:41 +0200: Memory Usage (452152K) : graphmet1l_nofill has 0 polygons
2026-04-16 14:38:41 +0200: Memory Usage (452344K) : graphmet1l_slit has 0 polygons
2026-04-16 14:38:41 +0200: Memory Usage (452344K) : graphmet1l_opc has 0 polygons
2026-04-16 14:38:41 +0200: Memory Usage (452344K) : extblock_drw has 0 polygons
2026-04-16 14:38:41 +0200: Memory Usage (452344K) : nldd_drw has 0 polygons
2026-04-16 14:38:41 +0200: Memory Usage (452344K) : pldd_drw has 0 polygons
2026-04-16 14:38:41 +0200: Memory Usage (452536K) : next_drw has 0 polygons
2026-04-16 14:38:41 +0200: Memory Usage (452536K) : pext_drw has 0 polygons
2026-04-16 14:38:41 +0200: Memory Usage (452536K) : nexthv_drw has 0 polygons
2026-04-16 14:38:41 +0200: Memory Usage (452536K) : pexthv_drw has 0 polygons
2026-04-16 14:38:41 +0200: Memory Usage (452728K) : graphgate_drw has 0 polygons
2026-04-16 14:38:41 +0200: Memory Usage (452728K) : sinwg_drw has 0 polygons
2026-04-16 14:38:41 +0200: Memory Usage (452728K) : sinwg_filler has 0 polygons
2026-04-16 14:38:41 +0200: Memory Usage (452920K) : sinwg_nofill has 0 polygons
2026-04-16 14:38:41 +0200: Memory Usage (452920K) : mempad_drw has 0 polygons
2026-04-16 14:38:41 +0200: Memory Usage (452920K) : topvia1_drw has 0 polygons
2026-04-16 14:38:41 +0200: Memory Usage (452920K) : topmetal1_drw has 0 polygons
2026-04-16 14:38:41 +0200: Memory Usage (453112K) : topmetal1_pin has 0 polygons
2026-04-16 14:38:41 +0200: Memory Usage (453112K) : topmetal1_mask has 0 polygons
2026-04-16 14:38:41 +0200: Memory Usage (453112K) : topmetal1_filler has 0 polygons
2026-04-16 14:38:41 +0200: Memory Usage (453304K) : topmetal1_nofill has 0 polygons
2026-04-16 14:38:41 +0200: Memory Usage (453304K) : topmetal1_slit has 0 polygons
2026-04-16 14:38:41 +0200: Memory Usage (453304K) : topmetal1_text has 0 polygons
2026-04-16 14:38:41 +0200: Memory Usage (453304K) : topmetal1_noqrc has 0 polygons
2026-04-16 14:38:41 +0200: Memory Usage (453304K) : topmetal1_res has 0 polygons
2026-04-16 14:38:41 +0200: Memory Usage (453496K) : topmetal1_iprobe has 0 polygons
2026-04-16 14:38:41 +0200: Memory Usage (453496K) : topmetal1_diffprb has 0 polygons
2026-04-16 14:38:41 +0200: Memory Usage (453496K) : inldpwl_drw has 0 polygons
2026-04-16 14:38:41 +0200: Memory Usage (453496K) : polyres_drw has 0 polygons
2026-04-16 14:38:41 +0200: Memory Usage (453496K) : polyres_pin has 0 polygons
2026-04-16 14:38:41 +0200: Memory Usage (453688K) : vmim_drw has 0 polygons
2026-04-16 14:38:41 +0200: Memory Usage (453688K) : nbulaycut_drw has 0 polygons
2026-04-16 14:38:41 +0200: Memory Usage (453688K) : antmetal1_drw has 0 polygons
2026-04-16 14:38:41 +0200: Memory Usage (453688K) : topvia2_drw has 0 polygons
2026-04-16 14:38:41 +0200: Memory Usage (453880K) : topmetal2_drw has 0 polygons
2026-04-16 14:38:41 +0200: Memory Usage (453880K) : topmetal2_pin has 0 polygons
2026-04-16 14:38:41 +0200: Memory Usage (453880K) : topmetal2_mask has 0 polygons
2026-04-16 14:38:41 +0200: Memory Usage (453880K) : topmetal2_filler has 0 polygons
2026-04-16 14:38:41 +0200: Memory Usage (454072K) : topmetal2_nofill has 0 polygons
2026-04-16 14:38:41 +0200: Memory Usage (454072K) : topmetal2_slit has 0 polygons
2026-04-16 14:38:41 +0200: Memory Usage (454072K) : topmetal2_text has 0 polygons
2026-04-16 14:38:41 +0200: Memory Usage (454072K) : topmetal2_noqrc has 0 polygons
2026-04-16 14:38:41 +0200: Memory Usage (454264K) : topmetal2_res has 0 polygons
2026-04-16 14:38:41 +0200: Memory Usage (454264K) : topmetal2_iprobe has 0 polygons
2026-04-16 14:38:41 +0200: Memory Usage (454264K) : topmetal2_diffprb has 0 polygons
2026-04-16 14:38:41 +0200: Memory Usage (454456K) : snsring_drw has 0 polygons
2026-04-16 14:38:41 +0200: Memory Usage (454456K) : sensor_drw has 0 polygons
2026-04-16 14:38:41 +0200: Memory Usage (454456K) : snsarms_drw has 0 polygons
2026-04-16 14:38:41 +0200: Memory Usage (454456K) : snscmosvia_drw has 0 polygons
2026-04-16 14:38:41 +0200: Memory Usage (454648K) : colwind_drw has 0 polygons
2026-04-16 14:38:41 +0200: Memory Usage (454648K) : flm_drw has 0 polygons
2026-04-16 14:38:41 +0200: Memory Usage (454648K) : hafniumox_drw has 0 polygons
2026-04-16 14:38:41 +0200: Memory Usage (454840K) : memvia_drw has 0 polygons
2026-04-16 14:38:41 +0200: Memory Usage (454840K) : thinfilmres_drw has 0 polygons
2026-04-16 14:38:41 +0200: Memory Usage (454840K) : rfmem_drw has 0 polygons
2026-04-16 14:38:41 +0200: Memory Usage (454840K) : norcx_drw has 0 polygons
2026-04-16 14:38:41 +0200: Memory Usage (455032K) : norcx_m2m3 has 0 polygons
2026-04-16 14:38:41 +0200: Memory Usage (455032K) : norcx_m2m4 has 0 polygons
2026-04-16 14:38:41 +0200: Memory Usage (455032K) : norcx_m2m5 has 0 polygons
2026-04-16 14:38:41 +0200: Memory Usage (455224K) : norcx_m2tm1 has 0 polygons
2026-04-16 14:38:41 +0200: Memory Usage (455224K) : norcx_m2tm2 has 0 polygons
2026-04-16 14:38:41 +0200: Memory Usage (455224K) : norcx_m3m4 has 0 polygons
2026-04-16 14:38:41 +0200: Memory Usage (455224K) : norcx_m3m5 has 0 polygons
2026-04-16 14:38:41 +0200: Memory Usage (455416K) : norcx_m3tm1 has 0 polygons
2026-04-16 14:38:41 +0200: Memory Usage (455416K) : norcx_m3tm2 has 0 polygons
2026-04-16 14:38:41 +0200: Memory Usage (455416K) : norcx_m4m5 has 0 polygons
2026-04-16 14:38:41 +0200: Memory Usage (455608K) : norcx_m4tm1 has 0 polygons
2026-04-16 14:38:41 +0200: Memory Usage (455608K) : norcx_m4tm2 has 0 polygons
2026-04-16 14:38:41 +0200: Memory Usage (455608K) : norcx_m5tm1 has 0 polygons
2026-04-16 14:38:41 +0200: Memory Usage (455608K) : norcx_m5tm2 has 0 polygons
2026-04-16 14:38:41 +0200: Memory Usage (455608K) : norcx_tm1tm2 has 0 polygons
2026-04-16 14:38:41 +0200: Memory Usage (455608K) : norcx_m1sub has 0 polygons
2026-04-16 14:38:41 +0200: Memory Usage (455608K) : norcx_m2sub has 0 polygons
2026-04-16 14:38:41 +0200: Memory Usage (455800K) : norcx_m3sub has 0 polygons
2026-04-16 14:38:41 +0200: Memory Usage (455800K) : norcx_m4sub has 0 polygons
2026-04-16 14:38:41 +0200: Memory Usage (455800K) : norcx_m5sub has 0 polygons
2026-04-16 14:38:41 +0200: Memory Usage (455800K) : norcx_tm1sub has 0 polygons
2026-04-16 14:38:41 +0200: Memory Usage (455800K) : norcx_tm2sub has 0 polygons
2026-04-16 14:38:41 +0200: Memory Usage (455992K) : snsbotvia_drw has 0 polygons
2026-04-16 14:38:41 +0200: Memory Usage (455992K) : snstopvia_drw has 0 polygons
2026-04-16 14:38:41 +0200: Memory Usage (455992K) : deepvia_drw has 0 polygons
2026-04-16 14:38:41 +0200: Memory Usage (455992K) : fgetch_drw has 0 polygons
2026-04-16 14:38:41 +0200: Memory Usage (455992K) : ctrgat_drw has 0 polygons
2026-04-16 14:38:41 +0200: Memory Usage (456184K) : fgimp_drw has 0 polygons
2026-04-16 14:38:41 +0200: Memory Usage (456184K) : emwihv_drw has 0 polygons
2026-04-16 14:38:41 +0200: Memory Usage (456184K) : lbe_drw has 0 polygons
2026-04-16 14:38:41 +0200: Memory Usage (456184K) : alcustop_drw has 0 polygons
2026-04-16 14:38:41 +0200: Memory Usage (456184K) : nometfiller_drw has 0 polygons
2026-04-16 14:38:41 +0200: Memory Usage (456376K) : prboundary_drw has 0 polygons
2026-04-16 14:38:41 +0200: Memory Usage (456376K) : exchange0_drw has 0 polygons
2026-04-16 14:38:41 +0200: Memory Usage (456376K) : exchange0_pin has 0 polygons
2026-04-16 14:38:41 +0200: Memory Usage (456376K) : exchange0_text has 0 polygons
2026-04-16 14:38:41 +0200: Memory Usage (456376K) : exchange1_drw has 0 polygons
2026-04-16 14:38:41 +0200: Memory Usage (456568K) : exchange1_pin has 0 polygons
2026-04-16 14:38:41 +0200: Memory Usage (456568K) : exchange1_text has 0 polygons
2026-04-16 14:38:41 +0200: Memory Usage (456568K) : exchange2_drw has 0 polygons
2026-04-16 14:38:41 +0200: Memory Usage (456568K) : exchange2_pin has 0 polygons
2026-04-16 14:38:41 +0200: Memory Usage (456568K) : exchange2_text has 0 polygons
2026-04-16 14:38:41 +0200: Memory Usage (456760K) : exchange3_drw has 0 polygons
2026-04-16 14:38:41 +0200: Memory Usage (456760K) : exchange3_pin has 0 polygons
2026-04-16 14:38:41 +0200: Memory Usage (456760K) : exchange3_text has 0 polygons
2026-04-16 14:38:41 +0200: Memory Usage (456760K) : exchange4_drw has 0 polygons
2026-04-16 14:38:41 +0200: Memory Usage (456760K) : exchange4_pin has 0 polygons
2026-04-16 14:38:41 +0200: Memory Usage (456952K) : exchange4_text has 0 polygons
2026-04-16 14:38:41 +0200: Memory Usage (456952K) : isonwell_drw has 0 polygons
2026-04-16 14:38:41 +0200: Memory Usage (456952K) : Total no. of polygons in the design is 64
2026-04-16 14:38:41 +0200: Memory Usage (456952K) : Loaded TECH DRC rules values from /foss/pdks/ihp-sg13g2/libs.tech/klayout/python/sg13g2_pycell_lib/sg13g2_tech_mod.json
2026-04-16 14:38:41 +0200: Memory Usage (456952K) : Loaded default DRC rules values from /foss/pdks/ihp-sg13g2/libs.tech/klayout/tech/drc/rule_decks/sg13g2_tech_default.json
2026-04-16 14:38:41 +0200: Memory Usage (456952K) : The following rules values were missing in tech json and default values were used:
2026-04-16 14:38:41 +0200: Memory Usage (456952K) :   - Cnt_c_digibnd
2026-04-16 14:38:41 +0200: Memory Usage (458296K) : Total area of the design is 6.0196000000000005 um^2.
2026-04-16 14:38:41 +0200: Memory Usage (458296K) : The design dimensions are 1.49 µm * 4.04 µm.
2026-04-16 14:38:41 +0200: Memory Usage (458296K) : Starting general IHP-SG13G2 derivations.
2026-04-16 14:38:41 +0200: Memory Usage (458296K) : Starting Pwell derivations
2026-04-16 14:38:41 +0200: Memory Usage (460100K) : Starting IHP-SG13G2 DRC rules.
2026-04-16 14:38:41 +0200: Memory Usage (460100K) : Starting 6.11 MIM table
2026-04-16 14:38:41 +0200: Memory Usage (460100K) : Executing rule MIM.c
2026-04-16 14:38:41 +0200: Memory Usage (460676K) : Executing rule MIM.d
2026-04-16 14:38:41 +0200: Memory Usage (460868K) : Executing rule MIM.gR
2026-04-16 14:38:41 +0200: Memory Usage (460868K) : KLayout DRC run for tables 'mim' completed in 0.24 seconds
