# Logfile created on 2026-04-16 14:38:37 +0200 by logger.rb/v1.5.3
2026-04-16 14:38:37 +0200: Memory Usage (437640K) : Starting running IHP-SG13G2 KLayout DRC runset on /var/home/bleroux/Documents/stage_IEMN/analog-asic-design/designs/inverter/layout/inverter.klay.gds
2026-04-16 14:38:37 +0200: Memory Usage (437640K) : Ruby Version for klayout: 3.2.3
2026-04-16 14:38:37 +0200: Memory Usage (439228K) : Loading database to memory is complete.
2026-04-16 14:38:37 +0200: Memory Usage (439228K) : IHP-SG13G2 KLayout DRC runset output at: /var/home/bleroux/Documents/stage_IEMN/analog-asic-design/drc_run_TOP/inverter.klay_TOP_gatpoly.lyrdb
2026-04-16 14:38:37 +0200: Memory Usage (439420K) : Evaluate switches.
2026-04-16 14:38:37 +0200: Memory Usage (439420K) : tables selected: gatpoly
2026-04-16 14:38:37 +0200: Memory Usage (439420K) : KLayout will use 1 thread(s) in tiling mode.
2026-04-16 14:38:37 +0200: Memory Usage (439420K) : deep mode is enabled.
2026-04-16 14:38:37 +0200: Memory Usage (439420K) : FEOL enabled: false
2026-04-16 14:38:37 +0200: Memory Usage (439612K) : BEOL enabled: false
2026-04-16 14:38:37 +0200: Memory Usage (439612K) : OFFGRID enabled: true
2026-04-16 14:38:37 +0200: Memory Usage (439612K) : PIN enabled: false
2026-04-16 14:38:37 +0200: Memory Usage (439612K) : FORBIDDEN enabled: false
2026-04-16 14:38:37 +0200: Memory Usage (439612K) : RECOMMENDED enabled: true
2026-04-16 14:38:37 +0200: Memory Usage (439612K) : PreCheck DRC enabled: false
2026-04-16 14:38:37 +0200: Memory Usage (439612K) : CONNECTIVITY_RULES enabled: false.
2026-04-16 14:38:37 +0200: Memory Usage (439612K) : Read in polygons from layers.
2026-04-16 14:38:37 +0200: Memory Usage (440204K) : activ_drw has 8 polygons
2026-04-16 14:38:37 +0200: Memory Usage (440204K) : activ_pin has 0 polygons
2026-04-16 14:38:37 +0200: Memory Usage (440204K) : activ_mask has 0 polygons
2026-04-16 14:38:37 +0200: Memory Usage (440204K) : activ_filler has 0 polygons
2026-04-16 14:38:37 +0200: Memory Usage (440204K) : activ_nofill has 0 polygons
2026-04-16 14:38:37 +0200: Memory Usage (440204K) : activ_opc has 0 polygons
2026-04-16 14:38:37 +0200: Memory Usage (440204K) : activ_iopc has 0 polygons
2026-04-16 14:38:37 +0200: Memory Usage (440204K) : activ_noqrc has 0 polygons
2026-04-16 14:38:37 +0200: Memory Usage (440204K) : biwind_drw has 0 polygons
2026-04-16 14:38:37 +0200: Memory Usage (440204K) : biwind_opc has 0 polygons
2026-04-16 14:38:37 +0200: Memory Usage (440204K) : pemwind_drw has 0 polygons
2026-04-16 14:38:37 +0200: Memory Usage (440204K) : gatpoly_drw has 5 polygons
2026-04-16 14:38:37 +0200: Memory Usage (440204K) : gatpoly_pin has 1 polygons
2026-04-16 14:38:37 +0200: Memory Usage (440204K) : gatpoly_filler has 0 polygons
2026-04-16 14:38:37 +0200: Memory Usage (440204K) : gatpoly_nofill has 0 polygons
2026-04-16 14:38:37 +0200: Memory Usage (440204K) : gatpoly_opc has 0 polygons
2026-04-16 14:38:37 +0200: Memory Usage (440204K) : gatpoly_iopc has 0 polygons
2026-04-16 14:38:37 +0200: Memory Usage (440204K) : gatpoly_noqrc has 0 polygons
2026-04-16 14:38:37 +0200: Memory Usage (440204K) : cont_drw has 13 polygons
2026-04-16 14:38:37 +0200: Memory Usage (440204K) : cont_opc has 0 polygons
2026-04-16 14:38:37 +0200: Memory Usage (440204K) : nsd_drw has 0 polygons
2026-04-16 14:38:37 +0200: Memory Usage (440204K) : nsd_block has 0 polygons
2026-04-16 14:38:37 +0200: Memory Usage (440588K) : metal1_drw has 13 polygons
2026-04-16 14:38:37 +0200: Memory Usage (440588K) : metal1_pin has 7 polygons
2026-04-16 14:38:37 +0200: Memory Usage (440588K) : metal1_mask has 0 polygons
2026-04-16 14:38:37 +0200: Memory Usage (440588K) : metal1_filler has 0 polygons
2026-04-16 14:38:37 +0200: Memory Usage (440588K) : metal1_nofill has 0 polygons
2026-04-16 14:38:37 +0200: Memory Usage (440780K) : metal1_slit has 0 polygons
2026-04-16 14:38:37 +0200: Memory Usage (441164K) : metal1_text has 2 polygons
2026-04-16 14:38:37 +0200: Memory Usage (441164K) : metal1_opc has 0 polygons
2026-04-16 14:38:37 +0200: Memory Usage (441164K) : metal1_noqrc has 0 polygons
2026-04-16 14:38:37 +0200: Memory Usage (441164K) : metal1_res has 0 polygons
2026-04-16 14:38:37 +0200: Memory Usage (441164K) : metal1_iprobe has 0 polygons
2026-04-16 14:38:37 +0200: Memory Usage (441164K) : metal1_diffprb has 0 polygons
2026-04-16 14:38:37 +0200: Memory Usage (441356K) : passiv_drw has 0 polygons
2026-04-16 14:38:37 +0200: Memory Usage (441356K) : passiv_pin has 0 polygons
2026-04-16 14:38:37 +0200: Memory Usage (441356K) : passiv_sbump has 0 polygons
2026-04-16 14:38:37 +0200: Memory Usage (441356K) : passiv_pillar has 0 polygons
2026-04-16 14:38:37 +0200: Memory Usage (441548K) : passiv_pdl has 0 polygons
2026-04-16 14:38:37 +0200: Memory Usage (441548K) : metal2_drw has 0 polygons
2026-04-16 14:38:37 +0200: Memory Usage (441548K) : metal2_pin has 0 polygons
2026-04-16 14:38:37 +0200: Memory Usage (441740K) : metal2_mask has 0 polygons
2026-04-16 14:38:37 +0200: Memory Usage (441740K) : metal2_filler has 0 polygons
2026-04-16 14:38:37 +0200: Memory Usage (441740K) : metal2_nofill has 0 polygons
2026-04-16 14:38:37 +0200: Memory Usage (441740K) : metal2_slit has 0 polygons
2026-04-16 14:38:37 +0200: Memory Usage (441932K) : metal2_text has 0 polygons
2026-04-16 14:38:37 +0200: Memory Usage (441932K) : metal2_opc has 0 polygons
2026-04-16 14:38:37 +0200: Memory Usage (441932K) : metal2_noqrc has 0 polygons
2026-04-16 14:38:37 +0200: Memory Usage (442124K) : metal2_res has 0 polygons
2026-04-16 14:38:37 +0200: Memory Usage (442124K) : metal2_iprobe has 0 polygons
2026-04-16 14:38:37 +0200: Memory Usage (442124K) : metal2_diffprb has 0 polygons
2026-04-16 14:38:37 +0200: Memory Usage (442316K) : baspoly_drw has 0 polygons
2026-04-16 14:38:37 +0200: Memory Usage (442316K) : baspoly_pin has 0 polygons
2026-04-16 14:38:37 +0200: Memory Usage (442316K) : psd_drw has 2 polygons
2026-04-16 14:38:37 +0200: Memory Usage (442508K) : nldb_drw has 0 polygons
2026-04-16 14:38:37 +0200: Memory Usage (442508K) : digibnd_drw has 0 polygons
2026-04-16 14:38:37 +0200: Memory Usage (442508K) : via1_drw has 0 polygons
2026-04-16 14:38:37 +0200: Memory Usage (442508K) : backmetal1_drw has 0 polygons
2026-04-16 14:38:37 +0200: Memory Usage (442700K) : backmetal1_pin has 0 polygons
2026-04-16 14:38:37 +0200: Memory Usage (442700K) : backmetal1_mask has 0 polygons
2026-04-16 14:38:37 +0200: Memory Usage (442700K) : backmetal1_filler has 0 polygons
2026-04-16 14:38:37 +0200: Memory Usage (442892K) : backmetal1_nofill has 0 polygons
2026-04-16 14:38:37 +0200: Memory Usage (442892K) : backmetal1_slit has 0 polygons
2026-04-16 14:38:37 +0200: Memory Usage (442892K) : backmetal1_text has 0 polygons
2026-04-16 14:38:37 +0200: Memory Usage (442892K) : backmetal1_opc has 0 polygons
2026-04-16 14:38:37 +0200: Memory Usage (443084K) : backmetal1_noqrc has 0 polygons
2026-04-16 14:38:37 +0200: Memory Usage (443084K) : backmetal1_res has 0 polygons
2026-04-16 14:38:37 +0200: Memory Usage (443084K) : backmetal1_iprobe has 0 polygons
2026-04-16 14:38:37 +0200: Memory Usage (443276K) : backmetal1_diffprb has 0 polygons
2026-04-16 14:38:37 +0200: Memory Usage (443276K) : backpassiv_drw has 0 polygons
2026-04-16 14:38:37 +0200: Memory Usage (443276K) : res_drw has 0 polygons
2026-04-16 14:38:37 +0200: Memory Usage (443276K) : sram_drw has 0 polygons
2026-04-16 14:38:37 +0200: Memory Usage (443468K) : trans_drw has 0 polygons
2026-04-16 14:38:37 +0200: Memory Usage (443468K) : ind_drw has 0 polygons
2026-04-16 14:38:37 +0200: Memory Usage (443660K) : ind_pin has 0 polygons
2026-04-16 14:38:37 +0200: Memory Usage (443660K) : ind_text has 0 polygons
2026-04-16 14:38:37 +0200: Memory Usage (443660K) : salblock_drw has 0 polygons
2026-04-16 14:38:37 +0200: Memory Usage (443660K) : via2_drw has 0 polygons
2026-04-16 14:38:37 +0200: Memory Usage (443852K) : metal3_drw has 0 polygons
2026-04-16 14:38:37 +0200: Memory Usage (443852K) : metal3_pin has 0 polygons
2026-04-16 14:38:37 +0200: Memory Usage (444044K) : metal3_mask has 0 polygons
2026-04-16 14:38:37 +0200: Memory Usage (444044K) : metal3_filler has 0 polygons
2026-04-16 14:38:37 +0200: Memory Usage (444044K) : metal3_nofill has 0 polygons
2026-04-16 14:38:37 +0200: Memory Usage (444236K) : metal3_slit has 0 polygons
2026-04-16 14:38:37 +0200: Memory Usage (444236K) : metal3_text has 0 polygons
2026-04-16 14:38:37 +0200: Memory Usage (444236K) : metal3_opc has 0 polygons
2026-04-16 14:38:37 +0200: Memory Usage (444236K) : metal3_noqrc has 0 polygons
2026-04-16 14:38:37 +0200: Memory Usage (444428K) : metal3_res has 0 polygons
2026-04-16 14:38:37 +0200: Memory Usage (444428K) : metal3_iprobe has 0 polygons
2026-04-16 14:38:37 +0200: Memory Usage (444428K) : metal3_diffprb has 0 polygons
2026-04-16 14:38:37 +0200: Memory Usage (444428K) : nwell_drw has 3 polygons
2026-04-16 14:38:37 +0200: Memory Usage (444620K) : nwell_pin has 1 polygons
2026-04-16 14:38:37 +0200: Memory Usage (444620K) : nbulay_drw has 1 polygons
2026-04-16 14:38:37 +0200: Memory Usage (444812K) : nbulay_pin has 0 polygons
2026-04-16 14:38:37 +0200: Memory Usage (444812K) : nbulay_block has 0 polygons
2026-04-16 14:38:37 +0200: Memory Usage (444812K) : emwind_drw has 0 polygons
2026-04-16 14:38:37 +0200: Memory Usage (445004K) : emwind_opc has 0 polygons
2026-04-16 14:38:37 +0200: Memory Usage (445004K) : deepco_drw has 0 polygons
2026-04-16 14:38:37 +0200: Memory Usage (445004K) : deepco_drw has 0 polygons
2026-04-16 14:38:37 +0200: Memory Usage (445196K) : mim_drw has 0 polygons
2026-04-16 14:38:37 +0200: Memory Usage (445196K) : edgeseal_drw has 0 polygons
2026-04-16 14:38:37 +0200: Memory Usage (445388K) : edgeseal_bound has 0 polygons
2026-04-16 14:38:37 +0200: Memory Usage (445388K) : substrate_drw has 2 polygons
2026-04-16 14:38:37 +0200: Memory Usage (445388K) : substrate_text has 0 polygons
2026-04-16 14:38:37 +0200: Memory Usage (445388K) : dfpad_drw has 0 polygons
2026-04-16 14:38:37 +0200: Memory Usage (445580K) : dfpad_pillar has 0 polygons
2026-04-16 14:38:37 +0200: Memory Usage (445580K) : dfpad_sbump has 0 polygons
2026-04-16 14:38:37 +0200: Memory Usage (445580K) : thickgateox_drw has 0 polygons
2026-04-16 14:38:37 +0200: Memory Usage (445772K) : pldb_drw has 0 polygons
2026-04-16 14:38:37 +0200: Memory Usage (445772K) : pwell_drw has 0 polygons
2026-04-16 14:38:37 +0200: Memory Usage (445772K) : pwell_pin has 0 polygons
2026-04-16 14:38:37 +0200: Memory Usage (445772K) : pwell_block has 0 polygons
2026-04-16 14:38:37 +0200: Memory Usage (445964K) : ic_drw has 0 polygons
2026-04-16 14:38:37 +0200: Memory Usage (445964K) : via3_drw has 0 polygons
2026-04-16 14:38:37 +0200: Memory Usage (446156K) : metal4_drw has 0 polygons
2026-04-16 14:38:37 +0200: Memory Usage (446156K) : metal4_pin has 0 polygons
2026-04-16 14:38:37 +0200: Memory Usage (446156K) : metal4_mask has 0 polygons
2026-04-16 14:38:37 +0200: Memory Usage (446348K) : metal4_filler has 0 polygons
2026-04-16 14:38:37 +0200: Memory Usage (446348K) : metal4_nofill has 0 polygons
2026-04-16 14:38:37 +0200: Memory Usage (446348K) : metal4_slit has 0 polygons
2026-04-16 14:38:37 +0200: Memory Usage (446348K) : metal4_text has 0 polygons
2026-04-16 14:38:37 +0200: Memory Usage (446540K) : metal4_opc has 0 polygons
2026-04-16 14:38:37 +0200: Memory Usage (446540K) : metal4_noqrc has 0 polygons
2026-04-16 14:38:37 +0200: Memory Usage (446540K) : metal4_res has 0 polygons
2026-04-16 14:38:37 +0200: Memory Usage (446732K) : metal4_iprobe has 0 polygons
2026-04-16 14:38:37 +0200: Memory Usage (446732K) : metal4_diffprb has 0 polygons
2026-04-16 14:38:37 +0200: Memory Usage (446732K) : heattrans_drw has 2 polygons
2026-04-16 14:38:37 +0200: Memory Usage (446924K) : heatres_drw has 0 polygons
2026-04-16 14:38:37 +0200: Memory Usage (446924K) : pempoly_drw has 0 polygons
2026-04-16 14:38:37 +0200: Memory Usage (446924K) : fbe_drw has 0 polygons
2026-04-16 14:38:37 +0200: Memory Usage (447116K) : empoly_drw has 0 polygons
2026-04-16 14:38:37 +0200: Memory Usage (447116K) : ldmos_drw has 0 polygons
2026-04-16 14:38:37 +0200: Memory Usage (447308K) : pbiwind_drw has 0 polygons
2026-04-16 14:38:37 +0200: Memory Usage (447308K) : digisub_drw has 0 polygons
2026-04-16 14:38:37 +0200: Memory Usage (447308K) : nodrc_drw has 0 polygons
2026-04-16 14:38:37 +0200: Memory Usage (447308K) : text_drw has 4 polygons
2026-04-16 14:38:37 +0200: Memory Usage (447500K) : via4_drw has 0 polygons
2026-04-16 14:38:37 +0200: Memory Usage (447500K) : metal5_drw has 0 polygons
2026-04-16 14:38:37 +0200: Memory Usage (447500K) : metal5_pin has 0 polygons
2026-04-16 14:38:37 +0200: Memory Usage (447500K) : metal5_mask has 0 polygons
2026-04-16 14:38:37 +0200: Memory Usage (447692K) : metal5_filler has 0 polygons
2026-04-16 14:38:37 +0200: Memory Usage (447692K) : metal5_nofill has 0 polygons
2026-04-16 14:38:37 +0200: Memory Usage (447692K) : metal5_slit has 0 polygons
2026-04-16 14:38:37 +0200: Memory Usage (447884K) : metal5_text has 0 polygons
2026-04-16 14:38:37 +0200: Memory Usage (447884K) : metal5_opc has 0 polygons
2026-04-16 14:38:37 +0200: Memory Usage (447884K) : metal5_noqrc has 0 polygons
2026-04-16 14:38:37 +0200: Memory Usage (447884K) : metal5_res has 0 polygons
2026-04-16 14:38:37 +0200: Memory Usage (448076K) : metal5_iprobe has 0 polygons
2026-04-16 14:38:37 +0200: Memory Usage (448076K) : metal5_diffprb has 0 polygons
2026-04-16 14:38:37 +0200: Memory Usage (448268K) : radhard_drw has 0 polygons
2026-04-16 14:38:37 +0200: Memory Usage (448268K) : memcap_drw has 0 polygons
2026-04-16 14:38:37 +0200: Memory Usage (448268K) : varicap_drw has 0 polygons
2026-04-16 14:38:37 +0200: Memory Usage (448460K) : flash_drw has 0 polygons
2026-04-16 14:38:37 +0200: Memory Usage (448460K) : intbondvia_drw has 0 polygons
2026-04-16 14:38:37 +0200: Memory Usage (448460K) : intbondmet_drw has 0 polygons
2026-04-16 14:38:37 +0200: Memory Usage (448652K) : devbondvia_drw has 0 polygons
2026-04-16 14:38:37 +0200: Memory Usage (448652K) : devbondmet_drw has 0 polygons
2026-04-16 14:38:37 +0200: Memory Usage (448652K) : devtrench_drw has 0 polygons
2026-04-16 14:38:37 +0200: Memory Usage (448844K) : redist_drw has 0 polygons
2026-04-16 14:38:37 +0200: Memory Usage (448844K) : graphbot_drw has 0 polygons
2026-04-16 14:38:37 +0200: Memory Usage (448844K) : graphtop_drw has 0 polygons
2026-04-16 14:38:37 +0200: Memory Usage (448844K) : antvia1_drw has 0 polygons
2026-04-16 14:38:37 +0200: Memory Usage (449036K) : antmetal2_drw has 0 polygons
2026-04-16 14:38:37 +0200: Memory Usage (449036K) : graphcont_drw has 0 polygons
2026-04-16 14:38:37 +0200: Memory Usage (449036K) : siwg_drw has 0 polygons
2026-04-16 14:38:37 +0200: Memory Usage (449228K) : siwg_filler has 0 polygons
2026-04-16 14:38:37 +0200: Memory Usage (449228K) : siwg_nofill has 0 polygons
2026-04-16 14:38:37 +0200: Memory Usage (449228K) : sigrating_drw has 0 polygons
2026-04-16 14:38:37 +0200: Memory Usage (449420K) : singrating_drw has 0 polygons
2026-04-16 14:38:37 +0200: Memory Usage (449420K) : graphpas_drw has 0 polygons
2026-04-16 14:38:37 +0200: Memory Usage (449420K) : emwind3_drw has 0 polygons
2026-04-16 14:38:37 +0200: Memory Usage (449612K) : emwihv3_drw has 0 polygons
2026-04-16 14:38:37 +0200: Memory Usage (449612K) : redbulay_drw has 0 polygons
2026-04-16 14:38:37 +0200: Memory Usage (449612K) : smos_drw has 0 polygons
2026-04-16 14:38:37 +0200: Memory Usage (449612K) : graphpad_drw has 0 polygons
2026-04-16 14:38:37 +0200: Memory Usage (449804K) : polimide_drw has 0 polygons
2026-04-16 14:38:37 +0200: Memory Usage (449804K) : polimide_pin has 0 polygons
2026-04-16 14:38:37 +0200: Memory Usage (449996K) : recog_drw has 0 polygons
2026-04-16 14:38:37 +0200: Memory Usage (449996K) : recog_pin has 0 polygons
2026-04-16 14:38:37 +0200: Memory Usage (449996K) : recog_esd has 0 polygons
2026-04-16 14:38:37 +0200: Memory Usage (450188K) : recog_diode has 0 polygons
2026-04-16 14:38:37 +0200: Memory Usage (450188K) : recog_tsv has 0 polygons
2026-04-16 14:38:37 +0200: Memory Usage (450188K) : recog_iprobe has 0 polygons
2026-04-16 14:38:37 +0200: Memory Usage (450188K) : recog_diffprb has 0 polygons
2026-04-16 14:38:37 +0200: Memory Usage (450380K) : recog_pillar has 0 polygons
2026-04-16 14:38:37 +0200: Memory Usage (450380K) : recog_sbump has 0 polygons
2026-04-16 14:38:37 +0200: Memory Usage (450572K) : recog_otp has 0 polygons
2026-04-16 14:38:37 +0200: Memory Usage (450572K) : recog_pdiode has 0 polygons
2026-04-16 14:38:37 +0200: Memory Usage (450572K) : recog_mom has 0 polygons
2026-04-16 14:38:37 +0200: Memory Usage (450572K) : recog_pcm has 0 polygons
2026-04-16 14:38:37 +0200: Memory Usage (450572K) : colopen_drw has 0 polygons
2026-04-16 14:38:37 +0200: Memory Usage (450764K) : graphmetal1_drw has 0 polygons
2026-04-16 14:38:37 +0200: Memory Usage (450764K) : graphmetal1_filler has 0 polygons
2026-04-16 14:38:37 +0200: Memory Usage (450764K) : graphmetal1_nofill has 0 polygons
2026-04-16 14:38:37 +0200: Memory Usage (450764K) : graphmetal1_slit has 0 polygons
2026-04-16 14:38:37 +0200: Memory Usage (450764K) : graphmetal1_opc has 0 polygons
2026-04-16 14:38:37 +0200: Memory Usage (450956K) : graphmet1l_drw has 0 polygons
2026-04-16 14:38:37 +0200: Memory Usage (450956K) : graphmet1l_filler has 0 polygons
2026-04-16 14:38:37 +0200: Memory Usage (450956K) : graphmet1l_nofill has 0 polygons
2026-04-16 14:38:37 +0200: Memory Usage (450956K) : graphmet1l_slit has 0 polygons
2026-04-16 14:38:37 +0200: Memory Usage (450956K) : graphmet1l_opc has 0 polygons
2026-04-16 14:38:37 +0200: Memory Usage (451148K) : extblock_drw has 0 polygons
2026-04-16 14:38:37 +0200: Memory Usage (451148K) : nldd_drw has 0 polygons
2026-04-16 14:38:37 +0200: Memory Usage (451148K) : pldd_drw has 0 polygons
2026-04-16 14:38:37 +0200: Memory Usage (451148K) : next_drw has 0 polygons
2026-04-16 14:38:37 +0200: Memory Usage (451148K) : pext_drw has 0 polygons
2026-04-16 14:38:37 +0200: Memory Usage (451340K) : nexthv_drw has 0 polygons
2026-04-16 14:38:37 +0200: Memory Usage (451340K) : pexthv_drw has 0 polygons
2026-04-16 14:38:37 +0200: Memory Usage (451340K) : graphgate_drw has 0 polygons
2026-04-16 14:38:37 +0200: Memory Usage (451340K) : sinwg_drw has 0 polygons
2026-04-16 14:38:37 +0200: Memory Usage (451532K) : sinwg_filler has 0 polygons
2026-04-16 14:38:37 +0200: Memory Usage (451532K) : sinwg_nofill has 0 polygons
2026-04-16 14:38:37 +0200: Memory Usage (451532K) : mempad_drw has 0 polygons
2026-04-16 14:38:37 +0200: Memory Usage (451724K) : topvia1_drw has 0 polygons
2026-04-16 14:38:37 +0200: Memory Usage (451724K) : topmetal1_drw has 0 polygons
2026-04-16 14:38:37 +0200: Memory Usage (451724K) : topmetal1_pin has 0 polygons
2026-04-16 14:38:37 +0200: Memory Usage (451724K) : topmetal1_mask has 0 polygons
2026-04-16 14:38:37 +0200: Memory Usage (451724K) : topmetal1_filler has 0 polygons
2026-04-16 14:38:37 +0200: Memory Usage (451724K) : topmetal1_nofill has 0 polygons
2026-04-16 14:38:37 +0200: Memory Usage (451916K) : topmetal1_slit has 0 polygons
2026-04-16 14:38:37 +0200: Memory Usage (451916K) : topmetal1_text has 0 polygons
2026-04-16 14:38:37 +0200: Memory Usage (451916K) : topmetal1_noqrc has 0 polygons
2026-04-16 14:38:37 +0200: Memory Usage (451916K) : topmetal1_res has 0 polygons
2026-04-16 14:38:37 +0200: Memory Usage (451916K) : topmetal1_iprobe has 0 polygons
2026-04-16 14:38:37 +0200: Memory Usage (451916K) : topmetal1_diffprb has 0 polygons
2026-04-16 14:38:37 +0200: Memory Usage (451916K) : inldpwl_drw has 0 polygons
2026-04-16 14:38:37 +0200: Memory Usage (451916K) : polyres_drw has 0 polygons
2026-04-16 14:38:37 +0200: Memory Usage (451916K) : polyres_pin has 0 polygons
2026-04-16 14:38:37 +0200: Memory Usage (452108K) : vmim_drw has 0 polygons
2026-04-16 14:38:37 +0200: Memory Usage (452108K) : nbulaycut_drw has 0 polygons
2026-04-16 14:38:37 +0200: Memory Usage (452108K) : antmetal1_drw has 0 polygons
2026-04-16 14:38:37 +0200: Memory Usage (452108K) : topvia2_drw has 0 polygons
2026-04-16 14:38:37 +0200: Memory Usage (452300K) : topmetal2_drw has 0 polygons
2026-04-16 14:38:37 +0200: Memory Usage (452300K) : topmetal2_pin has 0 polygons
2026-04-16 14:38:37 +0200: Memory Usage (452300K) : topmetal2_mask has 0 polygons
2026-04-16 14:38:37 +0200: Memory Usage (452300K) : topmetal2_filler has 0 polygons
2026-04-16 14:38:37 +0200: Memory Usage (452492K) : topmetal2_nofill has 0 polygons
2026-04-16 14:38:37 +0200: Memory Usage (452492K) : topmetal2_slit has 0 polygons
2026-04-16 14:38:37 +0200: Memory Usage (452492K) : topmetal2_text has 0 polygons
2026-04-16 14:38:37 +0200: Memory Usage (452684K) : topmetal2_noqrc has 0 polygons
2026-04-16 14:38:37 +0200: Memory Usage (452684K) : topmetal2_res has 0 polygons
2026-04-16 14:38:37 +0200: Memory Usage (452684K) : topmetal2_iprobe has 0 polygons
2026-04-16 14:38:37 +0200: Memory Usage (452684K) : topmetal2_diffprb has 0 polygons
2026-04-16 14:38:37 +0200: Memory Usage (452876K) : snsring_drw has 0 polygons
2026-04-16 14:38:37 +0200: Memory Usage (452876K) : sensor_drw has 0 polygons
2026-04-16 14:38:37 +0200: Memory Usage (452876K) : snsarms_drw has 0 polygons
2026-04-16 14:38:37 +0200: Memory Usage (452876K) : snscmosvia_drw has 0 polygons
2026-04-16 14:38:37 +0200: Memory Usage (453068K) : colwind_drw has 0 polygons
2026-04-16 14:38:37 +0200: Memory Usage (453068K) : flm_drw has 0 polygons
2026-04-16 14:38:37 +0200: Memory Usage (453068K) : hafniumox_drw has 0 polygons
2026-04-16 14:38:37 +0200: Memory Usage (453260K) : memvia_drw has 0 polygons
2026-04-16 14:38:37 +0200: Memory Usage (453260K) : thinfilmres_drw has 0 polygons
2026-04-16 14:38:37 +0200: Memory Usage (453260K) : rfmem_drw has 0 polygons
2026-04-16 14:38:37 +0200: Memory Usage (453260K) : norcx_drw has 0 polygons
2026-04-16 14:38:37 +0200: Memory Usage (453452K) : norcx_m2m3 has 0 polygons
2026-04-16 14:38:37 +0200: Memory Usage (453452K) : norcx_m2m4 has 0 polygons
2026-04-16 14:38:37 +0200: Memory Usage (453452K) : norcx_m2m5 has 0 polygons
2026-04-16 14:38:37 +0200: Memory Usage (453644K) : norcx_m2tm1 has 0 polygons
2026-04-16 14:38:37 +0200: Memory Usage (453644K) : norcx_m2tm2 has 0 polygons
2026-04-16 14:38:37 +0200: Memory Usage (453644K) : norcx_m3m4 has 0 polygons
2026-04-16 14:38:37 +0200: Memory Usage (453644K) : norcx_m3m5 has 0 polygons
2026-04-16 14:38:37 +0200: Memory Usage (453644K) : norcx_m3tm1 has 0 polygons
2026-04-16 14:38:37 +0200: Memory Usage (453836K) : norcx_m3tm2 has 0 polygons
2026-04-16 14:38:37 +0200: Memory Usage (453836K) : norcx_m4m5 has 0 polygons
2026-04-16 14:38:37 +0200: Memory Usage (453836K) : norcx_m4tm1 has 0 polygons
2026-04-16 14:38:37 +0200: Memory Usage (454028K) : norcx_m4tm2 has 0 polygons
2026-04-16 14:38:37 +0200: Memory Usage (454028K) : norcx_m5tm1 has 0 polygons
2026-04-16 14:38:37 +0200: Memory Usage (454028K) : norcx_m5tm2 has 0 polygons
2026-04-16 14:38:37 +0200: Memory Usage (454028K) : norcx_tm1tm2 has 0 polygons
2026-04-16 14:38:37 +0200: Memory Usage (454028K) : norcx_m1sub has 0 polygons
2026-04-16 14:38:37 +0200: Memory Usage (454028K) : norcx_m2sub has 0 polygons
2026-04-16 14:38:37 +0200: Memory Usage (454028K) : norcx_m3sub has 0 polygons
2026-04-16 14:38:37 +0200: Memory Usage (454028K) : norcx_m4sub has 0 polygons
2026-04-16 14:38:37 +0200: Memory Usage (454220K) : norcx_m5sub has 0 polygons
2026-04-16 14:38:37 +0200: Memory Usage (454220K) : norcx_tm1sub has 0 polygons
2026-04-16 14:38:37 +0200: Memory Usage (454220K) : norcx_tm2sub has 0 polygons
2026-04-16 14:38:37 +0200: Memory Usage (454220K) : snsbotvia_drw has 0 polygons
2026-04-16 14:38:37 +0200: Memory Usage (454220K) : snstopvia_drw has 0 polygons
2026-04-16 14:38:37 +0200: Memory Usage (454412K) : deepvia_drw has 0 polygons
2026-04-16 14:38:37 +0200: Memory Usage (454412K) : fgetch_drw has 0 polygons
2026-04-16 14:38:37 +0200: Memory Usage (454412K) : ctrgat_drw has 0 polygons
2026-04-16 14:38:37 +0200: Memory Usage (454412K) : fgimp_drw has 0 polygons
2026-04-16 14:38:37 +0200: Memory Usage (454412K) : emwihv_drw has 0 polygons
2026-04-16 14:38:37 +0200: Memory Usage (454604K) : lbe_drw has 0 polygons
2026-04-16 14:38:37 +0200: Memory Usage (454604K) : alcustop_drw has 0 polygons
2026-04-16 14:38:37 +0200: Memory Usage (454604K) : nometfiller_drw has 0 polygons
2026-04-16 14:38:37 +0200: Memory Usage (454604K) : prboundary_drw has 0 polygons
2026-04-16 14:38:37 +0200: Memory Usage (454604K) : exchange0_drw has 0 polygons
2026-04-16 14:38:37 +0200: Memory Usage (454796K) : exchange0_pin has 0 polygons
2026-04-16 14:38:37 +0200: Memory Usage (454796K) : exchange0_text has 0 polygons
2026-04-16 14:38:37 +0200: Memory Usage (454796K) : exchange1_drw has 0 polygons
2026-04-16 14:38:37 +0200: Memory Usage (454796K) : exchange1_pin has 0 polygons
2026-04-16 14:38:37 +0200: Memory Usage (454796K) : exchange1_text has 0 polygons
2026-04-16 14:38:37 +0200: Memory Usage (454988K) : exchange2_drw has 0 polygons
2026-04-16 14:38:37 +0200: Memory Usage (454988K) : exchange2_pin has 0 polygons
2026-04-16 14:38:37 +0200: Memory Usage (454988K) : exchange2_text has 0 polygons
2026-04-16 14:38:37 +0200: Memory Usage (454988K) : exchange3_drw has 0 polygons
2026-04-16 14:38:37 +0200: Memory Usage (454988K) : exchange3_pin has 0 polygons
2026-04-16 14:38:37 +0200: Memory Usage (455180K) : exchange3_text has 0 polygons
2026-04-16 14:38:37 +0200: Memory Usage (455180K) : exchange4_drw has 0 polygons
2026-04-16 14:38:37 +0200: Memory Usage (455180K) : exchange4_pin has 0 polygons
2026-04-16 14:38:37 +0200: Memory Usage (455180K) : exchange4_text has 0 polygons
2026-04-16 14:38:37 +0200: Memory Usage (455372K) : isonwell_drw has 0 polygons
2026-04-16 14:38:37 +0200: Memory Usage (455372K) : Total no. of polygons in the design is 64
2026-04-16 14:38:37 +0200: Memory Usage (455372K) : Loaded TECH DRC rules values from /foss/pdks/ihp-sg13g2/libs.tech/klayout/python/sg13g2_pycell_lib/sg13g2_tech_mod.json
2026-04-16 14:38:37 +0200: Memory Usage (455372K) : Loaded default DRC rules values from /foss/pdks/ihp-sg13g2/libs.tech/klayout/tech/drc/rule_decks/sg13g2_tech_default.json
2026-04-16 14:38:37 +0200: Memory Usage (455372K) : The following rules values were missing in tech json and default values were used:
2026-04-16 14:38:37 +0200: Memory Usage (455372K) :   - Cnt_c_digibnd
2026-04-16 14:38:37 +0200: Memory Usage (456524K) : Total area of the design is 6.0196000000000005 um^2.
2026-04-16 14:38:37 +0200: Memory Usage (456524K) : The design dimensions are 1.49 µm * 4.04 µm.
2026-04-16 14:38:37 +0200: Memory Usage (456524K) : Starting general IHP-SG13G2 derivations.
2026-04-16 14:38:37 +0200: Memory Usage (456524K) : Starting Pwell derivations
2026-04-16 14:38:37 +0200: Memory Usage (458512K) : Starting n-Activ derivations
2026-04-16 14:38:37 +0200: Memory Usage (458704K) : Starting p-Activ derivations
2026-04-16 14:38:37 +0200: Memory Usage (458896K) : Starting pact FET derivations
2026-04-16 14:38:37 +0200: Memory Usage (458896K) : Starting nact FET derivations
2026-04-16 14:38:37 +0200: Memory Usage (458896K) : Starting Gate derivations
2026-04-16 14:38:37 +0200: Memory Usage (459088K) : Starting IHP-SG13G2 DRC rules.
2026-04-16 14:38:37 +0200: Memory Usage (459088K) : Starting 5.8. GatPoly table
2026-04-16 14:38:37 +0200: Memory Usage (459088K) : Executing rule Gat.a
2026-04-16 14:38:37 +0200: Memory Usage (459472K) : Executing rule Gat.b
2026-04-16 14:38:37 +0200: Memory Usage (460260K) : Executing rule Gat.d
2026-04-16 14:38:38 +0200: Memory Usage (460260K) : Executing rule Gat.a1
2026-04-16 14:38:38 +0200: Memory Usage (461256K) : Executing rule Gat.a2
2026-04-16 14:38:38 +0200: Memory Usage (461448K) : Executing rule Gat.g
2026-04-16 14:38:38 +0200: Memory Usage (461832K) : KLayout DRC run for tables 'gatpoly' completed in 0.18 seconds
