# Logfile created on 2026-04-16 14:38:38 +0200 by logger.rb/v1.5.3
2026-04-16 14:38:38 +0200: Memory Usage (439288K) : Starting running IHP-SG13G2 KLayout DRC runset on /var/home/bleroux/Documents/stage_IEMN/analog-asic-design/designs/inverter/layout/inverter.klay.gds
2026-04-16 14:38:38 +0200: Memory Usage (439288K) : Ruby Version for klayout: 3.2.3
2026-04-16 14:38:38 +0200: Memory Usage (440832K) : Loading database to memory is complete.
2026-04-16 14:38:38 +0200: Memory Usage (440832K) : IHP-SG13G2 KLayout DRC runset output at: /var/home/bleroux/Documents/stage_IEMN/analog-asic-design/drc_run_TOP/inverter.klay_TOP_metal1.lyrdb
2026-04-16 14:38:38 +0200: Memory Usage (440832K) : Evaluate switches.
2026-04-16 14:38:38 +0200: Memory Usage (440832K) : tables selected: metal1
2026-04-16 14:38:38 +0200: Memory Usage (440832K) : KLayout will use 1 thread(s) in tiling mode.
2026-04-16 14:38:38 +0200: Memory Usage (440832K) : deep mode is enabled.
2026-04-16 14:38:38 +0200: Memory Usage (440832K) : FEOL enabled: false
2026-04-16 14:38:38 +0200: Memory Usage (441024K) : BEOL enabled: false
2026-04-16 14:38:38 +0200: Memory Usage (441024K) : OFFGRID enabled: true
2026-04-16 14:38:38 +0200: Memory Usage (441024K) : PIN enabled: false
2026-04-16 14:38:38 +0200: Memory Usage (441024K) : FORBIDDEN enabled: false
2026-04-16 14:38:38 +0200: Memory Usage (441024K) : RECOMMENDED enabled: true
2026-04-16 14:38:38 +0200: Memory Usage (441024K) : PreCheck DRC enabled: false
2026-04-16 14:38:38 +0200: Memory Usage (441024K) : CONNECTIVITY_RULES enabled: false.
2026-04-16 14:38:38 +0200: Memory Usage (441024K) : Read in polygons from layers.
2026-04-16 14:38:38 +0200: Memory Usage (441792K) : activ_drw has 8 polygons
2026-04-16 14:38:38 +0200: Memory Usage (441792K) : activ_pin has 0 polygons
2026-04-16 14:38:38 +0200: Memory Usage (441792K) : activ_mask has 0 polygons
2026-04-16 14:38:38 +0200: Memory Usage (441792K) : activ_filler has 0 polygons
2026-04-16 14:38:38 +0200: Memory Usage (441792K) : activ_nofill has 0 polygons
2026-04-16 14:38:38 +0200: Memory Usage (441792K) : activ_opc has 0 polygons
2026-04-16 14:38:38 +0200: Memory Usage (441792K) : activ_iopc has 0 polygons
2026-04-16 14:38:38 +0200: Memory Usage (441792K) : activ_noqrc has 0 polygons
2026-04-16 14:38:38 +0200: Memory Usage (441792K) : biwind_drw has 0 polygons
2026-04-16 14:38:38 +0200: Memory Usage (441792K) : biwind_opc has 0 polygons
2026-04-16 14:38:38 +0200: Memory Usage (441792K) : pemwind_drw has 0 polygons
2026-04-16 14:38:38 +0200: Memory Usage (442028K) : gatpoly_drw has 5 polygons
2026-04-16 14:38:38 +0200: Memory Usage (442028K) : gatpoly_pin has 1 polygons
2026-04-16 14:38:38 +0200: Memory Usage (442028K) : gatpoly_filler has 0 polygons
2026-04-16 14:38:38 +0200: Memory Usage (442028K) : gatpoly_nofill has 0 polygons
2026-04-16 14:38:38 +0200: Memory Usage (442028K) : gatpoly_opc has 0 polygons
2026-04-16 14:38:38 +0200: Memory Usage (442028K) : gatpoly_iopc has 0 polygons
2026-04-16 14:38:38 +0200: Memory Usage (442028K) : gatpoly_noqrc has 0 polygons
2026-04-16 14:38:38 +0200: Memory Usage (442028K) : cont_drw has 13 polygons
2026-04-16 14:38:38 +0200: Memory Usage (442028K) : cont_opc has 0 polygons
2026-04-16 14:38:38 +0200: Memory Usage (442028K) : nsd_drw has 0 polygons
2026-04-16 14:38:38 +0200: Memory Usage (442028K) : nsd_block has 0 polygons
2026-04-16 14:38:38 +0200: Memory Usage (442220K) : metal1_drw has 13 polygons
2026-04-16 14:38:38 +0200: Memory Usage (442220K) : metal1_pin has 7 polygons
2026-04-16 14:38:38 +0200: Memory Usage (442220K) : metal1_mask has 0 polygons
2026-04-16 14:38:38 +0200: Memory Usage (442220K) : metal1_filler has 0 polygons
2026-04-16 14:38:38 +0200: Memory Usage (442220K) : metal1_nofill has 0 polygons
2026-04-16 14:38:38 +0200: Memory Usage (442412K) : metal1_slit has 0 polygons
2026-04-16 14:38:38 +0200: Memory Usage (442796K) : metal1_text has 2 polygons
2026-04-16 14:38:38 +0200: Memory Usage (442796K) : metal1_opc has 0 polygons
2026-04-16 14:38:38 +0200: Memory Usage (442796K) : metal1_noqrc has 0 polygons
2026-04-16 14:38:38 +0200: Memory Usage (442796K) : metal1_res has 0 polygons
2026-04-16 14:38:38 +0200: Memory Usage (442796K) : metal1_iprobe has 0 polygons
2026-04-16 14:38:38 +0200: Memory Usage (442796K) : metal1_diffprb has 0 polygons
2026-04-16 14:38:38 +0200: Memory Usage (442796K) : passiv_drw has 0 polygons
2026-04-16 14:38:38 +0200: Memory Usage (442988K) : passiv_pin has 0 polygons
2026-04-16 14:38:38 +0200: Memory Usage (442988K) : passiv_sbump has 0 polygons
2026-04-16 14:38:38 +0200: Memory Usage (442988K) : passiv_pillar has 0 polygons
2026-04-16 14:38:38 +0200: Memory Usage (443180K) : passiv_pdl has 0 polygons
2026-04-16 14:38:38 +0200: Memory Usage (443180K) : metal2_drw has 0 polygons
2026-04-16 14:38:38 +0200: Memory Usage (443180K) : metal2_pin has 0 polygons
2026-04-16 14:38:38 +0200: Memory Usage (443180K) : metal2_mask has 0 polygons
2026-04-16 14:38:38 +0200: Memory Usage (443372K) : metal2_filler has 0 polygons
2026-04-16 14:38:38 +0200: Memory Usage (443372K) : metal2_nofill has 0 polygons
2026-04-16 14:38:38 +0200: Memory Usage (443372K) : metal2_slit has 0 polygons
2026-04-16 14:38:38 +0200: Memory Usage (443564K) : metal2_text has 0 polygons
2026-04-16 14:38:38 +0200: Memory Usage (443564K) : metal2_opc has 0 polygons
2026-04-16 14:38:38 +0200: Memory Usage (443564K) : metal2_noqrc has 0 polygons
2026-04-16 14:38:38 +0200: Memory Usage (443756K) : metal2_res has 0 polygons
2026-04-16 14:38:38 +0200: Memory Usage (443756K) : metal2_iprobe has 0 polygons
2026-04-16 14:38:38 +0200: Memory Usage (443756K) : metal2_diffprb has 0 polygons
2026-04-16 14:38:38 +0200: Memory Usage (443948K) : baspoly_drw has 0 polygons
2026-04-16 14:38:38 +0200: Memory Usage (443948K) : baspoly_pin has 0 polygons
2026-04-16 14:38:38 +0200: Memory Usage (443948K) : psd_drw has 2 polygons
2026-04-16 14:38:38 +0200: Memory Usage (443948K) : nldb_drw has 0 polygons
2026-04-16 14:38:38 +0200: Memory Usage (444140K) : digibnd_drw has 0 polygons
2026-04-16 14:38:38 +0200: Memory Usage (444140K) : via1_drw has 0 polygons
2026-04-16 14:38:38 +0200: Memory Usage (444140K) : backmetal1_drw has 0 polygons
2026-04-16 14:38:38 +0200: Memory Usage (444332K) : backmetal1_pin has 0 polygons
2026-04-16 14:38:38 +0200: Memory Usage (444332K) : backmetal1_mask has 0 polygons
2026-04-16 14:38:38 +0200: Memory Usage (444332K) : backmetal1_filler has 0 polygons
2026-04-16 14:38:38 +0200: Memory Usage (444332K) : backmetal1_nofill has 0 polygons
2026-04-16 14:38:38 +0200: Memory Usage (444524K) : backmetal1_slit has 0 polygons
2026-04-16 14:38:38 +0200: Memory Usage (444524K) : backmetal1_text has 0 polygons
2026-04-16 14:38:38 +0200: Memory Usage (444524K) : backmetal1_opc has 0 polygons
2026-04-16 14:38:38 +0200: Memory Usage (444716K) : backmetal1_noqrc has 0 polygons
2026-04-16 14:38:38 +0200: Memory Usage (444716K) : backmetal1_res has 0 polygons
2026-04-16 14:38:38 +0200: Memory Usage (444716K) : backmetal1_iprobe has 0 polygons
2026-04-16 14:38:38 +0200: Memory Usage (444716K) : backmetal1_diffprb has 0 polygons
2026-04-16 14:38:38 +0200: Memory Usage (444908K) : backpassiv_drw has 0 polygons
2026-04-16 14:38:38 +0200: Memory Usage (444908K) : res_drw has 0 polygons
2026-04-16 14:38:38 +0200: Memory Usage (444908K) : sram_drw has 0 polygons
2026-04-16 14:38:38 +0200: Memory Usage (445100K) : trans_drw has 0 polygons
2026-04-16 14:38:38 +0200: Memory Usage (445100K) : ind_drw has 0 polygons
2026-04-16 14:38:38 +0200: Memory Usage (445292K) : ind_pin has 0 polygons
2026-04-16 14:38:38 +0200: Memory Usage (445292K) : ind_text has 0 polygons
2026-04-16 14:38:38 +0200: Memory Usage (445292K) : salblock_drw has 0 polygons
2026-04-16 14:38:38 +0200: Memory Usage (445292K) : via2_drw has 0 polygons
2026-04-16 14:38:38 +0200: Memory Usage (445484K) : metal3_drw has 0 polygons
2026-04-16 14:38:38 +0200: Memory Usage (445484K) : metal3_pin has 0 polygons
2026-04-16 14:38:38 +0200: Memory Usage (445676K) : metal3_mask has 0 polygons
2026-04-16 14:38:38 +0200: Memory Usage (445676K) : metal3_filler has 0 polygons
2026-04-16 14:38:38 +0200: Memory Usage (445676K) : metal3_nofill has 0 polygons
2026-04-16 14:38:38 +0200: Memory Usage (445676K) : metal3_slit has 0 polygons
2026-04-16 14:38:38 +0200: Memory Usage (445868K) : metal3_text has 0 polygons
2026-04-16 14:38:38 +0200: Memory Usage (445868K) : metal3_opc has 0 polygons
2026-04-16 14:38:38 +0200: Memory Usage (445868K) : metal3_noqrc has 0 polygons
2026-04-16 14:38:38 +0200: Memory Usage (445868K) : metal3_res has 0 polygons
2026-04-16 14:38:38 +0200: Memory Usage (446060K) : metal3_iprobe has 0 polygons
2026-04-16 14:38:38 +0200: Memory Usage (446060K) : metal3_diffprb has 0 polygons
2026-04-16 14:38:38 +0200: Memory Usage (446060K) : nwell_drw has 3 polygons
2026-04-16 14:38:38 +0200: Memory Usage (446252K) : nwell_pin has 1 polygons
2026-04-16 14:38:38 +0200: Memory Usage (446252K) : nbulay_drw has 1 polygons
2026-04-16 14:38:38 +0200: Memory Usage (446444K) : nbulay_pin has 0 polygons
2026-04-16 14:38:38 +0200: Memory Usage (446444K) : nbulay_block has 0 polygons
2026-04-16 14:38:38 +0200: Memory Usage (446444K) : emwind_drw has 0 polygons
2026-04-16 14:38:38 +0200: Memory Usage (446636K) : emwind_opc has 0 polygons
2026-04-16 14:38:38 +0200: Memory Usage (446636K) : deepco_drw has 0 polygons
2026-04-16 14:38:38 +0200: Memory Usage (446636K) : deepco_drw has 0 polygons
2026-04-16 14:38:38 +0200: Memory Usage (446828K) : mim_drw has 0 polygons
2026-04-16 14:38:38 +0200: Memory Usage (446828K) : edgeseal_drw has 0 polygons
2026-04-16 14:38:38 +0200: Memory Usage (447020K) : edgeseal_bound has 0 polygons
2026-04-16 14:38:38 +0200: Memory Usage (447020K) : substrate_drw has 2 polygons
2026-04-16 14:38:38 +0200: Memory Usage (447020K) : substrate_text has 0 polygons
2026-04-16 14:38:38 +0200: Memory Usage (447020K) : dfpad_drw has 0 polygons
2026-04-16 14:38:38 +0200: Memory Usage (447212K) : dfpad_pillar has 0 polygons
2026-04-16 14:38:38 +0200: Memory Usage (447212K) : dfpad_sbump has 0 polygons
2026-04-16 14:38:38 +0200: Memory Usage (447212K) : thickgateox_drw has 0 polygons
2026-04-16 14:38:38 +0200: Memory Usage (447404K) : pldb_drw has 0 polygons
2026-04-16 14:38:38 +0200: Memory Usage (447404K) : pwell_drw has 0 polygons
2026-04-16 14:38:38 +0200: Memory Usage (447404K) : pwell_pin has 0 polygons
2026-04-16 14:38:38 +0200: Memory Usage (447404K) : pwell_block has 0 polygons
2026-04-16 14:38:38 +0200: Memory Usage (447596K) : ic_drw has 0 polygons
2026-04-16 14:38:38 +0200: Memory Usage (447596K) : via3_drw has 0 polygons
2026-04-16 14:38:38 +0200: Memory Usage (447788K) : metal4_drw has 0 polygons
2026-04-16 14:38:38 +0200: Memory Usage (447788K) : metal4_pin has 0 polygons
2026-04-16 14:38:38 +0200: Memory Usage (447788K) : metal4_mask has 0 polygons
2026-04-16 14:38:38 +0200: Memory Usage (447788K) : metal4_filler has 0 polygons
2026-04-16 14:38:38 +0200: Memory Usage (447980K) : metal4_nofill has 0 polygons
2026-04-16 14:38:38 +0200: Memory Usage (447980K) : metal4_slit has 0 polygons
2026-04-16 14:38:38 +0200: Memory Usage (447980K) : metal4_text has 0 polygons
2026-04-16 14:38:38 +0200: Memory Usage (448172K) : metal4_opc has 0 polygons
2026-04-16 14:38:38 +0200: Memory Usage (448172K) : metal4_noqrc has 0 polygons
2026-04-16 14:38:38 +0200: Memory Usage (448172K) : metal4_res has 0 polygons
2026-04-16 14:38:38 +0200: Memory Usage (448172K) : metal4_iprobe has 0 polygons
2026-04-16 14:38:38 +0200: Memory Usage (448364K) : metal4_diffprb has 0 polygons
2026-04-16 14:38:38 +0200: Memory Usage (448364K) : heattrans_drw has 2 polygons
2026-04-16 14:38:38 +0200: Memory Usage (448556K) : heatres_drw has 0 polygons
2026-04-16 14:38:38 +0200: Memory Usage (448556K) : pempoly_drw has 0 polygons
2026-04-16 14:38:38 +0200: Memory Usage (448556K) : fbe_drw has 0 polygons
2026-04-16 14:38:38 +0200: Memory Usage (448748K) : empoly_drw has 0 polygons
2026-04-16 14:38:38 +0200: Memory Usage (448748K) : ldmos_drw has 0 polygons
2026-04-16 14:38:38 +0200: Memory Usage (448748K) : pbiwind_drw has 0 polygons
2026-04-16 14:38:38 +0200: Memory Usage (448940K) : digisub_drw has 0 polygons
2026-04-16 14:38:38 +0200: Memory Usage (448940K) : nodrc_drw has 0 polygons
2026-04-16 14:38:38 +0200: Memory Usage (448940K) : text_drw has 4 polygons
2026-04-16 14:38:38 +0200: Memory Usage (449132K) : via4_drw has 0 polygons
2026-04-16 14:38:38 +0200: Memory Usage (449132K) : metal5_drw has 0 polygons
2026-04-16 14:38:38 +0200: Memory Usage (449132K) : metal5_pin has 0 polygons
2026-04-16 14:38:38 +0200: Memory Usage (449132K) : metal5_mask has 0 polygons
2026-04-16 14:38:38 +0200: Memory Usage (449324K) : metal5_filler has 0 polygons
2026-04-16 14:38:38 +0200: Memory Usage (449324K) : metal5_nofill has 0 polygons
2026-04-16 14:38:38 +0200: Memory Usage (449324K) : metal5_slit has 0 polygons
2026-04-16 14:38:38 +0200: Memory Usage (449516K) : metal5_text has 0 polygons
2026-04-16 14:38:38 +0200: Memory Usage (449516K) : metal5_opc has 0 polygons
2026-04-16 14:38:38 +0200: Memory Usage (449516K) : metal5_noqrc has 0 polygons
2026-04-16 14:38:38 +0200: Memory Usage (449516K) : metal5_res has 0 polygons
2026-04-16 14:38:38 +0200: Memory Usage (449708K) : metal5_iprobe has 0 polygons
2026-04-16 14:38:38 +0200: Memory Usage (449708K) : metal5_diffprb has 0 polygons
2026-04-16 14:38:38 +0200: Memory Usage (449900K) : radhard_drw has 0 polygons
2026-04-16 14:38:38 +0200: Memory Usage (449900K) : memcap_drw has 0 polygons
2026-04-16 14:38:38 +0200: Memory Usage (449900K) : varicap_drw has 0 polygons
2026-04-16 14:38:38 +0200: Memory Usage (450092K) : flash_drw has 0 polygons
2026-04-16 14:38:38 +0200: Memory Usage (450092K) : intbondvia_drw has 0 polygons
2026-04-16 14:38:38 +0200: Memory Usage (450092K) : intbondmet_drw has 0 polygons
2026-04-16 14:38:38 +0200: Memory Usage (450284K) : devbondvia_drw has 0 polygons
2026-04-16 14:38:38 +0200: Memory Usage (450284K) : devbondmet_drw has 0 polygons
2026-04-16 14:38:38 +0200: Memory Usage (450284K) : devtrench_drw has 0 polygons
2026-04-16 14:38:38 +0200: Memory Usage (450284K) : redist_drw has 0 polygons
2026-04-16 14:38:38 +0200: Memory Usage (450476K) : graphbot_drw has 0 polygons
2026-04-16 14:38:38 +0200: Memory Usage (450476K) : graphtop_drw has 0 polygons
2026-04-16 14:38:38 +0200: Memory Usage (450476K) : antvia1_drw has 0 polygons
2026-04-16 14:38:38 +0200: Memory Usage (450668K) : antmetal2_drw has 0 polygons
2026-04-16 14:38:38 +0200: Memory Usage (450668K) : graphcont_drw has 0 polygons
2026-04-16 14:38:38 +0200: Memory Usage (450668K) : siwg_drw has 0 polygons
2026-04-16 14:38:38 +0200: Memory Usage (450668K) : siwg_filler has 0 polygons
2026-04-16 14:38:38 +0200: Memory Usage (450860K) : siwg_nofill has 0 polygons
2026-04-16 14:38:38 +0200: Memory Usage (450860K) : sigrating_drw has 0 polygons
2026-04-16 14:38:38 +0200: Memory Usage (451052K) : singrating_drw has 0 polygons
2026-04-16 14:38:38 +0200: Memory Usage (451052K) : graphpas_drw has 0 polygons
2026-04-16 14:38:38 +0200: Memory Usage (451052K) : emwind3_drw has 0 polygons
2026-04-16 14:38:38 +0200: Memory Usage (451244K) : emwihv3_drw has 0 polygons
2026-04-16 14:38:38 +0200: Memory Usage (451244K) : redbulay_drw has 0 polygons
2026-04-16 14:38:38 +0200: Memory Usage (451244K) : smos_drw has 0 polygons
2026-04-16 14:38:38 +0200: Memory Usage (451244K) : graphpad_drw has 0 polygons
2026-04-16 14:38:38 +0200: Memory Usage (451436K) : polimide_drw has 0 polygons
2026-04-16 14:38:38 +0200: Memory Usage (451436K) : polimide_pin has 0 polygons
2026-04-16 14:38:38 +0200: Memory Usage (451628K) : recog_drw has 0 polygons
2026-04-16 14:38:38 +0200: Memory Usage (451628K) : recog_pin has 0 polygons
2026-04-16 14:38:38 +0200: Memory Usage (451628K) : recog_esd has 0 polygons
2026-04-16 14:38:38 +0200: Memory Usage (451628K) : recog_diode has 0 polygons
2026-04-16 14:38:38 +0200: Memory Usage (451820K) : recog_tsv has 0 polygons
2026-04-16 14:38:38 +0200: Memory Usage (451820K) : recog_iprobe has 0 polygons
2026-04-16 14:38:38 +0200: Memory Usage (451820K) : recog_diffprb has 0 polygons
2026-04-16 14:38:38 +0200: Memory Usage (452012K) : recog_pillar has 0 polygons
2026-04-16 14:38:38 +0200: Memory Usage (452012K) : recog_sbump has 0 polygons
2026-04-16 14:38:38 +0200: Memory Usage (452012K) : recog_otp has 0 polygons
2026-04-16 14:38:38 +0200: Memory Usage (452012K) : recog_pdiode has 0 polygons
2026-04-16 14:38:38 +0200: Memory Usage (452204K) : recog_mom has 0 polygons
2026-04-16 14:38:38 +0200: Memory Usage (452204K) : recog_pcm has 0 polygons
2026-04-16 14:38:38 +0200: Memory Usage (452204K) : colopen_drw has 0 polygons
2026-04-16 14:38:38 +0200: Memory Usage (452204K) : graphmetal1_drw has 0 polygons
2026-04-16 14:38:38 +0200: Memory Usage (452396K) : graphmetal1_filler has 0 polygons
2026-04-16 14:38:38 +0200: Memory Usage (452396K) : graphmetal1_nofill has 0 polygons
2026-04-16 14:38:38 +0200: Memory Usage (452396K) : graphmetal1_slit has 0 polygons
2026-04-16 14:38:38 +0200: Memory Usage (452396K) : graphmetal1_opc has 0 polygons
2026-04-16 14:38:38 +0200: Memory Usage (452396K) : graphmet1l_drw has 0 polygons
2026-04-16 14:38:38 +0200: Memory Usage (452396K) : graphmet1l_filler has 0 polygons
2026-04-16 14:38:38 +0200: Memory Usage (452588K) : graphmet1l_nofill has 0 polygons
2026-04-16 14:38:38 +0200: Memory Usage (452588K) : graphmet1l_slit has 0 polygons
2026-04-16 14:38:38 +0200: Memory Usage (452588K) : graphmet1l_opc has 0 polygons
2026-04-16 14:38:38 +0200: Memory Usage (452588K) : extblock_drw has 0 polygons
2026-04-16 14:38:38 +0200: Memory Usage (452588K) : nldd_drw has 0 polygons
2026-04-16 14:38:38 +0200: Memory Usage (452780K) : pldd_drw has 0 polygons
2026-04-16 14:38:38 +0200: Memory Usage (452780K) : next_drw has 0 polygons
2026-04-16 14:38:38 +0200: Memory Usage (452780K) : pext_drw has 0 polygons
2026-04-16 14:38:38 +0200: Memory Usage (452972K) : nexthv_drw has 0 polygons
2026-04-16 14:38:38 +0200: Memory Usage (452972K) : pexthv_drw has 0 polygons
2026-04-16 14:38:38 +0200: Memory Usage (452972K) : graphgate_drw has 0 polygons
2026-04-16 14:38:38 +0200: Memory Usage (452972K) : sinwg_drw has 0 polygons
2026-04-16 14:38:38 +0200: Memory Usage (453164K) : sinwg_filler has 0 polygons
2026-04-16 14:38:38 +0200: Memory Usage (453164K) : sinwg_nofill has 0 polygons
2026-04-16 14:38:38 +0200: Memory Usage (453164K) : mempad_drw has 0 polygons
2026-04-16 14:38:38 +0200: Memory Usage (453356K) : topvia1_drw has 0 polygons
2026-04-16 14:38:38 +0200: Memory Usage (453356K) : topmetal1_drw has 0 polygons
2026-04-16 14:38:38 +0200: Memory Usage (453356K) : topmetal1_pin has 0 polygons
2026-04-16 14:38:38 +0200: Memory Usage (453356K) : topmetal1_mask has 0 polygons
2026-04-16 14:38:38 +0200: Memory Usage (453548K) : topmetal1_filler has 0 polygons
2026-04-16 14:38:38 +0200: Memory Usage (453548K) : topmetal1_nofill has 0 polygons
2026-04-16 14:38:39 +0200: Memory Usage (453548K) : topmetal1_slit has 0 polygons
2026-04-16 14:38:39 +0200: Memory Usage (453548K) : topmetal1_text has 0 polygons
2026-04-16 14:38:39 +0200: Memory Usage (453548K) : topmetal1_noqrc has 0 polygons
2026-04-16 14:38:39 +0200: Memory Usage (453740K) : topmetal1_res has 0 polygons
2026-04-16 14:38:39 +0200: Memory Usage (453740K) : topmetal1_iprobe has 0 polygons
2026-04-16 14:38:39 +0200: Memory Usage (453740K) : topmetal1_diffprb has 0 polygons
2026-04-16 14:38:39 +0200: Memory Usage (453740K) : inldpwl_drw has 0 polygons
2026-04-16 14:38:39 +0200: Memory Usage (453740K) : polyres_drw has 0 polygons
2026-04-16 14:38:39 +0200: Memory Usage (453932K) : polyres_pin has 0 polygons
2026-04-16 14:38:39 +0200: Memory Usage (453932K) : vmim_drw has 0 polygons
2026-04-16 14:38:39 +0200: Memory Usage (453932K) : nbulaycut_drw has 0 polygons
2026-04-16 14:38:39 +0200: Memory Usage (453932K) : antmetal1_drw has 0 polygons
2026-04-16 14:38:39 +0200: Memory Usage (454124K) : topvia2_drw has 0 polygons
2026-04-16 14:38:39 +0200: Memory Usage (454124K) : topmetal2_drw has 0 polygons
2026-04-16 14:38:39 +0200: Memory Usage (454124K) : topmetal2_pin has 0 polygons
2026-04-16 14:38:39 +0200: Memory Usage (454316K) : topmetal2_mask has 0 polygons
2026-04-16 14:38:39 +0200: Memory Usage (454316K) : topmetal2_filler has 0 polygons
2026-04-16 14:38:39 +0200: Memory Usage (454316K) : topmetal2_nofill has 0 polygons
2026-04-16 14:38:39 +0200: Memory Usage (454316K) : topmetal2_slit has 0 polygons
2026-04-16 14:38:39 +0200: Memory Usage (454508K) : topmetal2_text has 0 polygons
2026-04-16 14:38:39 +0200: Memory Usage (454508K) : topmetal2_noqrc has 0 polygons
2026-04-16 14:38:39 +0200: Memory Usage (454508K) : topmetal2_res has 0 polygons
2026-04-16 14:38:39 +0200: Memory Usage (454508K) : topmetal2_iprobe has 0 polygons
2026-04-16 14:38:39 +0200: Memory Usage (454700K) : topmetal2_diffprb has 0 polygons
2026-04-16 14:38:39 +0200: Memory Usage (454700K) : snsring_drw has 0 polygons
2026-04-16 14:38:39 +0200: Memory Usage (454700K) : sensor_drw has 0 polygons
2026-04-16 14:38:39 +0200: Memory Usage (454892K) : snsarms_drw has 0 polygons
2026-04-16 14:38:39 +0200: Memory Usage (454892K) : snscmosvia_drw has 0 polygons
2026-04-16 14:38:39 +0200: Memory Usage (454892K) : colwind_drw has 0 polygons
2026-04-16 14:38:39 +0200: Memory Usage (454892K) : flm_drw has 0 polygons
2026-04-16 14:38:39 +0200: Memory Usage (455084K) : hafniumox_drw has 0 polygons
2026-04-16 14:38:39 +0200: Memory Usage (455084K) : memvia_drw has 0 polygons
2026-04-16 14:38:39 +0200: Memory Usage (455084K) : thinfilmres_drw has 0 polygons
2026-04-16 14:38:39 +0200: Memory Usage (455276K) : rfmem_drw has 0 polygons
2026-04-16 14:38:39 +0200: Memory Usage (455276K) : norcx_drw has 0 polygons
2026-04-16 14:38:39 +0200: Memory Usage (455276K) : norcx_m2m3 has 0 polygons
2026-04-16 14:38:39 +0200: Memory Usage (455276K) : norcx_m2m4 has 0 polygons
2026-04-16 14:38:39 +0200: Memory Usage (455468K) : norcx_m2m5 has 0 polygons
2026-04-16 14:38:39 +0200: Memory Usage (455468K) : norcx_m2tm1 has 0 polygons
2026-04-16 14:38:39 +0200: Memory Usage (455468K) : norcx_m2tm2 has 0 polygons
2026-04-16 14:38:39 +0200: Memory Usage (455660K) : norcx_m3m4 has 0 polygons
2026-04-16 14:38:39 +0200: Memory Usage (455660K) : norcx_m3m5 has 0 polygons
2026-04-16 14:38:39 +0200: Memory Usage (455660K) : norcx_m3tm1 has 0 polygons
2026-04-16 14:38:39 +0200: Memory Usage (455660K) : norcx_m3tm2 has 0 polygons
2026-04-16 14:38:39 +0200: Memory Usage (455852K) : norcx_m4m5 has 0 polygons
2026-04-16 14:38:39 +0200: Memory Usage (455852K) : norcx_m4tm1 has 0 polygons
2026-04-16 14:38:39 +0200: Memory Usage (455852K) : norcx_m4tm2 has 0 polygons
2026-04-16 14:38:39 +0200: Memory Usage (455852K) : norcx_m5tm1 has 0 polygons
2026-04-16 14:38:39 +0200: Memory Usage (455852K) : norcx_m5tm2 has 0 polygons
2026-04-16 14:38:39 +0200: Memory Usage (455852K) : norcx_tm1tm2 has 0 polygons
2026-04-16 14:38:39 +0200: Memory Usage (456044K) : norcx_m1sub has 0 polygons
2026-04-16 14:38:39 +0200: Memory Usage (456044K) : norcx_m2sub has 0 polygons
2026-04-16 14:38:39 +0200: Memory Usage (456044K) : norcx_m3sub has 0 polygons
2026-04-16 14:38:39 +0200: Memory Usage (456044K) : norcx_m4sub has 0 polygons
2026-04-16 14:38:39 +0200: Memory Usage (456044K) : norcx_m5sub has 0 polygons
2026-04-16 14:38:39 +0200: Memory Usage (456236K) : norcx_tm1sub has 0 polygons
2026-04-16 14:38:39 +0200: Memory Usage (456236K) : norcx_tm2sub has 0 polygons
2026-04-16 14:38:39 +0200: Memory Usage (456236K) : snsbotvia_drw has 0 polygons
2026-04-16 14:38:39 +0200: Memory Usage (456236K) : snstopvia_drw has 0 polygons
2026-04-16 14:38:39 +0200: Memory Usage (456236K) : deepvia_drw has 0 polygons
2026-04-16 14:38:39 +0200: Memory Usage (456428K) : fgetch_drw has 0 polygons
2026-04-16 14:38:39 +0200: Memory Usage (456428K) : ctrgat_drw has 0 polygons
2026-04-16 14:38:39 +0200: Memory Usage (456428K) : fgimp_drw has 0 polygons
2026-04-16 14:38:39 +0200: Memory Usage (456428K) : emwihv_drw has 0 polygons
2026-04-16 14:38:39 +0200: Memory Usage (456428K) : lbe_drw has 0 polygons
2026-04-16 14:38:39 +0200: Memory Usage (456620K) : alcustop_drw has 0 polygons
2026-04-16 14:38:39 +0200: Memory Usage (456620K) : nometfiller_drw has 0 polygons
2026-04-16 14:38:39 +0200: Memory Usage (456620K) : prboundary_drw has 0 polygons
2026-04-16 14:38:39 +0200: Memory Usage (456620K) : exchange0_drw has 0 polygons
2026-04-16 14:38:39 +0200: Memory Usage (456620K) : exchange0_pin has 0 polygons
2026-04-16 14:38:39 +0200: Memory Usage (456812K) : exchange0_text has 0 polygons
2026-04-16 14:38:39 +0200: Memory Usage (456812K) : exchange1_drw has 0 polygons
2026-04-16 14:38:39 +0200: Memory Usage (456812K) : exchange1_pin has 0 polygons
2026-04-16 14:38:39 +0200: Memory Usage (456812K) : exchange1_text has 0 polygons
2026-04-16 14:38:39 +0200: Memory Usage (456812K) : exchange2_drw has 0 polygons
2026-04-16 14:38:39 +0200: Memory Usage (457004K) : exchange2_pin has 0 polygons
2026-04-16 14:38:39 +0200: Memory Usage (457004K) : exchange2_text has 0 polygons
2026-04-16 14:38:39 +0200: Memory Usage (457004K) : exchange3_drw has 0 polygons
2026-04-16 14:38:39 +0200: Memory Usage (457004K) : exchange3_pin has 0 polygons
2026-04-16 14:38:39 +0200: Memory Usage (457004K) : exchange3_text has 0 polygons
2026-04-16 14:38:39 +0200: Memory Usage (457196K) : exchange4_drw has 0 polygons
2026-04-16 14:38:39 +0200: Memory Usage (457196K) : exchange4_pin has 0 polygons
2026-04-16 14:38:39 +0200: Memory Usage (457196K) : exchange4_text has 0 polygons
2026-04-16 14:38:39 +0200: Memory Usage (457196K) : isonwell_drw has 0 polygons
2026-04-16 14:38:39 +0200: Memory Usage (457196K) : Total no. of polygons in the design is 64
2026-04-16 14:38:39 +0200: Memory Usage (457196K) : Loaded TECH DRC rules values from /foss/pdks/ihp-sg13g2/libs.tech/klayout/python/sg13g2_pycell_lib/sg13g2_tech_mod.json
2026-04-16 14:38:39 +0200: Memory Usage (457196K) : Loaded default DRC rules values from /foss/pdks/ihp-sg13g2/libs.tech/klayout/tech/drc/rule_decks/sg13g2_tech_default.json
2026-04-16 14:38:39 +0200: Memory Usage (457196K) : The following rules values were missing in tech json and default values were used:
2026-04-16 14:38:39 +0200: Memory Usage (457196K) :   - Cnt_c_digibnd
2026-04-16 14:38:39 +0200: Memory Usage (458348K) : Total area of the design is 6.0196000000000005 um^2.
2026-04-16 14:38:39 +0200: Memory Usage (458348K) : The design dimensions are 1.49 µm * 4.04 µm.
2026-04-16 14:38:39 +0200: Memory Usage (458348K) : Starting general IHP-SG13G2 derivations.
2026-04-16 14:38:39 +0200: Memory Usage (458348K) : Starting Pwell derivations
2026-04-16 14:38:39 +0200: Memory Usage (460296K) : Starting IHP-SG13G2 DRC rules.
2026-04-16 14:38:39 +0200: Memory Usage (460296K) : Starting 5.16. Metal1 table
2026-04-16 14:38:39 +0200: Memory Usage (460296K) : Executing rule M1.a
2026-04-16 14:38:39 +0200: Memory Usage (460680K) : Executing rule M1.b
2026-04-16 14:38:39 +0200: Memory Usage (461448K) : Executing rule M1.e
2026-04-16 14:38:39 +0200: Memory Usage (461640K) : Executing rule M1.f
2026-04-16 14:38:39 +0200: Memory Usage (461832K) : Executing rule M1.g
2026-04-16 14:38:39 +0200: Memory Usage (462472K) : Executing rule M1.i
2026-04-16 14:38:39 +0200: Memory Usage (462664K) : KLayout DRC run for tables 'metal1' completed in 0.16 seconds
