# Logfile created on 2026-04-16 14:38:42 +0200 by logger.rb/v1.5.3
2026-04-16 14:38:42 +0200: Memory Usage (438712K) : Starting running IHP-SG13G2 KLayout DRC runset on /var/home/bleroux/Documents/stage_IEMN/analog-asic-design/designs/inverter/layout/inverter.klay.gds
2026-04-16 14:38:42 +0200: Memory Usage (438712K) : Ruby Version for klayout: 3.2.3
2026-04-16 14:38:42 +0200: Memory Usage (439864K) : Loading database to memory is complete.
2026-04-16 14:38:42 +0200: Memory Usage (439864K) : IHP-SG13G2 KLayout DRC runset output at: /var/home/bleroux/Documents/stage_IEMN/analog-asic-design/drc_run_TOP/inverter.klay_TOP_forbidden.lyrdb
2026-04-16 14:38:42 +0200: Memory Usage (440056K) : Evaluate switches.
2026-04-16 14:38:42 +0200: Memory Usage (440056K) : tables selected: forbidden
2026-04-16 14:38:42 +0200: Memory Usage (440056K) : KLayout will use 1 thread(s) in tiling mode.
2026-04-16 14:38:42 +0200: Memory Usage (440248K) : deep mode is enabled.
2026-04-16 14:38:42 +0200: Memory Usage (440248K) : FEOL enabled: false
2026-04-16 14:38:42 +0200: Memory Usage (440248K) : BEOL enabled: false
2026-04-16 14:38:42 +0200: Memory Usage (440248K) : OFFGRID enabled: true
2026-04-16 14:38:42 +0200: Memory Usage (440248K) : PIN enabled: false
2026-04-16 14:38:42 +0200: Memory Usage (440248K) : FORBIDDEN enabled: false
2026-04-16 14:38:42 +0200: Memory Usage (440248K) : RECOMMENDED enabled: true
2026-04-16 14:38:42 +0200: Memory Usage (440248K) : PreCheck DRC enabled: false
2026-04-16 14:38:42 +0200: Memory Usage (440248K) : CONNECTIVITY_RULES enabled: false.
2026-04-16 14:38:42 +0200: Memory Usage (440248K) : Read in polygons from layers.
2026-04-16 14:38:42 +0200: Memory Usage (441424K) : activ_drw has 8 polygons
2026-04-16 14:38:42 +0200: Memory Usage (441424K) : activ_pin has 0 polygons
2026-04-16 14:38:42 +0200: Memory Usage (441424K) : activ_mask has 0 polygons
2026-04-16 14:38:42 +0200: Memory Usage (441424K) : activ_filler has 0 polygons
2026-04-16 14:38:42 +0200: Memory Usage (441424K) : activ_nofill has 0 polygons
2026-04-16 14:38:42 +0200: Memory Usage (441424K) : activ_opc has 0 polygons
2026-04-16 14:38:42 +0200: Memory Usage (441424K) : activ_iopc has 0 polygons
2026-04-16 14:38:42 +0200: Memory Usage (441424K) : activ_noqrc has 0 polygons
2026-04-16 14:38:42 +0200: Memory Usage (441424K) : biwind_drw has 0 polygons
2026-04-16 14:38:42 +0200: Memory Usage (441424K) : biwind_opc has 0 polygons
2026-04-16 14:38:42 +0200: Memory Usage (441424K) : pemwind_drw has 0 polygons
2026-04-16 14:38:42 +0200: Memory Usage (441424K) : gatpoly_drw has 5 polygons
2026-04-16 14:38:42 +0200: Memory Usage (441424K) : gatpoly_pin has 1 polygons
2026-04-16 14:38:42 +0200: Memory Usage (441424K) : gatpoly_filler has 0 polygons
2026-04-16 14:38:42 +0200: Memory Usage (441424K) : gatpoly_nofill has 0 polygons
2026-04-16 14:38:42 +0200: Memory Usage (441424K) : gatpoly_opc has 0 polygons
2026-04-16 14:38:42 +0200: Memory Usage (441424K) : gatpoly_iopc has 0 polygons
2026-04-16 14:38:42 +0200: Memory Usage (441424K) : gatpoly_noqrc has 0 polygons
2026-04-16 14:38:42 +0200: Memory Usage (441424K) : cont_drw has 13 polygons
2026-04-16 14:38:42 +0200: Memory Usage (441424K) : cont_opc has 0 polygons
2026-04-16 14:38:42 +0200: Memory Usage (441424K) : nsd_drw has 0 polygons
2026-04-16 14:38:42 +0200: Memory Usage (441424K) : nsd_block has 0 polygons
2026-04-16 14:38:42 +0200: Memory Usage (441616K) : metal1_drw has 13 polygons
2026-04-16 14:38:42 +0200: Memory Usage (441616K) : metal1_pin has 7 polygons
2026-04-16 14:38:42 +0200: Memory Usage (441616K) : metal1_mask has 0 polygons
2026-04-16 14:38:42 +0200: Memory Usage (441616K) : metal1_filler has 0 polygons
2026-04-16 14:38:42 +0200: Memory Usage (441616K) : metal1_nofill has 0 polygons
2026-04-16 14:38:42 +0200: Memory Usage (441616K) : metal1_slit has 0 polygons
2026-04-16 14:38:42 +0200: Memory Usage (442000K) : metal1_text has 2 polygons
2026-04-16 14:38:42 +0200: Memory Usage (442000K) : metal1_opc has 0 polygons
2026-04-16 14:38:42 +0200: Memory Usage (442000K) : metal1_noqrc has 0 polygons
2026-04-16 14:38:42 +0200: Memory Usage (442000K) : metal1_res has 0 polygons
2026-04-16 14:38:42 +0200: Memory Usage (442000K) : metal1_iprobe has 0 polygons
2026-04-16 14:38:42 +0200: Memory Usage (442000K) : metal1_diffprb has 0 polygons
2026-04-16 14:38:42 +0200: Memory Usage (442192K) : passiv_drw has 0 polygons
2026-04-16 14:38:42 +0200: Memory Usage (442192K) : passiv_pin has 0 polygons
2026-04-16 14:38:42 +0200: Memory Usage (442192K) : passiv_sbump has 0 polygons
2026-04-16 14:38:42 +0200: Memory Usage (442384K) : passiv_pillar has 0 polygons
2026-04-16 14:38:42 +0200: Memory Usage (442384K) : passiv_pdl has 0 polygons
2026-04-16 14:38:42 +0200: Memory Usage (442384K) : metal2_drw has 0 polygons
2026-04-16 14:38:42 +0200: Memory Usage (442384K) : metal2_pin has 0 polygons
2026-04-16 14:38:42 +0200: Memory Usage (442576K) : metal2_mask has 0 polygons
2026-04-16 14:38:42 +0200: Memory Usage (442576K) : metal2_filler has 0 polygons
2026-04-16 14:38:42 +0200: Memory Usage (442576K) : metal2_nofill has 0 polygons
2026-04-16 14:38:42 +0200: Memory Usage (442768K) : metal2_slit has 0 polygons
2026-04-16 14:38:42 +0200: Memory Usage (442768K) : metal2_text has 0 polygons
2026-04-16 14:38:42 +0200: Memory Usage (442768K) : metal2_opc has 0 polygons
2026-04-16 14:38:42 +0200: Memory Usage (442768K) : metal2_noqrc has 0 polygons
2026-04-16 14:38:42 +0200: Memory Usage (442960K) : metal2_res has 0 polygons
2026-04-16 14:38:42 +0200: Memory Usage (442960K) : metal2_iprobe has 0 polygons
2026-04-16 14:38:42 +0200: Memory Usage (443152K) : metal2_diffprb has 0 polygons
2026-04-16 14:38:42 +0200: Memory Usage (443152K) : baspoly_drw has 0 polygons
2026-04-16 14:38:42 +0200: Memory Usage (443152K) : baspoly_pin has 0 polygons
2026-04-16 14:38:42 +0200: Memory Usage (443152K) : psd_drw has 2 polygons
2026-04-16 14:38:42 +0200: Memory Usage (443344K) : nldb_drw has 0 polygons
2026-04-16 14:38:42 +0200: Memory Usage (443344K) : digibnd_drw has 0 polygons
2026-04-16 14:38:42 +0200: Memory Usage (443344K) : via1_drw has 0 polygons
2026-04-16 14:38:42 +0200: Memory Usage (443536K) : backmetal1_drw has 0 polygons
2026-04-16 14:38:42 +0200: Memory Usage (443536K) : backmetal1_pin has 0 polygons
2026-04-16 14:38:42 +0200: Memory Usage (443536K) : backmetal1_mask has 0 polygons
2026-04-16 14:38:42 +0200: Memory Usage (443536K) : backmetal1_filler has 0 polygons
2026-04-16 14:38:42 +0200: Memory Usage (443728K) : backmetal1_nofill has 0 polygons
2026-04-16 14:38:42 +0200: Memory Usage (443728K) : backmetal1_slit has 0 polygons
2026-04-16 14:38:42 +0200: Memory Usage (443728K) : backmetal1_text has 0 polygons
2026-04-16 14:38:42 +0200: Memory Usage (443920K) : backmetal1_opc has 0 polygons
2026-04-16 14:38:42 +0200: Memory Usage (443920K) : backmetal1_noqrc has 0 polygons
2026-04-16 14:38:42 +0200: Memory Usage (443920K) : backmetal1_res has 0 polygons
2026-04-16 14:38:42 +0200: Memory Usage (443920K) : backmetal1_iprobe has 0 polygons
2026-04-16 14:38:42 +0200: Memory Usage (444112K) : backmetal1_diffprb has 0 polygons
2026-04-16 14:38:42 +0200: Memory Usage (444112K) : backpassiv_drw has 0 polygons
2026-04-16 14:38:42 +0200: Memory Usage (444112K) : res_drw has 0 polygons
2026-04-16 14:38:42 +0200: Memory Usage (444304K) : sram_drw has 0 polygons
2026-04-16 14:38:42 +0200: Memory Usage (444304K) : trans_drw has 0 polygons
2026-04-16 14:38:42 +0200: Memory Usage (444304K) : ind_drw has 0 polygons
2026-04-16 14:38:42 +0200: Memory Usage (444496K) : ind_pin has 0 polygons
2026-04-16 14:38:42 +0200: Memory Usage (444496K) : ind_text has 0 polygons
2026-04-16 14:38:42 +0200: Memory Usage (444496K) : salblock_drw has 0 polygons
2026-04-16 14:38:42 +0200: Memory Usage (444688K) : via2_drw has 0 polygons
2026-04-16 14:38:42 +0200: Memory Usage (444688K) : metal3_drw has 0 polygons
2026-04-16 14:38:42 +0200: Memory Usage (444880K) : metal3_pin has 0 polygons
2026-04-16 14:38:42 +0200: Memory Usage (444880K) : metal3_mask has 0 polygons
2026-04-16 14:38:42 +0200: Memory Usage (444880K) : metal3_filler has 0 polygons
2026-04-16 14:38:42 +0200: Memory Usage (444880K) : metal3_nofill has 0 polygons
2026-04-16 14:38:42 +0200: Memory Usage (445072K) : metal3_slit has 0 polygons
2026-04-16 14:38:42 +0200: Memory Usage (445072K) : metal3_text has 0 polygons
2026-04-16 14:38:42 +0200: Memory Usage (445072K) : metal3_opc has 0 polygons
2026-04-16 14:38:42 +0200: Memory Usage (445072K) : metal3_noqrc has 0 polygons
2026-04-16 14:38:42 +0200: Memory Usage (445264K) : metal3_res has 0 polygons
2026-04-16 14:38:42 +0200: Memory Usage (445264K) : metal3_iprobe has 0 polygons
2026-04-16 14:38:42 +0200: Memory Usage (445456K) : metal3_diffprb has 0 polygons
2026-04-16 14:38:42 +0200: Memory Usage (445456K) : nwell_drw has 3 polygons
2026-04-16 14:38:42 +0200: Memory Usage (445456K) : nwell_pin has 1 polygons
2026-04-16 14:38:42 +0200: Memory Usage (445648K) : nbulay_drw has 1 polygons
2026-04-16 14:38:42 +0200: Memory Usage (445648K) : nbulay_pin has 0 polygons
2026-04-16 14:38:42 +0200: Memory Usage (445648K) : nbulay_block has 0 polygons
2026-04-16 14:38:42 +0200: Memory Usage (445648K) : emwind_drw has 0 polygons
2026-04-16 14:38:42 +0200: Memory Usage (445840K) : emwind_opc has 0 polygons
2026-04-16 14:38:42 +0200: Memory Usage (445840K) : deepco_drw has 0 polygons
2026-04-16 14:38:42 +0200: Memory Usage (446032K) : deepco_drw has 0 polygons
2026-04-16 14:38:42 +0200: Memory Usage (446032K) : mim_drw has 0 polygons
2026-04-16 14:38:42 +0200: Memory Usage (446224K) : edgeseal_drw has 0 polygons
2026-04-16 14:38:42 +0200: Memory Usage (446224K) : edgeseal_bound has 0 polygons
2026-04-16 14:38:42 +0200: Memory Usage (446224K) : substrate_drw has 2 polygons
2026-04-16 14:38:42 +0200: Memory Usage (446224K) : substrate_text has 0 polygons
2026-04-16 14:38:42 +0200: Memory Usage (446416K) : dfpad_drw has 0 polygons
2026-04-16 14:38:42 +0200: Memory Usage (446416K) : dfpad_pillar has 0 polygons
2026-04-16 14:38:42 +0200: Memory Usage (446416K) : dfpad_sbump has 0 polygons
2026-04-16 14:38:42 +0200: Memory Usage (446608K) : thickgateox_drw has 0 polygons
2026-04-16 14:38:42 +0200: Memory Usage (446608K) : pldb_drw has 0 polygons
2026-04-16 14:38:42 +0200: Memory Usage (446608K) : pwell_drw has 0 polygons
2026-04-16 14:38:42 +0200: Memory Usage (446608K) : pwell_pin has 0 polygons
2026-04-16 14:38:42 +0200: Memory Usage (446800K) : pwell_block has 0 polygons
2026-04-16 14:38:42 +0200: Memory Usage (446800K) : ic_drw has 0 polygons
2026-04-16 14:38:42 +0200: Memory Usage (446992K) : via3_drw has 0 polygons
2026-04-16 14:38:42 +0200: Memory Usage (446992K) : metal4_drw has 0 polygons
2026-04-16 14:38:42 +0200: Memory Usage (446992K) : metal4_pin has 0 polygons
2026-04-16 14:38:42 +0200: Memory Usage (446992K) : metal4_mask has 0 polygons
2026-04-16 14:38:42 +0200: Memory Usage (447184K) : metal4_filler has 0 polygons
2026-04-16 14:38:42 +0200: Memory Usage (447184K) : metal4_nofill has 0 polygons
2026-04-16 14:38:42 +0200: Memory Usage (447184K) : metal4_slit has 0 polygons
2026-04-16 14:38:42 +0200: Memory Usage (447376K) : metal4_text has 0 polygons
2026-04-16 14:38:42 +0200: Memory Usage (447376K) : metal4_opc has 0 polygons
2026-04-16 14:38:42 +0200: Memory Usage (447376K) : metal4_noqrc has 0 polygons
2026-04-16 14:38:42 +0200: Memory Usage (447376K) : metal4_res has 0 polygons
2026-04-16 14:38:42 +0200: Memory Usage (447568K) : metal4_iprobe has 0 polygons
2026-04-16 14:38:42 +0200: Memory Usage (447568K) : metal4_diffprb has 0 polygons
2026-04-16 14:38:42 +0200: Memory Usage (447760K) : heattrans_drw has 2 polygons
2026-04-16 14:38:42 +0200: Memory Usage (447760K) : heatres_drw has 0 polygons
2026-04-16 14:38:42 +0200: Memory Usage (447760K) : pempoly_drw has 0 polygons
2026-04-16 14:38:42 +0200: Memory Usage (447760K) : fbe_drw has 0 polygons
2026-04-16 14:38:42 +0200: Memory Usage (447952K) : empoly_drw has 0 polygons
2026-04-16 14:38:42 +0200: Memory Usage (447952K) : ldmos_drw has 0 polygons
2026-04-16 14:38:42 +0200: Memory Usage (448144K) : pbiwind_drw has 0 polygons
2026-04-16 14:38:42 +0200: Memory Usage (448144K) : digisub_drw has 0 polygons
2026-04-16 14:38:42 +0200: Memory Usage (448144K) : nodrc_drw has 0 polygons
2026-04-16 14:38:42 +0200: Memory Usage (448336K) : text_drw has 4 polygons
2026-04-16 14:38:42 +0200: Memory Usage (448336K) : via4_drw has 0 polygons
2026-04-16 14:38:42 +0200: Memory Usage (448336K) : metal5_drw has 0 polygons
2026-04-16 14:38:42 +0200: Memory Usage (448336K) : metal5_pin has 0 polygons
2026-04-16 14:38:42 +0200: Memory Usage (448528K) : metal5_mask has 0 polygons
2026-04-16 14:38:42 +0200: Memory Usage (448528K) : metal5_filler has 0 polygons
2026-04-16 14:38:42 +0200: Memory Usage (448528K) : metal5_nofill has 0 polygons
2026-04-16 14:38:42 +0200: Memory Usage (448720K) : metal5_slit has 0 polygons
2026-04-16 14:38:42 +0200: Memory Usage (448720K) : metal5_text has 0 polygons
2026-04-16 14:38:42 +0200: Memory Usage (448720K) : metal5_opc has 0 polygons
2026-04-16 14:38:42 +0200: Memory Usage (448720K) : metal5_noqrc has 0 polygons
2026-04-16 14:38:42 +0200: Memory Usage (448912K) : metal5_res has 0 polygons
2026-04-16 14:38:42 +0200: Memory Usage (448912K) : metal5_iprobe has 0 polygons
2026-04-16 14:38:42 +0200: Memory Usage (448912K) : metal5_diffprb has 0 polygons
2026-04-16 14:38:42 +0200: Memory Usage (449104K) : radhard_drw has 0 polygons
2026-04-16 14:38:42 +0200: Memory Usage (449104K) : memcap_drw has 0 polygons
2026-04-16 14:38:42 +0200: Memory Usage (449296K) : varicap_drw has 0 polygons
2026-04-16 14:38:42 +0200: Memory Usage (449296K) : flash_drw has 0 polygons
2026-04-16 14:38:42 +0200: Memory Usage (449296K) : intbondvia_drw has 0 polygons
2026-04-16 14:38:42 +0200: Memory Usage (449488K) : intbondmet_drw has 0 polygons
2026-04-16 14:38:42 +0200: Memory Usage (449488K) : devbondvia_drw has 0 polygons
2026-04-16 14:38:42 +0200: Memory Usage (449488K) : devbondmet_drw has 0 polygons
2026-04-16 14:38:42 +0200: Memory Usage (449488K) : devtrench_drw has 0 polygons
2026-04-16 14:38:42 +0200: Memory Usage (449680K) : redist_drw has 0 polygons
2026-04-16 14:38:42 +0200: Memory Usage (449680K) : graphbot_drw has 0 polygons
2026-04-16 14:38:42 +0200: Memory Usage (449680K) : graphtop_drw has 0 polygons
2026-04-16 14:38:42 +0200: Memory Usage (449872K) : antvia1_drw has 0 polygons
2026-04-16 14:38:42 +0200: Memory Usage (449872K) : antmetal2_drw has 0 polygons
2026-04-16 14:38:42 +0200: Memory Usage (449872K) : graphcont_drw has 0 polygons
2026-04-16 14:38:42 +0200: Memory Usage (449872K) : siwg_drw has 0 polygons
2026-04-16 14:38:42 +0200: Memory Usage (450064K) : siwg_filler has 0 polygons
2026-04-16 14:38:42 +0200: Memory Usage (450064K) : siwg_nofill has 0 polygons
2026-04-16 14:38:42 +0200: Memory Usage (450256K) : sigrating_drw has 0 polygons
2026-04-16 14:38:42 +0200: Memory Usage (450256K) : singrating_drw has 0 polygons
2026-04-16 14:38:42 +0200: Memory Usage (450256K) : graphpas_drw has 0 polygons
2026-04-16 14:38:42 +0200: Memory Usage (450256K) : emwind3_drw has 0 polygons
2026-04-16 14:38:42 +0200: Memory Usage (450448K) : emwihv3_drw has 0 polygons
2026-04-16 14:38:42 +0200: Memory Usage (450448K) : redbulay_drw has 0 polygons
2026-04-16 14:38:42 +0200: Memory Usage (450448K) : smos_drw has 0 polygons
2026-04-16 14:38:42 +0200: Memory Usage (450640K) : graphpad_drw has 0 polygons
2026-04-16 14:38:42 +0200: Memory Usage (450640K) : polimide_drw has 0 polygons
2026-04-16 14:38:42 +0200: Memory Usage (450640K) : polimide_pin has 0 polygons
2026-04-16 14:38:42 +0200: Memory Usage (450832K) : recog_drw has 0 polygons
2026-04-16 14:38:42 +0200: Memory Usage (450832K) : recog_pin has 0 polygons
2026-04-16 14:38:42 +0200: Memory Usage (450832K) : recog_esd has 0 polygons
2026-04-16 14:38:42 +0200: Memory Usage (451024K) : recog_diode has 0 polygons
2026-04-16 14:38:42 +0200: Memory Usage (451024K) : recog_tsv has 0 polygons
2026-04-16 14:38:42 +0200: Memory Usage (451024K) : recog_iprobe has 0 polygons
2026-04-16 14:38:42 +0200: Memory Usage (451216K) : recog_diffprb has 0 polygons
2026-04-16 14:38:42 +0200: Memory Usage (451216K) : recog_pillar has 0 polygons
2026-04-16 14:38:42 +0200: Memory Usage (451216K) : recog_sbump has 0 polygons
2026-04-16 14:38:42 +0200: Memory Usage (451216K) : recog_otp has 0 polygons
2026-04-16 14:38:42 +0200: Memory Usage (451216K) : recog_pdiode has 0 polygons
2026-04-16 14:38:42 +0200: Memory Usage (451216K) : recog_mom has 0 polygons
2026-04-16 14:38:42 +0200: Memory Usage (451408K) : recog_pcm has 0 polygons
2026-04-16 14:38:42 +0200: Memory Usage (451408K) : colopen_drw has 0 polygons
2026-04-16 14:38:42 +0200: Memory Usage (451408K) : graphmetal1_drw has 0 polygons
2026-04-16 14:38:42 +0200: Memory Usage (451408K) : graphmetal1_filler has 0 polygons
2026-04-16 14:38:42 +0200: Memory Usage (451408K) : graphmetal1_nofill has 0 polygons
2026-04-16 14:38:42 +0200: Memory Usage (451600K) : graphmetal1_slit has 0 polygons
2026-04-16 14:38:42 +0200: Memory Usage (451600K) : graphmetal1_opc has 0 polygons
2026-04-16 14:38:42 +0200: Memory Usage (451600K) : graphmet1l_drw has 0 polygons
2026-04-16 14:38:42 +0200: Memory Usage (451600K) : graphmet1l_filler has 0 polygons
2026-04-16 14:38:42 +0200: Memory Usage (451600K) : graphmet1l_nofill has 0 polygons
2026-04-16 14:38:42 +0200: Memory Usage (451792K) : graphmet1l_slit has 0 polygons
2026-04-16 14:38:42 +0200: Memory Usage (451792K) : graphmet1l_opc has 0 polygons
2026-04-16 14:38:42 +0200: Memory Usage (451792K) : extblock_drw has 0 polygons
2026-04-16 14:38:42 +0200: Memory Usage (451792K) : nldd_drw has 0 polygons
2026-04-16 14:38:42 +0200: Memory Usage (451984K) : pldd_drw has 0 polygons
2026-04-16 14:38:42 +0200: Memory Usage (451984K) : next_drw has 0 polygons
2026-04-16 14:38:42 +0200: Memory Usage (451984K) : pext_drw has 0 polygons
2026-04-16 14:38:42 +0200: Memory Usage (451984K) : nexthv_drw has 0 polygons
2026-04-16 14:38:42 +0200: Memory Usage (452176K) : pexthv_drw has 0 polygons
2026-04-16 14:38:42 +0200: Memory Usage (452176K) : graphgate_drw has 0 polygons
2026-04-16 14:38:42 +0200: Memory Usage (452176K) : sinwg_drw has 0 polygons
2026-04-16 14:38:42 +0200: Memory Usage (452368K) : sinwg_filler has 0 polygons
2026-04-16 14:38:42 +0200: Memory Usage (452368K) : sinwg_nofill has 0 polygons
2026-04-16 14:38:42 +0200: Memory Usage (452368K) : mempad_drw has 0 polygons
2026-04-16 14:38:42 +0200: Memory Usage (452368K) : topvia1_drw has 0 polygons
2026-04-16 14:38:42 +0200: Memory Usage (452560K) : topmetal1_drw has 0 polygons
2026-04-16 14:38:42 +0200: Memory Usage (452560K) : topmetal1_pin has 0 polygons
2026-04-16 14:38:42 +0200: Memory Usage (452560K) : topmetal1_mask has 0 polygons
2026-04-16 14:38:42 +0200: Memory Usage (452752K) : topmetal1_filler has 0 polygons
2026-04-16 14:38:42 +0200: Memory Usage (452752K) : topmetal1_nofill has 0 polygons
2026-04-16 14:38:42 +0200: Memory Usage (452752K) : topmetal1_slit has 0 polygons
2026-04-16 14:38:42 +0200: Memory Usage (452752K) : topmetal1_text has 0 polygons
2026-04-16 14:38:42 +0200: Memory Usage (452752K) : topmetal1_noqrc has 0 polygons
2026-04-16 14:38:42 +0200: Memory Usage (452752K) : topmetal1_res has 0 polygons
2026-04-16 14:38:42 +0200: Memory Usage (452944K) : topmetal1_iprobe has 0 polygons
2026-04-16 14:38:42 +0200: Memory Usage (452944K) : topmetal1_diffprb has 0 polygons
2026-04-16 14:38:42 +0200: Memory Usage (452944K) : inldpwl_drw has 0 polygons
2026-04-16 14:38:42 +0200: Memory Usage (452944K) : polyres_drw has 0 polygons
2026-04-16 14:38:42 +0200: Memory Usage (453136K) : polyres_pin has 0 polygons
2026-04-16 14:38:42 +0200: Memory Usage (453136K) : vmim_drw has 0 polygons
2026-04-16 14:38:42 +0200: Memory Usage (453136K) : nbulaycut_drw has 0 polygons
2026-04-16 14:38:42 +0200: Memory Usage (453136K) : antmetal1_drw has 0 polygons
2026-04-16 14:38:42 +0200: Memory Usage (453328K) : topvia2_drw has 0 polygons
2026-04-16 14:38:42 +0200: Memory Usage (453328K) : topmetal2_drw has 0 polygons
2026-04-16 14:38:42 +0200: Memory Usage (453328K) : topmetal2_pin has 0 polygons
2026-04-16 14:38:42 +0200: Memory Usage (453328K) : topmetal2_mask has 0 polygons
2026-04-16 14:38:42 +0200: Memory Usage (453520K) : topmetal2_filler has 0 polygons
2026-04-16 14:38:42 +0200: Memory Usage (453520K) : topmetal2_nofill has 0 polygons
2026-04-16 14:38:42 +0200: Memory Usage (453520K) : topmetal2_slit has 0 polygons
2026-04-16 14:38:42 +0200: Memory Usage (453520K) : topmetal2_text has 0 polygons
2026-04-16 14:38:42 +0200: Memory Usage (453712K) : topmetal2_noqrc has 0 polygons
2026-04-16 14:38:42 +0200: Memory Usage (453712K) : topmetal2_res has 0 polygons
2026-04-16 14:38:42 +0200: Memory Usage (453712K) : topmetal2_iprobe has 0 polygons
2026-04-16 14:38:42 +0200: Memory Usage (453904K) : topmetal2_diffprb has 0 polygons
2026-04-16 14:38:42 +0200: Memory Usage (453904K) : snsring_drw has 0 polygons
2026-04-16 14:38:42 +0200: Memory Usage (453904K) : sensor_drw has 0 polygons
2026-04-16 14:38:42 +0200: Memory Usage (453904K) : snsarms_drw has 0 polygons
2026-04-16 14:38:42 +0200: Memory Usage (454096K) : snscmosvia_drw has 0 polygons
2026-04-16 14:38:42 +0200: Memory Usage (454096K) : colwind_drw has 0 polygons
2026-04-16 14:38:42 +0200: Memory Usage (454096K) : flm_drw has 0 polygons
2026-04-16 14:38:42 +0200: Memory Usage (454288K) : hafniumox_drw has 0 polygons
2026-04-16 14:38:42 +0200: Memory Usage (454288K) : memvia_drw has 0 polygons
2026-04-16 14:38:42 +0200: Memory Usage (454288K) : thinfilmres_drw has 0 polygons
2026-04-16 14:38:42 +0200: Memory Usage (454288K) : rfmem_drw has 0 polygons
2026-04-16 14:38:42 +0200: Memory Usage (454480K) : norcx_drw has 0 polygons
2026-04-16 14:38:42 +0200: Memory Usage (454480K) : norcx_m2m3 has 0 polygons
2026-04-16 14:38:42 +0200: Memory Usage (454480K) : norcx_m2m4 has 0 polygons
2026-04-16 14:38:42 +0200: Memory Usage (454672K) : norcx_m2m5 has 0 polygons
2026-04-16 14:38:42 +0200: Memory Usage (454672K) : norcx_m2tm1 has 0 polygons
2026-04-16 14:38:42 +0200: Memory Usage (454672K) : norcx_m2tm2 has 0 polygons
2026-04-16 14:38:42 +0200: Memory Usage (454672K) : norcx_m3m4 has 0 polygons
2026-04-16 14:38:42 +0200: Memory Usage (454864K) : norcx_m3m5 has 0 polygons
2026-04-16 14:38:42 +0200: Memory Usage (454864K) : norcx_m3tm1 has 0 polygons
2026-04-16 14:38:42 +0200: Memory Usage (454864K) : norcx_m3tm2 has 0 polygons
2026-04-16 14:38:42 +0200: Memory Usage (454864K) : norcx_m4m5 has 0 polygons
2026-04-16 14:38:42 +0200: Memory Usage (454864K) : norcx_m4tm1 has 0 polygons
2026-04-16 14:38:42 +0200: Memory Usage (454864K) : norcx_m4tm2 has 0 polygons
2026-04-16 14:38:42 +0200: Memory Usage (455056K) : norcx_m5tm1 has 0 polygons
2026-04-16 14:38:42 +0200: Memory Usage (455056K) : norcx_m5tm2 has 0 polygons
2026-04-16 14:38:42 +0200: Memory Usage (455056K) : norcx_tm1tm2 has 0 polygons
2026-04-16 14:38:42 +0200: Memory Usage (455056K) : norcx_m1sub has 0 polygons
2026-04-16 14:38:42 +0200: Memory Usage (455056K) : norcx_m2sub has 0 polygons
2026-04-16 14:38:42 +0200: Memory Usage (455248K) : norcx_m3sub has 0 polygons
2026-04-16 14:38:42 +0200: Memory Usage (455248K) : norcx_m4sub has 0 polygons
2026-04-16 14:38:42 +0200: Memory Usage (455248K) : norcx_m5sub has 0 polygons
2026-04-16 14:38:42 +0200: Memory Usage (455248K) : norcx_tm1sub has 0 polygons
2026-04-16 14:38:42 +0200: Memory Usage (455248K) : norcx_tm2sub has 0 polygons
2026-04-16 14:38:42 +0200: Memory Usage (455440K) : snsbotvia_drw has 0 polygons
2026-04-16 14:38:42 +0200: Memory Usage (455440K) : snstopvia_drw has 0 polygons
2026-04-16 14:38:42 +0200: Memory Usage (455440K) : deepvia_drw has 0 polygons
2026-04-16 14:38:42 +0200: Memory Usage (455440K) : fgetch_drw has 0 polygons
2026-04-16 14:38:42 +0200: Memory Usage (455440K) : ctrgat_drw has 0 polygons
2026-04-16 14:38:42 +0200: Memory Usage (455632K) : fgimp_drw has 0 polygons
2026-04-16 14:38:42 +0200: Memory Usage (455632K) : emwihv_drw has 0 polygons
2026-04-16 14:38:42 +0200: Memory Usage (455632K) : lbe_drw has 0 polygons
2026-04-16 14:38:42 +0200: Memory Usage (455632K) : alcustop_drw has 0 polygons
2026-04-16 14:38:42 +0200: Memory Usage (455632K) : nometfiller_drw has 0 polygons
2026-04-16 14:38:42 +0200: Memory Usage (455824K) : prboundary_drw has 0 polygons
2026-04-16 14:38:42 +0200: Memory Usage (455824K) : exchange0_drw has 0 polygons
2026-04-16 14:38:42 +0200: Memory Usage (455824K) : exchange0_pin has 0 polygons
2026-04-16 14:38:42 +0200: Memory Usage (455824K) : exchange0_text has 0 polygons
2026-04-16 14:38:42 +0200: Memory Usage (455824K) : exchange1_drw has 0 polygons
2026-04-16 14:38:42 +0200: Memory Usage (455824K) : exchange1_pin has 0 polygons
2026-04-16 14:38:42 +0200: Memory Usage (456016K) : exchange1_text has 0 polygons
2026-04-16 14:38:42 +0200: Memory Usage (456016K) : exchange2_drw has 0 polygons
2026-04-16 14:38:42 +0200: Memory Usage (456016K) : exchange2_pin has 0 polygons
2026-04-16 14:38:42 +0200: Memory Usage (456016K) : exchange2_text has 0 polygons
2026-04-16 14:38:42 +0200: Memory Usage (456208K) : exchange3_drw has 0 polygons
2026-04-16 14:38:42 +0200: Memory Usage (456208K) : exchange3_pin has 0 polygons
2026-04-16 14:38:42 +0200: Memory Usage (456208K) : exchange3_text has 0 polygons
2026-04-16 14:38:42 +0200: Memory Usage (456208K) : exchange4_drw has 0 polygons
2026-04-16 14:38:42 +0200: Memory Usage (456400K) : exchange4_pin has 0 polygons
2026-04-16 14:38:42 +0200: Memory Usage (456400K) : exchange4_text has 0 polygons
2026-04-16 14:38:42 +0200: Memory Usage (456400K) : isonwell_drw has 0 polygons
2026-04-16 14:38:42 +0200: Memory Usage (456400K) : Total no. of polygons in the design is 64
2026-04-16 14:38:42 +0200: Memory Usage (456400K) : Loaded TECH DRC rules values from /foss/pdks/ihp-sg13g2/libs.tech/klayout/python/sg13g2_pycell_lib/sg13g2_tech_mod.json
2026-04-16 14:38:42 +0200: Memory Usage (456400K) : Loaded default DRC rules values from /foss/pdks/ihp-sg13g2/libs.tech/klayout/tech/drc/rule_decks/sg13g2_tech_default.json
2026-04-16 14:38:42 +0200: Memory Usage (456400K) : The following rules values were missing in tech json and default values were used:
2026-04-16 14:38:42 +0200: Memory Usage (456400K) :   - Cnt_c_digibnd
2026-04-16 14:38:42 +0200: Memory Usage (457804K) : Total area of the design is 6.0196000000000005 um^2.
2026-04-16 14:38:42 +0200: Memory Usage (457804K) : The design dimensions are 1.49 µm * 4.04 µm.
2026-04-16 14:38:42 +0200: Memory Usage (457804K) : Starting general IHP-SG13G2 derivations.
2026-04-16 14:38:42 +0200: Memory Usage (457804K) : Starting Pwell derivations
2026-04-16 14:38:42 +0200: Memory Usage (459736K) : Starting IHP-SG13G2 DRC rules.
2026-04-16 14:38:42 +0200: Memory Usage (459736K) : Starting 3.2. FORBIDDEN table
2026-04-16 14:38:42 +0200: Memory Usage (459736K) : Executing rule forbidden.biwind
2026-04-16 14:38:42 +0200: Memory Usage (459736K) : Executing rule forbidden.pemwind
2026-04-16 14:38:42 +0200: Memory Usage (459736K) : Executing rule forbidden.baspoly
2026-04-16 14:38:42 +0200: Memory Usage (459736K) : Executing rule forbidden.deepco
2026-04-16 14:38:42 +0200: Memory Usage (459928K) : Executing rule forbidden.pempoly
2026-04-16 14:38:42 +0200: Memory Usage (459928K) : Executing rule forbidden.empoly
2026-04-16 14:38:42 +0200: Memory Usage (459928K) : Executing rule forbidden.ldmos
2026-04-16 14:38:42 +0200: Memory Usage (460120K) : Executing rule forbidden.pbiwind
2026-04-16 14:38:42 +0200: Memory Usage (460120K) : Executing rule forbidden.nodrc
2026-04-16 14:38:42 +0200: Memory Usage (460120K) : Executing rule forbidden.flash
2026-04-16 14:38:42 +0200: Memory Usage (460120K) : Executing rule forbidden.colwind
2026-04-16 14:38:42 +0200: Memory Usage (460312K) : KLayout DRC run for tables 'forbidden' completed in 0.14 seconds
