# Logfile created on 2026-04-16 14:38:37 +0200 by logger.rb/v1.5.3
2026-04-16 14:38:37 +0200: Memory Usage (439784K) : Starting running IHP-SG13G2 KLayout DRC runset on /var/home/bleroux/Documents/stage_IEMN/analog-asic-design/designs/inverter/layout/inverter.klay.gds
2026-04-16 14:38:37 +0200: Memory Usage (439784K) : Ruby Version for klayout: 3.2.3
2026-04-16 14:38:37 +0200: Memory Usage (441320K) : Loading database to memory is complete.
2026-04-16 14:38:37 +0200: Memory Usage (441320K) : IHP-SG13G2 KLayout DRC runset output at: /var/home/bleroux/Documents/stage_IEMN/analog-asic-design/drc_run_TOP/inverter.klay_TOP_latchup.lyrdb
2026-04-16 14:38:37 +0200: Memory Usage (441320K) : Evaluate switches.
2026-04-16 14:38:37 +0200: Memory Usage (441320K) : tables selected: latchup
2026-04-16 14:38:37 +0200: Memory Usage (441320K) : KLayout will use 1 thread(s) in tiling mode.
2026-04-16 14:38:37 +0200: Memory Usage (441320K) : deep mode is enabled.
2026-04-16 14:38:37 +0200: Memory Usage (441320K) : FEOL enabled: false
2026-04-16 14:38:37 +0200: Memory Usage (441320K) : BEOL enabled: false
2026-04-16 14:38:37 +0200: Memory Usage (441320K) : OFFGRID enabled: true
2026-04-16 14:38:37 +0200: Memory Usage (441320K) : PIN enabled: false
2026-04-16 14:38:37 +0200: Memory Usage (441320K) : FORBIDDEN enabled: false
2026-04-16 14:38:37 +0200: Memory Usage (441320K) : RECOMMENDED enabled: true
2026-04-16 14:38:37 +0200: Memory Usage (441320K) : PreCheck DRC enabled: false
2026-04-16 14:38:37 +0200: Memory Usage (441320K) : CONNECTIVITY_RULES enabled: false.
2026-04-16 14:38:37 +0200: Memory Usage (441320K) : Read in polygons from layers.
2026-04-16 14:38:37 +0200: Memory Usage (442280K) : activ_drw has 8 polygons
2026-04-16 14:38:37 +0200: Memory Usage (442280K) : activ_pin has 0 polygons
2026-04-16 14:38:37 +0200: Memory Usage (442280K) : activ_mask has 0 polygons
2026-04-16 14:38:37 +0200: Memory Usage (442280K) : activ_filler has 0 polygons
2026-04-16 14:38:37 +0200: Memory Usage (442280K) : activ_nofill has 0 polygons
2026-04-16 14:38:37 +0200: Memory Usage (442280K) : activ_opc has 0 polygons
2026-04-16 14:38:37 +0200: Memory Usage (442280K) : activ_iopc has 0 polygons
2026-04-16 14:38:37 +0200: Memory Usage (442280K) : activ_noqrc has 0 polygons
2026-04-16 14:38:37 +0200: Memory Usage (442280K) : biwind_drw has 0 polygons
2026-04-16 14:38:37 +0200: Memory Usage (442280K) : biwind_opc has 0 polygons
2026-04-16 14:38:37 +0200: Memory Usage (442280K) : pemwind_drw has 0 polygons
2026-04-16 14:38:37 +0200: Memory Usage (442280K) : gatpoly_drw has 5 polygons
2026-04-16 14:38:37 +0200: Memory Usage (442280K) : gatpoly_pin has 1 polygons
2026-04-16 14:38:37 +0200: Memory Usage (442280K) : gatpoly_filler has 0 polygons
2026-04-16 14:38:37 +0200: Memory Usage (442280K) : gatpoly_nofill has 0 polygons
2026-04-16 14:38:37 +0200: Memory Usage (442280K) : gatpoly_opc has 0 polygons
2026-04-16 14:38:37 +0200: Memory Usage (442280K) : gatpoly_iopc has 0 polygons
2026-04-16 14:38:37 +0200: Memory Usage (442280K) : gatpoly_noqrc has 0 polygons
2026-04-16 14:38:37 +0200: Memory Usage (442280K) : cont_drw has 13 polygons
2026-04-16 14:38:37 +0200: Memory Usage (442280K) : cont_opc has 0 polygons
2026-04-16 14:38:37 +0200: Memory Usage (442280K) : nsd_drw has 0 polygons
2026-04-16 14:38:37 +0200: Memory Usage (442280K) : nsd_block has 0 polygons
2026-04-16 14:38:37 +0200: Memory Usage (442516K) : metal1_drw has 13 polygons
2026-04-16 14:38:37 +0200: Memory Usage (442516K) : metal1_pin has 7 polygons
2026-04-16 14:38:37 +0200: Memory Usage (442516K) : metal1_mask has 0 polygons
2026-04-16 14:38:37 +0200: Memory Usage (442516K) : metal1_filler has 0 polygons
2026-04-16 14:38:37 +0200: Memory Usage (442516K) : metal1_nofill has 0 polygons
2026-04-16 14:38:37 +0200: Memory Usage (442516K) : metal1_slit has 0 polygons
2026-04-16 14:38:37 +0200: Memory Usage (442900K) : metal1_text has 2 polygons
2026-04-16 14:38:37 +0200: Memory Usage (442900K) : metal1_opc has 0 polygons
2026-04-16 14:38:37 +0200: Memory Usage (443092K) : metal1_noqrc has 0 polygons
2026-04-16 14:38:37 +0200: Memory Usage (443092K) : metal1_res has 0 polygons
2026-04-16 14:38:37 +0200: Memory Usage (443092K) : metal1_iprobe has 0 polygons
2026-04-16 14:38:37 +0200: Memory Usage (443092K) : metal1_diffprb has 0 polygons
2026-04-16 14:38:37 +0200: Memory Usage (443092K) : passiv_drw has 0 polygons
2026-04-16 14:38:37 +0200: Memory Usage (443284K) : passiv_pin has 0 polygons
2026-04-16 14:38:37 +0200: Memory Usage (443284K) : passiv_sbump has 0 polygons
2026-04-16 14:38:37 +0200: Memory Usage (443284K) : passiv_pillar has 0 polygons
2026-04-16 14:38:37 +0200: Memory Usage (443284K) : passiv_pdl has 0 polygons
2026-04-16 14:38:37 +0200: Memory Usage (443476K) : metal2_drw has 0 polygons
2026-04-16 14:38:37 +0200: Memory Usage (443476K) : metal2_pin has 0 polygons
2026-04-16 14:38:37 +0200: Memory Usage (443476K) : metal2_mask has 0 polygons
2026-04-16 14:38:37 +0200: Memory Usage (443668K) : metal2_filler has 0 polygons
2026-04-16 14:38:37 +0200: Memory Usage (443668K) : metal2_nofill has 0 polygons
2026-04-16 14:38:37 +0200: Memory Usage (443668K) : metal2_slit has 0 polygons
2026-04-16 14:38:37 +0200: Memory Usage (443668K) : metal2_text has 0 polygons
2026-04-16 14:38:37 +0200: Memory Usage (443860K) : metal2_opc has 0 polygons
2026-04-16 14:38:37 +0200: Memory Usage (443860K) : metal2_noqrc has 0 polygons
2026-04-16 14:38:37 +0200: Memory Usage (444052K) : metal2_res has 0 polygons
2026-04-16 14:38:37 +0200: Memory Usage (444052K) : metal2_iprobe has 0 polygons
2026-04-16 14:38:37 +0200: Memory Usage (444052K) : metal2_diffprb has 0 polygons
2026-04-16 14:38:37 +0200: Memory Usage (444052K) : baspoly_drw has 0 polygons
2026-04-16 14:38:37 +0200: Memory Usage (444244K) : baspoly_pin has 0 polygons
2026-04-16 14:38:37 +0200: Memory Usage (444244K) : psd_drw has 2 polygons
2026-04-16 14:38:37 +0200: Memory Usage (444244K) : nldb_drw has 0 polygons
2026-04-16 14:38:37 +0200: Memory Usage (444436K) : digibnd_drw has 0 polygons
2026-04-16 14:38:37 +0200: Memory Usage (444436K) : via1_drw has 0 polygons
2026-04-16 14:38:37 +0200: Memory Usage (444436K) : backmetal1_drw has 0 polygons
2026-04-16 14:38:37 +0200: Memory Usage (444436K) : backmetal1_pin has 0 polygons
2026-04-16 14:38:37 +0200: Memory Usage (444628K) : backmetal1_mask has 0 polygons
2026-04-16 14:38:37 +0200: Memory Usage (444628K) : backmetal1_filler has 0 polygons
2026-04-16 14:38:37 +0200: Memory Usage (444628K) : backmetal1_nofill has 0 polygons
2026-04-16 14:38:37 +0200: Memory Usage (444820K) : backmetal1_slit has 0 polygons
2026-04-16 14:38:37 +0200: Memory Usage (444820K) : backmetal1_text has 0 polygons
2026-04-16 14:38:37 +0200: Memory Usage (444820K) : backmetal1_opc has 0 polygons
2026-04-16 14:38:37 +0200: Memory Usage (444820K) : backmetal1_noqrc has 0 polygons
2026-04-16 14:38:37 +0200: Memory Usage (445012K) : backmetal1_res has 0 polygons
2026-04-16 14:38:37 +0200: Memory Usage (445012K) : backmetal1_iprobe has 0 polygons
2026-04-16 14:38:37 +0200: Memory Usage (445012K) : backmetal1_diffprb has 0 polygons
2026-04-16 14:38:37 +0200: Memory Usage (445204K) : backpassiv_drw has 0 polygons
2026-04-16 14:38:37 +0200: Memory Usage (445204K) : res_drw has 0 polygons
2026-04-16 14:38:37 +0200: Memory Usage (445204K) : sram_drw has 0 polygons
2026-04-16 14:38:37 +0200: Memory Usage (445204K) : trans_drw has 0 polygons
2026-04-16 14:38:37 +0200: Memory Usage (445396K) : ind_drw has 0 polygons
2026-04-16 14:38:37 +0200: Memory Usage (445396K) : ind_pin has 0 polygons
2026-04-16 14:38:37 +0200: Memory Usage (445588K) : ind_text has 0 polygons
2026-04-16 14:38:37 +0200: Memory Usage (445588K) : salblock_drw has 0 polygons
2026-04-16 14:38:37 +0200: Memory Usage (445588K) : via2_drw has 0 polygons
2026-04-16 14:38:37 +0200: Memory Usage (445780K) : metal3_drw has 0 polygons
2026-04-16 14:38:37 +0200: Memory Usage (445780K) : metal3_pin has 0 polygons
2026-04-16 14:38:37 +0200: Memory Usage (445780K) : metal3_mask has 0 polygons
2026-04-16 14:38:37 +0200: Memory Usage (445972K) : metal3_filler has 0 polygons
2026-04-16 14:38:37 +0200: Memory Usage (445972K) : metal3_nofill has 0 polygons
2026-04-16 14:38:37 +0200: Memory Usage (445972K) : metal3_slit has 0 polygons
2026-04-16 14:38:37 +0200: Memory Usage (445972K) : metal3_text has 0 polygons
2026-04-16 14:38:37 +0200: Memory Usage (446164K) : metal3_opc has 0 polygons
2026-04-16 14:38:37 +0200: Memory Usage (446164K) : metal3_noqrc has 0 polygons
2026-04-16 14:38:37 +0200: Memory Usage (446164K) : metal3_res has 0 polygons
2026-04-16 14:38:37 +0200: Memory Usage (446356K) : metal3_iprobe has 0 polygons
2026-04-16 14:38:37 +0200: Memory Usage (446356K) : metal3_diffprb has 0 polygons
2026-04-16 14:38:37 +0200: Memory Usage (446356K) : nwell_drw has 3 polygons
2026-04-16 14:38:37 +0200: Memory Usage (446356K) : nwell_pin has 1 polygons
2026-04-16 14:38:37 +0200: Memory Usage (446548K) : nbulay_drw has 1 polygons
2026-04-16 14:38:37 +0200: Memory Usage (446548K) : nbulay_pin has 0 polygons
2026-04-16 14:38:37 +0200: Memory Usage (446740K) : nbulay_block has 0 polygons
2026-04-16 14:38:37 +0200: Memory Usage (446740K) : emwind_drw has 0 polygons
2026-04-16 14:38:37 +0200: Memory Usage (446932K) : emwind_opc has 0 polygons
2026-04-16 14:38:37 +0200: Memory Usage (446932K) : deepco_drw has 0 polygons
2026-04-16 14:38:37 +0200: Memory Usage (446932K) : deepco_drw has 0 polygons
2026-04-16 14:38:37 +0200: Memory Usage (446932K) : mim_drw has 0 polygons
2026-04-16 14:38:37 +0200: Memory Usage (447124K) : edgeseal_drw has 0 polygons
2026-04-16 14:38:37 +0200: Memory Usage (447124K) : edgeseal_bound has 0 polygons
2026-04-16 14:38:37 +0200: Memory Usage (447316K) : substrate_drw has 2 polygons
2026-04-16 14:38:37 +0200: Memory Usage (447316K) : substrate_text has 0 polygons
2026-04-16 14:38:37 +0200: Memory Usage (447316K) : dfpad_drw has 0 polygons
2026-04-16 14:38:37 +0200: Memory Usage (447316K) : dfpad_pillar has 0 polygons
2026-04-16 14:38:37 +0200: Memory Usage (447508K) : dfpad_sbump has 0 polygons
2026-04-16 14:38:37 +0200: Memory Usage (447508K) : thickgateox_drw has 0 polygons
2026-04-16 14:38:37 +0200: Memory Usage (447508K) : pldb_drw has 0 polygons
2026-04-16 14:38:37 +0200: Memory Usage (447700K) : pwell_drw has 0 polygons
2026-04-16 14:38:37 +0200: Memory Usage (447700K) : pwell_pin has 0 polygons
2026-04-16 14:38:37 +0200: Memory Usage (447700K) : pwell_block has 0 polygons
2026-04-16 14:38:37 +0200: Memory Usage (447700K) : ic_drw has 0 polygons
2026-04-16 14:38:37 +0200: Memory Usage (447892K) : via3_drw has 0 polygons
2026-04-16 14:38:37 +0200: Memory Usage (447892K) : metal4_drw has 0 polygons
2026-04-16 14:38:37 +0200: Memory Usage (448084K) : metal4_pin has 0 polygons
2026-04-16 14:38:37 +0200: Memory Usage (448084K) : metal4_mask has 0 polygons
2026-04-16 14:38:37 +0200: Memory Usage (448084K) : metal4_filler has 0 polygons
2026-04-16 14:38:37 +0200: Memory Usage (448276K) : metal4_nofill has 0 polygons
2026-04-16 14:38:37 +0200: Memory Usage (448276K) : metal4_slit has 0 polygons
2026-04-16 14:38:37 +0200: Memory Usage (448276K) : metal4_text has 0 polygons
2026-04-16 14:38:37 +0200: Memory Usage (448276K) : metal4_opc has 0 polygons
2026-04-16 14:38:37 +0200: Memory Usage (448468K) : metal4_noqrc has 0 polygons
2026-04-16 14:38:37 +0200: Memory Usage (448468K) : metal4_res has 0 polygons
2026-04-16 14:38:37 +0200: Memory Usage (448468K) : metal4_iprobe has 0 polygons
2026-04-16 14:38:37 +0200: Memory Usage (448660K) : metal4_diffprb has 0 polygons
2026-04-16 14:38:37 +0200: Memory Usage (448660K) : heattrans_drw has 2 polygons
2026-04-16 14:38:37 +0200: Memory Usage (448660K) : heatres_drw has 0 polygons
2026-04-16 14:38:37 +0200: Memory Usage (448852K) : pempoly_drw has 0 polygons
2026-04-16 14:38:37 +0200: Memory Usage (448852K) : fbe_drw has 0 polygons
2026-04-16 14:38:37 +0200: Memory Usage (448852K) : empoly_drw has 0 polygons
2026-04-16 14:38:37 +0200: Memory Usage (449044K) : ldmos_drw has 0 polygons
2026-04-16 14:38:37 +0200: Memory Usage (449044K) : pbiwind_drw has 0 polygons
2026-04-16 14:38:37 +0200: Memory Usage (449044K) : digisub_drw has 0 polygons
2026-04-16 14:38:37 +0200: Memory Usage (449236K) : nodrc_drw has 0 polygons
2026-04-16 14:38:37 +0200: Memory Usage (449236K) : text_drw has 4 polygons
2026-04-16 14:38:37 +0200: Memory Usage (449236K) : via4_drw has 0 polygons
2026-04-16 14:38:37 +0200: Memory Usage (449428K) : metal5_drw has 0 polygons
2026-04-16 14:38:37 +0200: Memory Usage (449428K) : metal5_pin has 0 polygons
2026-04-16 14:38:37 +0200: Memory Usage (449428K) : metal5_mask has 0 polygons
2026-04-16 14:38:37 +0200: Memory Usage (449428K) : metal5_filler has 0 polygons
2026-04-16 14:38:37 +0200: Memory Usage (449620K) : metal5_nofill has 0 polygons
2026-04-16 14:38:37 +0200: Memory Usage (449620K) : metal5_slit has 0 polygons
2026-04-16 14:38:37 +0200: Memory Usage (449620K) : metal5_text has 0 polygons
2026-04-16 14:38:37 +0200: Memory Usage (449812K) : metal5_opc has 0 polygons
2026-04-16 14:38:37 +0200: Memory Usage (449812K) : metal5_noqrc has 0 polygons
2026-04-16 14:38:37 +0200: Memory Usage (449812K) : metal5_res has 0 polygons
2026-04-16 14:38:37 +0200: Memory Usage (449812K) : metal5_iprobe has 0 polygons
2026-04-16 14:38:37 +0200: Memory Usage (450004K) : metal5_diffprb has 0 polygons
2026-04-16 14:38:37 +0200: Memory Usage (450004K) : radhard_drw has 0 polygons
2026-04-16 14:38:37 +0200: Memory Usage (450196K) : memcap_drw has 0 polygons
2026-04-16 14:38:37 +0200: Memory Usage (450196K) : varicap_drw has 0 polygons
2026-04-16 14:38:37 +0200: Memory Usage (450388K) : flash_drw has 0 polygons
2026-04-16 14:38:37 +0200: Memory Usage (450388K) : intbondvia_drw has 0 polygons
2026-04-16 14:38:37 +0200: Memory Usage (450388K) : intbondmet_drw has 0 polygons
2026-04-16 14:38:37 +0200: Memory Usage (450388K) : devbondvia_drw has 0 polygons
2026-04-16 14:38:37 +0200: Memory Usage (450580K) : devbondmet_drw has 0 polygons
2026-04-16 14:38:37 +0200: Memory Usage (450580K) : devtrench_drw has 0 polygons
2026-04-16 14:38:37 +0200: Memory Usage (450580K) : redist_drw has 0 polygons
2026-04-16 14:38:37 +0200: Memory Usage (450772K) : graphbot_drw has 0 polygons
2026-04-16 14:38:37 +0200: Memory Usage (450772K) : graphtop_drw has 0 polygons
2026-04-16 14:38:37 +0200: Memory Usage (450772K) : antvia1_drw has 0 polygons
2026-04-16 14:38:37 +0200: Memory Usage (450772K) : antmetal2_drw has 0 polygons
2026-04-16 14:38:37 +0200: Memory Usage (450964K) : graphcont_drw has 0 polygons
2026-04-16 14:38:37 +0200: Memory Usage (450964K) : siwg_drw has 0 polygons
2026-04-16 14:38:37 +0200: Memory Usage (450964K) : siwg_filler has 0 polygons
2026-04-16 14:38:37 +0200: Memory Usage (451156K) : siwg_nofill has 0 polygons
2026-04-16 14:38:37 +0200: Memory Usage (451156K) : sigrating_drw has 0 polygons
2026-04-16 14:38:37 +0200: Memory Usage (451156K) : singrating_drw has 0 polygons
2026-04-16 14:38:37 +0200: Memory Usage (451348K) : graphpas_drw has 0 polygons
2026-04-16 14:38:37 +0200: Memory Usage (451348K) : emwind3_drw has 0 polygons
2026-04-16 14:38:37 +0200: Memory Usage (451348K) : emwihv3_drw has 0 polygons
2026-04-16 14:38:37 +0200: Memory Usage (451540K) : redbulay_drw has 0 polygons
2026-04-16 14:38:37 +0200: Memory Usage (451540K) : smos_drw has 0 polygons
2026-04-16 14:38:37 +0200: Memory Usage (451540K) : graphpad_drw has 0 polygons
2026-04-16 14:38:37 +0200: Memory Usage (451540K) : polimide_drw has 0 polygons
2026-04-16 14:38:37 +0200: Memory Usage (451732K) : polimide_pin has 0 polygons
2026-04-16 14:38:37 +0200: Memory Usage (451732K) : recog_drw has 0 polygons
2026-04-16 14:38:37 +0200: Memory Usage (451924K) : recog_pin has 0 polygons
2026-04-16 14:38:37 +0200: Memory Usage (451924K) : recog_esd has 0 polygons
2026-04-16 14:38:37 +0200: Memory Usage (451924K) : recog_diode has 0 polygons
2026-04-16 14:38:37 +0200: Memory Usage (451924K) : recog_tsv has 0 polygons
2026-04-16 14:38:37 +0200: Memory Usage (452116K) : recog_iprobe has 0 polygons
2026-04-16 14:38:37 +0200: Memory Usage (452116K) : recog_diffprb has 0 polygons
2026-04-16 14:38:37 +0200: Memory Usage (452116K) : recog_pillar has 0 polygons
2026-04-16 14:38:37 +0200: Memory Usage (452308K) : recog_sbump has 0 polygons
2026-04-16 14:38:37 +0200: Memory Usage (452308K) : recog_otp has 0 polygons
2026-04-16 14:38:37 +0200: Memory Usage (452500K) : recog_pdiode has 0 polygons
2026-04-16 14:38:37 +0200: Memory Usage (452500K) : recog_mom has 0 polygons
2026-04-16 14:38:37 +0200: Memory Usage (452500K) : recog_pcm has 0 polygons
2026-04-16 14:38:37 +0200: Memory Usage (452500K) : colopen_drw has 0 polygons
2026-04-16 14:38:37 +0200: Memory Usage (452500K) : graphmetal1_drw has 0 polygons
2026-04-16 14:38:37 +0200: Memory Usage (452692K) : graphmetal1_filler has 0 polygons
2026-04-16 14:38:37 +0200: Memory Usage (452692K) : graphmetal1_nofill has 0 polygons
2026-04-16 14:38:37 +0200: Memory Usage (452692K) : graphmetal1_slit has 0 polygons
2026-04-16 14:38:37 +0200: Memory Usage (452692K) : graphmetal1_opc has 0 polygons
2026-04-16 14:38:37 +0200: Memory Usage (452692K) : graphmet1l_drw has 0 polygons
2026-04-16 14:38:37 +0200: Memory Usage (452884K) : graphmet1l_filler has 0 polygons
2026-04-16 14:38:37 +0200: Memory Usage (452884K) : graphmet1l_nofill has 0 polygons
2026-04-16 14:38:37 +0200: Memory Usage (452884K) : graphmet1l_slit has 0 polygons
2026-04-16 14:38:37 +0200: Memory Usage (452884K) : graphmet1l_opc has 0 polygons
2026-04-16 14:38:37 +0200: Memory Usage (452884K) : extblock_drw has 0 polygons
2026-04-16 14:38:37 +0200: Memory Usage (453076K) : nldd_drw has 0 polygons
2026-04-16 14:38:37 +0200: Memory Usage (453076K) : pldd_drw has 0 polygons
2026-04-16 14:38:37 +0200: Memory Usage (453076K) : next_drw has 0 polygons
2026-04-16 14:38:37 +0200: Memory Usage (453076K) : pext_drw has 0 polygons
2026-04-16 14:38:37 +0200: Memory Usage (453076K) : nexthv_drw has 0 polygons
2026-04-16 14:38:37 +0200: Memory Usage (453268K) : pexthv_drw has 0 polygons
2026-04-16 14:38:37 +0200: Memory Usage (453268K) : graphgate_drw has 0 polygons
2026-04-16 14:38:37 +0200: Memory Usage (453268K) : sinwg_drw has 0 polygons
2026-04-16 14:38:37 +0200: Memory Usage (453268K) : sinwg_filler has 0 polygons
2026-04-16 14:38:37 +0200: Memory Usage (453460K) : sinwg_nofill has 0 polygons
2026-04-16 14:38:37 +0200: Memory Usage (453460K) : mempad_drw has 0 polygons
2026-04-16 14:38:37 +0200: Memory Usage (453460K) : topvia1_drw has 0 polygons
2026-04-16 14:38:37 +0200: Memory Usage (453652K) : topmetal1_drw has 0 polygons
2026-04-16 14:38:37 +0200: Memory Usage (453652K) : topmetal1_pin has 0 polygons
2026-04-16 14:38:37 +0200: Memory Usage (453652K) : topmetal1_mask has 0 polygons
2026-04-16 14:38:37 +0200: Memory Usage (453652K) : topmetal1_filler has 0 polygons
2026-04-16 14:38:37 +0200: Memory Usage (453844K) : topmetal1_nofill has 0 polygons
2026-04-16 14:38:37 +0200: Memory Usage (453844K) : topmetal1_slit has 0 polygons
2026-04-16 14:38:37 +0200: Memory Usage (453844K) : topmetal1_text has 0 polygons
2026-04-16 14:38:37 +0200: Memory Usage (454036K) : topmetal1_noqrc has 0 polygons
2026-04-16 14:38:37 +0200: Memory Usage (454036K) : topmetal1_res has 0 polygons
2026-04-16 14:38:37 +0200: Memory Usage (454036K) : topmetal1_iprobe has 0 polygons
2026-04-16 14:38:37 +0200: Memory Usage (454036K) : topmetal1_diffprb has 0 polygons
2026-04-16 14:38:37 +0200: Memory Usage (454036K) : inldpwl_drw has 0 polygons
2026-04-16 14:38:37 +0200: Memory Usage (454036K) : polyres_drw has 0 polygons
2026-04-16 14:38:37 +0200: Memory Usage (454228K) : polyres_pin has 0 polygons
2026-04-16 14:38:37 +0200: Memory Usage (454228K) : vmim_drw has 0 polygons
2026-04-16 14:38:37 +0200: Memory Usage (454228K) : nbulaycut_drw has 0 polygons
2026-04-16 14:38:37 +0200: Memory Usage (454228K) : antmetal1_drw has 0 polygons
2026-04-16 14:38:37 +0200: Memory Usage (454420K) : topvia2_drw has 0 polygons
2026-04-16 14:38:37 +0200: Memory Usage (454420K) : topmetal2_drw has 0 polygons
2026-04-16 14:38:37 +0200: Memory Usage (454420K) : topmetal2_pin has 0 polygons
2026-04-16 14:38:37 +0200: Memory Usage (454420K) : topmetal2_mask has 0 polygons
2026-04-16 14:38:37 +0200: Memory Usage (454612K) : topmetal2_filler has 0 polygons
2026-04-16 14:38:37 +0200: Memory Usage (454612K) : topmetal2_nofill has 0 polygons
2026-04-16 14:38:37 +0200: Memory Usage (454612K) : topmetal2_slit has 0 polygons
2026-04-16 14:38:37 +0200: Memory Usage (454612K) : topmetal2_text has 0 polygons
2026-04-16 14:38:37 +0200: Memory Usage (454804K) : topmetal2_noqrc has 0 polygons
2026-04-16 14:38:37 +0200: Memory Usage (454804K) : topmetal2_res has 0 polygons
2026-04-16 14:38:37 +0200: Memory Usage (454804K) : topmetal2_iprobe has 0 polygons
2026-04-16 14:38:37 +0200: Memory Usage (454804K) : topmetal2_diffprb has 0 polygons
2026-04-16 14:38:37 +0200: Memory Usage (454996K) : snsring_drw has 0 polygons
2026-04-16 14:38:37 +0200: Memory Usage (454996K) : sensor_drw has 0 polygons
2026-04-16 14:38:37 +0200: Memory Usage (454996K) : snsarms_drw has 0 polygons
2026-04-16 14:38:37 +0200: Memory Usage (455188K) : snscmosvia_drw has 0 polygons
2026-04-16 14:38:37 +0200: Memory Usage (455188K) : colwind_drw has 0 polygons
2026-04-16 14:38:37 +0200: Memory Usage (455188K) : flm_drw has 0 polygons
2026-04-16 14:38:37 +0200: Memory Usage (455188K) : hafniumox_drw has 0 polygons
2026-04-16 14:38:37 +0200: Memory Usage (455380K) : memvia_drw has 0 polygons
2026-04-16 14:38:37 +0200: Memory Usage (455380K) : thinfilmres_drw has 0 polygons
2026-04-16 14:38:37 +0200: Memory Usage (455380K) : rfmem_drw has 0 polygons
2026-04-16 14:38:37 +0200: Memory Usage (455572K) : norcx_drw has 0 polygons
2026-04-16 14:38:37 +0200: Memory Usage (455572K) : norcx_m2m3 has 0 polygons
2026-04-16 14:38:37 +0200: Memory Usage (455572K) : norcx_m2m4 has 0 polygons
2026-04-16 14:38:37 +0200: Memory Usage (455572K) : norcx_m2m5 has 0 polygons
2026-04-16 14:38:37 +0200: Memory Usage (455764K) : norcx_m2tm1 has 0 polygons
2026-04-16 14:38:37 +0200: Memory Usage (455764K) : norcx_m2tm2 has 0 polygons
2026-04-16 14:38:37 +0200: Memory Usage (455764K) : norcx_m3m4 has 0 polygons
2026-04-16 14:38:37 +0200: Memory Usage (455956K) : norcx_m3m5 has 0 polygons
2026-04-16 14:38:37 +0200: Memory Usage (455956K) : norcx_m3tm1 has 0 polygons
2026-04-16 14:38:37 +0200: Memory Usage (455956K) : norcx_m3tm2 has 0 polygons
2026-04-16 14:38:37 +0200: Memory Usage (456148K) : norcx_m4m5 has 0 polygons
2026-04-16 14:38:37 +0200: Memory Usage (456148K) : norcx_m4tm1 has 0 polygons
2026-04-16 14:38:37 +0200: Memory Usage (456148K) : norcx_m4tm2 has 0 polygons
2026-04-16 14:38:37 +0200: Memory Usage (456148K) : norcx_m5tm1 has 0 polygons
2026-04-16 14:38:37 +0200: Memory Usage (456340K) : norcx_m5tm2 has 0 polygons
2026-04-16 14:38:37 +0200: Memory Usage (456340K) : norcx_tm1tm2 has 0 polygons
2026-04-16 14:38:37 +0200: Memory Usage (456340K) : norcx_m1sub has 0 polygons
2026-04-16 14:38:37 +0200: Memory Usage (456340K) : norcx_m2sub has 0 polygons
2026-04-16 14:38:37 +0200: Memory Usage (456340K) : norcx_m3sub has 0 polygons
2026-04-16 14:38:37 +0200: Memory Usage (456340K) : norcx_m4sub has 0 polygons
2026-04-16 14:38:37 +0200: Memory Usage (456340K) : norcx_m5sub has 0 polygons
2026-04-16 14:38:37 +0200: Memory Usage (456340K) : norcx_tm1sub has 0 polygons
2026-04-16 14:38:37 +0200: Memory Usage (456532K) : norcx_tm2sub has 0 polygons
2026-04-16 14:38:37 +0200: Memory Usage (456532K) : snsbotvia_drw has 0 polygons
2026-04-16 14:38:37 +0200: Memory Usage (456532K) : snstopvia_drw has 0 polygons
2026-04-16 14:38:37 +0200: Memory Usage (456532K) : deepvia_drw has 0 polygons
2026-04-16 14:38:37 +0200: Memory Usage (456532K) : fgetch_drw has 0 polygons
2026-04-16 14:38:37 +0200: Memory Usage (456724K) : ctrgat_drw has 0 polygons
2026-04-16 14:38:37 +0200: Memory Usage (456724K) : fgimp_drw has 0 polygons
2026-04-16 14:38:37 +0200: Memory Usage (456724K) : emwihv_drw has 0 polygons
2026-04-16 14:38:37 +0200: Memory Usage (456724K) : lbe_drw has 0 polygons
2026-04-16 14:38:37 +0200: Memory Usage (456724K) : alcustop_drw has 0 polygons
2026-04-16 14:38:37 +0200: Memory Usage (456916K) : nometfiller_drw has 0 polygons
2026-04-16 14:38:37 +0200: Memory Usage (456916K) : prboundary_drw has 0 polygons
2026-04-16 14:38:37 +0200: Memory Usage (456916K) : exchange0_drw has 0 polygons
2026-04-16 14:38:37 +0200: Memory Usage (456916K) : exchange0_pin has 0 polygons
2026-04-16 14:38:37 +0200: Memory Usage (456916K) : exchange0_text has 0 polygons
2026-04-16 14:38:37 +0200: Memory Usage (457108K) : exchange1_drw has 0 polygons
2026-04-16 14:38:37 +0200: Memory Usage (457108K) : exchange1_pin has 0 polygons
2026-04-16 14:38:37 +0200: Memory Usage (457108K) : exchange1_text has 0 polygons
2026-04-16 14:38:37 +0200: Memory Usage (457108K) : exchange2_drw has 0 polygons
2026-04-16 14:38:37 +0200: Memory Usage (457108K) : exchange2_pin has 0 polygons
2026-04-16 14:38:37 +0200: Memory Usage (457300K) : exchange2_text has 0 polygons
2026-04-16 14:38:37 +0200: Memory Usage (457300K) : exchange3_drw has 0 polygons
2026-04-16 14:38:37 +0200: Memory Usage (457300K) : exchange3_pin has 0 polygons
2026-04-16 14:38:37 +0200: Memory Usage (457300K) : exchange3_text has 0 polygons
2026-04-16 14:38:37 +0200: Memory Usage (457300K) : exchange4_drw has 0 polygons
2026-04-16 14:38:37 +0200: Memory Usage (457492K) : exchange4_pin has 0 polygons
2026-04-16 14:38:37 +0200: Memory Usage (457492K) : exchange4_text has 0 polygons
2026-04-16 14:38:37 +0200: Memory Usage (457492K) : isonwell_drw has 0 polygons
2026-04-16 14:38:37 +0200: Memory Usage (457492K) : Total no. of polygons in the design is 64
2026-04-16 14:38:37 +0200: Memory Usage (457492K) : Loaded TECH DRC rules values from /foss/pdks/ihp-sg13g2/libs.tech/klayout/python/sg13g2_pycell_lib/sg13g2_tech_mod.json
2026-04-16 14:38:37 +0200: Memory Usage (457492K) : Loaded default DRC rules values from /foss/pdks/ihp-sg13g2/libs.tech/klayout/tech/drc/rule_decks/sg13g2_tech_default.json
2026-04-16 14:38:37 +0200: Memory Usage (457492K) : The following rules values were missing in tech json and default values were used:
2026-04-16 14:38:37 +0200: Memory Usage (457492K) :   - Cnt_c_digibnd
2026-04-16 14:38:37 +0200: Memory Usage (458836K) : Total area of the design is 6.0196000000000005 um^2.
2026-04-16 14:38:37 +0200: Memory Usage (458836K) : The design dimensions are 1.49 µm * 4.04 µm.
2026-04-16 14:38:37 +0200: Memory Usage (458836K) : Starting general IHP-SG13G2 derivations.
2026-04-16 14:38:37 +0200: Memory Usage (458836K) : Starting Pwell derivations
2026-04-16 14:38:38 +0200: Memory Usage (460468K) : Starting n-Activ derivations
2026-04-16 14:38:38 +0200: Memory Usage (460660K) : Starting p-Activ derivations
2026-04-16 14:38:38 +0200: Memory Usage (460660K) : Starting ptap derivations
2026-04-16 14:38:38 +0200: Memory Usage (460660K) : Starting nact FET derivations
2026-04-16 14:38:38 +0200: Memory Usage (460660K) : Starting IHP-SG13G2 DRC rules.
2026-04-16 14:38:38 +0200: Memory Usage (460660K) : Starting 7.2 Latch-up table
2026-04-16 14:38:38 +0200: Memory Usage (460660K) : Executing rule LU.b
2026-04-16 14:38:38 +0200: Memory Usage (462772K) : KLayout DRC run for tables 'latchup' completed in 0.18 seconds
